(ilevel
Level
p0
(dp1
S'diffuse_lights'
p2
(lp3
(F1.0
F1.0
F1.0
tp4
a(F0.9
F0.5
F0.3
tp5
a(F0.1
F0.1
F0.1
tp6
asS'skybox_textures'
p7
(lp8
Vskybox_noon.png
p9
aVskybox_night.png
p10
asS'layout'
p11
(lp12
(lp13
(ilevel
LevelTile
p14
(dp15
S'ceiling'
p16
I00
sS'floor_orientation'
p17
I0
sS'steppable'
p18
I01
sS'wall'
p19
I00
sS'ceiling_model'
p20
(ilevel
AnimatedTextureModel
p21
(dp22
S'texture_names'
p23
(lp24
V
p25
asS'framerate'
p26
F1.0
sS'model_name'
p27
g25
sbsS'wall_model'
p28
(ilevel
AnimatedTextureModel
p29
(dp30
g23
(lp31
g25
asg26
F1.0
sg27
g25
sbsS'floor_model'
p32
(ilevel
AnimatedTextureModel
p33
(dp34
g23
(lp35
Vgrass.png
p36
asg26
F1.0
sg27
Vfloor_flat.obj
p37
sbsS'ceiling_height'
p38
I1
sba(ilevel
LevelTile
p39
(dp40
g16
I00
sg17
I0
sg18
I01
sg19
I00
sg20
(ilevel
AnimatedTextureModel
p41
(dp42
g23
(lp43
g25
asg26
F1.0
sg27
g25
sbsg28
(ilevel
AnimatedTextureModel
p44
(dp45
g23
(lp46
g25
asg26
F1.0
sg27
g25
sbsg32
(ilevel
AnimatedTextureModel
p47
(dp48
g23
(lp49
Vgrass.png
p50
asg26
F1.0
sg27
Vfloor_flat.obj
p51
sbsg38
I1
sba(ilevel
LevelTile
p52
(dp53
g16
I00
sg17
I0
sg18
I00
sg19
I01
sg20
(ilevel
AnimatedTextureModel
p54
(dp55
g23
(lp56
g25
asg26
F1.0
sg27
g25
sbsg28
(ilevel
AnimatedTextureModel
p57
(dp58
g23
(lp59
Vwall_bulwark.png
p60
asg26
F1.0
sg27
Vwall_bulwark.obj
p61
sbsg32
(ilevel
AnimatedTextureModel
p62
(dp63
g23
(lp64
g25
asg26
F1.0
sg27
g25
sbsg38
I1
sba(ilevel
LevelTile
p65
(dp66
g16
I00
sg17
I0
sg18
I01
sg19
I00
sg20
(ilevel
AnimatedTextureModel
p67
(dp68
g23
(lp69
sg26
F1.0
sg27
S''
p70
sbsg28
(ilevel
AnimatedTextureModel
p71
(dp72
g23
(lp73
sg26
F1.0
sg27
g70
sbsg32
(ilevel
AnimatedTextureModel
p74
(dp75
g23
(lp76
sg26
F1.0
sg27
g70
sbsg38
I1
sba(ilevel
LevelTile
p77
(dp78
g16
I00
sg17
I0
sg18
I01
sg19
I00
sg20
(ilevel
AnimatedTextureModel
p79
(dp80
g23
(lp81
sg26
F1.0
sg27
g70
sbsg28
(ilevel
AnimatedTextureModel
p82
(dp83
g23
(lp84
sg26
F1.0
sg27
g70
sbsg32
(ilevel
AnimatedTextureModel
p85
(dp86
g23
(lp87
sg26
F1.0
sg27
g70
sbsg38
I1
sba(ilevel
LevelTile
p88
(dp89
g16
I00
sg17
I0
sg18
I01
sg19
I00
sg20
(ilevel
AnimatedTextureModel
p90
(dp91
g23
(lp92
sg26
F1.0
sg27
g70
sbsg28
(ilevel
AnimatedTextureModel
p93
(dp94
g23
(lp95
sg26
F1.0
sg27
g70
sbsg32
(ilevel
AnimatedTextureModel
p96
(dp97
g23
(lp98
sg26
F1.0
sg27
g70
sbsg38
I1
sba(ilevel
LevelTile
p99
(dp100
g16
I00
sg17
I0
sg18
I01
sg19
I00
sg20
(ilevel
AnimatedTextureModel
p101
(dp102
g23
(lp103
sg26
F1.0
sg27
g70
sbsg28
(ilevel
AnimatedTextureModel
p104
(dp105
g23
(lp106
sg26
F1.0
sg27
g70
sbsg32
(ilevel
AnimatedTextureModel
p107
(dp108
g23
(lp109
sg26
F1.0
sg27
g70
sbsg38
I1
sba(ilevel
LevelTile
p110
(dp111
g16
I00
sg17
I0
sg18
I01
sg19
I00
sg20
(ilevel
AnimatedTextureModel
p112
(dp113
g23
(lp114
sg26
F1.0
sg27
g70
sbsg28
(ilevel
AnimatedTextureModel
p115
(dp116
g23
(lp117
sg26
F1.0
sg27
g70
sbsg32
(ilevel
AnimatedTextureModel
p118
(dp119
g23
(lp120
sg26
F1.0
sg27
g70
sbsg38
I1
sba(ilevel
LevelTile
p121
(dp122
g16
I00
sg17
I0
sg18
I01
sg19
I00
sg20
(ilevel
AnimatedTextureModel
p123
(dp124
g23
(lp125
sg26
F1.0
sg27
g70
sbsg28
(ilevel
AnimatedTextureModel
p126
(dp127
g23
(lp128
sg26
F1.0
sg27
g70
sbsg32
(ilevel
AnimatedTextureModel
p129
(dp130
g23
(lp131
sg26
F1.0
sg27
g70
sbsg38
I1
sba(ilevel
LevelTile
p132
(dp133
g16
I00
sg17
I0
sg18
I01
sg19
I00
sg20
(ilevel
AnimatedTextureModel
p134
(dp135
g23
(lp136
sg26
F1.0
sg27
g70
sbsg28
(ilevel
AnimatedTextureModel
p137
(dp138
g23
(lp139
sg26
F1.0
sg27
g70
sbsg32
(ilevel
AnimatedTextureModel
p140
(dp141
g23
(lp142
sg26
F1.0
sg27
g70
sbsg38
I1
sba(ilevel
LevelTile
p143
(dp144
g16
I00
sg17
I0
sg18
I01
sg19
I00
sg20
(ilevel
AnimatedTextureModel
p145
(dp146
g23
(lp147
sg26
F1.0
sg27
g70
sbsg28
(ilevel
AnimatedTextureModel
p148
(dp149
g23
(lp150
sg26
F1.0
sg27
g70
sbsg32
(ilevel
AnimatedTextureModel
p151
(dp152
g23
(lp153
sg26
F1.0
sg27
g70
sbsg38
I1
sba(ilevel
LevelTile
p154
(dp155
g16
I00
sg17
I0
sg18
I01
sg19
I00
sg20
(ilevel
AnimatedTextureModel
p156
(dp157
g23
(lp158
sg26
F1.0
sg27
g70
sbsg28
(ilevel
AnimatedTextureModel
p159
(dp160
g23
(lp161
sg26
F1.0
sg27
g70
sbsg32
(ilevel
AnimatedTextureModel
p162
(dp163
g23
(lp164
sg26
F1.0
sg27
g70
sbsg38
I1
sba(ilevel
LevelTile
p165
(dp166
g16
I00
sg17
I0
sg18
I01
sg19
I00
sg20
(ilevel
AnimatedTextureModel
p167
(dp168
g23
(lp169
sg26
F1.0
sg27
g70
sbsg28
(ilevel
AnimatedTextureModel
p170
(dp171
g23
(lp172
sg26
F1.0
sg27
g70
sbsg32
(ilevel
AnimatedTextureModel
p173
(dp174
g23
(lp175
sg26
F1.0
sg27
g70
sbsg38
I1
sba(ilevel
LevelTile
p176
(dp177
g16
I00
sg17
I0
sg18
I01
sg19
I00
sg20
(ilevel
AnimatedTextureModel
p178
(dp179
g23
(lp180
sg26
F1.0
sg27
g70
sbsg28
(ilevel
AnimatedTextureModel
p181
(dp182
g23
(lp183
sg26
F1.0
sg27
g70
sbsg32
(ilevel
AnimatedTextureModel
p184
(dp185
g23
(lp186
sg26
F1.0
sg27
g70
sbsg38
I1
sba(ilevel
LevelTile
p187
(dp188
g16
I00
sg17
I0
sg18
I01
sg19
I00
sg20
(ilevel
AnimatedTextureModel
p189
(dp190
g23
(lp191
sg26
F1.0
sg27
g70
sbsg28
(ilevel
AnimatedTextureModel
p192
(dp193
g23
(lp194
sg26
F1.0
sg27
g70
sbsg32
(ilevel
AnimatedTextureModel
p195
(dp196
g23
(lp197
sg26
F1.0
sg27
g70
sbsg38
I1
sba(ilevel
LevelTile
p198
(dp199
g16
I00
sg17
I0
sg18
I01
sg19
I00
sg20
(ilevel
AnimatedTextureModel
p200
(dp201
g23
(lp202
sg26
F1.0
sg27
g70
sbsg28
(ilevel
AnimatedTextureModel
p203
(dp204
g23
(lp205
sg26
F1.0
sg27
g70
sbsg32
(ilevel
AnimatedTextureModel
p206
(dp207
g23
(lp208
sg26
F1.0
sg27
g70
sbsg38
I1
sba(ilevel
LevelTile
p209
(dp210
g16
I00
sg17
I0
sg18
I01
sg19
I00
sg20
(ilevel
AnimatedTextureModel
p211
(dp212
g23
(lp213
sg26
F1.0
sg27
g70
sbsg28
(ilevel
AnimatedTextureModel
p214
(dp215
g23
(lp216
sg26
F1.0
sg27
g70
sbsg32
(ilevel
AnimatedTextureModel
p217
(dp218
g23
(lp219
sg26
F1.0
sg27
g70
sbsg38
I1
sba(ilevel
LevelTile
p220
(dp221
g16
I00
sg17
I0
sg18
I01
sg19
I00
sg20
(ilevel
AnimatedTextureModel
p222
(dp223
g23
(lp224
sg26
F1.0
sg27
g70
sbsg28
(ilevel
AnimatedTextureModel
p225
(dp226
g23
(lp227
sg26
F1.0
sg27
g70
sbsg32
(ilevel
AnimatedTextureModel
p228
(dp229
g23
(lp230
sg26
F1.0
sg27
g70
sbsg38
I1
sba(ilevel
LevelTile
p231
(dp232
g16
I00
sg17
I0
sg18
I01
sg19
I00
sg20
(ilevel
AnimatedTextureModel
p233
(dp234
g23
(lp235
sg26
F1.0
sg27
g70
sbsg28
(ilevel
AnimatedTextureModel
p236
(dp237
g23
(lp238
sg26
F1.0
sg27
g70
sbsg32
(ilevel
AnimatedTextureModel
p239
(dp240
g23
(lp241
sg26
F1.0
sg27
g70
sbsg38
I1
sba(ilevel
LevelTile
p242
(dp243
g16
I00
sg17
I0
sg18
I01
sg19
I00
sg20
(ilevel
AnimatedTextureModel
p244
(dp245
g23
(lp246
sg26
F1.0
sg27
g70
sbsg28
(ilevel
AnimatedTextureModel
p247
(dp248
g23
(lp249
sg26
F1.0
sg27
g70
sbsg32
(ilevel
AnimatedTextureModel
p250
(dp251
g23
(lp252
sg26
F1.0
sg27
g70
sbsg38
I1
sba(ilevel
LevelTile
p253
(dp254
g16
I00
sg17
I0
sg18
I01
sg19
I00
sg20
(ilevel
AnimatedTextureModel
p255
(dp256
g23
(lp257
sg26
F1.0
sg27
g70
sbsg28
(ilevel
AnimatedTextureModel
p258
(dp259
g23
(lp260
sg26
F1.0
sg27
g70
sbsg32
(ilevel
AnimatedTextureModel
p261
(dp262
g23
(lp263
sg26
F1.0
sg27
g70
sbsg38
I1
sba(ilevel
LevelTile
p264
(dp265
g16
I00
sg17
I0
sg18
I01
sg19
I00
sg20
(ilevel
AnimatedTextureModel
p266
(dp267
g23
(lp268
sg26
F1.0
sg27
g70
sbsg28
(ilevel
AnimatedTextureModel
p269
(dp270
g23
(lp271
sg26
F1.0
sg27
g70
sbsg32
(ilevel
AnimatedTextureModel
p272
(dp273
g23
(lp274
sg26
F1.0
sg27
g70
sbsg38
I1
sba(ilevel
LevelTile
p275
(dp276
g16
I00
sg17
I0
sg18
I01
sg19
I00
sg20
(ilevel
AnimatedTextureModel
p277
(dp278
g23
(lp279
sg26
F1.0
sg27
g70
sbsg28
(ilevel
AnimatedTextureModel
p280
(dp281
g23
(lp282
sg26
F1.0
sg27
g70
sbsg32
(ilevel
AnimatedTextureModel
p283
(dp284
g23
(lp285
sg26
F1.0
sg27
g70
sbsg38
I1
sba(ilevel
LevelTile
p286
(dp287
g16
I00
sg17
I0
sg18
I01
sg19
I00
sg20
(ilevel
AnimatedTextureModel
p288
(dp289
g23
(lp290
sg26
F1.0
sg27
g70
sbsg28
(ilevel
AnimatedTextureModel
p291
(dp292
g23
(lp293
sg26
F1.0
sg27
g70
sbsg32
(ilevel
AnimatedTextureModel
p294
(dp295
g23
(lp296
sg26
F1.0
sg27
g70
sbsg38
I1
sba(ilevel
LevelTile
p297
(dp298
g16
I00
sg17
I0
sg18
I01
sg19
I00
sg20
(ilevel
AnimatedTextureModel
p299
(dp300
g23
(lp301
sg26
F1.0
sg27
g70
sbsg28
(ilevel
AnimatedTextureModel
p302
(dp303
g23
(lp304
sg26
F1.0
sg27
g70
sbsg32
(ilevel
AnimatedTextureModel
p305
(dp306
g23
(lp307
sg26
F1.0
sg27
g70
sbsg38
I1
sba(ilevel
LevelTile
p308
(dp309
g16
I00
sg17
I0
sg18
I01
sg19
I00
sg20
(ilevel
AnimatedTextureModel
p310
(dp311
g23
(lp312
sg26
F1.0
sg27
g70
sbsg28
(ilevel
AnimatedTextureModel
p313
(dp314
g23
(lp315
sg26
F1.0
sg27
g70
sbsg32
(ilevel
AnimatedTextureModel
p316
(dp317
g23
(lp318
sg26
F1.0
sg27
g70
sbsg38
I1
sba(ilevel
LevelTile
p319
(dp320
g16
I00
sg17
I0
sg18
I01
sg19
I00
sg20
(ilevel
AnimatedTextureModel
p321
(dp322
g23
(lp323
sg26
F1.0
sg27
g70
sbsg28
(ilevel
AnimatedTextureModel
p324
(dp325
g23
(lp326
sg26
F1.0
sg27
g70
sbsg32
(ilevel
AnimatedTextureModel
p327
(dp328
g23
(lp329
sg26
F1.0
sg27
g70
sbsg38
I1
sba(ilevel
LevelTile
p330
(dp331
g16
I00
sg17
I0
sg18
I01
sg19
I00
sg20
(ilevel
AnimatedTextureModel
p332
(dp333
g23
(lp334
sg26
F1.0
sg27
g70
sbsg28
(ilevel
AnimatedTextureModel
p335
(dp336
g23
(lp337
sg26
F1.0
sg27
g70
sbsg32
(ilevel
AnimatedTextureModel
p338
(dp339
g23
(lp340
sg26
F1.0
sg27
g70
sbsg38
I1
sba(ilevel
LevelTile
p341
(dp342
g16
I00
sg17
I0
sg18
I01
sg19
I00
sg20
(ilevel
AnimatedTextureModel
p343
(dp344
g23
(lp345
sg26
F1.0
sg27
g70
sbsg28
(ilevel
AnimatedTextureModel
p346
(dp347
g23
(lp348
sg26
F1.0
sg27
g70
sbsg32
(ilevel
AnimatedTextureModel
p349
(dp350
g23
(lp351
sg26
F1.0
sg27
g70
sbsg38
I1
sba(ilevel
LevelTile
p352
(dp353
g16
I00
sg17
I0
sg18
I01
sg19
I00
sg20
(ilevel
AnimatedTextureModel
p354
(dp355
g23
(lp356
g25
asg26
F1.0
sg27
g25
sbsg28
(ilevel
AnimatedTextureModel
p357
(dp358
g23
(lp359
g25
asg26
F1.0
sg27
g25
sbsg32
(ilevel
AnimatedTextureModel
p360
(dp361
g23
(lp362
g25
asg26
F1.0
sg27
g25
sbsg38
I1
sbaa(lp363
(ilevel
LevelTile
p364
(dp365
g16
I00
sg17
I0
sg18
I01
sg19
I00
sg20
(ilevel
AnimatedTextureModel
p366
(dp367
g23
(lp368
g25
asg26
F1.0
sg27
g25
sbsg28
(ilevel
AnimatedTextureModel
p369
(dp370
g23
(lp371
g25
asg26
F1.0
sg27
g25
sbsg32
(ilevel
AnimatedTextureModel
p372
(dp373
g23
(lp374
Vgrass.png
p375
asg26
F1.0
sg27
Vfloor_flat.obj
p376
sbsg38
I1
sba(ilevel
LevelTile
p377
(dp378
g16
I00
sg17
I0
sg18
I01
sg19
I00
sg20
(ilevel
AnimatedTextureModel
p379
(dp380
g23
(lp381
g25
asg26
F1.0
sg27
g25
sbsg28
(ilevel
AnimatedTextureModel
p382
(dp383
g23
(lp384
g25
asg26
F1.0
sg27
g25
sbsg32
(ilevel
AnimatedTextureModel
p385
(dp386
g23
(lp387
Vgrass.png
p388
asg26
F1.0
sg27
Vfloor_flat.obj
p389
sbsg38
I1
sba(ilevel
LevelTile
p390
(dp391
g16
I00
sg17
I0
sg18
I00
sg19
I01
sg20
(ilevel
AnimatedTextureModel
p392
(dp393
g23
(lp394
g25
asg26
F1.0
sg27
g25
sbsg28
(ilevel
AnimatedTextureModel
p395
(dp396
g23
(lp397
Vwall_bulwark.png
p398
asg26
F1.0
sg27
Vwall_bulwark.obj
p399
sbsg32
(ilevel
AnimatedTextureModel
p400
(dp401
g23
(lp402
g25
asg26
F1.0
sg27
g25
sbsg38
I1
sba(ilevel
LevelTile
p403
(dp404
g16
I00
sg17
I0
sg18
I01
sg19
I00
sg20
(ilevel
AnimatedTextureModel
p405
(dp406
g23
(lp407
sg26
F1.0
sg27
g70
sbsg28
(ilevel
AnimatedTextureModel
p408
(dp409
g23
(lp410
sg26
F1.0
sg27
g70
sbsg32
(ilevel
AnimatedTextureModel
p411
(dp412
g23
(lp413
sg26
F1.0
sg27
g70
sbsg38
I1
sba(ilevel
LevelTile
p414
(dp415
g16
I00
sg17
I0
sg18
I01
sg19
I00
sg20
(ilevel
AnimatedTextureModel
p416
(dp417
g23
(lp418
sg26
F1.0
sg27
g70
sbsg28
(ilevel
AnimatedTextureModel
p419
(dp420
g23
(lp421
sg26
F1.0
sg27
g70
sbsg32
(ilevel
AnimatedTextureModel
p422
(dp423
g23
(lp424
sg26
F1.0
sg27
g70
sbsg38
I1
sba(ilevel
LevelTile
p425
(dp426
g16
I00
sg17
I0
sg18
I01
sg19
I00
sg20
(ilevel
AnimatedTextureModel
p427
(dp428
g23
(lp429
sg26
F1.0
sg27
g70
sbsg28
(ilevel
AnimatedTextureModel
p430
(dp431
g23
(lp432
sg26
F1.0
sg27
g70
sbsg32
(ilevel
AnimatedTextureModel
p433
(dp434
g23
(lp435
sg26
F1.0
sg27
g70
sbsg38
I1
sba(ilevel
LevelTile
p436
(dp437
g16
I00
sg17
I0
sg18
I01
sg19
I00
sg20
(ilevel
AnimatedTextureModel
p438
(dp439
g23
(lp440
sg26
F1.0
sg27
g70
sbsg28
(ilevel
AnimatedTextureModel
p441
(dp442
g23
(lp443
sg26
F1.0
sg27
g70
sbsg32
(ilevel
AnimatedTextureModel
p444
(dp445
g23
(lp446
sg26
F1.0
sg27
g70
sbsg38
I1
sba(ilevel
LevelTile
p447
(dp448
g16
I00
sg17
I0
sg18
I01
sg19
I00
sg20
(ilevel
AnimatedTextureModel
p449
(dp450
g23
(lp451
sg26
F1.0
sg27
g70
sbsg28
(ilevel
AnimatedTextureModel
p452
(dp453
g23
(lp454
sg26
F1.0
sg27
g70
sbsg32
(ilevel
AnimatedTextureModel
p455
(dp456
g23
(lp457
sg26
F1.0
sg27
g70
sbsg38
I1
sba(ilevel
LevelTile
p458
(dp459
g16
I00
sg17
I0
sg18
I01
sg19
I00
sg20
(ilevel
AnimatedTextureModel
p460
(dp461
g23
(lp462
sg26
F1.0
sg27
g70
sbsg28
(ilevel
AnimatedTextureModel
p463
(dp464
g23
(lp465
sg26
F1.0
sg27
g70
sbsg32
(ilevel
AnimatedTextureModel
p466
(dp467
g23
(lp468
sg26
F1.0
sg27
g70
sbsg38
I1
sba(ilevel
LevelTile
p469
(dp470
g16
I00
sg17
I0
sg18
I01
sg19
I00
sg20
(ilevel
AnimatedTextureModel
p471
(dp472
g23
(lp473
sg26
F1.0
sg27
g70
sbsg28
(ilevel
AnimatedTextureModel
p474
(dp475
g23
(lp476
sg26
F1.0
sg27
g70
sbsg32
(ilevel
AnimatedTextureModel
p477
(dp478
g23
(lp479
sg26
F1.0
sg27
g70
sbsg38
I1
sba(ilevel
LevelTile
p480
(dp481
g16
I00
sg17
I0
sg18
I01
sg19
I00
sg20
(ilevel
AnimatedTextureModel
p482
(dp483
g23
(lp484
sg26
F1.0
sg27
g70
sbsg28
(ilevel
AnimatedTextureModel
p485
(dp486
g23
(lp487
sg26
F1.0
sg27
g70
sbsg32
(ilevel
AnimatedTextureModel
p488
(dp489
g23
(lp490
sg26
F1.0
sg27
g70
sbsg38
I1
sba(ilevel
LevelTile
p491
(dp492
g16
I00
sg17
I0
sg18
I01
sg19
I00
sg20
(ilevel
AnimatedTextureModel
p493
(dp494
g23
(lp495
sg26
F1.0
sg27
g70
sbsg28
(ilevel
AnimatedTextureModel
p496
(dp497
g23
(lp498
sg26
F1.0
sg27
g70
sbsg32
(ilevel
AnimatedTextureModel
p499
(dp500
g23
(lp501
sg26
F1.0
sg27
g70
sbsg38
I1
sba(ilevel
LevelTile
p502
(dp503
g16
I00
sg17
I0
sg18
I01
sg19
I00
sg20
(ilevel
AnimatedTextureModel
p504
(dp505
g23
(lp506
sg26
F1.0
sg27
g70
sbsg28
(ilevel
AnimatedTextureModel
p507
(dp508
g23
(lp509
sg26
F1.0
sg27
g70
sbsg32
(ilevel
AnimatedTextureModel
p510
(dp511
g23
(lp512
sg26
F1.0
sg27
g70
sbsg38
I1
sba(ilevel
LevelTile
p513
(dp514
g16
I00
sg17
I0
sg18
I01
sg19
I00
sg20
(ilevel
AnimatedTextureModel
p515
(dp516
g23
(lp517
sg26
F1.0
sg27
g70
sbsg28
(ilevel
AnimatedTextureModel
p518
(dp519
g23
(lp520
sg26
F1.0
sg27
g70
sbsg32
(ilevel
AnimatedTextureModel
p521
(dp522
g23
(lp523
sg26
F1.0
sg27
g70
sbsg38
I1
sba(ilevel
LevelTile
p524
(dp525
g16
I00
sg17
I0
sg18
I01
sg19
I00
sg20
(ilevel
AnimatedTextureModel
p526
(dp527
g23
(lp528
sg26
F1.0
sg27
g70
sbsg28
(ilevel
AnimatedTextureModel
p529
(dp530
g23
(lp531
sg26
F1.0
sg27
g70
sbsg32
(ilevel
AnimatedTextureModel
p532
(dp533
g23
(lp534
sg26
F1.0
sg27
g70
sbsg38
I1
sba(ilevel
LevelTile
p535
(dp536
g16
I00
sg17
I0
sg18
I01
sg19
I00
sg20
(ilevel
AnimatedTextureModel
p537
(dp538
g23
(lp539
sg26
F1.0
sg27
g70
sbsg28
(ilevel
AnimatedTextureModel
p540
(dp541
g23
(lp542
sg26
F1.0
sg27
g70
sbsg32
(ilevel
AnimatedTextureModel
p543
(dp544
g23
(lp545
sg26
F1.0
sg27
g70
sbsg38
I1
sba(ilevel
LevelTile
p546
(dp547
g16
I00
sg17
I0
sg18
I01
sg19
I00
sg20
(ilevel
AnimatedTextureModel
p548
(dp549
g23
(lp550
sg26
F1.0
sg27
g70
sbsg28
(ilevel
AnimatedTextureModel
p551
(dp552
g23
(lp553
sg26
F1.0
sg27
g70
sbsg32
(ilevel
AnimatedTextureModel
p554
(dp555
g23
(lp556
sg26
F1.0
sg27
g70
sbsg38
I1
sba(ilevel
LevelTile
p557
(dp558
g16
I00
sg17
I0
sg18
I01
sg19
I00
sg20
(ilevel
AnimatedTextureModel
p559
(dp560
g23
(lp561
sg26
F1.0
sg27
g70
sbsg28
(ilevel
AnimatedTextureModel
p562
(dp563
g23
(lp564
sg26
F1.0
sg27
g70
sbsg32
(ilevel
AnimatedTextureModel
p565
(dp566
g23
(lp567
sg26
F1.0
sg27
g70
sbsg38
I1
sba(ilevel
LevelTile
p568
(dp569
g16
I00
sg17
I0
sg18
I01
sg19
I00
sg20
(ilevel
AnimatedTextureModel
p570
(dp571
g23
(lp572
sg26
F1.0
sg27
g70
sbsg28
(ilevel
AnimatedTextureModel
p573
(dp574
g23
(lp575
sg26
F1.0
sg27
g70
sbsg32
(ilevel
AnimatedTextureModel
p576
(dp577
g23
(lp578
sg26
F1.0
sg27
g70
sbsg38
I1
sba(ilevel
LevelTile
p579
(dp580
g16
I00
sg17
I0
sg18
I01
sg19
I00
sg20
(ilevel
AnimatedTextureModel
p581
(dp582
g23
(lp583
sg26
F1.0
sg27
g70
sbsg28
(ilevel
AnimatedTextureModel
p584
(dp585
g23
(lp586
sg26
F1.0
sg27
g70
sbsg32
(ilevel
AnimatedTextureModel
p587
(dp588
g23
(lp589
sg26
F1.0
sg27
g70
sbsg38
I1
sba(ilevel
LevelTile
p590
(dp591
g16
I00
sg17
I0
sg18
I01
sg19
I00
sg20
(ilevel
AnimatedTextureModel
p592
(dp593
g23
(lp594
sg26
F1.0
sg27
g70
sbsg28
(ilevel
AnimatedTextureModel
p595
(dp596
g23
(lp597
sg26
F1.0
sg27
g70
sbsg32
(ilevel
AnimatedTextureModel
p598
(dp599
g23
(lp600
sg26
F1.0
sg27
g70
sbsg38
I1
sba(ilevel
LevelTile
p601
(dp602
g16
I00
sg17
I0
sg18
I01
sg19
I00
sg20
(ilevel
AnimatedTextureModel
p603
(dp604
g23
(lp605
sg26
F1.0
sg27
g70
sbsg28
(ilevel
AnimatedTextureModel
p606
(dp607
g23
(lp608
sg26
F1.0
sg27
g70
sbsg32
(ilevel
AnimatedTextureModel
p609
(dp610
g23
(lp611
sg26
F1.0
sg27
g70
sbsg38
I1
sba(ilevel
LevelTile
p612
(dp613
g16
I00
sg17
I0
sg18
I01
sg19
I00
sg20
(ilevel
AnimatedTextureModel
p614
(dp615
g23
(lp616
sg26
F1.0
sg27
g70
sbsg28
(ilevel
AnimatedTextureModel
p617
(dp618
g23
(lp619
sg26
F1.0
sg27
g70
sbsg32
(ilevel
AnimatedTextureModel
p620
(dp621
g23
(lp622
sg26
F1.0
sg27
g70
sbsg38
I1
sba(ilevel
LevelTile
p623
(dp624
g16
I00
sg17
I0
sg18
I01
sg19
I00
sg20
(ilevel
AnimatedTextureModel
p625
(dp626
g23
(lp627
sg26
F1.0
sg27
g70
sbsg28
(ilevel
AnimatedTextureModel
p628
(dp629
g23
(lp630
sg26
F1.0
sg27
g70
sbsg32
(ilevel
AnimatedTextureModel
p631
(dp632
g23
(lp633
sg26
F1.0
sg27
g70
sbsg38
I1
sba(ilevel
LevelTile
p634
(dp635
g16
I00
sg17
I0
sg18
I01
sg19
I00
sg20
(ilevel
AnimatedTextureModel
p636
(dp637
g23
(lp638
sg26
F1.0
sg27
g70
sbsg28
(ilevel
AnimatedTextureModel
p639
(dp640
g23
(lp641
sg26
F1.0
sg27
g70
sbsg32
(ilevel
AnimatedTextureModel
p642
(dp643
g23
(lp644
sg26
F1.0
sg27
g70
sbsg38
I1
sba(ilevel
LevelTile
p645
(dp646
g16
I00
sg17
I0
sg18
I01
sg19
I00
sg20
(ilevel
AnimatedTextureModel
p647
(dp648
g23
(lp649
sg26
F1.0
sg27
g70
sbsg28
(ilevel
AnimatedTextureModel
p650
(dp651
g23
(lp652
sg26
F1.0
sg27
g70
sbsg32
(ilevel
AnimatedTextureModel
p653
(dp654
g23
(lp655
sg26
F1.0
sg27
g70
sbsg38
I1
sba(ilevel
LevelTile
p656
(dp657
g16
I00
sg17
I0
sg18
I01
sg19
I00
sg20
(ilevel
AnimatedTextureModel
p658
(dp659
g23
(lp660
sg26
F1.0
sg27
g70
sbsg28
(ilevel
AnimatedTextureModel
p661
(dp662
g23
(lp663
sg26
F1.0
sg27
g70
sbsg32
(ilevel
AnimatedTextureModel
p664
(dp665
g23
(lp666
sg26
F1.0
sg27
g70
sbsg38
I1
sba(ilevel
LevelTile
p667
(dp668
g16
I00
sg17
I0
sg18
I01
sg19
I00
sg20
(ilevel
AnimatedTextureModel
p669
(dp670
g23
(lp671
sg26
F1.0
sg27
g70
sbsg28
(ilevel
AnimatedTextureModel
p672
(dp673
g23
(lp674
sg26
F1.0
sg27
g70
sbsg32
(ilevel
AnimatedTextureModel
p675
(dp676
g23
(lp677
sg26
F1.0
sg27
g70
sbsg38
I1
sba(ilevel
LevelTile
p678
(dp679
g16
I00
sg17
I0
sg18
I01
sg19
I00
sg20
(ilevel
AnimatedTextureModel
p680
(dp681
g23
(lp682
sg26
F1.0
sg27
g70
sbsg28
(ilevel
AnimatedTextureModel
p683
(dp684
g23
(lp685
sg26
F1.0
sg27
g70
sbsg32
(ilevel
AnimatedTextureModel
p686
(dp687
g23
(lp688
sg26
F1.0
sg27
g70
sbsg38
I1
sba(ilevel
LevelTile
p689
(dp690
g16
I00
sg17
I0
sg18
I01
sg19
I00
sg20
(ilevel
AnimatedTextureModel
p691
(dp692
g23
(lp693
sg26
F1.0
sg27
g70
sbsg28
(ilevel
AnimatedTextureModel
p694
(dp695
g23
(lp696
sg26
F1.0
sg27
g70
sbsg32
(ilevel
AnimatedTextureModel
p697
(dp698
g23
(lp699
sg26
F1.0
sg27
g70
sbsg38
I1
sbaa(lp700
(ilevel
LevelTile
p701
(dp702
g16
I00
sg17
I0
sg18
I00
sg19
I01
sg20
(ilevel
AnimatedTextureModel
p703
(dp704
g23
(lp705
g25
asg26
F1.0
sg27
g25
sbsg28
(ilevel
AnimatedTextureModel
p706
(dp707
g23
(lp708
Vwall_bulwark.png
p709
asg26
F1.0
sg27
Vwall_bulwark.obj
p710
sbsg32
(ilevel
AnimatedTextureModel
p711
(dp712
g23
(lp713
g25
asg26
F1.0
sg27
g25
sbsg38
I1
sba(ilevel
LevelTile
p714
(dp715
g16
I00
sg17
I0
sg18
I01
sg19
I00
sg20
(ilevel
AnimatedTextureModel
p716
(dp717
g23
(lp718
g25
asg26
F1.0
sg27
g25
sbsg28
(ilevel
AnimatedTextureModel
p719
(dp720
g23
(lp721
g25
asg26
F1.0
sg27
g25
sbsg32
(ilevel
AnimatedTextureModel
p722
(dp723
g23
(lp724
Vgrass.png
p725
asg26
F1.0
sg27
Vfloor_flat.obj
p726
sbsg38
I1
sba(ilevel
LevelTile
p727
(dp728
g16
I00
sg17
I0
sg18
I00
sg19
I01
sg20
(ilevel
AnimatedTextureModel
p729
(dp730
g23
(lp731
g25
asg26
F1.0
sg27
g25
sbsg28
(ilevel
AnimatedTextureModel
p732
(dp733
g23
(lp734
Vwall_bulwark.png
p735
asg26
F1.0
sg27
Vwall_bulwark.obj
p736
sbsg32
(ilevel
AnimatedTextureModel
p737
(dp738
g23
(lp739
g25
asg26
F1.0
sg27
g25
sbsg38
I1
sba(ilevel
LevelTile
p740
(dp741
g16
I00
sg17
I0
sg18
I01
sg19
I00
sg20
(ilevel
AnimatedTextureModel
p742
(dp743
g23
(lp744
sg26
F1.0
sg27
g70
sbsg28
(ilevel
AnimatedTextureModel
p745
(dp746
g23
(lp747
sg26
F1.0
sg27
g70
sbsg32
(ilevel
AnimatedTextureModel
p748
(dp749
g23
(lp750
sg26
F1.0
sg27
g70
sbsg38
I1
sba(ilevel
LevelTile
p751
(dp752
g16
I00
sg17
I0
sg18
I01
sg19
I00
sg20
(ilevel
AnimatedTextureModel
p753
(dp754
g23
(lp755
sg26
F1.0
sg27
g70
sbsg28
(ilevel
AnimatedTextureModel
p756
(dp757
g23
(lp758
sg26
F1.0
sg27
g70
sbsg32
(ilevel
AnimatedTextureModel
p759
(dp760
g23
(lp761
sg26
F1.0
sg27
g70
sbsg38
I1
sba(ilevel
LevelTile
p762
(dp763
g16
I00
sg17
I0
sg18
I01
sg19
I00
sg20
(ilevel
AnimatedTextureModel
p764
(dp765
g23
(lp766
sg26
F1.0
sg27
g70
sbsg28
(ilevel
AnimatedTextureModel
p767
(dp768
g23
(lp769
sg26
F1.0
sg27
g70
sbsg32
(ilevel
AnimatedTextureModel
p770
(dp771
g23
(lp772
sg26
F1.0
sg27
g70
sbsg38
I1
sba(ilevel
LevelTile
p773
(dp774
g16
I00
sg17
I0
sg18
I01
sg19
I00
sg20
(ilevel
AnimatedTextureModel
p775
(dp776
g23
(lp777
sg26
F1.0
sg27
g70
sbsg28
(ilevel
AnimatedTextureModel
p778
(dp779
g23
(lp780
sg26
F1.0
sg27
g70
sbsg32
(ilevel
AnimatedTextureModel
p781
(dp782
g23
(lp783
sg26
F1.0
sg27
g70
sbsg38
I1
sba(ilevel
LevelTile
p784
(dp785
g16
I00
sg17
I0
sg18
I01
sg19
I00
sg20
(ilevel
AnimatedTextureModel
p786
(dp787
g23
(lp788
sg26
F1.0
sg27
g70
sbsg28
(ilevel
AnimatedTextureModel
p789
(dp790
g23
(lp791
sg26
F1.0
sg27
g70
sbsg32
(ilevel
AnimatedTextureModel
p792
(dp793
g23
(lp794
sg26
F1.0
sg27
g70
sbsg38
I1
sba(ilevel
LevelTile
p795
(dp796
g16
I00
sg17
I0
sg18
I01
sg19
I00
sg20
(ilevel
AnimatedTextureModel
p797
(dp798
g23
(lp799
sg26
F1.0
sg27
g70
sbsg28
(ilevel
AnimatedTextureModel
p800
(dp801
g23
(lp802
sg26
F1.0
sg27
g70
sbsg32
(ilevel
AnimatedTextureModel
p803
(dp804
g23
(lp805
sg26
F1.0
sg27
g70
sbsg38
I1
sba(ilevel
LevelTile
p806
(dp807
g16
I00
sg17
I0
sg18
I01
sg19
I00
sg20
(ilevel
AnimatedTextureModel
p808
(dp809
g23
(lp810
sg26
F1.0
sg27
g70
sbsg28
(ilevel
AnimatedTextureModel
p811
(dp812
g23
(lp813
sg26
F1.0
sg27
g70
sbsg32
(ilevel
AnimatedTextureModel
p814
(dp815
g23
(lp816
sg26
F1.0
sg27
g70
sbsg38
I1
sba(ilevel
LevelTile
p817
(dp818
g16
I00
sg17
I0
sg18
I01
sg19
I00
sg20
(ilevel
AnimatedTextureModel
p819
(dp820
g23
(lp821
sg26
F1.0
sg27
g70
sbsg28
(ilevel
AnimatedTextureModel
p822
(dp823
g23
(lp824
sg26
F1.0
sg27
g70
sbsg32
(ilevel
AnimatedTextureModel
p825
(dp826
g23
(lp827
sg26
F1.0
sg27
g70
sbsg38
I1
sba(ilevel
LevelTile
p828
(dp829
g16
I00
sg17
I0
sg18
I01
sg19
I00
sg20
(ilevel
AnimatedTextureModel
p830
(dp831
g23
(lp832
sg26
F1.0
sg27
g70
sbsg28
(ilevel
AnimatedTextureModel
p833
(dp834
g23
(lp835
sg26
F1.0
sg27
g70
sbsg32
(ilevel
AnimatedTextureModel
p836
(dp837
g23
(lp838
sg26
F1.0
sg27
g70
sbsg38
I1
sba(ilevel
LevelTile
p839
(dp840
g16
I00
sg17
I0
sg18
I01
sg19
I00
sg20
(ilevel
AnimatedTextureModel
p841
(dp842
g23
(lp843
sg26
F1.0
sg27
g70
sbsg28
(ilevel
AnimatedTextureModel
p844
(dp845
g23
(lp846
sg26
F1.0
sg27
g70
sbsg32
(ilevel
AnimatedTextureModel
p847
(dp848
g23
(lp849
sg26
F1.0
sg27
g70
sbsg38
I1
sba(ilevel
LevelTile
p850
(dp851
g16
I00
sg17
I0
sg18
I01
sg19
I00
sg20
(ilevel
AnimatedTextureModel
p852
(dp853
g23
(lp854
sg26
F1.0
sg27
g70
sbsg28
(ilevel
AnimatedTextureModel
p855
(dp856
g23
(lp857
sg26
F1.0
sg27
g70
sbsg32
(ilevel
AnimatedTextureModel
p858
(dp859
g23
(lp860
sg26
F1.0
sg27
g70
sbsg38
I1
sba(ilevel
LevelTile
p861
(dp862
g16
I00
sg17
I0
sg18
I01
sg19
I00
sg20
(ilevel
AnimatedTextureModel
p863
(dp864
g23
(lp865
sg26
F1.0
sg27
g70
sbsg28
(ilevel
AnimatedTextureModel
p866
(dp867
g23
(lp868
sg26
F1.0
sg27
g70
sbsg32
(ilevel
AnimatedTextureModel
p869
(dp870
g23
(lp871
sg26
F1.0
sg27
g70
sbsg38
I1
sba(ilevel
LevelTile
p872
(dp873
g16
I00
sg17
I0
sg18
I01
sg19
I00
sg20
(ilevel
AnimatedTextureModel
p874
(dp875
g23
(lp876
sg26
F1.0
sg27
g70
sbsg28
(ilevel
AnimatedTextureModel
p877
(dp878
g23
(lp879
sg26
F1.0
sg27
g70
sbsg32
(ilevel
AnimatedTextureModel
p880
(dp881
g23
(lp882
sg26
F1.0
sg27
g70
sbsg38
I1
sba(ilevel
LevelTile
p883
(dp884
g16
I00
sg17
I0
sg18
I01
sg19
I00
sg20
(ilevel
AnimatedTextureModel
p885
(dp886
g23
(lp887
sg26
F1.0
sg27
g70
sbsg28
(ilevel
AnimatedTextureModel
p888
(dp889
g23
(lp890
sg26
F1.0
sg27
g70
sbsg32
(ilevel
AnimatedTextureModel
p891
(dp892
g23
(lp893
sg26
F1.0
sg27
g70
sbsg38
I1
sba(ilevel
LevelTile
p894
(dp895
g16
I00
sg17
I0
sg18
I01
sg19
I00
sg20
(ilevel
AnimatedTextureModel
p896
(dp897
g23
(lp898
sg26
F1.0
sg27
g70
sbsg28
(ilevel
AnimatedTextureModel
p899
(dp900
g23
(lp901
sg26
F1.0
sg27
g70
sbsg32
(ilevel
AnimatedTextureModel
p902
(dp903
g23
(lp904
sg26
F1.0
sg27
g70
sbsg38
I1
sba(ilevel
LevelTile
p905
(dp906
g16
I00
sg17
I0
sg18
I01
sg19
I00
sg20
(ilevel
AnimatedTextureModel
p907
(dp908
g23
(lp909
sg26
F1.0
sg27
g70
sbsg28
(ilevel
AnimatedTextureModel
p910
(dp911
g23
(lp912
sg26
F1.0
sg27
g70
sbsg32
(ilevel
AnimatedTextureModel
p913
(dp914
g23
(lp915
sg26
F1.0
sg27
g70
sbsg38
I1
sba(ilevel
LevelTile
p916
(dp917
g16
I00
sg17
I0
sg18
I01
sg19
I00
sg20
(ilevel
AnimatedTextureModel
p918
(dp919
g23
(lp920
sg26
F1.0
sg27
g70
sbsg28
(ilevel
AnimatedTextureModel
p921
(dp922
g23
(lp923
sg26
F1.0
sg27
g70
sbsg32
(ilevel
AnimatedTextureModel
p924
(dp925
g23
(lp926
sg26
F1.0
sg27
g70
sbsg38
I1
sba(ilevel
LevelTile
p927
(dp928
g16
I00
sg17
I0
sg18
I01
sg19
I00
sg20
(ilevel
AnimatedTextureModel
p929
(dp930
g23
(lp931
sg26
F1.0
sg27
g70
sbsg28
(ilevel
AnimatedTextureModel
p932
(dp933
g23
(lp934
sg26
F1.0
sg27
g70
sbsg32
(ilevel
AnimatedTextureModel
p935
(dp936
g23
(lp937
sg26
F1.0
sg27
g70
sbsg38
I1
sba(ilevel
LevelTile
p938
(dp939
g16
I00
sg17
I0
sg18
I01
sg19
I00
sg20
(ilevel
AnimatedTextureModel
p940
(dp941
g23
(lp942
sg26
F1.0
sg27
g70
sbsg28
(ilevel
AnimatedTextureModel
p943
(dp944
g23
(lp945
sg26
F1.0
sg27
g70
sbsg32
(ilevel
AnimatedTextureModel
p946
(dp947
g23
(lp948
sg26
F1.0
sg27
g70
sbsg38
I1
sba(ilevel
LevelTile
p949
(dp950
g16
I00
sg17
I0
sg18
I01
sg19
I00
sg20
(ilevel
AnimatedTextureModel
p951
(dp952
g23
(lp953
sg26
F1.0
sg27
g70
sbsg28
(ilevel
AnimatedTextureModel
p954
(dp955
g23
(lp956
sg26
F1.0
sg27
g70
sbsg32
(ilevel
AnimatedTextureModel
p957
(dp958
g23
(lp959
sg26
F1.0
sg27
g70
sbsg38
I1
sba(ilevel
LevelTile
p960
(dp961
g16
I00
sg17
I0
sg18
I01
sg19
I00
sg20
(ilevel
AnimatedTextureModel
p962
(dp963
g23
(lp964
sg26
F1.0
sg27
g70
sbsg28
(ilevel
AnimatedTextureModel
p965
(dp966
g23
(lp967
sg26
F1.0
sg27
g70
sbsg32
(ilevel
AnimatedTextureModel
p968
(dp969
g23
(lp970
sg26
F1.0
sg27
g70
sbsg38
I1
sba(ilevel
LevelTile
p971
(dp972
g16
I00
sg17
I0
sg18
I01
sg19
I00
sg20
(ilevel
AnimatedTextureModel
p973
(dp974
g23
(lp975
sg26
F1.0
sg27
g70
sbsg28
(ilevel
AnimatedTextureModel
p976
(dp977
g23
(lp978
sg26
F1.0
sg27
g70
sbsg32
(ilevel
AnimatedTextureModel
p979
(dp980
g23
(lp981
sg26
F1.0
sg27
g70
sbsg38
I1
sba(ilevel
LevelTile
p982
(dp983
g16
I00
sg17
I0
sg18
I01
sg19
I00
sg20
(ilevel
AnimatedTextureModel
p984
(dp985
g23
(lp986
sg26
F1.0
sg27
g70
sbsg28
(ilevel
AnimatedTextureModel
p987
(dp988
g23
(lp989
sg26
F1.0
sg27
g70
sbsg32
(ilevel
AnimatedTextureModel
p990
(dp991
g23
(lp992
sg26
F1.0
sg27
g70
sbsg38
I1
sba(ilevel
LevelTile
p993
(dp994
g16
I00
sg17
I0
sg18
I01
sg19
I00
sg20
(ilevel
AnimatedTextureModel
p995
(dp996
g23
(lp997
sg26
F1.0
sg27
g70
sbsg28
(ilevel
AnimatedTextureModel
p998
(dp999
g23
(lp1000
sg26
F1.0
sg27
g70
sbsg32
(ilevel
AnimatedTextureModel
p1001
(dp1002
g23
(lp1003
sg26
F1.0
sg27
g70
sbsg38
I1
sba(ilevel
LevelTile
p1004
(dp1005
g16
I00
sg17
I0
sg18
I01
sg19
I00
sg20
(ilevel
AnimatedTextureModel
p1006
(dp1007
g23
(lp1008
sg26
F1.0
sg27
g70
sbsg28
(ilevel
AnimatedTextureModel
p1009
(dp1010
g23
(lp1011
sg26
F1.0
sg27
g70
sbsg32
(ilevel
AnimatedTextureModel
p1012
(dp1013
g23
(lp1014
sg26
F1.0
sg27
g70
sbsg38
I1
sba(ilevel
LevelTile
p1015
(dp1016
g16
I00
sg17
I0
sg18
I01
sg19
I00
sg20
(ilevel
AnimatedTextureModel
p1017
(dp1018
g23
(lp1019
sg26
F1.0
sg27
g70
sbsg28
(ilevel
AnimatedTextureModel
p1020
(dp1021
g23
(lp1022
sg26
F1.0
sg27
g70
sbsg32
(ilevel
AnimatedTextureModel
p1023
(dp1024
g23
(lp1025
sg26
F1.0
sg27
g70
sbsg38
I1
sba(ilevel
LevelTile
p1026
(dp1027
g16
I00
sg17
I0
sg18
I01
sg19
I00
sg20
(ilevel
AnimatedTextureModel
p1028
(dp1029
g23
(lp1030
sg26
F1.0
sg27
g70
sbsg28
(ilevel
AnimatedTextureModel
p1031
(dp1032
g23
(lp1033
sg26
F1.0
sg27
g70
sbsg32
(ilevel
AnimatedTextureModel
p1034
(dp1035
g23
(lp1036
sg26
F1.0
sg27
g70
sbsg38
I1
sbaa(lp1037
(ilevel
LevelTile
p1038
(dp1039
g16
I00
sg17
I0
sg18
I00
sg19
I01
sg20
(ilevel
AnimatedTextureModel
p1040
(dp1041
g23
(lp1042
g25
asg26
F1.0
sg27
g25
sbsg28
(ilevel
AnimatedTextureModel
p1043
(dp1044
g23
(lp1045
Vwall_bulwark.png
p1046
asg26
F1.0
sg27
Vwall_bulwark.obj
p1047
sbsg32
(ilevel
AnimatedTextureModel
p1048
(dp1049
g23
(lp1050
g25
asg26
F1.0
sg27
g25
sbsg38
I1
sba(ilevel
LevelTile
p1051
(dp1052
g16
I00
sg17
I0
sg18
I01
sg19
I00
sg20
(ilevel
AnimatedTextureModel
p1053
(dp1054
g23
(lp1055
g25
asg26
F1.0
sg27
g25
sbsg28
(ilevel
AnimatedTextureModel
p1056
(dp1057
g23
(lp1058
g25
asg26
F1.0
sg27
g25
sbsg32
(ilevel
AnimatedTextureModel
p1059
(dp1060
g23
(lp1061
Vgrass.png
p1062
asg26
F1.0
sg27
Vfloor_flat.obj
p1063
sbsg38
I1
sba(ilevel
LevelTile
p1064
(dp1065
g16
I00
sg17
I0
sg18
I00
sg19
I01
sg20
(ilevel
AnimatedTextureModel
p1066
(dp1067
g23
(lp1068
g25
asg26
F1.0
sg27
g25
sbsg28
(ilevel
AnimatedTextureModel
p1069
(dp1070
g23
(lp1071
Vwall_bulwark.png
p1072
asg26
F1.0
sg27
Vwall_bulwark.obj
p1073
sbsg32
(ilevel
AnimatedTextureModel
p1074
(dp1075
g23
(lp1076
g25
asg26
F1.0
sg27
g25
sbsg38
I1
sba(ilevel
LevelTile
p1077
(dp1078
g16
I00
sg17
I0
sg18
I01
sg19
I00
sg20
(ilevel
AnimatedTextureModel
p1079
(dp1080
g23
(lp1081
sg26
F1.0
sg27
g70
sbsg28
(ilevel
AnimatedTextureModel
p1082
(dp1083
g23
(lp1084
sg26
F1.0
sg27
g70
sbsg32
(ilevel
AnimatedTextureModel
p1085
(dp1086
g23
(lp1087
sg26
F1.0
sg27
g70
sbsg38
I1
sba(ilevel
LevelTile
p1088
(dp1089
g16
I00
sg17
I0
sg18
I01
sg19
I00
sg20
(ilevel
AnimatedTextureModel
p1090
(dp1091
g23
(lp1092
sg26
F1.0
sg27
g70
sbsg28
(ilevel
AnimatedTextureModel
p1093
(dp1094
g23
(lp1095
sg26
F1.0
sg27
g70
sbsg32
(ilevel
AnimatedTextureModel
p1096
(dp1097
g23
(lp1098
sg26
F1.0
sg27
g70
sbsg38
I1
sba(ilevel
LevelTile
p1099
(dp1100
g16
I00
sg17
I0
sg18
I01
sg19
I00
sg20
(ilevel
AnimatedTextureModel
p1101
(dp1102
g23
(lp1103
sg26
F1.0
sg27
g70
sbsg28
(ilevel
AnimatedTextureModel
p1104
(dp1105
g23
(lp1106
sg26
F1.0
sg27
g70
sbsg32
(ilevel
AnimatedTextureModel
p1107
(dp1108
g23
(lp1109
sg26
F1.0
sg27
g70
sbsg38
I1
sba(ilevel
LevelTile
p1110
(dp1111
g16
I00
sg17
I0
sg18
I01
sg19
I00
sg20
(ilevel
AnimatedTextureModel
p1112
(dp1113
g23
(lp1114
sg26
F1.0
sg27
g70
sbsg28
(ilevel
AnimatedTextureModel
p1115
(dp1116
g23
(lp1117
sg26
F1.0
sg27
g70
sbsg32
(ilevel
AnimatedTextureModel
p1118
(dp1119
g23
(lp1120
sg26
F1.0
sg27
g70
sbsg38
I1
sba(ilevel
LevelTile
p1121
(dp1122
g16
I00
sg17
I0
sg18
I01
sg19
I00
sg20
(ilevel
AnimatedTextureModel
p1123
(dp1124
g23
(lp1125
sg26
F1.0
sg27
g70
sbsg28
(ilevel
AnimatedTextureModel
p1126
(dp1127
g23
(lp1128
sg26
F1.0
sg27
g70
sbsg32
(ilevel
AnimatedTextureModel
p1129
(dp1130
g23
(lp1131
sg26
F1.0
sg27
g70
sbsg38
I1
sba(ilevel
LevelTile
p1132
(dp1133
g16
I00
sg17
I0
sg18
I01
sg19
I00
sg20
(ilevel
AnimatedTextureModel
p1134
(dp1135
g23
(lp1136
sg26
F1.0
sg27
g70
sbsg28
(ilevel
AnimatedTextureModel
p1137
(dp1138
g23
(lp1139
sg26
F1.0
sg27
g70
sbsg32
(ilevel
AnimatedTextureModel
p1140
(dp1141
g23
(lp1142
sg26
F1.0
sg27
g70
sbsg38
I1
sba(ilevel
LevelTile
p1143
(dp1144
g16
I00
sg17
I0
sg18
I01
sg19
I00
sg20
(ilevel
AnimatedTextureModel
p1145
(dp1146
g23
(lp1147
sg26
F1.0
sg27
g70
sbsg28
(ilevel
AnimatedTextureModel
p1148
(dp1149
g23
(lp1150
sg26
F1.0
sg27
g70
sbsg32
(ilevel
AnimatedTextureModel
p1151
(dp1152
g23
(lp1153
sg26
F1.0
sg27
g70
sbsg38
I1
sba(ilevel
LevelTile
p1154
(dp1155
g16
I00
sg17
I0
sg18
I01
sg19
I00
sg20
(ilevel
AnimatedTextureModel
p1156
(dp1157
g23
(lp1158
sg26
F1.0
sg27
g70
sbsg28
(ilevel
AnimatedTextureModel
p1159
(dp1160
g23
(lp1161
sg26
F1.0
sg27
g70
sbsg32
(ilevel
AnimatedTextureModel
p1162
(dp1163
g23
(lp1164
sg26
F1.0
sg27
g70
sbsg38
I1
sba(ilevel
LevelTile
p1165
(dp1166
g16
I00
sg17
I0
sg18
I01
sg19
I00
sg20
(ilevel
AnimatedTextureModel
p1167
(dp1168
g23
(lp1169
sg26
F1.0
sg27
g70
sbsg28
(ilevel
AnimatedTextureModel
p1170
(dp1171
g23
(lp1172
sg26
F1.0
sg27
g70
sbsg32
(ilevel
AnimatedTextureModel
p1173
(dp1174
g23
(lp1175
sg26
F1.0
sg27
g70
sbsg38
I1
sba(ilevel
LevelTile
p1176
(dp1177
g16
I00
sg17
I0
sg18
I01
sg19
I00
sg20
(ilevel
AnimatedTextureModel
p1178
(dp1179
g23
(lp1180
sg26
F1.0
sg27
g70
sbsg28
(ilevel
AnimatedTextureModel
p1181
(dp1182
g23
(lp1183
sg26
F1.0
sg27
g70
sbsg32
(ilevel
AnimatedTextureModel
p1184
(dp1185
g23
(lp1186
sg26
F1.0
sg27
g70
sbsg38
I1
sba(ilevel
LevelTile
p1187
(dp1188
g16
I00
sg17
I0
sg18
I01
sg19
I00
sg20
(ilevel
AnimatedTextureModel
p1189
(dp1190
g23
(lp1191
sg26
F1.0
sg27
g70
sbsg28
(ilevel
AnimatedTextureModel
p1192
(dp1193
g23
(lp1194
sg26
F1.0
sg27
g70
sbsg32
(ilevel
AnimatedTextureModel
p1195
(dp1196
g23
(lp1197
sg26
F1.0
sg27
g70
sbsg38
I1
sba(ilevel
LevelTile
p1198
(dp1199
g16
I00
sg17
I0
sg18
I01
sg19
I00
sg20
(ilevel
AnimatedTextureModel
p1200
(dp1201
g23
(lp1202
sg26
F1.0
sg27
g70
sbsg28
(ilevel
AnimatedTextureModel
p1203
(dp1204
g23
(lp1205
sg26
F1.0
sg27
g70
sbsg32
(ilevel
AnimatedTextureModel
p1206
(dp1207
g23
(lp1208
sg26
F1.0
sg27
g70
sbsg38
I1
sba(ilevel
LevelTile
p1209
(dp1210
g16
I00
sg17
I0
sg18
I01
sg19
I00
sg20
(ilevel
AnimatedTextureModel
p1211
(dp1212
g23
(lp1213
sg26
F1.0
sg27
g70
sbsg28
(ilevel
AnimatedTextureModel
p1214
(dp1215
g23
(lp1216
sg26
F1.0
sg27
g70
sbsg32
(ilevel
AnimatedTextureModel
p1217
(dp1218
g23
(lp1219
sg26
F1.0
sg27
g70
sbsg38
I1
sba(ilevel
LevelTile
p1220
(dp1221
g16
I00
sg17
I0
sg18
I01
sg19
I00
sg20
(ilevel
AnimatedTextureModel
p1222
(dp1223
g23
(lp1224
sg26
F1.0
sg27
g70
sbsg28
(ilevel
AnimatedTextureModel
p1225
(dp1226
g23
(lp1227
sg26
F1.0
sg27
g70
sbsg32
(ilevel
AnimatedTextureModel
p1228
(dp1229
g23
(lp1230
sg26
F1.0
sg27
g70
sbsg38
I1
sba(ilevel
LevelTile
p1231
(dp1232
g16
I00
sg17
I0
sg18
I01
sg19
I00
sg20
(ilevel
AnimatedTextureModel
p1233
(dp1234
g23
(lp1235
sg26
F1.0
sg27
g70
sbsg28
(ilevel
AnimatedTextureModel
p1236
(dp1237
g23
(lp1238
sg26
F1.0
sg27
g70
sbsg32
(ilevel
AnimatedTextureModel
p1239
(dp1240
g23
(lp1241
sg26
F1.0
sg27
g70
sbsg38
I1
sba(ilevel
LevelTile
p1242
(dp1243
g16
I00
sg17
I0
sg18
I01
sg19
I00
sg20
(ilevel
AnimatedTextureModel
p1244
(dp1245
g23
(lp1246
sg26
F1.0
sg27
g70
sbsg28
(ilevel
AnimatedTextureModel
p1247
(dp1248
g23
(lp1249
sg26
F1.0
sg27
g70
sbsg32
(ilevel
AnimatedTextureModel
p1250
(dp1251
g23
(lp1252
sg26
F1.0
sg27
g70
sbsg38
I1
sba(ilevel
LevelTile
p1253
(dp1254
g16
I00
sg17
I0
sg18
I01
sg19
I00
sg20
(ilevel
AnimatedTextureModel
p1255
(dp1256
g23
(lp1257
sg26
F1.0
sg27
g70
sbsg28
(ilevel
AnimatedTextureModel
p1258
(dp1259
g23
(lp1260
sg26
F1.0
sg27
g70
sbsg32
(ilevel
AnimatedTextureModel
p1261
(dp1262
g23
(lp1263
sg26
F1.0
sg27
g70
sbsg38
I1
sba(ilevel
LevelTile
p1264
(dp1265
g16
I00
sg17
I0
sg18
I01
sg19
I00
sg20
(ilevel
AnimatedTextureModel
p1266
(dp1267
g23
(lp1268
sg26
F1.0
sg27
g70
sbsg28
(ilevel
AnimatedTextureModel
p1269
(dp1270
g23
(lp1271
sg26
F1.0
sg27
g70
sbsg32
(ilevel
AnimatedTextureModel
p1272
(dp1273
g23
(lp1274
sg26
F1.0
sg27
g70
sbsg38
I1
sba(ilevel
LevelTile
p1275
(dp1276
g16
I00
sg17
I0
sg18
I01
sg19
I00
sg20
(ilevel
AnimatedTextureModel
p1277
(dp1278
g23
(lp1279
sg26
F1.0
sg27
g70
sbsg28
(ilevel
AnimatedTextureModel
p1280
(dp1281
g23
(lp1282
sg26
F1.0
sg27
g70
sbsg32
(ilevel
AnimatedTextureModel
p1283
(dp1284
g23
(lp1285
sg26
F1.0
sg27
g70
sbsg38
I1
sba(ilevel
LevelTile
p1286
(dp1287
g16
I00
sg17
I0
sg18
I01
sg19
I00
sg20
(ilevel
AnimatedTextureModel
p1288
(dp1289
g23
(lp1290
sg26
F1.0
sg27
g70
sbsg28
(ilevel
AnimatedTextureModel
p1291
(dp1292
g23
(lp1293
sg26
F1.0
sg27
g70
sbsg32
(ilevel
AnimatedTextureModel
p1294
(dp1295
g23
(lp1296
sg26
F1.0
sg27
g70
sbsg38
I1
sba(ilevel
LevelTile
p1297
(dp1298
g16
I00
sg17
I0
sg18
I01
sg19
I00
sg20
(ilevel
AnimatedTextureModel
p1299
(dp1300
g23
(lp1301
sg26
F1.0
sg27
g70
sbsg28
(ilevel
AnimatedTextureModel
p1302
(dp1303
g23
(lp1304
sg26
F1.0
sg27
g70
sbsg32
(ilevel
AnimatedTextureModel
p1305
(dp1306
g23
(lp1307
sg26
F1.0
sg27
g70
sbsg38
I1
sba(ilevel
LevelTile
p1308
(dp1309
g16
I00
sg17
I0
sg18
I01
sg19
I00
sg20
(ilevel
AnimatedTextureModel
p1310
(dp1311
g23
(lp1312
sg26
F1.0
sg27
g70
sbsg28
(ilevel
AnimatedTextureModel
p1313
(dp1314
g23
(lp1315
sg26
F1.0
sg27
g70
sbsg32
(ilevel
AnimatedTextureModel
p1316
(dp1317
g23
(lp1318
sg26
F1.0
sg27
g70
sbsg38
I1
sba(ilevel
LevelTile
p1319
(dp1320
g16
I00
sg17
I0
sg18
I01
sg19
I00
sg20
(ilevel
AnimatedTextureModel
p1321
(dp1322
g23
(lp1323
sg26
F1.0
sg27
g70
sbsg28
(ilevel
AnimatedTextureModel
p1324
(dp1325
g23
(lp1326
sg26
F1.0
sg27
g70
sbsg32
(ilevel
AnimatedTextureModel
p1327
(dp1328
g23
(lp1329
sg26
F1.0
sg27
g70
sbsg38
I1
sba(ilevel
LevelTile
p1330
(dp1331
g16
I00
sg17
I0
sg18
I01
sg19
I00
sg20
(ilevel
AnimatedTextureModel
p1332
(dp1333
g23
(lp1334
sg26
F1.0
sg27
g70
sbsg28
(ilevel
AnimatedTextureModel
p1335
(dp1336
g23
(lp1337
sg26
F1.0
sg27
g70
sbsg32
(ilevel
AnimatedTextureModel
p1338
(dp1339
g23
(lp1340
sg26
F1.0
sg27
g70
sbsg38
I1
sba(ilevel
LevelTile
p1341
(dp1342
g16
I00
sg17
I0
sg18
I01
sg19
I00
sg20
(ilevel
AnimatedTextureModel
p1343
(dp1344
g23
(lp1345
sg26
F1.0
sg27
g70
sbsg28
(ilevel
AnimatedTextureModel
p1346
(dp1347
g23
(lp1348
sg26
F1.0
sg27
g70
sbsg32
(ilevel
AnimatedTextureModel
p1349
(dp1350
g23
(lp1351
sg26
F1.0
sg27
g70
sbsg38
I1
sba(ilevel
LevelTile
p1352
(dp1353
g16
I00
sg17
I0
sg18
I01
sg19
I00
sg20
(ilevel
AnimatedTextureModel
p1354
(dp1355
g23
(lp1356
sg26
F1.0
sg27
g70
sbsg28
(ilevel
AnimatedTextureModel
p1357
(dp1358
g23
(lp1359
sg26
F1.0
sg27
g70
sbsg32
(ilevel
AnimatedTextureModel
p1360
(dp1361
g23
(lp1362
sg26
F1.0
sg27
g70
sbsg38
I1
sba(ilevel
LevelTile
p1363
(dp1364
g16
I00
sg17
I0
sg18
I01
sg19
I00
sg20
(ilevel
AnimatedTextureModel
p1365
(dp1366
g23
(lp1367
sg26
F1.0
sg27
g70
sbsg28
(ilevel
AnimatedTextureModel
p1368
(dp1369
g23
(lp1370
sg26
F1.0
sg27
g70
sbsg32
(ilevel
AnimatedTextureModel
p1371
(dp1372
g23
(lp1373
sg26
F1.0
sg27
g70
sbsg38
I1
sbaa(lp1374
(ilevel
LevelTile
p1375
(dp1376
g16
I00
sg17
I0
sg18
I00
sg19
I01
sg20
(ilevel
AnimatedTextureModel
p1377
(dp1378
g23
(lp1379
g25
asg26
F1.0
sg27
g25
sbsg28
(ilevel
AnimatedTextureModel
p1380
(dp1381
g23
(lp1382
Vwall_bulwark.png
p1383
asg26
F1.0
sg27
Vwall_bulwark.obj
p1384
sbsg32
(ilevel
AnimatedTextureModel
p1385
(dp1386
g23
(lp1387
g25
asg26
F1.0
sg27
g25
sbsg38
I1
sba(ilevel
LevelTile
p1388
(dp1389
g16
I00
sg17
I0
sg18
I01
sg19
I00
sg20
(ilevel
AnimatedTextureModel
p1390
(dp1391
g23
(lp1392
g25
asg26
F1.0
sg27
g25
sbsg28
(ilevel
AnimatedTextureModel
p1393
(dp1394
g23
(lp1395
g25
asg26
F1.0
sg27
g25
sbsg32
(ilevel
AnimatedTextureModel
p1396
(dp1397
g23
(lp1398
Vgrass.png
p1399
asg26
F1.0
sg27
Vfloor_flat.obj
p1400
sbsg38
I1
sba(ilevel
LevelTile
p1401
(dp1402
g16
I00
sg17
I0
sg18
I00
sg19
I01
sg20
(ilevel
AnimatedTextureModel
p1403
(dp1404
g23
(lp1405
g25
asg26
F1.0
sg27
g25
sbsg28
(ilevel
AnimatedTextureModel
p1406
(dp1407
g23
(lp1408
Vwall_bulwark.png
p1409
asg26
F1.0
sg27
Vwall_bulwark.obj
p1410
sbsg32
(ilevel
AnimatedTextureModel
p1411
(dp1412
g23
(lp1413
g25
asg26
F1.0
sg27
g25
sbsg38
I1
sba(ilevel
LevelTile
p1414
(dp1415
g16
I00
sg17
I0
sg18
I01
sg19
I00
sg20
(ilevel
AnimatedTextureModel
p1416
(dp1417
g23
(lp1418
sg26
F1.0
sg27
g70
sbsg28
(ilevel
AnimatedTextureModel
p1419
(dp1420
g23
(lp1421
sg26
F1.0
sg27
g70
sbsg32
(ilevel
AnimatedTextureModel
p1422
(dp1423
g23
(lp1424
sg26
F1.0
sg27
g70
sbsg38
I1
sba(ilevel
LevelTile
p1425
(dp1426
g16
I00
sg17
I0
sg18
I01
sg19
I00
sg20
(ilevel
AnimatedTextureModel
p1427
(dp1428
g23
(lp1429
sg26
F1.0
sg27
g70
sbsg28
(ilevel
AnimatedTextureModel
p1430
(dp1431
g23
(lp1432
sg26
F1.0
sg27
g70
sbsg32
(ilevel
AnimatedTextureModel
p1433
(dp1434
g23
(lp1435
sg26
F1.0
sg27
g70
sbsg38
I1
sba(ilevel
LevelTile
p1436
(dp1437
g16
I00
sg17
I0
sg18
I01
sg19
I00
sg20
(ilevel
AnimatedTextureModel
p1438
(dp1439
g23
(lp1440
sg26
F1.0
sg27
g70
sbsg28
(ilevel
AnimatedTextureModel
p1441
(dp1442
g23
(lp1443
sg26
F1.0
sg27
g70
sbsg32
(ilevel
AnimatedTextureModel
p1444
(dp1445
g23
(lp1446
sg26
F1.0
sg27
g70
sbsg38
I1
sba(ilevel
LevelTile
p1447
(dp1448
g16
I00
sg17
I0
sg18
I01
sg19
I00
sg20
(ilevel
AnimatedTextureModel
p1449
(dp1450
g23
(lp1451
sg26
F1.0
sg27
g70
sbsg28
(ilevel
AnimatedTextureModel
p1452
(dp1453
g23
(lp1454
sg26
F1.0
sg27
g70
sbsg32
(ilevel
AnimatedTextureModel
p1455
(dp1456
g23
(lp1457
sg26
F1.0
sg27
g70
sbsg38
I1
sba(ilevel
LevelTile
p1458
(dp1459
g16
I00
sg17
I0
sg18
I01
sg19
I00
sg20
(ilevel
AnimatedTextureModel
p1460
(dp1461
g23
(lp1462
sg26
F1.0
sg27
g70
sbsg28
(ilevel
AnimatedTextureModel
p1463
(dp1464
g23
(lp1465
sg26
F1.0
sg27
g70
sbsg32
(ilevel
AnimatedTextureModel
p1466
(dp1467
g23
(lp1468
sg26
F1.0
sg27
g70
sbsg38
I1
sba(ilevel
LevelTile
p1469
(dp1470
g16
I00
sg17
I0
sg18
I01
sg19
I00
sg20
(ilevel
AnimatedTextureModel
p1471
(dp1472
g23
(lp1473
sg26
F1.0
sg27
g70
sbsg28
(ilevel
AnimatedTextureModel
p1474
(dp1475
g23
(lp1476
sg26
F1.0
sg27
g70
sbsg32
(ilevel
AnimatedTextureModel
p1477
(dp1478
g23
(lp1479
sg26
F1.0
sg27
g70
sbsg38
I1
sba(ilevel
LevelTile
p1480
(dp1481
g16
I00
sg17
I0
sg18
I01
sg19
I00
sg20
(ilevel
AnimatedTextureModel
p1482
(dp1483
g23
(lp1484
sg26
F1.0
sg27
g70
sbsg28
(ilevel
AnimatedTextureModel
p1485
(dp1486
g23
(lp1487
sg26
F1.0
sg27
g70
sbsg32
(ilevel
AnimatedTextureModel
p1488
(dp1489
g23
(lp1490
sg26
F1.0
sg27
g70
sbsg38
I1
sba(ilevel
LevelTile
p1491
(dp1492
g16
I00
sg17
I0
sg18
I01
sg19
I00
sg20
(ilevel
AnimatedTextureModel
p1493
(dp1494
g23
(lp1495
sg26
F1.0
sg27
g70
sbsg28
(ilevel
AnimatedTextureModel
p1496
(dp1497
g23
(lp1498
sg26
F1.0
sg27
g70
sbsg32
(ilevel
AnimatedTextureModel
p1499
(dp1500
g23
(lp1501
sg26
F1.0
sg27
g70
sbsg38
I1
sba(ilevel
LevelTile
p1502
(dp1503
g16
I00
sg17
I0
sg18
I01
sg19
I00
sg20
(ilevel
AnimatedTextureModel
p1504
(dp1505
g23
(lp1506
sg26
F1.0
sg27
g70
sbsg28
(ilevel
AnimatedTextureModel
p1507
(dp1508
g23
(lp1509
sg26
F1.0
sg27
g70
sbsg32
(ilevel
AnimatedTextureModel
p1510
(dp1511
g23
(lp1512
sg26
F1.0
sg27
g70
sbsg38
I1
sba(ilevel
LevelTile
p1513
(dp1514
g16
I00
sg17
I0
sg18
I01
sg19
I00
sg20
(ilevel
AnimatedTextureModel
p1515
(dp1516
g23
(lp1517
sg26
F1.0
sg27
g70
sbsg28
(ilevel
AnimatedTextureModel
p1518
(dp1519
g23
(lp1520
sg26
F1.0
sg27
g70
sbsg32
(ilevel
AnimatedTextureModel
p1521
(dp1522
g23
(lp1523
sg26
F1.0
sg27
g70
sbsg38
I1
sba(ilevel
LevelTile
p1524
(dp1525
g16
I00
sg17
I0
sg18
I01
sg19
I00
sg20
(ilevel
AnimatedTextureModel
p1526
(dp1527
g23
(lp1528
sg26
F1.0
sg27
g70
sbsg28
(ilevel
AnimatedTextureModel
p1529
(dp1530
g23
(lp1531
sg26
F1.0
sg27
g70
sbsg32
(ilevel
AnimatedTextureModel
p1532
(dp1533
g23
(lp1534
sg26
F1.0
sg27
g70
sbsg38
I1
sba(ilevel
LevelTile
p1535
(dp1536
g16
I00
sg17
I0
sg18
I01
sg19
I00
sg20
(ilevel
AnimatedTextureModel
p1537
(dp1538
g23
(lp1539
sg26
F1.0
sg27
g70
sbsg28
(ilevel
AnimatedTextureModel
p1540
(dp1541
g23
(lp1542
sg26
F1.0
sg27
g70
sbsg32
(ilevel
AnimatedTextureModel
p1543
(dp1544
g23
(lp1545
sg26
F1.0
sg27
g70
sbsg38
I1
sba(ilevel
LevelTile
p1546
(dp1547
g16
I00
sg17
I0
sg18
I01
sg19
I00
sg20
(ilevel
AnimatedTextureModel
p1548
(dp1549
g23
(lp1550
sg26
F1.0
sg27
g70
sbsg28
(ilevel
AnimatedTextureModel
p1551
(dp1552
g23
(lp1553
sg26
F1.0
sg27
g70
sbsg32
(ilevel
AnimatedTextureModel
p1554
(dp1555
g23
(lp1556
sg26
F1.0
sg27
g70
sbsg38
I1
sba(ilevel
LevelTile
p1557
(dp1558
g16
I00
sg17
I0
sg18
I01
sg19
I00
sg20
(ilevel
AnimatedTextureModel
p1559
(dp1560
g23
(lp1561
sg26
F1.0
sg27
g70
sbsg28
(ilevel
AnimatedTextureModel
p1562
(dp1563
g23
(lp1564
sg26
F1.0
sg27
g70
sbsg32
(ilevel
AnimatedTextureModel
p1565
(dp1566
g23
(lp1567
sg26
F1.0
sg27
g70
sbsg38
I1
sba(ilevel
LevelTile
p1568
(dp1569
g16
I00
sg17
I0
sg18
I01
sg19
I00
sg20
(ilevel
AnimatedTextureModel
p1570
(dp1571
g23
(lp1572
sg26
F1.0
sg27
g70
sbsg28
(ilevel
AnimatedTextureModel
p1573
(dp1574
g23
(lp1575
sg26
F1.0
sg27
g70
sbsg32
(ilevel
AnimatedTextureModel
p1576
(dp1577
g23
(lp1578
sg26
F1.0
sg27
g70
sbsg38
I1
sba(ilevel
LevelTile
p1579
(dp1580
g16
I00
sg17
I0
sg18
I01
sg19
I00
sg20
(ilevel
AnimatedTextureModel
p1581
(dp1582
g23
(lp1583
sg26
F1.0
sg27
g70
sbsg28
(ilevel
AnimatedTextureModel
p1584
(dp1585
g23
(lp1586
sg26
F1.0
sg27
g70
sbsg32
(ilevel
AnimatedTextureModel
p1587
(dp1588
g23
(lp1589
sg26
F1.0
sg27
g70
sbsg38
I1
sba(ilevel
LevelTile
p1590
(dp1591
g16
I00
sg17
I0
sg18
I01
sg19
I00
sg20
(ilevel
AnimatedTextureModel
p1592
(dp1593
g23
(lp1594
sg26
F1.0
sg27
g70
sbsg28
(ilevel
AnimatedTextureModel
p1595
(dp1596
g23
(lp1597
sg26
F1.0
sg27
g70
sbsg32
(ilevel
AnimatedTextureModel
p1598
(dp1599
g23
(lp1600
sg26
F1.0
sg27
g70
sbsg38
I1
sba(ilevel
LevelTile
p1601
(dp1602
g16
I00
sg17
I0
sg18
I01
sg19
I00
sg20
(ilevel
AnimatedTextureModel
p1603
(dp1604
g23
(lp1605
sg26
F1.0
sg27
g70
sbsg28
(ilevel
AnimatedTextureModel
p1606
(dp1607
g23
(lp1608
sg26
F1.0
sg27
g70
sbsg32
(ilevel
AnimatedTextureModel
p1609
(dp1610
g23
(lp1611
sg26
F1.0
sg27
g70
sbsg38
I1
sba(ilevel
LevelTile
p1612
(dp1613
g16
I00
sg17
I0
sg18
I01
sg19
I00
sg20
(ilevel
AnimatedTextureModel
p1614
(dp1615
g23
(lp1616
sg26
F1.0
sg27
g70
sbsg28
(ilevel
AnimatedTextureModel
p1617
(dp1618
g23
(lp1619
sg26
F1.0
sg27
g70
sbsg32
(ilevel
AnimatedTextureModel
p1620
(dp1621
g23
(lp1622
sg26
F1.0
sg27
g70
sbsg38
I1
sba(ilevel
LevelTile
p1623
(dp1624
g16
I00
sg17
I0
sg18
I01
sg19
I00
sg20
(ilevel
AnimatedTextureModel
p1625
(dp1626
g23
(lp1627
sg26
F1.0
sg27
g70
sbsg28
(ilevel
AnimatedTextureModel
p1628
(dp1629
g23
(lp1630
sg26
F1.0
sg27
g70
sbsg32
(ilevel
AnimatedTextureModel
p1631
(dp1632
g23
(lp1633
sg26
F1.0
sg27
g70
sbsg38
I1
sba(ilevel
LevelTile
p1634
(dp1635
g16
I00
sg17
I0
sg18
I01
sg19
I00
sg20
(ilevel
AnimatedTextureModel
p1636
(dp1637
g23
(lp1638
sg26
F1.0
sg27
g70
sbsg28
(ilevel
AnimatedTextureModel
p1639
(dp1640
g23
(lp1641
sg26
F1.0
sg27
g70
sbsg32
(ilevel
AnimatedTextureModel
p1642
(dp1643
g23
(lp1644
sg26
F1.0
sg27
g70
sbsg38
I1
sba(ilevel
LevelTile
p1645
(dp1646
g16
I00
sg17
I0
sg18
I01
sg19
I00
sg20
(ilevel
AnimatedTextureModel
p1647
(dp1648
g23
(lp1649
sg26
F1.0
sg27
g70
sbsg28
(ilevel
AnimatedTextureModel
p1650
(dp1651
g23
(lp1652
sg26
F1.0
sg27
g70
sbsg32
(ilevel
AnimatedTextureModel
p1653
(dp1654
g23
(lp1655
sg26
F1.0
sg27
g70
sbsg38
I1
sba(ilevel
LevelTile
p1656
(dp1657
g16
I00
sg17
I0
sg18
I01
sg19
I00
sg20
(ilevel
AnimatedTextureModel
p1658
(dp1659
g23
(lp1660
sg26
F1.0
sg27
g70
sbsg28
(ilevel
AnimatedTextureModel
p1661
(dp1662
g23
(lp1663
sg26
F1.0
sg27
g70
sbsg32
(ilevel
AnimatedTextureModel
p1664
(dp1665
g23
(lp1666
sg26
F1.0
sg27
g70
sbsg38
I1
sba(ilevel
LevelTile
p1667
(dp1668
g16
I00
sg17
I0
sg18
I01
sg19
I00
sg20
(ilevel
AnimatedTextureModel
p1669
(dp1670
g23
(lp1671
sg26
F1.0
sg27
g70
sbsg28
(ilevel
AnimatedTextureModel
p1672
(dp1673
g23
(lp1674
sg26
F1.0
sg27
g70
sbsg32
(ilevel
AnimatedTextureModel
p1675
(dp1676
g23
(lp1677
sg26
F1.0
sg27
g70
sbsg38
I1
sba(ilevel
LevelTile
p1678
(dp1679
g16
I00
sg17
I0
sg18
I01
sg19
I00
sg20
(ilevel
AnimatedTextureModel
p1680
(dp1681
g23
(lp1682
sg26
F1.0
sg27
g70
sbsg28
(ilevel
AnimatedTextureModel
p1683
(dp1684
g23
(lp1685
sg26
F1.0
sg27
g70
sbsg32
(ilevel
AnimatedTextureModel
p1686
(dp1687
g23
(lp1688
sg26
F1.0
sg27
g70
sbsg38
I1
sba(ilevel
LevelTile
p1689
(dp1690
g16
I00
sg17
I0
sg18
I01
sg19
I00
sg20
(ilevel
AnimatedTextureModel
p1691
(dp1692
g23
(lp1693
sg26
F1.0
sg27
g70
sbsg28
(ilevel
AnimatedTextureModel
p1694
(dp1695
g23
(lp1696
sg26
F1.0
sg27
g70
sbsg32
(ilevel
AnimatedTextureModel
p1697
(dp1698
g23
(lp1699
sg26
F1.0
sg27
g70
sbsg38
I1
sba(ilevel
LevelTile
p1700
(dp1701
g16
I00
sg17
I0
sg18
I01
sg19
I00
sg20
(ilevel
AnimatedTextureModel
p1702
(dp1703
g23
(lp1704
sg26
F1.0
sg27
g70
sbsg28
(ilevel
AnimatedTextureModel
p1705
(dp1706
g23
(lp1707
sg26
F1.0
sg27
g70
sbsg32
(ilevel
AnimatedTextureModel
p1708
(dp1709
g23
(lp1710
sg26
F1.0
sg27
g70
sbsg38
I1
sbaa(lp1711
(ilevel
LevelTile
p1712
(dp1713
g16
I00
sg17
I0
sg18
I00
sg19
I01
sg20
(ilevel
AnimatedTextureModel
p1714
(dp1715
g23
(lp1716
g25
asg26
F1.0
sg27
g25
sbsg28
(ilevel
AnimatedTextureModel
p1717
(dp1718
g23
(lp1719
Vwall_bulwark.png
p1720
asg26
F1.0
sg27
Vwall_bulwark.obj
p1721
sbsg32
(ilevel
AnimatedTextureModel
p1722
(dp1723
g23
(lp1724
g25
asg26
F1.0
sg27
g25
sbsg38
I1
sba(ilevel
LevelTile
p1725
(dp1726
g16
I00
sg17
I0
sg18
I01
sg19
I00
sg20
(ilevel
AnimatedTextureModel
p1727
(dp1728
g23
(lp1729
g25
asg26
F1.0
sg27
g25
sbsg28
(ilevel
AnimatedTextureModel
p1730
(dp1731
g23
(lp1732
g25
asg26
F1.0
sg27
g25
sbsg32
(ilevel
AnimatedTextureModel
p1733
(dp1734
g23
(lp1735
Vgrass.png
p1736
asg26
F1.0
sg27
Vfloor_flat.obj
p1737
sbsg38
I1
sba(ilevel
LevelTile
p1738
(dp1739
g16
I00
sg17
I0
sg18
I00
sg19
I01
sg20
(ilevel
AnimatedTextureModel
p1740
(dp1741
g23
(lp1742
g25
asg26
F1.0
sg27
g25
sbsg28
(ilevel
AnimatedTextureModel
p1743
(dp1744
g23
(lp1745
Vwall_bulwark.png
p1746
asg26
F1.0
sg27
Vwall_bulwark.obj
p1747
sbsg32
(ilevel
AnimatedTextureModel
p1748
(dp1749
g23
(lp1750
g25
asg26
F1.0
sg27
g25
sbsg38
I1
sba(ilevel
LevelTile
p1751
(dp1752
g16
I00
sg17
I0
sg18
I01
sg19
I00
sg20
(ilevel
AnimatedTextureModel
p1753
(dp1754
g23
(lp1755
sg26
F1.0
sg27
g70
sbsg28
(ilevel
AnimatedTextureModel
p1756
(dp1757
g23
(lp1758
sg26
F1.0
sg27
g70
sbsg32
(ilevel
AnimatedTextureModel
p1759
(dp1760
g23
(lp1761
sg26
F1.0
sg27
g70
sbsg38
I1
sba(ilevel
LevelTile
p1762
(dp1763
g16
I00
sg17
I0
sg18
I01
sg19
I00
sg20
(ilevel
AnimatedTextureModel
p1764
(dp1765
g23
(lp1766
sg26
F1.0
sg27
g70
sbsg28
(ilevel
AnimatedTextureModel
p1767
(dp1768
g23
(lp1769
sg26
F1.0
sg27
g70
sbsg32
(ilevel
AnimatedTextureModel
p1770
(dp1771
g23
(lp1772
sg26
F1.0
sg27
g70
sbsg38
I1
sba(ilevel
LevelTile
p1773
(dp1774
g16
I00
sg17
I0
sg18
I01
sg19
I00
sg20
(ilevel
AnimatedTextureModel
p1775
(dp1776
g23
(lp1777
sg26
F1.0
sg27
g70
sbsg28
(ilevel
AnimatedTextureModel
p1778
(dp1779
g23
(lp1780
sg26
F1.0
sg27
g70
sbsg32
(ilevel
AnimatedTextureModel
p1781
(dp1782
g23
(lp1783
sg26
F1.0
sg27
g70
sbsg38
I1
sba(ilevel
LevelTile
p1784
(dp1785
g16
I00
sg17
I0
sg18
I01
sg19
I00
sg20
(ilevel
AnimatedTextureModel
p1786
(dp1787
g23
(lp1788
sg26
F1.0
sg27
g70
sbsg28
(ilevel
AnimatedTextureModel
p1789
(dp1790
g23
(lp1791
sg26
F1.0
sg27
g70
sbsg32
(ilevel
AnimatedTextureModel
p1792
(dp1793
g23
(lp1794
sg26
F1.0
sg27
g70
sbsg38
I1
sba(ilevel
LevelTile
p1795
(dp1796
g16
I00
sg17
I0
sg18
I01
sg19
I00
sg20
(ilevel
AnimatedTextureModel
p1797
(dp1798
g23
(lp1799
sg26
F1.0
sg27
g70
sbsg28
(ilevel
AnimatedTextureModel
p1800
(dp1801
g23
(lp1802
sg26
F1.0
sg27
g70
sbsg32
(ilevel
AnimatedTextureModel
p1803
(dp1804
g23
(lp1805
sg26
F1.0
sg27
g70
sbsg38
I1
sba(ilevel
LevelTile
p1806
(dp1807
g16
I00
sg17
I0
sg18
I01
sg19
I00
sg20
(ilevel
AnimatedTextureModel
p1808
(dp1809
g23
(lp1810
sg26
F1.0
sg27
g70
sbsg28
(ilevel
AnimatedTextureModel
p1811
(dp1812
g23
(lp1813
sg26
F1.0
sg27
g70
sbsg32
(ilevel
AnimatedTextureModel
p1814
(dp1815
g23
(lp1816
sg26
F1.0
sg27
g70
sbsg38
I1
sba(ilevel
LevelTile
p1817
(dp1818
g16
I00
sg17
I0
sg18
I01
sg19
I00
sg20
(ilevel
AnimatedTextureModel
p1819
(dp1820
g23
(lp1821
sg26
F1.0
sg27
g70
sbsg28
(ilevel
AnimatedTextureModel
p1822
(dp1823
g23
(lp1824
sg26
F1.0
sg27
g70
sbsg32
(ilevel
AnimatedTextureModel
p1825
(dp1826
g23
(lp1827
sg26
F1.0
sg27
g70
sbsg38
I1
sba(ilevel
LevelTile
p1828
(dp1829
g16
I00
sg17
I0
sg18
I01
sg19
I00
sg20
(ilevel
AnimatedTextureModel
p1830
(dp1831
g23
(lp1832
sg26
F1.0
sg27
g70
sbsg28
(ilevel
AnimatedTextureModel
p1833
(dp1834
g23
(lp1835
sg26
F1.0
sg27
g70
sbsg32
(ilevel
AnimatedTextureModel
p1836
(dp1837
g23
(lp1838
sg26
F1.0
sg27
g70
sbsg38
I1
sba(ilevel
LevelTile
p1839
(dp1840
g16
I00
sg17
I0
sg18
I01
sg19
I00
sg20
(ilevel
AnimatedTextureModel
p1841
(dp1842
g23
(lp1843
sg26
F1.0
sg27
g70
sbsg28
(ilevel
AnimatedTextureModel
p1844
(dp1845
g23
(lp1846
sg26
F1.0
sg27
g70
sbsg32
(ilevel
AnimatedTextureModel
p1847
(dp1848
g23
(lp1849
sg26
F1.0
sg27
g70
sbsg38
I1
sba(ilevel
LevelTile
p1850
(dp1851
g16
I00
sg17
I0
sg18
I01
sg19
I00
sg20
(ilevel
AnimatedTextureModel
p1852
(dp1853
g23
(lp1854
sg26
F1.0
sg27
g70
sbsg28
(ilevel
AnimatedTextureModel
p1855
(dp1856
g23
(lp1857
sg26
F1.0
sg27
g70
sbsg32
(ilevel
AnimatedTextureModel
p1858
(dp1859
g23
(lp1860
sg26
F1.0
sg27
g70
sbsg38
I1
sba(ilevel
LevelTile
p1861
(dp1862
g16
I00
sg17
I0
sg18
I01
sg19
I00
sg20
(ilevel
AnimatedTextureModel
p1863
(dp1864
g23
(lp1865
sg26
F1.0
sg27
g70
sbsg28
(ilevel
AnimatedTextureModel
p1866
(dp1867
g23
(lp1868
sg26
F1.0
sg27
g70
sbsg32
(ilevel
AnimatedTextureModel
p1869
(dp1870
g23
(lp1871
sg26
F1.0
sg27
g70
sbsg38
I1
sba(ilevel
LevelTile
p1872
(dp1873
g16
I00
sg17
I0
sg18
I01
sg19
I00
sg20
(ilevel
AnimatedTextureModel
p1874
(dp1875
g23
(lp1876
sg26
F1.0
sg27
g70
sbsg28
(ilevel
AnimatedTextureModel
p1877
(dp1878
g23
(lp1879
sg26
F1.0
sg27
g70
sbsg32
(ilevel
AnimatedTextureModel
p1880
(dp1881
g23
(lp1882
sg26
F1.0
sg27
g70
sbsg38
I1
sba(ilevel
LevelTile
p1883
(dp1884
g16
I00
sg17
I0
sg18
I01
sg19
I00
sg20
(ilevel
AnimatedTextureModel
p1885
(dp1886
g23
(lp1887
sg26
F1.0
sg27
g70
sbsg28
(ilevel
AnimatedTextureModel
p1888
(dp1889
g23
(lp1890
sg26
F1.0
sg27
g70
sbsg32
(ilevel
AnimatedTextureModel
p1891
(dp1892
g23
(lp1893
sg26
F1.0
sg27
g70
sbsg38
I1
sba(ilevel
LevelTile
p1894
(dp1895
g16
I00
sg17
I0
sg18
I01
sg19
I00
sg20
(ilevel
AnimatedTextureModel
p1896
(dp1897
g23
(lp1898
sg26
F1.0
sg27
g70
sbsg28
(ilevel
AnimatedTextureModel
p1899
(dp1900
g23
(lp1901
sg26
F1.0
sg27
g70
sbsg32
(ilevel
AnimatedTextureModel
p1902
(dp1903
g23
(lp1904
sg26
F1.0
sg27
g70
sbsg38
I1
sba(ilevel
LevelTile
p1905
(dp1906
g16
I00
sg17
I0
sg18
I01
sg19
I00
sg20
(ilevel
AnimatedTextureModel
p1907
(dp1908
g23
(lp1909
sg26
F1.0
sg27
g70
sbsg28
(ilevel
AnimatedTextureModel
p1910
(dp1911
g23
(lp1912
sg26
F1.0
sg27
g70
sbsg32
(ilevel
AnimatedTextureModel
p1913
(dp1914
g23
(lp1915
sg26
F1.0
sg27
g70
sbsg38
I1
sba(ilevel
LevelTile
p1916
(dp1917
g16
I00
sg17
I0
sg18
I01
sg19
I00
sg20
(ilevel
AnimatedTextureModel
p1918
(dp1919
g23
(lp1920
sg26
F1.0
sg27
g70
sbsg28
(ilevel
AnimatedTextureModel
p1921
(dp1922
g23
(lp1923
sg26
F1.0
sg27
g70
sbsg32
(ilevel
AnimatedTextureModel
p1924
(dp1925
g23
(lp1926
sg26
F1.0
sg27
g70
sbsg38
I1
sba(ilevel
LevelTile
p1927
(dp1928
g16
I00
sg17
I0
sg18
I01
sg19
I00
sg20
(ilevel
AnimatedTextureModel
p1929
(dp1930
g23
(lp1931
sg26
F1.0
sg27
g70
sbsg28
(ilevel
AnimatedTextureModel
p1932
(dp1933
g23
(lp1934
sg26
F1.0
sg27
g70
sbsg32
(ilevel
AnimatedTextureModel
p1935
(dp1936
g23
(lp1937
sg26
F1.0
sg27
g70
sbsg38
I1
sba(ilevel
LevelTile
p1938
(dp1939
g16
I00
sg17
I0
sg18
I01
sg19
I00
sg20
(ilevel
AnimatedTextureModel
p1940
(dp1941
g23
(lp1942
sg26
F1.0
sg27
g70
sbsg28
(ilevel
AnimatedTextureModel
p1943
(dp1944
g23
(lp1945
sg26
F1.0
sg27
g70
sbsg32
(ilevel
AnimatedTextureModel
p1946
(dp1947
g23
(lp1948
sg26
F1.0
sg27
g70
sbsg38
I1
sba(ilevel
LevelTile
p1949
(dp1950
g16
I00
sg17
I0
sg18
I01
sg19
I00
sg20
(ilevel
AnimatedTextureModel
p1951
(dp1952
g23
(lp1953
sg26
F1.0
sg27
g70
sbsg28
(ilevel
AnimatedTextureModel
p1954
(dp1955
g23
(lp1956
sg26
F1.0
sg27
g70
sbsg32
(ilevel
AnimatedTextureModel
p1957
(dp1958
g23
(lp1959
sg26
F1.0
sg27
g70
sbsg38
I1
sba(ilevel
LevelTile
p1960
(dp1961
g16
I00
sg17
I0
sg18
I01
sg19
I00
sg20
(ilevel
AnimatedTextureModel
p1962
(dp1963
g23
(lp1964
sg26
F1.0
sg27
g70
sbsg28
(ilevel
AnimatedTextureModel
p1965
(dp1966
g23
(lp1967
sg26
F1.0
sg27
g70
sbsg32
(ilevel
AnimatedTextureModel
p1968
(dp1969
g23
(lp1970
sg26
F1.0
sg27
g70
sbsg38
I1
sba(ilevel
LevelTile
p1971
(dp1972
g16
I00
sg17
I0
sg18
I01
sg19
I00
sg20
(ilevel
AnimatedTextureModel
p1973
(dp1974
g23
(lp1975
sg26
F1.0
sg27
g70
sbsg28
(ilevel
AnimatedTextureModel
p1976
(dp1977
g23
(lp1978
sg26
F1.0
sg27
g70
sbsg32
(ilevel
AnimatedTextureModel
p1979
(dp1980
g23
(lp1981
sg26
F1.0
sg27
g70
sbsg38
I1
sba(ilevel
LevelTile
p1982
(dp1983
g16
I00
sg17
I0
sg18
I01
sg19
I00
sg20
(ilevel
AnimatedTextureModel
p1984
(dp1985
g23
(lp1986
sg26
F1.0
sg27
g70
sbsg28
(ilevel
AnimatedTextureModel
p1987
(dp1988
g23
(lp1989
sg26
F1.0
sg27
g70
sbsg32
(ilevel
AnimatedTextureModel
p1990
(dp1991
g23
(lp1992
sg26
F1.0
sg27
g70
sbsg38
I1
sba(ilevel
LevelTile
p1993
(dp1994
g16
I00
sg17
I0
sg18
I01
sg19
I00
sg20
(ilevel
AnimatedTextureModel
p1995
(dp1996
g23
(lp1997
sg26
F1.0
sg27
g70
sbsg28
(ilevel
AnimatedTextureModel
p1998
(dp1999
g23
(lp2000
sg26
F1.0
sg27
g70
sbsg32
(ilevel
AnimatedTextureModel
p2001
(dp2002
g23
(lp2003
sg26
F1.0
sg27
g70
sbsg38
I1
sba(ilevel
LevelTile
p2004
(dp2005
g16
I00
sg17
I0
sg18
I01
sg19
I00
sg20
(ilevel
AnimatedTextureModel
p2006
(dp2007
g23
(lp2008
sg26
F1.0
sg27
g70
sbsg28
(ilevel
AnimatedTextureModel
p2009
(dp2010
g23
(lp2011
sg26
F1.0
sg27
g70
sbsg32
(ilevel
AnimatedTextureModel
p2012
(dp2013
g23
(lp2014
sg26
F1.0
sg27
g70
sbsg38
I1
sba(ilevel
LevelTile
p2015
(dp2016
g16
I00
sg17
I0
sg18
I01
sg19
I00
sg20
(ilevel
AnimatedTextureModel
p2017
(dp2018
g23
(lp2019
sg26
F1.0
sg27
g70
sbsg28
(ilevel
AnimatedTextureModel
p2020
(dp2021
g23
(lp2022
sg26
F1.0
sg27
g70
sbsg32
(ilevel
AnimatedTextureModel
p2023
(dp2024
g23
(lp2025
sg26
F1.0
sg27
g70
sbsg38
I1
sba(ilevel
LevelTile
p2026
(dp2027
g16
I00
sg17
I0
sg18
I01
sg19
I00
sg20
(ilevel
AnimatedTextureModel
p2028
(dp2029
g23
(lp2030
sg26
F1.0
sg27
g70
sbsg28
(ilevel
AnimatedTextureModel
p2031
(dp2032
g23
(lp2033
sg26
F1.0
sg27
g70
sbsg32
(ilevel
AnimatedTextureModel
p2034
(dp2035
g23
(lp2036
sg26
F1.0
sg27
g70
sbsg38
I1
sba(ilevel
LevelTile
p2037
(dp2038
g16
I00
sg17
I0
sg18
I01
sg19
I00
sg20
(ilevel
AnimatedTextureModel
p2039
(dp2040
g23
(lp2041
sg26
F1.0
sg27
g70
sbsg28
(ilevel
AnimatedTextureModel
p2042
(dp2043
g23
(lp2044
sg26
F1.0
sg27
g70
sbsg32
(ilevel
AnimatedTextureModel
p2045
(dp2046
g23
(lp2047
sg26
F1.0
sg27
g70
sbsg38
I1
sbaa(lp2048
(ilevel
LevelTile
p2049
(dp2050
g16
I00
sg17
I0
sg18
I00
sg19
I01
sg20
(ilevel
AnimatedTextureModel
p2051
(dp2052
g23
(lp2053
g25
asg26
F1.0
sg27
g25
sbsg28
(ilevel
AnimatedTextureModel
p2054
(dp2055
g23
(lp2056
Vwall_bulwark.png
p2057
asg26
F1.0
sg27
Vwall_bulwark.obj
p2058
sbsg32
(ilevel
AnimatedTextureModel
p2059
(dp2060
g23
(lp2061
g25
asg26
F1.0
sg27
g25
sbsg38
I1
sba(ilevel
LevelTile
p2062
(dp2063
g16
I00
sg17
I0
sg18
I01
sg19
I00
sg20
(ilevel
AnimatedTextureModel
p2064
(dp2065
g23
(lp2066
g25
asg26
F1.0
sg27
g25
sbsg28
(ilevel
AnimatedTextureModel
p2067
(dp2068
g23
(lp2069
g25
asg26
F1.0
sg27
g25
sbsg32
(ilevel
AnimatedTextureModel
p2070
(dp2071
g23
(lp2072
Vgrass.png
p2073
asg26
F1.0
sg27
Vfloor_flat.obj
p2074
sbsg38
I1
sba(ilevel
LevelTile
p2075
(dp2076
g16
I00
sg17
I0
sg18
I00
sg19
I01
sg20
(ilevel
AnimatedTextureModel
p2077
(dp2078
g23
(lp2079
g25
asg26
F1.0
sg27
g25
sbsg28
(ilevel
AnimatedTextureModel
p2080
(dp2081
g23
(lp2082
Vwall_bulwark.png
p2083
asg26
F1.0
sg27
Vwall_bulwark.obj
p2084
sbsg32
(ilevel
AnimatedTextureModel
p2085
(dp2086
g23
(lp2087
g25
asg26
F1.0
sg27
g25
sbsg38
I1
sba(ilevel
LevelTile
p2088
(dp2089
g16
I00
sg17
I0
sg18
I01
sg19
I00
sg20
(ilevel
AnimatedTextureModel
p2090
(dp2091
g23
(lp2092
sg26
F1.0
sg27
g70
sbsg28
(ilevel
AnimatedTextureModel
p2093
(dp2094
g23
(lp2095
sg26
F1.0
sg27
g70
sbsg32
(ilevel
AnimatedTextureModel
p2096
(dp2097
g23
(lp2098
sg26
F1.0
sg27
g70
sbsg38
I1
sba(ilevel
LevelTile
p2099
(dp2100
g16
I00
sg17
I0
sg18
I01
sg19
I00
sg20
(ilevel
AnimatedTextureModel
p2101
(dp2102
g23
(lp2103
sg26
F1.0
sg27
g70
sbsg28
(ilevel
AnimatedTextureModel
p2104
(dp2105
g23
(lp2106
sg26
F1.0
sg27
g70
sbsg32
(ilevel
AnimatedTextureModel
p2107
(dp2108
g23
(lp2109
sg26
F1.0
sg27
g70
sbsg38
I1
sba(ilevel
LevelTile
p2110
(dp2111
g16
I00
sg17
I0
sg18
I01
sg19
I00
sg20
(ilevel
AnimatedTextureModel
p2112
(dp2113
g23
(lp2114
sg26
F1.0
sg27
g70
sbsg28
(ilevel
AnimatedTextureModel
p2115
(dp2116
g23
(lp2117
sg26
F1.0
sg27
g70
sbsg32
(ilevel
AnimatedTextureModel
p2118
(dp2119
g23
(lp2120
sg26
F1.0
sg27
g70
sbsg38
I1
sba(ilevel
LevelTile
p2121
(dp2122
g16
I00
sg17
I0
sg18
I01
sg19
I00
sg20
(ilevel
AnimatedTextureModel
p2123
(dp2124
g23
(lp2125
sg26
F1.0
sg27
g70
sbsg28
(ilevel
AnimatedTextureModel
p2126
(dp2127
g23
(lp2128
sg26
F1.0
sg27
g70
sbsg32
(ilevel
AnimatedTextureModel
p2129
(dp2130
g23
(lp2131
sg26
F1.0
sg27
g70
sbsg38
I1
sba(ilevel
LevelTile
p2132
(dp2133
g16
I00
sg17
I0
sg18
I01
sg19
I00
sg20
(ilevel
AnimatedTextureModel
p2134
(dp2135
g23
(lp2136
sg26
F1.0
sg27
g70
sbsg28
(ilevel
AnimatedTextureModel
p2137
(dp2138
g23
(lp2139
sg26
F1.0
sg27
g70
sbsg32
(ilevel
AnimatedTextureModel
p2140
(dp2141
g23
(lp2142
sg26
F1.0
sg27
g70
sbsg38
I1
sba(ilevel
LevelTile
p2143
(dp2144
g16
I00
sg17
I0
sg18
I01
sg19
I00
sg20
(ilevel
AnimatedTextureModel
p2145
(dp2146
g23
(lp2147
sg26
F1.0
sg27
g70
sbsg28
(ilevel
AnimatedTextureModel
p2148
(dp2149
g23
(lp2150
sg26
F1.0
sg27
g70
sbsg32
(ilevel
AnimatedTextureModel
p2151
(dp2152
g23
(lp2153
sg26
F1.0
sg27
g70
sbsg38
I1
sba(ilevel
LevelTile
p2154
(dp2155
g16
I00
sg17
I0
sg18
I01
sg19
I00
sg20
(ilevel
AnimatedTextureModel
p2156
(dp2157
g23
(lp2158
sg26
F1.0
sg27
g70
sbsg28
(ilevel
AnimatedTextureModel
p2159
(dp2160
g23
(lp2161
sg26
F1.0
sg27
g70
sbsg32
(ilevel
AnimatedTextureModel
p2162
(dp2163
g23
(lp2164
sg26
F1.0
sg27
g70
sbsg38
I1
sba(ilevel
LevelTile
p2165
(dp2166
g16
I00
sg17
I0
sg18
I01
sg19
I00
sg20
(ilevel
AnimatedTextureModel
p2167
(dp2168
g23
(lp2169
sg26
F1.0
sg27
g70
sbsg28
(ilevel
AnimatedTextureModel
p2170
(dp2171
g23
(lp2172
sg26
F1.0
sg27
g70
sbsg32
(ilevel
AnimatedTextureModel
p2173
(dp2174
g23
(lp2175
sg26
F1.0
sg27
g70
sbsg38
I1
sba(ilevel
LevelTile
p2176
(dp2177
g16
I00
sg17
I0
sg18
I01
sg19
I00
sg20
(ilevel
AnimatedTextureModel
p2178
(dp2179
g23
(lp2180
sg26
F1.0
sg27
g70
sbsg28
(ilevel
AnimatedTextureModel
p2181
(dp2182
g23
(lp2183
sg26
F1.0
sg27
g70
sbsg32
(ilevel
AnimatedTextureModel
p2184
(dp2185
g23
(lp2186
sg26
F1.0
sg27
g70
sbsg38
I1
sba(ilevel
LevelTile
p2187
(dp2188
g16
I00
sg17
I0
sg18
I01
sg19
I00
sg20
(ilevel
AnimatedTextureModel
p2189
(dp2190
g23
(lp2191
sg26
F1.0
sg27
g70
sbsg28
(ilevel
AnimatedTextureModel
p2192
(dp2193
g23
(lp2194
sg26
F1.0
sg27
g70
sbsg32
(ilevel
AnimatedTextureModel
p2195
(dp2196
g23
(lp2197
sg26
F1.0
sg27
g70
sbsg38
I1
sba(ilevel
LevelTile
p2198
(dp2199
g16
I00
sg17
I0
sg18
I01
sg19
I00
sg20
(ilevel
AnimatedTextureModel
p2200
(dp2201
g23
(lp2202
sg26
F1.0
sg27
g70
sbsg28
(ilevel
AnimatedTextureModel
p2203
(dp2204
g23
(lp2205
sg26
F1.0
sg27
g70
sbsg32
(ilevel
AnimatedTextureModel
p2206
(dp2207
g23
(lp2208
sg26
F1.0
sg27
g70
sbsg38
I1
sba(ilevel
LevelTile
p2209
(dp2210
g16
I00
sg17
I0
sg18
I01
sg19
I00
sg20
(ilevel
AnimatedTextureModel
p2211
(dp2212
g23
(lp2213
sg26
F1.0
sg27
g70
sbsg28
(ilevel
AnimatedTextureModel
p2214
(dp2215
g23
(lp2216
sg26
F1.0
sg27
g70
sbsg32
(ilevel
AnimatedTextureModel
p2217
(dp2218
g23
(lp2219
sg26
F1.0
sg27
g70
sbsg38
I1
sba(ilevel
LevelTile
p2220
(dp2221
g16
I00
sg17
I0
sg18
I01
sg19
I00
sg20
(ilevel
AnimatedTextureModel
p2222
(dp2223
g23
(lp2224
sg26
F1.0
sg27
g70
sbsg28
(ilevel
AnimatedTextureModel
p2225
(dp2226
g23
(lp2227
sg26
F1.0
sg27
g70
sbsg32
(ilevel
AnimatedTextureModel
p2228
(dp2229
g23
(lp2230
sg26
F1.0
sg27
g70
sbsg38
I1
sba(ilevel
LevelTile
p2231
(dp2232
g16
I00
sg17
I0
sg18
I01
sg19
I00
sg20
(ilevel
AnimatedTextureModel
p2233
(dp2234
g23
(lp2235
sg26
F1.0
sg27
g70
sbsg28
(ilevel
AnimatedTextureModel
p2236
(dp2237
g23
(lp2238
sg26
F1.0
sg27
g70
sbsg32
(ilevel
AnimatedTextureModel
p2239
(dp2240
g23
(lp2241
sg26
F1.0
sg27
g70
sbsg38
I1
sba(ilevel
LevelTile
p2242
(dp2243
g16
I00
sg17
I0
sg18
I01
sg19
I00
sg20
(ilevel
AnimatedTextureModel
p2244
(dp2245
g23
(lp2246
sg26
F1.0
sg27
g70
sbsg28
(ilevel
AnimatedTextureModel
p2247
(dp2248
g23
(lp2249
sg26
F1.0
sg27
g70
sbsg32
(ilevel
AnimatedTextureModel
p2250
(dp2251
g23
(lp2252
sg26
F1.0
sg27
g70
sbsg38
I1
sba(ilevel
LevelTile
p2253
(dp2254
g16
I00
sg17
I0
sg18
I01
sg19
I00
sg20
(ilevel
AnimatedTextureModel
p2255
(dp2256
g23
(lp2257
sg26
F1.0
sg27
g70
sbsg28
(ilevel
AnimatedTextureModel
p2258
(dp2259
g23
(lp2260
sg26
F1.0
sg27
g70
sbsg32
(ilevel
AnimatedTextureModel
p2261
(dp2262
g23
(lp2263
sg26
F1.0
sg27
g70
sbsg38
I1
sba(ilevel
LevelTile
p2264
(dp2265
g16
I00
sg17
I0
sg18
I01
sg19
I00
sg20
(ilevel
AnimatedTextureModel
p2266
(dp2267
g23
(lp2268
sg26
F1.0
sg27
g70
sbsg28
(ilevel
AnimatedTextureModel
p2269
(dp2270
g23
(lp2271
sg26
F1.0
sg27
g70
sbsg32
(ilevel
AnimatedTextureModel
p2272
(dp2273
g23
(lp2274
sg26
F1.0
sg27
g70
sbsg38
I1
sba(ilevel
LevelTile
p2275
(dp2276
g16
I00
sg17
I0
sg18
I01
sg19
I00
sg20
(ilevel
AnimatedTextureModel
p2277
(dp2278
g23
(lp2279
sg26
F1.0
sg27
g70
sbsg28
(ilevel
AnimatedTextureModel
p2280
(dp2281
g23
(lp2282
sg26
F1.0
sg27
g70
sbsg32
(ilevel
AnimatedTextureModel
p2283
(dp2284
g23
(lp2285
sg26
F1.0
sg27
g70
sbsg38
I1
sba(ilevel
LevelTile
p2286
(dp2287
g16
I00
sg17
I0
sg18
I01
sg19
I00
sg20
(ilevel
AnimatedTextureModel
p2288
(dp2289
g23
(lp2290
sg26
F1.0
sg27
g70
sbsg28
(ilevel
AnimatedTextureModel
p2291
(dp2292
g23
(lp2293
sg26
F1.0
sg27
g70
sbsg32
(ilevel
AnimatedTextureModel
p2294
(dp2295
g23
(lp2296
sg26
F1.0
sg27
g70
sbsg38
I1
sba(ilevel
LevelTile
p2297
(dp2298
g16
I00
sg17
I0
sg18
I01
sg19
I00
sg20
(ilevel
AnimatedTextureModel
p2299
(dp2300
g23
(lp2301
sg26
F1.0
sg27
g70
sbsg28
(ilevel
AnimatedTextureModel
p2302
(dp2303
g23
(lp2304
sg26
F1.0
sg27
g70
sbsg32
(ilevel
AnimatedTextureModel
p2305
(dp2306
g23
(lp2307
sg26
F1.0
sg27
g70
sbsg38
I1
sba(ilevel
LevelTile
p2308
(dp2309
g16
I00
sg17
I0
sg18
I01
sg19
I00
sg20
(ilevel
AnimatedTextureModel
p2310
(dp2311
g23
(lp2312
sg26
F1.0
sg27
g70
sbsg28
(ilevel
AnimatedTextureModel
p2313
(dp2314
g23
(lp2315
sg26
F1.0
sg27
g70
sbsg32
(ilevel
AnimatedTextureModel
p2316
(dp2317
g23
(lp2318
sg26
F1.0
sg27
g70
sbsg38
I1
sba(ilevel
LevelTile
p2319
(dp2320
g16
I00
sg17
I0
sg18
I01
sg19
I00
sg20
(ilevel
AnimatedTextureModel
p2321
(dp2322
g23
(lp2323
sg26
F1.0
sg27
g70
sbsg28
(ilevel
AnimatedTextureModel
p2324
(dp2325
g23
(lp2326
sg26
F1.0
sg27
g70
sbsg32
(ilevel
AnimatedTextureModel
p2327
(dp2328
g23
(lp2329
sg26
F1.0
sg27
g70
sbsg38
I1
sba(ilevel
LevelTile
p2330
(dp2331
g16
I00
sg17
I0
sg18
I01
sg19
I00
sg20
(ilevel
AnimatedTextureModel
p2332
(dp2333
g23
(lp2334
sg26
F1.0
sg27
g70
sbsg28
(ilevel
AnimatedTextureModel
p2335
(dp2336
g23
(lp2337
sg26
F1.0
sg27
g70
sbsg32
(ilevel
AnimatedTextureModel
p2338
(dp2339
g23
(lp2340
sg26
F1.0
sg27
g70
sbsg38
I1
sba(ilevel
LevelTile
p2341
(dp2342
g16
I00
sg17
I0
sg18
I01
sg19
I00
sg20
(ilevel
AnimatedTextureModel
p2343
(dp2344
g23
(lp2345
sg26
F1.0
sg27
g70
sbsg28
(ilevel
AnimatedTextureModel
p2346
(dp2347
g23
(lp2348
sg26
F1.0
sg27
g70
sbsg32
(ilevel
AnimatedTextureModel
p2349
(dp2350
g23
(lp2351
sg26
F1.0
sg27
g70
sbsg38
I1
sba(ilevel
LevelTile
p2352
(dp2353
g16
I00
sg17
I0
sg18
I01
sg19
I00
sg20
(ilevel
AnimatedTextureModel
p2354
(dp2355
g23
(lp2356
sg26
F1.0
sg27
g70
sbsg28
(ilevel
AnimatedTextureModel
p2357
(dp2358
g23
(lp2359
sg26
F1.0
sg27
g70
sbsg32
(ilevel
AnimatedTextureModel
p2360
(dp2361
g23
(lp2362
sg26
F1.0
sg27
g70
sbsg38
I1
sba(ilevel
LevelTile
p2363
(dp2364
g16
I00
sg17
I0
sg18
I01
sg19
I00
sg20
(ilevel
AnimatedTextureModel
p2365
(dp2366
g23
(lp2367
sg26
F1.0
sg27
g70
sbsg28
(ilevel
AnimatedTextureModel
p2368
(dp2369
g23
(lp2370
sg26
F1.0
sg27
g70
sbsg32
(ilevel
AnimatedTextureModel
p2371
(dp2372
g23
(lp2373
sg26
F1.0
sg27
g70
sbsg38
I1
sba(ilevel
LevelTile
p2374
(dp2375
g16
I00
sg17
I0
sg18
I01
sg19
I00
sg20
(ilevel
AnimatedTextureModel
p2376
(dp2377
g23
(lp2378
sg26
F1.0
sg27
g70
sbsg28
(ilevel
AnimatedTextureModel
p2379
(dp2380
g23
(lp2381
sg26
F1.0
sg27
g70
sbsg32
(ilevel
AnimatedTextureModel
p2382
(dp2383
g23
(lp2384
sg26
F1.0
sg27
g70
sbsg38
I1
sbaa(lp2385
(ilevel
LevelTile
p2386
(dp2387
g16
I00
sg17
I0
sg18
I00
sg19
I01
sg20
(ilevel
AnimatedTextureModel
p2388
(dp2389
g23
(lp2390
g25
asg26
F1.0
sg27
g25
sbsg28
(ilevel
AnimatedTextureModel
p2391
(dp2392
g23
(lp2393
Vwall_bulwark.png
p2394
asg26
F1.0
sg27
Vwall_bulwark.obj
p2395
sbsg32
(ilevel
AnimatedTextureModel
p2396
(dp2397
g23
(lp2398
g25
asg26
F1.0
sg27
g25
sbsg38
I1
sba(ilevel
LevelTile
p2399
(dp2400
g16
I00
sg17
I0
sg18
I01
sg19
I00
sg20
(ilevel
AnimatedTextureModel
p2401
(dp2402
g23
(lp2403
g25
asg26
F1.0
sg27
g25
sbsg28
(ilevel
AnimatedTextureModel
p2404
(dp2405
g23
(lp2406
g25
asg26
F1.0
sg27
g25
sbsg32
(ilevel
AnimatedTextureModel
p2407
(dp2408
g23
(lp2409
Vgrass.png
p2410
asg26
F1.0
sg27
Vfloor_flat.obj
p2411
sbsg38
I1
sba(ilevel
LevelTile
p2412
(dp2413
g16
I00
sg17
I0
sg18
I00
sg19
I01
sg20
(ilevel
AnimatedTextureModel
p2414
(dp2415
g23
(lp2416
g25
asg26
F1.0
sg27
g25
sbsg28
(ilevel
AnimatedTextureModel
p2417
(dp2418
g23
(lp2419
Vwall_bulwark.png
p2420
asg26
F1.0
sg27
Vwall_bulwark.obj
p2421
sbsg32
(ilevel
AnimatedTextureModel
p2422
(dp2423
g23
(lp2424
g25
asg26
F1.0
sg27
g25
sbsg38
I1
sba(ilevel
LevelTile
p2425
(dp2426
g16
I00
sg17
I0
sg18
I00
sg19
I01
sg20
(ilevel
AnimatedTextureModel
p2427
(dp2428
g23
(lp2429
g25
asg26
F1.0
sg27
g25
sbsg28
(ilevel
AnimatedTextureModel
p2430
(dp2431
g23
(lp2432
Vwall_bulwark.png
p2433
asg26
F1.0
sg27
Vwall_bulwark.obj
p2434
sbsg32
(ilevel
AnimatedTextureModel
p2435
(dp2436
g23
(lp2437
g25
asg26
F1.0
sg27
g25
sbsg38
I1
sba(ilevel
LevelTile
p2438
(dp2439
g16
I00
sg17
I0
sg18
I00
sg19
I01
sg20
(ilevel
AnimatedTextureModel
p2440
(dp2441
g23
(lp2442
g25
asg26
F1.0
sg27
g25
sbsg28
(ilevel
AnimatedTextureModel
p2443
(dp2444
g23
(lp2445
Vwall_bulwark.png
p2446
asg26
F1.0
sg27
Vwall_bulwark.obj
p2447
sbsg32
(ilevel
AnimatedTextureModel
p2448
(dp2449
g23
(lp2450
g25
asg26
F1.0
sg27
g25
sbsg38
I1
sba(ilevel
LevelTile
p2451
(dp2452
g16
I00
sg17
I0
sg18
I00
sg19
I01
sg20
(ilevel
AnimatedTextureModel
p2453
(dp2454
g23
(lp2455
g25
asg26
F1.0
sg27
g25
sbsg28
(ilevel
AnimatedTextureModel
p2456
(dp2457
g23
(lp2458
Vwall_bulwark.png
p2459
asg26
F1.0
sg27
Vwall_bulwark.obj
p2460
sbsg32
(ilevel
AnimatedTextureModel
p2461
(dp2462
g23
(lp2463
g25
asg26
F1.0
sg27
g25
sbsg38
I1
sba(ilevel
LevelTile
p2464
(dp2465
g16
I00
sg17
I0
sg18
I00
sg19
I01
sg20
(ilevel
AnimatedTextureModel
p2466
(dp2467
g23
(lp2468
g25
asg26
F1.0
sg27
g25
sbsg28
(ilevel
AnimatedTextureModel
p2469
(dp2470
g23
(lp2471
Vwall_bulwark.png
p2472
asg26
F1.0
sg27
Vwall_bulwark.obj
p2473
sbsg32
(ilevel
AnimatedTextureModel
p2474
(dp2475
g23
(lp2476
g25
asg26
F1.0
sg27
g25
sbsg38
I1
sba(ilevel
LevelTile
p2477
(dp2478
g16
I00
sg17
I0
sg18
I00
sg19
I01
sg20
(ilevel
AnimatedTextureModel
p2479
(dp2480
g23
(lp2481
g25
asg26
F1.0
sg27
g25
sbsg28
(ilevel
AnimatedTextureModel
p2482
(dp2483
g23
(lp2484
Vwall_bulwark.png
p2485
asg26
F1.0
sg27
Vwall_bulwark.obj
p2486
sbsg32
(ilevel
AnimatedTextureModel
p2487
(dp2488
g23
(lp2489
g25
asg26
F1.0
sg27
g25
sbsg38
I1
sba(ilevel
LevelTile
p2490
(dp2491
g16
I00
sg17
I0
sg18
I00
sg19
I01
sg20
(ilevel
AnimatedTextureModel
p2492
(dp2493
g23
(lp2494
g25
asg26
F1.0
sg27
g25
sbsg28
(ilevel
AnimatedTextureModel
p2495
(dp2496
g23
(lp2497
Vwall_bulwark.png
p2498
asg26
F1.0
sg27
Vwall_bulwark.obj
p2499
sbsg32
(ilevel
AnimatedTextureModel
p2500
(dp2501
g23
(lp2502
g25
asg26
F1.0
sg27
g25
sbsg38
I1
sba(ilevel
LevelTile
p2503
(dp2504
g16
I00
sg17
I0
sg18
I00
sg19
I01
sg20
(ilevel
AnimatedTextureModel
p2505
(dp2506
g23
(lp2507
g25
asg26
F1.0
sg27
g25
sbsg28
(ilevel
AnimatedTextureModel
p2508
(dp2509
g23
(lp2510
Vwall_bulwark.png
p2511
asg26
F1.0
sg27
Vwall_bulwark.obj
p2512
sbsg32
(ilevel
AnimatedTextureModel
p2513
(dp2514
g23
(lp2515
g25
asg26
F1.0
sg27
g25
sbsg38
I1
sba(ilevel
LevelTile
p2516
(dp2517
g16
I00
sg17
I0
sg18
I00
sg19
I01
sg20
(ilevel
AnimatedTextureModel
p2518
(dp2519
g23
(lp2520
g25
asg26
F1.0
sg27
g25
sbsg28
(ilevel
AnimatedTextureModel
p2521
(dp2522
g23
(lp2523
Vwall_bulwark.png
p2524
asg26
F1.0
sg27
Vwall_bulwark.obj
p2525
sbsg32
(ilevel
AnimatedTextureModel
p2526
(dp2527
g23
(lp2528
g25
asg26
F1.0
sg27
g25
sbsg38
I1
sba(ilevel
LevelTile
p2529
(dp2530
g16
I00
sg17
I0
sg18
I00
sg19
I01
sg20
(ilevel
AnimatedTextureModel
p2531
(dp2532
g23
(lp2533
g25
asg26
F1.0
sg27
g25
sbsg28
(ilevel
AnimatedTextureModel
p2534
(dp2535
g23
(lp2536
Vwall_bulwark.png
p2537
asg26
F1.0
sg27
Vwall_bulwark.obj
p2538
sbsg32
(ilevel
AnimatedTextureModel
p2539
(dp2540
g23
(lp2541
g25
asg26
F1.0
sg27
g25
sbsg38
I1
sba(ilevel
LevelTile
p2542
(dp2543
g16
I00
sg17
I0
sg18
I00
sg19
I01
sg20
(ilevel
AnimatedTextureModel
p2544
(dp2545
g23
(lp2546
g25
asg26
F1.0
sg27
g25
sbsg28
(ilevel
AnimatedTextureModel
p2547
(dp2548
g23
(lp2549
Vwall_bulwark.png
p2550
asg26
F1.0
sg27
Vwall_bulwark.obj
p2551
sbsg32
(ilevel
AnimatedTextureModel
p2552
(dp2553
g23
(lp2554
g25
asg26
F1.0
sg27
g25
sbsg38
I1
sba(ilevel
LevelTile
p2555
(dp2556
g16
I00
sg17
I0
sg18
I00
sg19
I01
sg20
(ilevel
AnimatedTextureModel
p2557
(dp2558
g23
(lp2559
g25
asg26
F1.0
sg27
g25
sbsg28
(ilevel
AnimatedTextureModel
p2560
(dp2561
g23
(lp2562
Vwall_bulwark.png
p2563
asg26
F1.0
sg27
Vwall_bulwark.obj
p2564
sbsg32
(ilevel
AnimatedTextureModel
p2565
(dp2566
g23
(lp2567
g25
asg26
F1.0
sg27
g25
sbsg38
I1
sba(ilevel
LevelTile
p2568
(dp2569
g16
I00
sg17
I0
sg18
I00
sg19
I01
sg20
(ilevel
AnimatedTextureModel
p2570
(dp2571
g23
(lp2572
g25
asg26
F1.0
sg27
g25
sbsg28
(ilevel
AnimatedTextureModel
p2573
(dp2574
g23
(lp2575
Vwall_bulwark.png
p2576
asg26
F1.0
sg27
Vwall_bulwark.obj
p2577
sbsg32
(ilevel
AnimatedTextureModel
p2578
(dp2579
g23
(lp2580
g25
asg26
F1.0
sg27
g25
sbsg38
I1
sba(ilevel
LevelTile
p2581
(dp2582
g16
I00
sg17
I0
sg18
I00
sg19
I01
sg20
(ilevel
AnimatedTextureModel
p2583
(dp2584
g23
(lp2585
g25
asg26
F1.0
sg27
g25
sbsg28
(ilevel
AnimatedTextureModel
p2586
(dp2587
g23
(lp2588
Vwall_bulwark.png
p2589
asg26
F1.0
sg27
Vwall_bulwark.obj
p2590
sbsg32
(ilevel
AnimatedTextureModel
p2591
(dp2592
g23
(lp2593
g25
asg26
F1.0
sg27
g25
sbsg38
I1
sba(ilevel
LevelTile
p2594
(dp2595
g16
I00
sg17
I0
sg18
I00
sg19
I01
sg20
(ilevel
AnimatedTextureModel
p2596
(dp2597
g23
(lp2598
g25
asg26
F1.0
sg27
g25
sbsg28
(ilevel
AnimatedTextureModel
p2599
(dp2600
g23
(lp2601
Vwall_bulwark.png
p2602
asg26
F1.0
sg27
Vwall_bulwark.obj
p2603
sbsg32
(ilevel
AnimatedTextureModel
p2604
(dp2605
g23
(lp2606
g25
asg26
F1.0
sg27
g25
sbsg38
I1
sba(ilevel
LevelTile
p2607
(dp2608
g16
I00
sg17
I0
sg18
I00
sg19
I01
sg20
(ilevel
AnimatedTextureModel
p2609
(dp2610
g23
(lp2611
g25
asg26
F1.0
sg27
g25
sbsg28
(ilevel
AnimatedTextureModel
p2612
(dp2613
g23
(lp2614
Vwall_bulwark.png
p2615
asg26
F1.0
sg27
Vwall_bulwark.obj
p2616
sbsg32
(ilevel
AnimatedTextureModel
p2617
(dp2618
g23
(lp2619
g25
asg26
F1.0
sg27
g25
sbsg38
I1
sba(ilevel
LevelTile
p2620
(dp2621
g16
I00
sg17
I0
sg18
I00
sg19
I01
sg20
(ilevel
AnimatedTextureModel
p2622
(dp2623
g23
(lp2624
g25
asg26
F1.0
sg27
g25
sbsg28
(ilevel
AnimatedTextureModel
p2625
(dp2626
g23
(lp2627
Vwall_bulwark.png
p2628
asg26
F1.0
sg27
Vwall_bulwark.obj
p2629
sbsg32
(ilevel
AnimatedTextureModel
p2630
(dp2631
g23
(lp2632
g25
asg26
F1.0
sg27
g25
sbsg38
I1
sba(ilevel
LevelTile
p2633
(dp2634
g16
I00
sg17
I0
sg18
I00
sg19
I01
sg20
(ilevel
AnimatedTextureModel
p2635
(dp2636
g23
(lp2637
g25
asg26
F1.0
sg27
g25
sbsg28
(ilevel
AnimatedTextureModel
p2638
(dp2639
g23
(lp2640
Vwall_bulwark.png
p2641
asg26
F1.0
sg27
Vwall_bulwark.obj
p2642
sbsg32
(ilevel
AnimatedTextureModel
p2643
(dp2644
g23
(lp2645
g25
asg26
F1.0
sg27
g25
sbsg38
I1
sba(ilevel
LevelTile
p2646
(dp2647
g16
I00
sg17
I0
sg18
I00
sg19
I01
sg20
(ilevel
AnimatedTextureModel
p2648
(dp2649
g23
(lp2650
g25
asg26
F1.0
sg27
g25
sbsg28
(ilevel
AnimatedTextureModel
p2651
(dp2652
g23
(lp2653
Vwall_bulwark.png
p2654
asg26
F1.0
sg27
Vwall_bulwark.obj
p2655
sbsg32
(ilevel
AnimatedTextureModel
p2656
(dp2657
g23
(lp2658
g25
asg26
F1.0
sg27
g25
sbsg38
I1
sba(ilevel
LevelTile
p2659
(dp2660
g16
I00
sg17
I0
sg18
I00
sg19
I01
sg20
(ilevel
AnimatedTextureModel
p2661
(dp2662
g23
(lp2663
g25
asg26
F1.0
sg27
g25
sbsg28
(ilevel
AnimatedTextureModel
p2664
(dp2665
g23
(lp2666
Vwall_bulwark.png
p2667
asg26
F1.0
sg27
Vwall_bulwark.obj
p2668
sbsg32
(ilevel
AnimatedTextureModel
p2669
(dp2670
g23
(lp2671
g25
asg26
F1.0
sg27
g25
sbsg38
I1
sba(ilevel
LevelTile
p2672
(dp2673
g16
I00
sg17
I0
sg18
I00
sg19
I01
sg20
(ilevel
AnimatedTextureModel
p2674
(dp2675
g23
(lp2676
g25
asg26
F1.0
sg27
g25
sbsg28
(ilevel
AnimatedTextureModel
p2677
(dp2678
g23
(lp2679
Vwall_bulwark.png
p2680
asg26
F1.0
sg27
Vwall_bulwark.obj
p2681
sbsg32
(ilevel
AnimatedTextureModel
p2682
(dp2683
g23
(lp2684
g25
asg26
F1.0
sg27
g25
sbsg38
I1
sba(ilevel
LevelTile
p2685
(dp2686
g16
I00
sg17
I0
sg18
I00
sg19
I01
sg20
(ilevel
AnimatedTextureModel
p2687
(dp2688
g23
(lp2689
g25
asg26
F1.0
sg27
g25
sbsg28
(ilevel
AnimatedTextureModel
p2690
(dp2691
g23
(lp2692
Vwall_bulwark.png
p2693
asg26
F1.0
sg27
Vwall_bulwark.obj
p2694
sbsg32
(ilevel
AnimatedTextureModel
p2695
(dp2696
g23
(lp2697
g25
asg26
F1.0
sg27
g25
sbsg38
I1
sba(ilevel
LevelTile
p2698
(dp2699
g16
I00
sg17
I0
sg18
I00
sg19
I01
sg20
(ilevel
AnimatedTextureModel
p2700
(dp2701
g23
(lp2702
g25
asg26
F1.0
sg27
g25
sbsg28
(ilevel
AnimatedTextureModel
p2703
(dp2704
g23
(lp2705
Vwall_bulwark.png
p2706
asg26
F1.0
sg27
Vwall_bulwark.obj
p2707
sbsg32
(ilevel
AnimatedTextureModel
p2708
(dp2709
g23
(lp2710
g25
asg26
F1.0
sg27
g25
sbsg38
I1
sba(ilevel
LevelTile
p2711
(dp2712
g16
I00
sg17
I0
sg18
I00
sg19
I01
sg20
(ilevel
AnimatedTextureModel
p2713
(dp2714
g23
(lp2715
g25
asg26
F1.0
sg27
g25
sbsg28
(ilevel
AnimatedTextureModel
p2716
(dp2717
g23
(lp2718
Vwall_bulwark.png
p2719
asg26
F1.0
sg27
Vwall_bulwark.obj
p2720
sbsg32
(ilevel
AnimatedTextureModel
p2721
(dp2722
g23
(lp2723
g25
asg26
F1.0
sg27
g25
sbsg38
I1
sba(ilevel
LevelTile
p2724
(dp2725
g16
I00
sg17
I0
sg18
I00
sg19
I01
sg20
(ilevel
AnimatedTextureModel
p2726
(dp2727
g23
(lp2728
g25
asg26
F1.0
sg27
g25
sbsg28
(ilevel
AnimatedTextureModel
p2729
(dp2730
g23
(lp2731
Vwall_bulwark.png
p2732
asg26
F1.0
sg27
Vwall_bulwark.obj
p2733
sbsg32
(ilevel
AnimatedTextureModel
p2734
(dp2735
g23
(lp2736
g25
asg26
F1.0
sg27
g25
sbsg38
I1
sba(ilevel
LevelTile
p2737
(dp2738
g16
I00
sg17
I0
sg18
I01
sg19
I00
sg20
(ilevel
AnimatedTextureModel
p2739
(dp2740
g23
(lp2741
sg26
F1.0
sg27
g70
sbsg28
(ilevel
AnimatedTextureModel
p2742
(dp2743
g23
(lp2744
sg26
F1.0
sg27
g70
sbsg32
(ilevel
AnimatedTextureModel
p2745
(dp2746
g23
(lp2747
sg26
F1.0
sg27
g70
sbsg38
I1
sba(ilevel
LevelTile
p2748
(dp2749
g16
I00
sg17
I0
sg18
I01
sg19
I00
sg20
(ilevel
AnimatedTextureModel
p2750
(dp2751
g23
(lp2752
sg26
F1.0
sg27
g70
sbsg28
(ilevel
AnimatedTextureModel
p2753
(dp2754
g23
(lp2755
sg26
F1.0
sg27
g70
sbsg32
(ilevel
AnimatedTextureModel
p2756
(dp2757
g23
(lp2758
sg26
F1.0
sg27
g70
sbsg38
I1
sba(ilevel
LevelTile
p2759
(dp2760
g16
I00
sg17
I0
sg18
I01
sg19
I00
sg20
(ilevel
AnimatedTextureModel
p2761
(dp2762
g23
(lp2763
sg26
F1.0
sg27
g70
sbsg28
(ilevel
AnimatedTextureModel
p2764
(dp2765
g23
(lp2766
sg26
F1.0
sg27
g70
sbsg32
(ilevel
AnimatedTextureModel
p2767
(dp2768
g23
(lp2769
sg26
F1.0
sg27
g70
sbsg38
I1
sbaa(lp2770
(ilevel
LevelTile
p2771
(dp2772
g16
I00
sg17
I0
sg18
I00
sg19
I01
sg20
(ilevel
AnimatedTextureModel
p2773
(dp2774
g23
(lp2775
g25
asg26
F1.0
sg27
g25
sbsg28
(ilevel
AnimatedTextureModel
p2776
(dp2777
g23
(lp2778
Vwall_bulwark.png
p2779
asg26
F1.0
sg27
Vwall_bulwark.obj
p2780
sbsg32
(ilevel
AnimatedTextureModel
p2781
(dp2782
g23
(lp2783
g25
asg26
F1.0
sg27
g25
sbsg38
I1
sba(ilevel
LevelTile
p2784
(dp2785
g16
I00
sg17
I0
sg18
I01
sg19
I00
sg20
(ilevel
AnimatedTextureModel
p2786
(dp2787
g23
(lp2788
g25
asg26
F1.0
sg27
g25
sbsg28
(ilevel
AnimatedTextureModel
p2789
(dp2790
g23
(lp2791
g25
asg26
F1.0
sg27
g25
sbsg32
(ilevel
AnimatedTextureModel
p2792
(dp2793
g23
(lp2794
Vgrass.png
p2795
asg26
F1.0
sg27
Vfloor_flat.obj
p2796
sbsg38
I1
sba(ilevel
LevelTile
p2797
(dp2798
g16
I00
sg17
I0
sg18
I01
sg19
I00
sg20
(ilevel
AnimatedTextureModel
p2799
(dp2800
g23
(lp2801
g25
asg26
F1.0
sg27
g25
sbsg28
(ilevel
AnimatedTextureModel
p2802
(dp2803
g23
(lp2804
g25
asg26
F1.0
sg27
g25
sbsg32
(ilevel
AnimatedTextureModel
p2805
(dp2806
g23
(lp2807
Vgrass.png
p2808
asg26
F1.0
sg27
Vfloor_flat.obj
p2809
sbsg38
I1
sba(ilevel
LevelTile
p2810
(dp2811
g16
I00
sg17
I0
sg18
I01
sg19
I00
sg20
(ilevel
AnimatedTextureModel
p2812
(dp2813
g23
(lp2814
g25
asg26
F1.0
sg27
g25
sbsg28
(ilevel
AnimatedTextureModel
p2815
(dp2816
g23
(lp2817
g25
asg26
F1.0
sg27
g25
sbsg32
(ilevel
AnimatedTextureModel
p2818
(dp2819
g23
(lp2820
Vgrass.png
p2821
asg26
F1.0
sg27
Vfloor_flat.obj
p2822
sbsg38
I1
sba(ilevel
LevelTile
p2823
(dp2824
g16
I00
sg17
I0
sg18
I01
sg19
I00
sg20
(ilevel
AnimatedTextureModel
p2825
(dp2826
g23
(lp2827
g25
asg26
F1.0
sg27
g25
sbsg28
(ilevel
AnimatedTextureModel
p2828
(dp2829
g23
(lp2830
g25
asg26
F1.0
sg27
g25
sbsg32
(ilevel
AnimatedTextureModel
p2831
(dp2832
g23
(lp2833
Vgrass.png
p2834
asg26
F1.0
sg27
Vfloor_flat.obj
p2835
sbsg38
I1
sba(ilevel
LevelTile
p2836
(dp2837
g16
I00
sg17
I0
sg18
I01
sg19
I00
sg20
(ilevel
AnimatedTextureModel
p2838
(dp2839
g23
(lp2840
g25
asg26
F1.0
sg27
g25
sbsg28
(ilevel
AnimatedTextureModel
p2841
(dp2842
g23
(lp2843
g25
asg26
F1.0
sg27
g25
sbsg32
(ilevel
AnimatedTextureModel
p2844
(dp2845
g23
(lp2846
Vgrass.png
p2847
asg26
F1.0
sg27
Vfloor_flat.obj
p2848
sbsg38
I1
sba(ilevel
LevelTile
p2849
(dp2850
g16
I00
sg17
I0
sg18
I01
sg19
I00
sg20
(ilevel
AnimatedTextureModel
p2851
(dp2852
g23
(lp2853
g25
asg26
F1.0
sg27
g25
sbsg28
(ilevel
AnimatedTextureModel
p2854
(dp2855
g23
(lp2856
g25
asg26
F1.0
sg27
g25
sbsg32
(ilevel
AnimatedTextureModel
p2857
(dp2858
g23
(lp2859
Vgrass.png
p2860
asg26
F1.0
sg27
Vfloor_flat.obj
p2861
sbsg38
I1
sba(ilevel
LevelTile
p2862
(dp2863
g16
I00
sg17
I0
sg18
I01
sg19
I00
sg20
(ilevel
AnimatedTextureModel
p2864
(dp2865
g23
(lp2866
g25
asg26
F1.0
sg27
g25
sbsg28
(ilevel
AnimatedTextureModel
p2867
(dp2868
g23
(lp2869
g25
asg26
F1.0
sg27
g25
sbsg32
(ilevel
AnimatedTextureModel
p2870
(dp2871
g23
(lp2872
Vgrass.png
p2873
asg26
F1.0
sg27
Vfloor_flat.obj
p2874
sbsg38
I1
sba(ilevel
LevelTile
p2875
(dp2876
g16
I00
sg17
I0
sg18
I01
sg19
I00
sg20
(ilevel
AnimatedTextureModel
p2877
(dp2878
g23
(lp2879
g25
asg26
F1.0
sg27
g25
sbsg28
(ilevel
AnimatedTextureModel
p2880
(dp2881
g23
(lp2882
g25
asg26
F1.0
sg27
g25
sbsg32
(ilevel
AnimatedTextureModel
p2883
(dp2884
g23
(lp2885
Vgrass.png
p2886
asg26
F1.0
sg27
Vfloor_flat.obj
p2887
sbsg38
I1
sba(ilevel
LevelTile
p2888
(dp2889
g16
I00
sg17
I0
sg18
I01
sg19
I00
sg20
(ilevel
AnimatedTextureModel
p2890
(dp2891
g23
(lp2892
g25
asg26
F1.0
sg27
g25
sbsg28
(ilevel
AnimatedTextureModel
p2893
(dp2894
g23
(lp2895
g25
asg26
F1.0
sg27
g25
sbsg32
(ilevel
AnimatedTextureModel
p2896
(dp2897
g23
(lp2898
Vgrass.png
p2899
asg26
F1.0
sg27
Vfloor_flat.obj
p2900
sbsg38
I1
sba(ilevel
LevelTile
p2901
(dp2902
g16
I00
sg17
I0
sg18
I01
sg19
I00
sg20
(ilevel
AnimatedTextureModel
p2903
(dp2904
g23
(lp2905
g25
asg26
F1.0
sg27
g25
sbsg28
(ilevel
AnimatedTextureModel
p2906
(dp2907
g23
(lp2908
g25
asg26
F1.0
sg27
g25
sbsg32
(ilevel
AnimatedTextureModel
p2909
(dp2910
g23
(lp2911
Vgrass.png
p2912
asg26
F1.0
sg27
Vfloor_flat.obj
p2913
sbsg38
I1
sba(ilevel
LevelTile
p2914
(dp2915
g16
I00
sg17
I0
sg18
I01
sg19
I00
sg20
(ilevel
AnimatedTextureModel
p2916
(dp2917
g23
(lp2918
g25
asg26
F1.0
sg27
g25
sbsg28
(ilevel
AnimatedTextureModel
p2919
(dp2920
g23
(lp2921
g25
asg26
F1.0
sg27
g25
sbsg32
(ilevel
AnimatedTextureModel
p2922
(dp2923
g23
(lp2924
Vgrass.png
p2925
asg26
F1.0
sg27
Vfloor_flat.obj
p2926
sbsg38
I1
sba(ilevel
LevelTile
p2927
(dp2928
g16
I00
sg17
I0
sg18
I01
sg19
I00
sg20
(ilevel
AnimatedTextureModel
p2929
(dp2930
g23
(lp2931
g25
asg26
F1.0
sg27
g25
sbsg28
(ilevel
AnimatedTextureModel
p2932
(dp2933
g23
(lp2934
g25
asg26
F1.0
sg27
g25
sbsg32
(ilevel
AnimatedTextureModel
p2935
(dp2936
g23
(lp2937
Vgrass.png
p2938
asg26
F1.0
sg27
Vfloor_flat.obj
p2939
sbsg38
I1
sba(ilevel
LevelTile
p2940
(dp2941
g16
I00
sg17
I0
sg18
I01
sg19
I00
sg20
(ilevel
AnimatedTextureModel
p2942
(dp2943
g23
(lp2944
g25
asg26
F1.0
sg27
g25
sbsg28
(ilevel
AnimatedTextureModel
p2945
(dp2946
g23
(lp2947
g25
asg26
F1.0
sg27
g25
sbsg32
(ilevel
AnimatedTextureModel
p2948
(dp2949
g23
(lp2950
Vgrass.png
p2951
asg26
F1.0
sg27
Vfloor_flat.obj
p2952
sbsg38
I1
sba(ilevel
LevelTile
p2953
(dp2954
g16
I00
sg17
I0
sg18
I01
sg19
I00
sg20
(ilevel
AnimatedTextureModel
p2955
(dp2956
g23
(lp2957
g25
asg26
F1.0
sg27
g25
sbsg28
(ilevel
AnimatedTextureModel
p2958
(dp2959
g23
(lp2960
g25
asg26
F1.0
sg27
g25
sbsg32
(ilevel
AnimatedTextureModel
p2961
(dp2962
g23
(lp2963
Vgrass.png
p2964
asg26
F1.0
sg27
Vfloor_flat.obj
p2965
sbsg38
I1
sba(ilevel
LevelTile
p2966
(dp2967
g16
I00
sg17
I0
sg18
I01
sg19
I00
sg20
(ilevel
AnimatedTextureModel
p2968
(dp2969
g23
(lp2970
g25
asg26
F1.0
sg27
g25
sbsg28
(ilevel
AnimatedTextureModel
p2971
(dp2972
g23
(lp2973
g25
asg26
F1.0
sg27
g25
sbsg32
(ilevel
AnimatedTextureModel
p2974
(dp2975
g23
(lp2976
Vgrass.png
p2977
asg26
F1.0
sg27
Vfloor_flat.obj
p2978
sbsg38
I1
sba(ilevel
LevelTile
p2979
(dp2980
g16
I00
sg17
I0
sg18
I01
sg19
I00
sg20
(ilevel
AnimatedTextureModel
p2981
(dp2982
g23
(lp2983
g25
asg26
F1.0
sg27
g25
sbsg28
(ilevel
AnimatedTextureModel
p2984
(dp2985
g23
(lp2986
g25
asg26
F1.0
sg27
g25
sbsg32
(ilevel
AnimatedTextureModel
p2987
(dp2988
g23
(lp2989
Vgrass.png
p2990
asg26
F1.0
sg27
Vfloor_flat.obj
p2991
sbsg38
I1
sba(ilevel
LevelTile
p2992
(dp2993
g16
I00
sg17
I0
sg18
I01
sg19
I00
sg20
(ilevel
AnimatedTextureModel
p2994
(dp2995
g23
(lp2996
g25
asg26
F1.0
sg27
g25
sbsg28
(ilevel
AnimatedTextureModel
p2997
(dp2998
g23
(lp2999
g25
asg26
F1.0
sg27
g25
sbsg32
(ilevel
AnimatedTextureModel
p3000
(dp3001
g23
(lp3002
Vgrass.png
p3003
asg26
F1.0
sg27
Vfloor_flat.obj
p3004
sbsg38
I1
sba(ilevel
LevelTile
p3005
(dp3006
g16
I00
sg17
I0
sg18
I01
sg19
I00
sg20
(ilevel
AnimatedTextureModel
p3007
(dp3008
g23
(lp3009
g25
asg26
F1.0
sg27
g25
sbsg28
(ilevel
AnimatedTextureModel
p3010
(dp3011
g23
(lp3012
g25
asg26
F1.0
sg27
g25
sbsg32
(ilevel
AnimatedTextureModel
p3013
(dp3014
g23
(lp3015
Vgrass.png
p3016
asg26
F1.0
sg27
Vfloor_flat.obj
p3017
sbsg38
I1
sba(ilevel
LevelTile
p3018
(dp3019
g16
I00
sg17
I0
sg18
I01
sg19
I00
sg20
(ilevel
AnimatedTextureModel
p3020
(dp3021
g23
(lp3022
g25
asg26
F1.0
sg27
g25
sbsg28
(ilevel
AnimatedTextureModel
p3023
(dp3024
g23
(lp3025
g25
asg26
F1.0
sg27
g25
sbsg32
(ilevel
AnimatedTextureModel
p3026
(dp3027
g23
(lp3028
Vpavement.png
p3029
asg26
F1.0
sg27
Vfloor_flat.obj
p3030
sbsg38
I1
sba(ilevel
LevelTile
p3031
(dp3032
g16
I00
sg17
I0
sg18
I01
sg19
I00
sg20
(ilevel
AnimatedTextureModel
p3033
(dp3034
g23
(lp3035
g25
asg26
F1.0
sg27
g25
sbsg28
(ilevel
AnimatedTextureModel
p3036
(dp3037
g23
(lp3038
g25
asg26
F1.0
sg27
g25
sbsg32
(ilevel
AnimatedTextureModel
p3039
(dp3040
g23
(lp3041
Vpavement.png
p3042
asg26
F1.0
sg27
Vfloor_flat.obj
p3043
sbsg38
I1
sba(ilevel
LevelTile
p3044
(dp3045
g16
I00
sg17
I0
sg18
I01
sg19
I00
sg20
(ilevel
AnimatedTextureModel
p3046
(dp3047
g23
(lp3048
g25
asg26
F1.0
sg27
g25
sbsg28
(ilevel
AnimatedTextureModel
p3049
(dp3050
g23
(lp3051
g25
asg26
F1.0
sg27
g25
sbsg32
(ilevel
AnimatedTextureModel
p3052
(dp3053
g23
(lp3054
Vpavement.png
p3055
asg26
F1.0
sg27
Vfloor_flat.obj
p3056
sbsg38
I1
sba(ilevel
LevelTile
p3057
(dp3058
g16
I00
sg17
I0
sg18
I01
sg19
I00
sg20
(ilevel
AnimatedTextureModel
p3059
(dp3060
g23
(lp3061
g25
asg26
F1.0
sg27
g25
sbsg28
(ilevel
AnimatedTextureModel
p3062
(dp3063
g23
(lp3064
g25
asg26
F1.0
sg27
g25
sbsg32
(ilevel
AnimatedTextureModel
p3065
(dp3066
g23
(lp3067
Vpavement.png
p3068
asg26
F1.0
sg27
Vfloor_flat.obj
p3069
sbsg38
I1
sba(ilevel
LevelTile
p3070
(dp3071
g16
I00
sg17
I0
sg18
I01
sg19
I00
sg20
(ilevel
AnimatedTextureModel
p3072
(dp3073
g23
(lp3074
g25
asg26
F1.0
sg27
g25
sbsg28
(ilevel
AnimatedTextureModel
p3075
(dp3076
g23
(lp3077
g25
asg26
F1.0
sg27
g25
sbsg32
(ilevel
AnimatedTextureModel
p3078
(dp3079
g23
(lp3080
Vpavement.png
p3081
asg26
F1.0
sg27
Vfloor_flat.obj
p3082
sbsg38
I1
sba(ilevel
LevelTile
p3083
(dp3084
g16
I00
sg17
I0
sg18
I01
sg19
I00
sg20
(ilevel
AnimatedTextureModel
p3085
(dp3086
g23
(lp3087
g25
asg26
F1.0
sg27
g25
sbsg28
(ilevel
AnimatedTextureModel
p3088
(dp3089
g23
(lp3090
g25
asg26
F1.0
sg27
g25
sbsg32
(ilevel
AnimatedTextureModel
p3091
(dp3092
g23
(lp3093
Vpavement.png
p3094
asg26
F1.0
sg27
Vfloor_flat.obj
p3095
sbsg38
I1
sba(ilevel
LevelTile
p3096
(dp3097
g16
I00
sg17
I0
sg18
I01
sg19
I00
sg20
(ilevel
AnimatedTextureModel
p3098
(dp3099
g23
(lp3100
g25
asg26
F1.0
sg27
g25
sbsg28
(ilevel
AnimatedTextureModel
p3101
(dp3102
g23
(lp3103
g25
asg26
F1.0
sg27
g25
sbsg32
(ilevel
AnimatedTextureModel
p3104
(dp3105
g23
(lp3106
Vpavement.png
p3107
asg26
F1.0
sg27
Vfloor_flat.obj
p3108
sbsg38
I1
sba(ilevel
LevelTile
p3109
(dp3110
g16
I00
sg17
I0
sg18
I00
sg19
I01
sg20
(ilevel
AnimatedTextureModel
p3111
(dp3112
g23
(lp3113
g25
asg26
F1.0
sg27
g25
sbsg28
(ilevel
AnimatedTextureModel
p3114
(dp3115
g23
(lp3116
Vwall_bulwark.png
p3117
asg26
F1.0
sg27
Vwall_bulwark.obj
p3118
sbsg32
(ilevel
AnimatedTextureModel
p3119
(dp3120
g23
(lp3121
g25
asg26
F1.0
sg27
g25
sbsg38
I1
sba(ilevel
LevelTile
p3122
(dp3123
g16
I00
sg17
I0
sg18
I01
sg19
I00
sg20
(ilevel
AnimatedTextureModel
p3124
(dp3125
g23
(lp3126
sg26
F1.0
sg27
g70
sbsg28
(ilevel
AnimatedTextureModel
p3127
(dp3128
g23
(lp3129
sg26
F1.0
sg27
g70
sbsg32
(ilevel
AnimatedTextureModel
p3130
(dp3131
g23
(lp3132
sg26
F1.0
sg27
g70
sbsg38
I1
sba(ilevel
LevelTile
p3133
(dp3134
g16
I00
sg17
I0
sg18
I01
sg19
I00
sg20
(ilevel
AnimatedTextureModel
p3135
(dp3136
g23
(lp3137
sg26
F1.0
sg27
g70
sbsg28
(ilevel
AnimatedTextureModel
p3138
(dp3139
g23
(lp3140
sg26
F1.0
sg27
g70
sbsg32
(ilevel
AnimatedTextureModel
p3141
(dp3142
g23
(lp3143
sg26
F1.0
sg27
g70
sbsg38
I1
sba(ilevel
LevelTile
p3144
(dp3145
g16
I00
sg17
I0
sg18
I01
sg19
I00
sg20
(ilevel
AnimatedTextureModel
p3146
(dp3147
g23
(lp3148
sg26
F1.0
sg27
g70
sbsg28
(ilevel
AnimatedTextureModel
p3149
(dp3150
g23
(lp3151
sg26
F1.0
sg27
g70
sbsg32
(ilevel
AnimatedTextureModel
p3152
(dp3153
g23
(lp3154
sg26
F1.0
sg27
g70
sbsg38
I1
sbaa(lp3155
(ilevel
LevelTile
p3156
(dp3157
g16
I00
sg17
I0
sg18
I00
sg19
I01
sg20
(ilevel
AnimatedTextureModel
p3158
(dp3159
g23
(lp3160
g25
asg26
F1.0
sg27
g25
sbsg28
(ilevel
AnimatedTextureModel
p3161
(dp3162
g23
(lp3163
Vwall_bulwark.png
p3164
asg26
F1.0
sg27
Vwall_bulwark.obj
p3165
sbsg32
(ilevel
AnimatedTextureModel
p3166
(dp3167
g23
(lp3168
g25
asg26
F1.0
sg27
g25
sbsg38
I1
sba(ilevel
LevelTile
p3169
(dp3170
g16
I00
sg17
I0
sg18
I01
sg19
I00
sg20
(ilevel
AnimatedTextureModel
p3171
(dp3172
g23
(lp3173
g25
asg26
F1.0
sg27
g25
sbsg28
(ilevel
AnimatedTextureModel
p3174
(dp3175
g23
(lp3176
g25
asg26
F1.0
sg27
g25
sbsg32
(ilevel
AnimatedTextureModel
p3177
(dp3178
g23
(lp3179
Vgrass.png
p3180
asg26
F1.0
sg27
Vfloor_flat.obj
p3181
sbsg38
I1
sba(ilevel
LevelTile
p3182
(dp3183
g16
I00
sg17
I0
sg18
I01
sg19
I00
sg20
(ilevel
AnimatedTextureModel
p3184
(dp3185
g23
(lp3186
g25
asg26
F1.0
sg27
g25
sbsg28
(ilevel
AnimatedTextureModel
p3187
(dp3188
g23
(lp3189
g25
asg26
F1.0
sg27
g25
sbsg32
(ilevel
AnimatedTextureModel
p3190
(dp3191
g23
(lp3192
Vgrass.png
p3193
asg26
F1.0
sg27
Vfloor_flat.obj
p3194
sbsg38
I1
sba(ilevel
LevelTile
p3195
(dp3196
g16
I00
sg17
I0
sg18
I01
sg19
I00
sg20
(ilevel
AnimatedTextureModel
p3197
(dp3198
g23
(lp3199
g25
asg26
F1.0
sg27
g25
sbsg28
(ilevel
AnimatedTextureModel
p3200
(dp3201
g23
(lp3202
g25
asg26
F1.0
sg27
g25
sbsg32
(ilevel
AnimatedTextureModel
p3203
(dp3204
g23
(lp3205
Vgrass.png
p3206
asg26
F1.0
sg27
Vfloor_flat.obj
p3207
sbsg38
I1
sba(ilevel
LevelTile
p3208
(dp3209
g16
I00
sg17
I0
sg18
I01
sg19
I00
sg20
(ilevel
AnimatedTextureModel
p3210
(dp3211
g23
(lp3212
g25
asg26
F1.0
sg27
g25
sbsg28
(ilevel
AnimatedTextureModel
p3213
(dp3214
g23
(lp3215
g25
asg26
F1.0
sg27
g25
sbsg32
(ilevel
AnimatedTextureModel
p3216
(dp3217
g23
(lp3218
Vgrass.png
p3219
asg26
F1.0
sg27
Vfloor_flat.obj
p3220
sbsg38
I1
sba(ilevel
LevelTile
p3221
(dp3222
g16
I00
sg17
I0
sg18
I01
sg19
I00
sg20
(ilevel
AnimatedTextureModel
p3223
(dp3224
g23
(lp3225
g25
asg26
F1.0
sg27
g25
sbsg28
(ilevel
AnimatedTextureModel
p3226
(dp3227
g23
(lp3228
g25
asg26
F1.0
sg27
g25
sbsg32
(ilevel
AnimatedTextureModel
p3229
(dp3230
g23
(lp3231
Vgrass.png
p3232
asg26
F1.0
sg27
Vfloor_flat.obj
p3233
sbsg38
I1
sba(ilevel
LevelTile
p3234
(dp3235
g16
I00
sg17
I0
sg18
I01
sg19
I00
sg20
(ilevel
AnimatedTextureModel
p3236
(dp3237
g23
(lp3238
g25
asg26
F1.0
sg27
g25
sbsg28
(ilevel
AnimatedTextureModel
p3239
(dp3240
g23
(lp3241
g25
asg26
F1.0
sg27
g25
sbsg32
(ilevel
AnimatedTextureModel
p3242
(dp3243
g23
(lp3244
Vgrass.png
p3245
asg26
F1.0
sg27
Vfloor_flat.obj
p3246
sbsg38
I1
sba(ilevel
LevelTile
p3247
(dp3248
g16
I00
sg17
I0
sg18
I01
sg19
I00
sg20
(ilevel
AnimatedTextureModel
p3249
(dp3250
g23
(lp3251
g25
asg26
F1.0
sg27
g25
sbsg28
(ilevel
AnimatedTextureModel
p3252
(dp3253
g23
(lp3254
g25
asg26
F1.0
sg27
g25
sbsg32
(ilevel
AnimatedTextureModel
p3255
(dp3256
g23
(lp3257
Vgrass.png
p3258
asg26
F1.0
sg27
Vfloor_flat.obj
p3259
sbsg38
I1
sba(ilevel
LevelTile
p3260
(dp3261
g16
I00
sg17
I0
sg18
I01
sg19
I00
sg20
(ilevel
AnimatedTextureModel
p3262
(dp3263
g23
(lp3264
g25
asg26
F1.0
sg27
g25
sbsg28
(ilevel
AnimatedTextureModel
p3265
(dp3266
g23
(lp3267
g25
asg26
F1.0
sg27
g25
sbsg32
(ilevel
AnimatedTextureModel
p3268
(dp3269
g23
(lp3270
Vgrass.png
p3271
asg26
F1.0
sg27
Vfloor_flat.obj
p3272
sbsg38
I1
sba(ilevel
LevelTile
p3273
(dp3274
g16
I00
sg17
I0
sg18
I01
sg19
I00
sg20
(ilevel
AnimatedTextureModel
p3275
(dp3276
g23
(lp3277
g25
asg26
F1.0
sg27
g25
sbsg28
(ilevel
AnimatedTextureModel
p3278
(dp3279
g23
(lp3280
g25
asg26
F1.0
sg27
g25
sbsg32
(ilevel
AnimatedTextureModel
p3281
(dp3282
g23
(lp3283
Vgrass.png
p3284
asg26
F1.0
sg27
Vfloor_flat.obj
p3285
sbsg38
I1
sba(ilevel
LevelTile
p3286
(dp3287
g16
I00
sg17
I0
sg18
I01
sg19
I00
sg20
(ilevel
AnimatedTextureModel
p3288
(dp3289
g23
(lp3290
g25
asg26
F1.0
sg27
g25
sbsg28
(ilevel
AnimatedTextureModel
p3291
(dp3292
g23
(lp3293
g25
asg26
F1.0
sg27
g25
sbsg32
(ilevel
AnimatedTextureModel
p3294
(dp3295
g23
(lp3296
Vgrass.png
p3297
asg26
F1.0
sg27
Vfloor_flat.obj
p3298
sbsg38
I1
sba(ilevel
LevelTile
p3299
(dp3300
g16
I00
sg17
I0
sg18
I01
sg19
I00
sg20
(ilevel
AnimatedTextureModel
p3301
(dp3302
g23
(lp3303
g25
asg26
F1.0
sg27
g25
sbsg28
(ilevel
AnimatedTextureModel
p3304
(dp3305
g23
(lp3306
g25
asg26
F1.0
sg27
g25
sbsg32
(ilevel
AnimatedTextureModel
p3307
(dp3308
g23
(lp3309
Vgrass.png
p3310
asg26
F1.0
sg27
Vfloor_flat.obj
p3311
sbsg38
I1
sba(ilevel
LevelTile
p3312
(dp3313
g16
I00
sg17
I0
sg18
I01
sg19
I00
sg20
(ilevel
AnimatedTextureModel
p3314
(dp3315
g23
(lp3316
g25
asg26
F1.0
sg27
g25
sbsg28
(ilevel
AnimatedTextureModel
p3317
(dp3318
g23
(lp3319
g25
asg26
F1.0
sg27
g25
sbsg32
(ilevel
AnimatedTextureModel
p3320
(dp3321
g23
(lp3322
Vgrass.png
p3323
asg26
F1.0
sg27
Vfloor_flat.obj
p3324
sbsg38
I1
sba(ilevel
LevelTile
p3325
(dp3326
g16
I00
sg17
I0
sg18
I01
sg19
I00
sg20
(ilevel
AnimatedTextureModel
p3327
(dp3328
g23
(lp3329
g25
asg26
F1.0
sg27
g25
sbsg28
(ilevel
AnimatedTextureModel
p3330
(dp3331
g23
(lp3332
g25
asg26
F1.0
sg27
g25
sbsg32
(ilevel
AnimatedTextureModel
p3333
(dp3334
g23
(lp3335
Vgrass.png
p3336
asg26
F1.0
sg27
Vfloor_flat.obj
p3337
sbsg38
I1
sba(ilevel
LevelTile
p3338
(dp3339
g16
I00
sg17
I0
sg18
I01
sg19
I00
sg20
(ilevel
AnimatedTextureModel
p3340
(dp3341
g23
(lp3342
g25
asg26
F1.0
sg27
g25
sbsg28
(ilevel
AnimatedTextureModel
p3343
(dp3344
g23
(lp3345
g25
asg26
F1.0
sg27
g25
sbsg32
(ilevel
AnimatedTextureModel
p3346
(dp3347
g23
(lp3348
Vgrass.png
p3349
asg26
F1.0
sg27
Vfloor_flat.obj
p3350
sbsg38
I1
sba(ilevel
LevelTile
p3351
(dp3352
g16
I00
sg17
I0
sg18
I01
sg19
I00
sg20
(ilevel
AnimatedTextureModel
p3353
(dp3354
g23
(lp3355
g25
asg26
F1.0
sg27
g25
sbsg28
(ilevel
AnimatedTextureModel
p3356
(dp3357
g23
(lp3358
g25
asg26
F1.0
sg27
g25
sbsg32
(ilevel
AnimatedTextureModel
p3359
(dp3360
g23
(lp3361
Vgrass.png
p3362
asg26
F1.0
sg27
Vfloor_flat.obj
p3363
sbsg38
I1
sba(ilevel
LevelTile
p3364
(dp3365
g16
I00
sg17
I0
sg18
I01
sg19
I00
sg20
(ilevel
AnimatedTextureModel
p3366
(dp3367
g23
(lp3368
g25
asg26
F1.0
sg27
g25
sbsg28
(ilevel
AnimatedTextureModel
p3369
(dp3370
g23
(lp3371
g25
asg26
F1.0
sg27
g25
sbsg32
(ilevel
AnimatedTextureModel
p3372
(dp3373
g23
(lp3374
Vgrass.png
p3375
asg26
F1.0
sg27
Vfloor_flat.obj
p3376
sbsg38
I1
sba(ilevel
LevelTile
p3377
(dp3378
g16
I00
sg17
I0
sg18
I01
sg19
I00
sg20
(ilevel
AnimatedTextureModel
p3379
(dp3380
g23
(lp3381
g25
asg26
F1.0
sg27
g25
sbsg28
(ilevel
AnimatedTextureModel
p3382
(dp3383
g23
(lp3384
g25
asg26
F1.0
sg27
g25
sbsg32
(ilevel
AnimatedTextureModel
p3385
(dp3386
g23
(lp3387
Vgrass.png
p3388
asg26
F1.0
sg27
Vfloor_flat.obj
p3389
sbsg38
I1
sba(ilevel
LevelTile
p3390
(dp3391
g16
I00
sg17
I0
sg18
I01
sg19
I00
sg20
(ilevel
AnimatedTextureModel
p3392
(dp3393
g23
(lp3394
g25
asg26
F1.0
sg27
g25
sbsg28
(ilevel
AnimatedTextureModel
p3395
(dp3396
g23
(lp3397
g25
asg26
F1.0
sg27
g25
sbsg32
(ilevel
AnimatedTextureModel
p3398
(dp3399
g23
(lp3400
Vgrass.png
p3401
asg26
F1.0
sg27
Vfloor_flat.obj
p3402
sbsg38
I1
sba(ilevel
LevelTile
p3403
(dp3404
g16
I00
sg17
I0
sg18
I01
sg19
I00
sg20
(ilevel
AnimatedTextureModel
p3405
(dp3406
g23
(lp3407
g25
asg26
F1.0
sg27
g25
sbsg28
(ilevel
AnimatedTextureModel
p3408
(dp3409
g23
(lp3410
g25
asg26
F1.0
sg27
g25
sbsg32
(ilevel
AnimatedTextureModel
p3411
(dp3412
g23
(lp3413
Vpavement.png
p3414
asg26
F1.0
sg27
Vfloor_flat.obj
p3415
sbsg38
I1
sba(ilevel
LevelTile
p3416
(dp3417
g16
I00
sg17
I0
sg18
I01
sg19
I00
sg20
(ilevel
AnimatedTextureModel
p3418
(dp3419
g23
(lp3420
g25
asg26
F1.0
sg27
g25
sbsg28
(ilevel
AnimatedTextureModel
p3421
(dp3422
g23
(lp3423
g25
asg26
F1.0
sg27
g25
sbsg32
(ilevel
AnimatedTextureModel
p3424
(dp3425
g23
(lp3426
Vpavement.png
p3427
asg26
F1.0
sg27
Vfloor_flat.obj
p3428
sbsg38
I1
sba(ilevel
LevelTile
p3429
(dp3430
g16
I00
sg17
I0
sg18
I01
sg19
I00
sg20
(ilevel
AnimatedTextureModel
p3431
(dp3432
g23
(lp3433
g25
asg26
F1.0
sg27
g25
sbsg28
(ilevel
AnimatedTextureModel
p3434
(dp3435
g23
(lp3436
g25
asg26
F1.0
sg27
g25
sbsg32
(ilevel
AnimatedTextureModel
p3437
(dp3438
g23
(lp3439
Vpavement.png
p3440
asg26
F1.0
sg27
Vfloor_flat.obj
p3441
sbsg38
I1
sba(ilevel
LevelTile
p3442
(dp3443
g16
I00
sg17
I0
sg18
I00
sg19
I01
sg20
(ilevel
AnimatedTextureModel
p3444
(dp3445
g23
(lp3446
g25
asg26
F1.0
sg27
g25
sbsg28
(ilevel
AnimatedTextureModel
p3447
(dp3448
g23
(lp3449
Vhouse.png
p3450
asg26
F1.0
sg27
Vwall_house.obj
p3451
sbsg32
(ilevel
AnimatedTextureModel
p3452
(dp3453
g23
(lp3454
g25
asg26
F1.0
sg27
g25
sbsg38
I1
sba(ilevel
LevelTile
p3455
(dp3456
g16
I00
sg17
I0
sg18
I00
sg19
I01
sg20
(ilevel
AnimatedTextureModel
p3457
(dp3458
g23
(lp3459
g25
asg26
F1.0
sg27
g25
sbsg28
(ilevel
AnimatedTextureModel
p3460
(dp3461
g23
(lp3462
Vhouse.png
p3463
asg26
F1.0
sg27
Vwall_house.obj
p3464
sbsg32
(ilevel
AnimatedTextureModel
p3465
(dp3466
g23
(lp3467
g25
asg26
F1.0
sg27
g25
sbsg38
I1
sba(ilevel
LevelTile
p3468
(dp3469
g16
I00
sg17
I0
sg18
I01
sg19
I00
sg20
(ilevel
AnimatedTextureModel
p3470
(dp3471
g23
(lp3472
g25
asg26
F1.0
sg27
g25
sbsg28
(ilevel
AnimatedTextureModel
p3473
(dp3474
g23
(lp3475
g25
asg26
F1.0
sg27
g25
sbsg32
(ilevel
AnimatedTextureModel
p3476
(dp3477
g23
(lp3478
Vpavement.png
p3479
asg26
F1.0
sg27
Vfloor_flat.obj
p3480
sbsg38
I1
sba(ilevel
LevelTile
p3481
(dp3482
g16
I00
sg17
I0
sg18
I01
sg19
I00
sg20
(ilevel
AnimatedTextureModel
p3483
(dp3484
g23
(lp3485
g25
asg26
F1.0
sg27
g25
sbsg28
(ilevel
AnimatedTextureModel
p3486
(dp3487
g23
(lp3488
g25
asg26
F1.0
sg27
g25
sbsg32
(ilevel
AnimatedTextureModel
p3489
(dp3490
g23
(lp3491
Vpavement.png
p3492
asg26
F1.0
sg27
Vfloor_flat.obj
p3493
sbsg38
I1
sba(ilevel
LevelTile
p3494
(dp3495
g16
I00
sg17
I0
sg18
I00
sg19
I01
sg20
(ilevel
AnimatedTextureModel
p3496
(dp3497
g23
(lp3498
g25
asg26
F1.0
sg27
g25
sbsg28
(ilevel
AnimatedTextureModel
p3499
(dp3500
g23
(lp3501
Vwall_bulwark.png
p3502
asg26
F1.0
sg27
Vwall_bulwark.obj
p3503
sbsg32
(ilevel
AnimatedTextureModel
p3504
(dp3505
g23
(lp3506
g25
asg26
F1.0
sg27
g25
sbsg38
I1
sba(ilevel
LevelTile
p3507
(dp3508
g16
I00
sg17
I0
sg18
I01
sg19
I00
sg20
(ilevel
AnimatedTextureModel
p3509
(dp3510
g23
(lp3511
sg26
F1.0
sg27
g70
sbsg28
(ilevel
AnimatedTextureModel
p3512
(dp3513
g23
(lp3514
sg26
F1.0
sg27
g70
sbsg32
(ilevel
AnimatedTextureModel
p3515
(dp3516
g23
(lp3517
sg26
F1.0
sg27
g70
sbsg38
I1
sba(ilevel
LevelTile
p3518
(dp3519
g16
I00
sg17
I0
sg18
I01
sg19
I00
sg20
(ilevel
AnimatedTextureModel
p3520
(dp3521
g23
(lp3522
sg26
F1.0
sg27
g70
sbsg28
(ilevel
AnimatedTextureModel
p3523
(dp3524
g23
(lp3525
sg26
F1.0
sg27
g70
sbsg32
(ilevel
AnimatedTextureModel
p3526
(dp3527
g23
(lp3528
sg26
F1.0
sg27
g70
sbsg38
I1
sba(ilevel
LevelTile
p3529
(dp3530
g16
I00
sg17
I0
sg18
I01
sg19
I00
sg20
(ilevel
AnimatedTextureModel
p3531
(dp3532
g23
(lp3533
sg26
F1.0
sg27
g70
sbsg28
(ilevel
AnimatedTextureModel
p3534
(dp3535
g23
(lp3536
sg26
F1.0
sg27
g70
sbsg32
(ilevel
AnimatedTextureModel
p3537
(dp3538
g23
(lp3539
sg26
F1.0
sg27
g70
sbsg38
I1
sbaa(lp3540
(ilevel
LevelTile
p3541
(dp3542
g16
I00
sg17
I0
sg18
I00
sg19
I01
sg20
(ilevel
AnimatedTextureModel
p3543
(dp3544
g23
(lp3545
g25
asg26
F1.0
sg27
g25
sbsg28
(ilevel
AnimatedTextureModel
p3546
(dp3547
g23
(lp3548
Vwall_bulwark.png
p3549
asg26
F1.0
sg27
Vwall_bulwark.obj
p3550
sbsg32
(ilevel
AnimatedTextureModel
p3551
(dp3552
g23
(lp3553
g25
asg26
F1.0
sg27
g25
sbsg38
I1
sba(ilevel
LevelTile
p3554
(dp3555
g16
I00
sg17
I0
sg18
I01
sg19
I00
sg20
(ilevel
AnimatedTextureModel
p3556
(dp3557
g23
(lp3558
g25
asg26
F1.0
sg27
g25
sbsg28
(ilevel
AnimatedTextureModel
p3559
(dp3560
g23
(lp3561
g25
asg26
F1.0
sg27
g25
sbsg32
(ilevel
AnimatedTextureModel
p3562
(dp3563
g23
(lp3564
Vgrass.png
p3565
asg26
F1.0
sg27
Vfloor_flat.obj
p3566
sbsg38
I1
sba(ilevel
LevelTile
p3567
(dp3568
g16
I00
sg17
I0
sg18
I00
sg19
I01
sg20
(ilevel
AnimatedTextureModel
p3569
(dp3570
g23
(lp3571
g25
asg26
F1.0
sg27
g25
sbsg28
(ilevel
AnimatedTextureModel
p3572
(dp3573
g23
(lp3574
Vwall_bulwark.png
p3575
asg26
F1.0
sg27
Vwall_bulwark.obj
p3576
sbsg32
(ilevel
AnimatedTextureModel
p3577
(dp3578
g23
(lp3579
g25
asg26
F1.0
sg27
g25
sbsg38
I1
sba(ilevel
LevelTile
p3580
(dp3581
g16
I00
sg17
I0
sg18
I00
sg19
I01
sg20
(ilevel
AnimatedTextureModel
p3582
(dp3583
g23
(lp3584
g25
asg26
F1.0
sg27
g25
sbsg28
(ilevel
AnimatedTextureModel
p3585
(dp3586
g23
(lp3587
Vwall_bulwark.png
p3588
asg26
F1.0
sg27
Vwall_bulwark.obj
p3589
sbsg32
(ilevel
AnimatedTextureModel
p3590
(dp3591
g23
(lp3592
g25
asg26
F1.0
sg27
g25
sbsg38
I1
sba(ilevel
LevelTile
p3593
(dp3594
g16
I00
sg17
I0
sg18
I00
sg19
I01
sg20
(ilevel
AnimatedTextureModel
p3595
(dp3596
g23
(lp3597
g25
asg26
F1.0
sg27
g25
sbsg28
(ilevel
AnimatedTextureModel
p3598
(dp3599
g23
(lp3600
Vwall_bulwark.png
p3601
asg26
F1.0
sg27
Vwall_bulwark.obj
p3602
sbsg32
(ilevel
AnimatedTextureModel
p3603
(dp3604
g23
(lp3605
g25
asg26
F1.0
sg27
g25
sbsg38
I1
sba(ilevel
LevelTile
p3606
(dp3607
g16
I00
sg17
I0
sg18
I00
sg19
I01
sg20
(ilevel
AnimatedTextureModel
p3608
(dp3609
g23
(lp3610
g25
asg26
F1.0
sg27
g25
sbsg28
(ilevel
AnimatedTextureModel
p3611
(dp3612
g23
(lp3613
Vwall_bulwark.png
p3614
asg26
F1.0
sg27
Vwall_bulwark.obj
p3615
sbsg32
(ilevel
AnimatedTextureModel
p3616
(dp3617
g23
(lp3618
g25
asg26
F1.0
sg27
g25
sbsg38
I1
sba(ilevel
LevelTile
p3619
(dp3620
g16
I00
sg17
I0
sg18
I00
sg19
I01
sg20
(ilevel
AnimatedTextureModel
p3621
(dp3622
g23
(lp3623
g25
asg26
F1.0
sg27
g25
sbsg28
(ilevel
AnimatedTextureModel
p3624
(dp3625
g23
(lp3626
Vwall_bulwark.png
p3627
asg26
F1.0
sg27
Vwall_bulwark.obj
p3628
sbsg32
(ilevel
AnimatedTextureModel
p3629
(dp3630
g23
(lp3631
g25
asg26
F1.0
sg27
g25
sbsg38
I1
sba(ilevel
LevelTile
p3632
(dp3633
g16
I00
sg17
I0
sg18
I00
sg19
I01
sg20
(ilevel
AnimatedTextureModel
p3634
(dp3635
g23
(lp3636
g25
asg26
F1.0
sg27
g25
sbsg28
(ilevel
AnimatedTextureModel
p3637
(dp3638
g23
(lp3639
Vwall_bulwark.png
p3640
asg26
F1.0
sg27
Vwall_bulwark.obj
p3641
sbsg32
(ilevel
AnimatedTextureModel
p3642
(dp3643
g23
(lp3644
g25
asg26
F1.0
sg27
g25
sbsg38
I1
sba(ilevel
LevelTile
p3645
(dp3646
g16
I00
sg17
I0
sg18
I00
sg19
I01
sg20
(ilevel
AnimatedTextureModel
p3647
(dp3648
g23
(lp3649
g25
asg26
F1.0
sg27
g25
sbsg28
(ilevel
AnimatedTextureModel
p3650
(dp3651
g23
(lp3652
Vwall_bulwark.png
p3653
asg26
F1.0
sg27
Vwall_bulwark.obj
p3654
sbsg32
(ilevel
AnimatedTextureModel
p3655
(dp3656
g23
(lp3657
g25
asg26
F1.0
sg27
g25
sbsg38
I1
sba(ilevel
LevelTile
p3658
(dp3659
g16
I00
sg17
I0
sg18
I00
sg19
I01
sg20
(ilevel
AnimatedTextureModel
p3660
(dp3661
g23
(lp3662
g25
asg26
F1.0
sg27
g25
sbsg28
(ilevel
AnimatedTextureModel
p3663
(dp3664
g23
(lp3665
Vwall_bulwark.png
p3666
asg26
F1.0
sg27
Vwall_bulwark.obj
p3667
sbsg32
(ilevel
AnimatedTextureModel
p3668
(dp3669
g23
(lp3670
g25
asg26
F1.0
sg27
g25
sbsg38
I1
sba(ilevel
LevelTile
p3671
(dp3672
g16
I00
sg17
I0
sg18
I00
sg19
I01
sg20
(ilevel
AnimatedTextureModel
p3673
(dp3674
g23
(lp3675
g25
asg26
F1.0
sg27
g25
sbsg28
(ilevel
AnimatedTextureModel
p3676
(dp3677
g23
(lp3678
Vwall_bulwark.png
p3679
asg26
F1.0
sg27
Vwall_bulwark.obj
p3680
sbsg32
(ilevel
AnimatedTextureModel
p3681
(dp3682
g23
(lp3683
g25
asg26
F1.0
sg27
g25
sbsg38
I1
sba(ilevel
LevelTile
p3684
(dp3685
g16
I00
sg17
I0
sg18
I00
sg19
I01
sg20
(ilevel
AnimatedTextureModel
p3686
(dp3687
g23
(lp3688
g25
asg26
F1.0
sg27
g25
sbsg28
(ilevel
AnimatedTextureModel
p3689
(dp3690
g23
(lp3691
Vwall_bulwark.png
p3692
asg26
F1.0
sg27
Vwall_bulwark.obj
p3693
sbsg32
(ilevel
AnimatedTextureModel
p3694
(dp3695
g23
(lp3696
g25
asg26
F1.0
sg27
g25
sbsg38
I1
sba(ilevel
LevelTile
p3697
(dp3698
g16
I00
sg17
I0
sg18
I00
sg19
I01
sg20
(ilevel
AnimatedTextureModel
p3699
(dp3700
g23
(lp3701
g25
asg26
F1.0
sg27
g25
sbsg28
(ilevel
AnimatedTextureModel
p3702
(dp3703
g23
(lp3704
Vwall_bulwark.png
p3705
asg26
F1.0
sg27
Vwall_bulwark.obj
p3706
sbsg32
(ilevel
AnimatedTextureModel
p3707
(dp3708
g23
(lp3709
g25
asg26
F1.0
sg27
g25
sbsg38
I1
sba(ilevel
LevelTile
p3710
(dp3711
g16
I00
sg17
I0
sg18
I00
sg19
I01
sg20
(ilevel
AnimatedTextureModel
p3712
(dp3713
g23
(lp3714
g25
asg26
F1.0
sg27
g25
sbsg28
(ilevel
AnimatedTextureModel
p3715
(dp3716
g23
(lp3717
Vwall_bulwark.png
p3718
asg26
F1.0
sg27
Vwall_bulwark.obj
p3719
sbsg32
(ilevel
AnimatedTextureModel
p3720
(dp3721
g23
(lp3722
g25
asg26
F1.0
sg27
g25
sbsg38
I1
sba(ilevel
LevelTile
p3723
(dp3724
g16
I00
sg17
I0
sg18
I00
sg19
I01
sg20
(ilevel
AnimatedTextureModel
p3725
(dp3726
g23
(lp3727
g25
asg26
F1.0
sg27
g25
sbsg28
(ilevel
AnimatedTextureModel
p3728
(dp3729
g23
(lp3730
Vwall_bulwark.png
p3731
asg26
F1.0
sg27
Vwall_bulwark.obj
p3732
sbsg32
(ilevel
AnimatedTextureModel
p3733
(dp3734
g23
(lp3735
g25
asg26
F1.0
sg27
g25
sbsg38
I1
sba(ilevel
LevelTile
p3736
(dp3737
g16
I00
sg17
I0
sg18
I00
sg19
I01
sg20
(ilevel
AnimatedTextureModel
p3738
(dp3739
g23
(lp3740
g25
asg26
F1.0
sg27
g25
sbsg28
(ilevel
AnimatedTextureModel
p3741
(dp3742
g23
(lp3743
Vwall_bulwark.png
p3744
asg26
F1.0
sg27
Vwall_bulwark.obj
p3745
sbsg32
(ilevel
AnimatedTextureModel
p3746
(dp3747
g23
(lp3748
g25
asg26
F1.0
sg27
g25
sbsg38
I1
sba(ilevel
LevelTile
p3749
(dp3750
g16
I00
sg17
I0
sg18
I00
sg19
I01
sg20
(ilevel
AnimatedTextureModel
p3751
(dp3752
g23
(lp3753
g25
asg26
F1.0
sg27
g25
sbsg28
(ilevel
AnimatedTextureModel
p3754
(dp3755
g23
(lp3756
Vwall_bulwark.png
p3757
asg26
F1.0
sg27
Vwall_bulwark.obj
p3758
sbsg32
(ilevel
AnimatedTextureModel
p3759
(dp3760
g23
(lp3761
g25
asg26
F1.0
sg27
g25
sbsg38
I1
sba(ilevel
LevelTile
p3762
(dp3763
g16
I00
sg17
I0
sg18
I01
sg19
I00
sg20
(ilevel
AnimatedTextureModel
p3764
(dp3765
g23
(lp3766
g25
asg26
F1.0
sg27
g25
sbsg28
(ilevel
AnimatedTextureModel
p3767
(dp3768
g23
(lp3769
g25
asg26
F1.0
sg27
g25
sbsg32
(ilevel
AnimatedTextureModel
p3770
(dp3771
g23
(lp3772
Vgrass.png
p3773
asg26
F1.0
sg27
Vfloor_flat.obj
p3774
sbsg38
I1
sba(ilevel
LevelTile
p3775
(dp3776
g16
I00
sg17
I0
sg18
I01
sg19
I00
sg20
(ilevel
AnimatedTextureModel
p3777
(dp3778
g23
(lp3779
g25
asg26
F1.0
sg27
g25
sbsg28
(ilevel
AnimatedTextureModel
p3780
(dp3781
g23
(lp3782
g25
asg26
F1.0
sg27
g25
sbsg32
(ilevel
AnimatedTextureModel
p3783
(dp3784
g23
(lp3785
Vgrass.png
p3786
asg26
F1.0
sg27
Vfloor_flat.obj
p3787
sbsg38
I1
sba(ilevel
LevelTile
p3788
(dp3789
g16
I00
sg17
I0
sg18
I01
sg19
I00
sg20
(ilevel
AnimatedTextureModel
p3790
(dp3791
g23
(lp3792
g25
asg26
F1.0
sg27
g25
sbsg28
(ilevel
AnimatedTextureModel
p3793
(dp3794
g23
(lp3795
g25
asg26
F1.0
sg27
g25
sbsg32
(ilevel
AnimatedTextureModel
p3796
(dp3797
g23
(lp3798
Vpavement.png
p3799
asg26
F1.0
sg27
Vfloor_flat.obj
p3800
sbsg38
I1
sba(ilevel
LevelTile
p3801
(dp3802
g16
I00
sg17
I0
sg18
I01
sg19
I00
sg20
(ilevel
AnimatedTextureModel
p3803
(dp3804
g23
(lp3805
g25
asg26
F1.0
sg27
g25
sbsg28
(ilevel
AnimatedTextureModel
p3806
(dp3807
g23
(lp3808
g25
asg26
F1.0
sg27
g25
sbsg32
(ilevel
AnimatedTextureModel
p3809
(dp3810
g23
(lp3811
Vpavement.png
p3812
asg26
F1.0
sg27
Vfloor_flat.obj
p3813
sbsg38
I1
sba(ilevel
LevelTile
p3814
(dp3815
g16
I00
sg17
I0
sg18
I01
sg19
I00
sg20
(ilevel
AnimatedTextureModel
p3816
(dp3817
g23
(lp3818
g25
asg26
F1.0
sg27
g25
sbsg28
(ilevel
AnimatedTextureModel
p3819
(dp3820
g23
(lp3821
g25
asg26
F1.0
sg27
g25
sbsg32
(ilevel
AnimatedTextureModel
p3822
(dp3823
g23
(lp3824
Vpavement.png
p3825
asg26
F1.0
sg27
Vfloor_flat.obj
p3826
sbsg38
I1
sba(ilevel
LevelTile
p3827
(dp3828
g16
I00
sg17
I0
sg18
I00
sg19
I01
sg20
(ilevel
AnimatedTextureModel
p3829
(dp3830
g23
(lp3831
g25
asg26
F1.0
sg27
g25
sbsg28
(ilevel
AnimatedTextureModel
p3832
(dp3833
g23
(lp3834
Vhouse.png
p3835
asg26
F1.0
sg27
Vwall_house.obj
p3836
sbsg32
(ilevel
AnimatedTextureModel
p3837
(dp3838
g23
(lp3839
g25
asg26
F1.0
sg27
g25
sbsg38
I1
sba(ilevel
LevelTile
p3840
(dp3841
g16
I00
sg17
I0
sg18
I00
sg19
I01
sg20
(ilevel
AnimatedTextureModel
p3842
(dp3843
g23
(lp3844
g25
asg26
F1.0
sg27
g25
sbsg28
(ilevel
AnimatedTextureModel
p3845
(dp3846
g23
(lp3847
Vhouse.png
p3848
asg26
F1.0
sg27
Vwall_house.obj
p3849
sbsg32
(ilevel
AnimatedTextureModel
p3850
(dp3851
g23
(lp3852
g25
asg26
F1.0
sg27
g25
sbsg38
I1
sba(ilevel
LevelTile
p3853
(dp3854
g16
I00
sg17
I0
sg18
I01
sg19
I00
sg20
(ilevel
AnimatedTextureModel
p3855
(dp3856
g23
(lp3857
g25
asg26
F1.0
sg27
g25
sbsg28
(ilevel
AnimatedTextureModel
p3858
(dp3859
g23
(lp3860
g25
asg26
F1.0
sg27
g25
sbsg32
(ilevel
AnimatedTextureModel
p3861
(dp3862
g23
(lp3863
Vpavement.png
p3864
asg26
F1.0
sg27
Vfloor_flat.obj
p3865
sbsg38
I1
sba(ilevel
LevelTile
p3866
(dp3867
g16
I00
sg17
I0
sg18
I01
sg19
I00
sg20
(ilevel
AnimatedTextureModel
p3868
(dp3869
g23
(lp3870
g25
asg26
F1.0
sg27
g25
sbsg28
(ilevel
AnimatedTextureModel
p3871
(dp3872
g23
(lp3873
g25
asg26
F1.0
sg27
g25
sbsg32
(ilevel
AnimatedTextureModel
p3874
(dp3875
g23
(lp3876
Vpavement.png
p3877
asg26
F1.0
sg27
Vfloor_flat.obj
p3878
sbsg38
I1
sba(ilevel
LevelTile
p3879
(dp3880
g16
I00
sg17
I0
sg18
I00
sg19
I01
sg20
(ilevel
AnimatedTextureModel
p3881
(dp3882
g23
(lp3883
g25
asg26
F1.0
sg27
g25
sbsg28
(ilevel
AnimatedTextureModel
p3884
(dp3885
g23
(lp3886
Vwall_bulwark.png
p3887
asg26
F1.0
sg27
Vwall_bulwark.obj
p3888
sbsg32
(ilevel
AnimatedTextureModel
p3889
(dp3890
g23
(lp3891
g25
asg26
F1.0
sg27
g25
sbsg38
I1
sba(ilevel
LevelTile
p3892
(dp3893
g16
I00
sg17
I0
sg18
I00
sg19
I01
sg20
(ilevel
AnimatedTextureModel
p3894
(dp3895
g23
(lp3896
g25
asg26
F1.0
sg27
g25
sbsg28
(ilevel
AnimatedTextureModel
p3897
(dp3898
g23
(lp3899
Vwall_bulwark.png
p3900
asg26
F1.0
sg27
Vwall_bulwark.obj
p3901
sbsg32
(ilevel
AnimatedTextureModel
p3902
(dp3903
g23
(lp3904
g25
asg26
F1.0
sg27
g25
sbsg38
I1
sba(ilevel
LevelTile
p3905
(dp3906
g16
I00
sg17
I0
sg18
I00
sg19
I01
sg20
(ilevel
AnimatedTextureModel
p3907
(dp3908
g23
(lp3909
g25
asg26
F1.0
sg27
g25
sbsg28
(ilevel
AnimatedTextureModel
p3910
(dp3911
g23
(lp3912
Vwall_bulwark.png
p3913
asg26
F1.0
sg27
Vwall_bulwark.obj
p3914
sbsg32
(ilevel
AnimatedTextureModel
p3915
(dp3916
g23
(lp3917
g25
asg26
F1.0
sg27
g25
sbsg38
I1
sba(ilevel
LevelTile
p3918
(dp3919
g16
I00
sg17
I0
sg18
I00
sg19
I01
sg20
(ilevel
AnimatedTextureModel
p3920
(dp3921
g23
(lp3922
g25
asg26
F1.0
sg27
g25
sbsg28
(ilevel
AnimatedTextureModel
p3923
(dp3924
g23
(lp3925
Vwall_bulwark.png
p3926
asg26
F1.0
sg27
Vwall_bulwark.obj
p3927
sbsg32
(ilevel
AnimatedTextureModel
p3928
(dp3929
g23
(lp3930
g25
asg26
F1.0
sg27
g25
sbsg38
I1
sbaa(lp3931
(ilevel
LevelTile
p3932
(dp3933
g16
I00
sg17
I0
sg18
I00
sg19
I01
sg20
(ilevel
AnimatedTextureModel
p3934
(dp3935
g23
(lp3936
g25
asg26
F1.0
sg27
g25
sbsg28
(ilevel
AnimatedTextureModel
p3937
(dp3938
g23
(lp3939
Vwall_bulwark.png
p3940
asg26
F1.0
sg27
Vwall_bulwark.obj
p3941
sbsg32
(ilevel
AnimatedTextureModel
p3942
(dp3943
g23
(lp3944
g25
asg26
F1.0
sg27
g25
sbsg38
I1
sba(ilevel
LevelTile
p3945
(dp3946
g16
I00
sg17
I0
sg18
I01
sg19
I00
sg20
(ilevel
AnimatedTextureModel
p3947
(dp3948
g23
(lp3949
g25
asg26
F1.0
sg27
g25
sbsg28
(ilevel
AnimatedTextureModel
p3950
(dp3951
g23
(lp3952
g25
asg26
F1.0
sg27
g25
sbsg32
(ilevel
AnimatedTextureModel
p3953
(dp3954
g23
(lp3955
Vgrass.png
p3956
asg26
F1.0
sg27
Vfloor_flat.obj
p3957
sbsg38
I1
sba(ilevel
LevelTile
p3958
(dp3959
g16
I00
sg17
I0
sg18
I00
sg19
I01
sg20
(ilevel
AnimatedTextureModel
p3960
(dp3961
g23
(lp3962
g25
asg26
F1.0
sg27
g25
sbsg28
(ilevel
AnimatedTextureModel
p3963
(dp3964
g23
(lp3965
Vwall_bulwark.png
p3966
asg26
F1.0
sg27
Vwall_bulwark.obj
p3967
sbsg32
(ilevel
AnimatedTextureModel
p3968
(dp3969
g23
(lp3970
g25
asg26
F1.0
sg27
g25
sbsg38
I1
sba(ilevel
LevelTile
p3971
(dp3972
g16
I00
sg17
I0
sg18
I01
sg19
I00
sg20
(ilevel
AnimatedTextureModel
p3973
(dp3974
g23
(lp3975
sg26
F1.0
sg27
g70
sbsg28
(ilevel
AnimatedTextureModel
p3976
(dp3977
g23
(lp3978
sg26
F1.0
sg27
g70
sbsg32
(ilevel
AnimatedTextureModel
p3979
(dp3980
g23
(lp3981
sg26
F1.0
sg27
g70
sbsg38
I1
sba(ilevel
LevelTile
p3982
(dp3983
g16
I00
sg17
I0
sg18
I01
sg19
I00
sg20
(ilevel
AnimatedTextureModel
p3984
(dp3985
g23
(lp3986
sg26
F1.0
sg27
g70
sbsg28
(ilevel
AnimatedTextureModel
p3987
(dp3988
g23
(lp3989
sg26
F1.0
sg27
g70
sbsg32
(ilevel
AnimatedTextureModel
p3990
(dp3991
g23
(lp3992
sg26
F1.0
sg27
g70
sbsg38
I1
sba(ilevel
LevelTile
p3993
(dp3994
g16
I00
sg17
I0
sg18
I01
sg19
I00
sg20
(ilevel
AnimatedTextureModel
p3995
(dp3996
g23
(lp3997
sg26
F1.0
sg27
g70
sbsg28
(ilevel
AnimatedTextureModel
p3998
(dp3999
g23
(lp4000
sg26
F1.0
sg27
g70
sbsg32
(ilevel
AnimatedTextureModel
p4001
(dp4002
g23
(lp4003
sg26
F1.0
sg27
g70
sbsg38
I1
sba(ilevel
LevelTile
p4004
(dp4005
g16
I00
sg17
I0
sg18
I01
sg19
I00
sg20
(ilevel
AnimatedTextureModel
p4006
(dp4007
g23
(lp4008
sg26
F1.0
sg27
g70
sbsg28
(ilevel
AnimatedTextureModel
p4009
(dp4010
g23
(lp4011
sg26
F1.0
sg27
g70
sbsg32
(ilevel
AnimatedTextureModel
p4012
(dp4013
g23
(lp4014
sg26
F1.0
sg27
g70
sbsg38
I1
sba(ilevel
LevelTile
p4015
(dp4016
g16
I00
sg17
I0
sg18
I01
sg19
I00
sg20
(ilevel
AnimatedTextureModel
p4017
(dp4018
g23
(lp4019
sg26
F1.0
sg27
g70
sbsg28
(ilevel
AnimatedTextureModel
p4020
(dp4021
g23
(lp4022
sg26
F1.0
sg27
g70
sbsg32
(ilevel
AnimatedTextureModel
p4023
(dp4024
g23
(lp4025
sg26
F1.0
sg27
g70
sbsg38
I1
sba(ilevel
LevelTile
p4026
(dp4027
g16
I00
sg17
I0
sg18
I01
sg19
I00
sg20
(ilevel
AnimatedTextureModel
p4028
(dp4029
g23
(lp4030
sg26
F1.0
sg27
g70
sbsg28
(ilevel
AnimatedTextureModel
p4031
(dp4032
g23
(lp4033
sg26
F1.0
sg27
g70
sbsg32
(ilevel
AnimatedTextureModel
p4034
(dp4035
g23
(lp4036
sg26
F1.0
sg27
g70
sbsg38
I1
sba(ilevel
LevelTile
p4037
(dp4038
g16
I00
sg17
I0
sg18
I01
sg19
I00
sg20
(ilevel
AnimatedTextureModel
p4039
(dp4040
g23
(lp4041
sg26
F1.0
sg27
g70
sbsg28
(ilevel
AnimatedTextureModel
p4042
(dp4043
g23
(lp4044
sg26
F1.0
sg27
g70
sbsg32
(ilevel
AnimatedTextureModel
p4045
(dp4046
g23
(lp4047
sg26
F1.0
sg27
g70
sbsg38
I1
sba(ilevel
LevelTile
p4048
(dp4049
g16
I00
sg17
I0
sg18
I01
sg19
I00
sg20
(ilevel
AnimatedTextureModel
p4050
(dp4051
g23
(lp4052
sg26
F1.0
sg27
g70
sbsg28
(ilevel
AnimatedTextureModel
p4053
(dp4054
g23
(lp4055
sg26
F1.0
sg27
g70
sbsg32
(ilevel
AnimatedTextureModel
p4056
(dp4057
g23
(lp4058
sg26
F1.0
sg27
g70
sbsg38
I1
sba(ilevel
LevelTile
p4059
(dp4060
g16
I00
sg17
I0
sg18
I01
sg19
I00
sg20
(ilevel
AnimatedTextureModel
p4061
(dp4062
g23
(lp4063
sg26
F1.0
sg27
g70
sbsg28
(ilevel
AnimatedTextureModel
p4064
(dp4065
g23
(lp4066
sg26
F1.0
sg27
g70
sbsg32
(ilevel
AnimatedTextureModel
p4067
(dp4068
g23
(lp4069
sg26
F1.0
sg27
g70
sbsg38
I1
sba(ilevel
LevelTile
p4070
(dp4071
g16
I00
sg17
I0
sg18
I01
sg19
I00
sg20
(ilevel
AnimatedTextureModel
p4072
(dp4073
g23
(lp4074
sg26
F1.0
sg27
g70
sbsg28
(ilevel
AnimatedTextureModel
p4075
(dp4076
g23
(lp4077
sg26
F1.0
sg27
g70
sbsg32
(ilevel
AnimatedTextureModel
p4078
(dp4079
g23
(lp4080
sg26
F1.0
sg27
g70
sbsg38
I1
sba(ilevel
LevelTile
p4081
(dp4082
g16
I00
sg17
I0
sg18
I01
sg19
I00
sg20
(ilevel
AnimatedTextureModel
p4083
(dp4084
g23
(lp4085
sg26
F1.0
sg27
g70
sbsg28
(ilevel
AnimatedTextureModel
p4086
(dp4087
g23
(lp4088
sg26
F1.0
sg27
g70
sbsg32
(ilevel
AnimatedTextureModel
p4089
(dp4090
g23
(lp4091
sg26
F1.0
sg27
g70
sbsg38
I1
sba(ilevel
LevelTile
p4092
(dp4093
g16
I00
sg17
I0
sg18
I01
sg19
I00
sg20
(ilevel
AnimatedTextureModel
p4094
(dp4095
g23
(lp4096
sg26
F1.0
sg27
g70
sbsg28
(ilevel
AnimatedTextureModel
p4097
(dp4098
g23
(lp4099
sg26
F1.0
sg27
g70
sbsg32
(ilevel
AnimatedTextureModel
p4100
(dp4101
g23
(lp4102
sg26
F1.0
sg27
g70
sbsg38
I1
sba(ilevel
LevelTile
p4103
(dp4104
g16
I00
sg17
I0
sg18
I01
sg19
I00
sg20
(ilevel
AnimatedTextureModel
p4105
(dp4106
g23
(lp4107
sg26
F1.0
sg27
g70
sbsg28
(ilevel
AnimatedTextureModel
p4108
(dp4109
g23
(lp4110
sg26
F1.0
sg27
g70
sbsg32
(ilevel
AnimatedTextureModel
p4111
(dp4112
g23
(lp4113
sg26
F1.0
sg27
g70
sbsg38
I1
sba(ilevel
LevelTile
p4114
(dp4115
g16
I00
sg17
I0
sg18
I00
sg19
I01
sg20
(ilevel
AnimatedTextureModel
p4116
(dp4117
g23
(lp4118
g25
asg26
F1.0
sg27
g25
sbsg28
(ilevel
AnimatedTextureModel
p4119
(dp4120
g23
(lp4121
Vwall_bulwark.png
p4122
asg26
F1.0
sg27
Vwall_bulwark.obj
p4123
sbsg32
(ilevel
AnimatedTextureModel
p4124
(dp4125
g23
(lp4126
g25
asg26
F1.0
sg27
g25
sbsg38
I1
sba(ilevel
LevelTile
p4127
(dp4128
g16
I00
sg17
I0
sg18
I00
sg19
I01
sg20
(ilevel
AnimatedTextureModel
p4129
(dp4130
g23
(lp4131
g25
asg26
F1.0
sg27
g25
sbsg28
(ilevel
AnimatedTextureModel
p4132
(dp4133
g23
(lp4134
Vwall_bulwark.png
p4135
asg26
F1.0
sg27
Vwall_bulwark.obj
p4136
sbsg32
(ilevel
AnimatedTextureModel
p4137
(dp4138
g23
(lp4139
g25
asg26
F1.0
sg27
g25
sbsg38
I1
sba(ilevel
LevelTile
p4140
(dp4141
g16
I00
sg17
I0
sg18
I01
sg19
I00
sg20
(ilevel
AnimatedTextureModel
p4142
(dp4143
g23
(lp4144
g25
asg26
F1.0
sg27
g25
sbsg28
(ilevel
AnimatedTextureModel
p4145
(dp4146
g23
(lp4147
g25
asg26
F1.0
sg27
g25
sbsg32
(ilevel
AnimatedTextureModel
p4148
(dp4149
g23
(lp4150
Vgrass.png
p4151
asg26
F1.0
sg27
Vfloor_flat.obj
p4152
sbsg38
I1
sba(ilevel
LevelTile
p4153
(dp4154
g16
I00
sg17
I0
sg18
I01
sg19
I00
sg20
(ilevel
AnimatedTextureModel
p4155
(dp4156
g23
(lp4157
g25
asg26
F1.0
sg27
g25
sbsg28
(ilevel
AnimatedTextureModel
p4158
(dp4159
g23
(lp4160
g25
asg26
F1.0
sg27
g25
sbsg32
(ilevel
AnimatedTextureModel
p4161
(dp4162
g23
(lp4163
Vpavement.png
p4164
asg26
F1.0
sg27
Vfloor_flat.obj
p4165
sbsg38
I1
sba(ilevel
LevelTile
p4166
(dp4167
g16
I00
sg17
I0
sg18
I01
sg19
I00
sg20
(ilevel
AnimatedTextureModel
p4168
(dp4169
g23
(lp4170
g25
asg26
F1.0
sg27
g25
sbsg28
(ilevel
AnimatedTextureModel
p4171
(dp4172
g23
(lp4173
g25
asg26
F1.0
sg27
g25
sbsg32
(ilevel
AnimatedTextureModel
p4174
(dp4175
g23
(lp4176
Vpavement.png
p4177
asg26
F1.0
sg27
Vfloor_flat.obj
p4178
sbsg38
I1
sba(ilevel
LevelTile
p4179
(dp4180
g16
I00
sg17
I0
sg18
I00
sg19
I01
sg20
(ilevel
AnimatedTextureModel
p4181
(dp4182
g23
(lp4183
g25
asg26
F1.0
sg27
g25
sbsg28
(ilevel
AnimatedTextureModel
p4184
(dp4185
g23
(lp4186
Vhouse.png
p4187
asg26
F1.0
sg27
Vwall_house.obj
p4188
sbsg32
(ilevel
AnimatedTextureModel
p4189
(dp4190
g23
(lp4191
g25
asg26
F1.0
sg27
g25
sbsg38
I1
sba(ilevel
LevelTile
p4192
(dp4193
g16
I00
sg17
I0
sg18
I00
sg19
I01
sg20
(ilevel
AnimatedTextureModel
p4194
(dp4195
g23
(lp4196
g25
asg26
F1.0
sg27
g25
sbsg28
(ilevel
AnimatedTextureModel
p4197
(dp4198
g23
(lp4199
Vhouse.png
p4200
asg26
F1.0
sg27
Vwall_house.obj
p4201
sbsg32
(ilevel
AnimatedTextureModel
p4202
(dp4203
g23
(lp4204
g25
asg26
F1.0
sg27
g25
sbsg38
I1
sba(ilevel
LevelTile
p4205
(dp4206
g16
I00
sg17
I0
sg18
I00
sg19
I01
sg20
(ilevel
AnimatedTextureModel
p4207
(dp4208
g23
(lp4209
g25
asg26
F1.0
sg27
g25
sbsg28
(ilevel
AnimatedTextureModel
p4210
(dp4211
g23
(lp4212
Vhouse.png
p4213
asg26
F1.0
sg27
Vwall_house.obj
p4214
sbsg32
(ilevel
AnimatedTextureModel
p4215
(dp4216
g23
(lp4217
g25
asg26
F1.0
sg27
g25
sbsg38
I1
sba(ilevel
LevelTile
p4218
(dp4219
g16
I00
sg17
I0
sg18
I01
sg19
I00
sg20
(ilevel
AnimatedTextureModel
p4220
(dp4221
g23
(lp4222
g25
asg26
F1.0
sg27
g25
sbsg28
(ilevel
AnimatedTextureModel
p4223
(dp4224
g23
(lp4225
g25
asg26
F1.0
sg27
g25
sbsg32
(ilevel
AnimatedTextureModel
p4226
(dp4227
g23
(lp4228
Vpavement.png
p4229
asg26
F1.0
sg27
Vfloor_flat.obj
p4230
sbsg38
I1
sba(ilevel
LevelTile
p4231
(dp4232
g16
I00
sg17
I0
sg18
I01
sg19
I00
sg20
(ilevel
AnimatedTextureModel
p4233
(dp4234
g23
(lp4235
g25
asg26
F1.0
sg27
g25
sbsg28
(ilevel
AnimatedTextureModel
p4236
(dp4237
g23
(lp4238
g25
asg26
F1.0
sg27
g25
sbsg32
(ilevel
AnimatedTextureModel
p4239
(dp4240
g23
(lp4241
Vpavement.png
p4242
asg26
F1.0
sg27
Vfloor_flat.obj
p4243
sbsg38
I1
sba(ilevel
LevelTile
p4244
(dp4245
g16
I00
sg17
I0
sg18
I01
sg19
I00
sg20
(ilevel
AnimatedTextureModel
p4246
(dp4247
g23
(lp4248
g25
asg26
F1.0
sg27
g25
sbsg28
(ilevel
AnimatedTextureModel
p4249
(dp4250
g23
(lp4251
g25
asg26
F1.0
sg27
g25
sbsg32
(ilevel
AnimatedTextureModel
p4252
(dp4253
g23
(lp4254
Vpavement.png
p4255
asg26
F1.0
sg27
Vfloor_flat.obj
p4256
sbsg38
I1
sba(ilevel
LevelTile
p4257
(dp4258
g16
I00
sg17
I0
sg18
I01
sg19
I00
sg20
(ilevel
AnimatedTextureModel
p4259
(dp4260
g23
(lp4261
g25
asg26
F1.0
sg27
g25
sbsg28
(ilevel
AnimatedTextureModel
p4262
(dp4263
g23
(lp4264
g25
asg26
F1.0
sg27
g25
sbsg32
(ilevel
AnimatedTextureModel
p4265
(dp4266
g23
(lp4267
Vpavement.png
p4268
asg26
F1.0
sg27
Vfloor_flat.obj
p4269
sbsg38
I1
sba(ilevel
LevelTile
p4270
(dp4271
g16
I00
sg17
I0
sg18
I01
sg19
I00
sg20
(ilevel
AnimatedTextureModel
p4272
(dp4273
g23
(lp4274
g25
asg26
F1.0
sg27
g25
sbsg28
(ilevel
AnimatedTextureModel
p4275
(dp4276
g23
(lp4277
g25
asg26
F1.0
sg27
g25
sbsg32
(ilevel
AnimatedTextureModel
p4278
(dp4279
g23
(lp4280
Vpavement.png
p4281
asg26
F1.0
sg27
Vfloor_flat.obj
p4282
sbsg38
I1
sba(ilevel
LevelTile
p4283
(dp4284
g16
I00
sg17
I0
sg18
I00
sg19
I01
sg20
(ilevel
AnimatedTextureModel
p4285
(dp4286
g23
(lp4287
g25
asg26
F1.0
sg27
g25
sbsg28
(ilevel
AnimatedTextureModel
p4288
(dp4289
g23
(lp4290
Vhouse.png
p4291
asg26
F1.0
sg27
Vwall_house.obj
p4292
sbsg32
(ilevel
AnimatedTextureModel
p4293
(dp4294
g23
(lp4295
g25
asg26
F1.0
sg27
g25
sbsg38
I1
sbaa(lp4296
(ilevel
LevelTile
p4297
(dp4298
g16
I00
sg17
I0
sg18
I00
sg19
I01
sg20
(ilevel
AnimatedTextureModel
p4299
(dp4300
g23
(lp4301
g25
asg26
F1.0
sg27
g25
sbsg28
(ilevel
AnimatedTextureModel
p4302
(dp4303
g23
(lp4304
Vwall_bulwark.png
p4305
asg26
F1.0
sg27
Vwall_bulwark.obj
p4306
sbsg32
(ilevel
AnimatedTextureModel
p4307
(dp4308
g23
(lp4309
g25
asg26
F1.0
sg27
g25
sbsg38
I1
sba(ilevel
LevelTile
p4310
(dp4311
g16
I00
sg17
I0
sg18
I01
sg19
I00
sg20
(ilevel
AnimatedTextureModel
p4312
(dp4313
g23
(lp4314
g25
asg26
F1.0
sg27
g25
sbsg28
(ilevel
AnimatedTextureModel
p4315
(dp4316
g23
(lp4317
g25
asg26
F1.0
sg27
g25
sbsg32
(ilevel
AnimatedTextureModel
p4318
(dp4319
g23
(lp4320
Vgrass.png
p4321
asg26
F1.0
sg27
Vfloor_flat.obj
p4322
sbsg38
I1
sba(ilevel
LevelTile
p4323
(dp4324
g16
I00
sg17
I0
sg18
I00
sg19
I01
sg20
(ilevel
AnimatedTextureModel
p4325
(dp4326
g23
(lp4327
g25
asg26
F1.0
sg27
g25
sbsg28
(ilevel
AnimatedTextureModel
p4328
(dp4329
g23
(lp4330
Vwall_bulwark.png
p4331
asg26
F1.0
sg27
Vwall_bulwark.obj
p4332
sbsg32
(ilevel
AnimatedTextureModel
p4333
(dp4334
g23
(lp4335
g25
asg26
F1.0
sg27
g25
sbsg38
I1
sba(ilevel
LevelTile
p4336
(dp4337
g16
I00
sg17
I0
sg18
I00
sg19
I01
sg20
(ilevel
AnimatedTextureModel
p4338
(dp4339
g23
(lp4340
g25
asg26
F1.0
sg27
g25
sbsg28
(ilevel
AnimatedTextureModel
p4341
(dp4342
g23
(lp4343
Vwall_bulwark.png
p4344
asg26
F1.0
sg27
Vwall_bulwark.obj
p4345
sbsg32
(ilevel
AnimatedTextureModel
p4346
(dp4347
g23
(lp4348
g25
asg26
F1.0
sg27
g25
sbsg38
I1
sba(ilevel
LevelTile
p4349
(dp4350
g16
I00
sg17
I0
sg18
I00
sg19
I01
sg20
(ilevel
AnimatedTextureModel
p4351
(dp4352
g23
(lp4353
g25
asg26
F1.0
sg27
g25
sbsg28
(ilevel
AnimatedTextureModel
p4354
(dp4355
g23
(lp4356
Vwall_bulwark.png
p4357
asg26
F1.0
sg27
Vwall_bulwark.obj
p4358
sbsg32
(ilevel
AnimatedTextureModel
p4359
(dp4360
g23
(lp4361
g25
asg26
F1.0
sg27
g25
sbsg38
I1
sba(ilevel
LevelTile
p4362
(dp4363
g16
I00
sg17
I0
sg18
I00
sg19
I01
sg20
(ilevel
AnimatedTextureModel
p4364
(dp4365
g23
(lp4366
g25
asg26
F1.0
sg27
g25
sbsg28
(ilevel
AnimatedTextureModel
p4367
(dp4368
g23
(lp4369
Vwall_bulwark.png
p4370
asg26
F1.0
sg27
Vwall_bulwark.obj
p4371
sbsg32
(ilevel
AnimatedTextureModel
p4372
(dp4373
g23
(lp4374
g25
asg26
F1.0
sg27
g25
sbsg38
I1
sba(ilevel
LevelTile
p4375
(dp4376
g16
I00
sg17
I0
sg18
I00
sg19
I01
sg20
(ilevel
AnimatedTextureModel
p4377
(dp4378
g23
(lp4379
g25
asg26
F1.0
sg27
g25
sbsg28
(ilevel
AnimatedTextureModel
p4380
(dp4381
g23
(lp4382
Vwall_bulwark.png
p4383
asg26
F1.0
sg27
Vwall_bulwark.obj
p4384
sbsg32
(ilevel
AnimatedTextureModel
p4385
(dp4386
g23
(lp4387
g25
asg26
F1.0
sg27
g25
sbsg38
I1
sba(ilevel
LevelTile
p4388
(dp4389
g16
I00
sg17
I0
sg18
I00
sg19
I01
sg20
(ilevel
AnimatedTextureModel
p4390
(dp4391
g23
(lp4392
g25
asg26
F1.0
sg27
g25
sbsg28
(ilevel
AnimatedTextureModel
p4393
(dp4394
g23
(lp4395
Vwall_bulwark.png
p4396
asg26
F1.0
sg27
Vwall_bulwark.obj
p4397
sbsg32
(ilevel
AnimatedTextureModel
p4398
(dp4399
g23
(lp4400
g25
asg26
F1.0
sg27
g25
sbsg38
I1
sba(ilevel
LevelTile
p4401
(dp4402
g16
I00
sg17
I0
sg18
I00
sg19
I01
sg20
(ilevel
AnimatedTextureModel
p4403
(dp4404
g23
(lp4405
g25
asg26
F1.0
sg27
g25
sbsg28
(ilevel
AnimatedTextureModel
p4406
(dp4407
g23
(lp4408
Vwall_bulwark.png
p4409
asg26
F1.0
sg27
Vwall_bulwark.obj
p4410
sbsg32
(ilevel
AnimatedTextureModel
p4411
(dp4412
g23
(lp4413
g25
asg26
F1.0
sg27
g25
sbsg38
I1
sba(ilevel
LevelTile
p4414
(dp4415
g16
I00
sg17
I0
sg18
I00
sg19
I01
sg20
(ilevel
AnimatedTextureModel
p4416
(dp4417
g23
(lp4418
g25
asg26
F1.0
sg27
g25
sbsg28
(ilevel
AnimatedTextureModel
p4419
(dp4420
g23
(lp4421
Vwall_bulwark.png
p4422
asg26
F1.0
sg27
Vwall_bulwark.obj
p4423
sbsg32
(ilevel
AnimatedTextureModel
p4424
(dp4425
g23
(lp4426
g25
asg26
F1.0
sg27
g25
sbsg38
I1
sba(ilevel
LevelTile
p4427
(dp4428
g16
I00
sg17
I0
sg18
I00
sg19
I01
sg20
(ilevel
AnimatedTextureModel
p4429
(dp4430
g23
(lp4431
g25
asg26
F1.0
sg27
g25
sbsg28
(ilevel
AnimatedTextureModel
p4432
(dp4433
g23
(lp4434
Vwall_bulwark.png
p4435
asg26
F1.0
sg27
Vwall_bulwark.obj
p4436
sbsg32
(ilevel
AnimatedTextureModel
p4437
(dp4438
g23
(lp4439
g25
asg26
F1.0
sg27
g25
sbsg38
I1
sba(ilevel
LevelTile
p4440
(dp4441
g16
I00
sg17
I0
sg18
I00
sg19
I01
sg20
(ilevel
AnimatedTextureModel
p4442
(dp4443
g23
(lp4444
g25
asg26
F1.0
sg27
g25
sbsg28
(ilevel
AnimatedTextureModel
p4445
(dp4446
g23
(lp4447
Vwall_bulwark.png
p4448
asg26
F1.0
sg27
Vwall_bulwark.obj
p4449
sbsg32
(ilevel
AnimatedTextureModel
p4450
(dp4451
g23
(lp4452
g25
asg26
F1.0
sg27
g25
sbsg38
I1
sba(ilevel
LevelTile
p4453
(dp4454
g16
I00
sg17
I0
sg18
I00
sg19
I01
sg20
(ilevel
AnimatedTextureModel
p4455
(dp4456
g23
(lp4457
g25
asg26
F1.0
sg27
g25
sbsg28
(ilevel
AnimatedTextureModel
p4458
(dp4459
g23
(lp4460
Vwall_bulwark.png
p4461
asg26
F1.0
sg27
Vwall_bulwark.obj
p4462
sbsg32
(ilevel
AnimatedTextureModel
p4463
(dp4464
g23
(lp4465
g25
asg26
F1.0
sg27
g25
sbsg38
I1
sba(ilevel
LevelTile
p4466
(dp4467
g16
I00
sg17
I0
sg18
I00
sg19
I01
sg20
(ilevel
AnimatedTextureModel
p4468
(dp4469
g23
(lp4470
g25
asg26
F1.0
sg27
g25
sbsg28
(ilevel
AnimatedTextureModel
p4471
(dp4472
g23
(lp4473
Vwall_bulwark.png
p4474
asg26
F1.0
sg27
Vwall_bulwark.obj
p4475
sbsg32
(ilevel
AnimatedTextureModel
p4476
(dp4477
g23
(lp4478
g25
asg26
F1.0
sg27
g25
sbsg38
I1
sba(ilevel
LevelTile
p4479
(dp4480
g16
I00
sg17
I0
sg18
I00
sg19
I01
sg20
(ilevel
AnimatedTextureModel
p4481
(dp4482
g23
(lp4483
g25
asg26
F1.0
sg27
g25
sbsg28
(ilevel
AnimatedTextureModel
p4484
(dp4485
g23
(lp4486
Vwall_bulwark.png
p4487
asg26
F1.0
sg27
Vwall_bulwark.obj
p4488
sbsg32
(ilevel
AnimatedTextureModel
p4489
(dp4490
g23
(lp4491
g25
asg26
F1.0
sg27
g25
sbsg38
I1
sba(ilevel
LevelTile
p4492
(dp4493
g16
I00
sg17
I0
sg18
I01
sg19
I00
sg20
(ilevel
AnimatedTextureModel
p4494
(dp4495
g23
(lp4496
sg26
F1.0
sg27
g70
sbsg28
(ilevel
AnimatedTextureModel
p4497
(dp4498
g23
(lp4499
sg26
F1.0
sg27
g70
sbsg32
(ilevel
AnimatedTextureModel
p4500
(dp4501
g23
(lp4502
sg26
F1.0
sg27
g70
sbsg38
I1
sba(ilevel
LevelTile
p4503
(dp4504
g16
I00
sg17
I0
sg18
I00
sg19
I01
sg20
(ilevel
AnimatedTextureModel
p4505
(dp4506
g23
(lp4507
g25
asg26
F1.0
sg27
g25
sbsg28
(ilevel
AnimatedTextureModel
p4508
(dp4509
g23
(lp4510
Vwall_bulwark.png
p4511
asg26
F1.0
sg27
Vwall_bulwark.obj
p4512
sbsg32
(ilevel
AnimatedTextureModel
p4513
(dp4514
g23
(lp4515
g25
asg26
F1.0
sg27
g25
sbsg38
I1
sba(ilevel
LevelTile
p4516
(dp4517
g16
I00
sg17
I0
sg18
I01
sg19
I00
sg20
(ilevel
AnimatedTextureModel
p4518
(dp4519
g23
(lp4520
g25
asg26
F1.0
sg27
g25
sbsg28
(ilevel
AnimatedTextureModel
p4521
(dp4522
g23
(lp4523
g25
asg26
F1.0
sg27
g25
sbsg32
(ilevel
AnimatedTextureModel
p4524
(dp4525
g23
(lp4526
Vgrass.png
p4527
asg26
F1.0
sg27
Vfloor_flat.obj
p4528
sbsg38
I1
sba(ilevel
LevelTile
p4529
(dp4530
g16
I00
sg17
I0
sg18
I01
sg19
I00
sg20
(ilevel
AnimatedTextureModel
p4531
(dp4532
g23
(lp4533
g25
asg26
F1.0
sg27
g25
sbsg28
(ilevel
AnimatedTextureModel
p4534
(dp4535
g23
(lp4536
g25
asg26
F1.0
sg27
g25
sbsg32
(ilevel
AnimatedTextureModel
p4537
(dp4538
g23
(lp4539
Vgrass.png
p4540
asg26
F1.0
sg27
Vfloor_flat.obj
p4541
sbsg38
I1
sba(ilevel
LevelTile
p4542
(dp4543
g16
I00
sg17
I0
sg18
I01
sg19
I00
sg20
(ilevel
AnimatedTextureModel
p4544
(dp4545
g23
(lp4546
g25
asg26
F1.0
sg27
g25
sbsg28
(ilevel
AnimatedTextureModel
p4547
(dp4548
g23
(lp4549
g25
asg26
F1.0
sg27
g25
sbsg32
(ilevel
AnimatedTextureModel
p4550
(dp4551
g23
(lp4552
Vpavement.png
p4553
asg26
F1.0
sg27
Vfloor_flat.obj
p4554
sbsg38
I1
sba(ilevel
LevelTile
p4555
(dp4556
g16
I00
sg17
I0
sg18
I01
sg19
I00
sg20
(ilevel
AnimatedTextureModel
p4557
(dp4558
g23
(lp4559
g25
asg26
F1.0
sg27
g25
sbsg28
(ilevel
AnimatedTextureModel
p4560
(dp4561
g23
(lp4562
g25
asg26
F1.0
sg27
g25
sbsg32
(ilevel
AnimatedTextureModel
p4563
(dp4564
g23
(lp4565
Vpavement.png
p4566
asg26
F1.0
sg27
Vfloor_flat.obj
p4567
sbsg38
I1
sba(ilevel
LevelTile
p4568
(dp4569
g16
I00
sg17
I0
sg18
I00
sg19
I01
sg20
(ilevel
AnimatedTextureModel
p4570
(dp4571
g23
(lp4572
g25
asg26
F1.0
sg27
g25
sbsg28
(ilevel
AnimatedTextureModel
p4573
(dp4574
g23
(lp4575
Vhouse.png
p4576
asg26
F1.0
sg27
Vwall_house.obj
p4577
sbsg32
(ilevel
AnimatedTextureModel
p4578
(dp4579
g23
(lp4580
g25
asg26
F1.0
sg27
g25
sbsg38
I1
sba(ilevel
LevelTile
p4581
(dp4582
g16
I00
sg17
I0
sg18
I00
sg19
I01
sg20
(ilevel
AnimatedTextureModel
p4583
(dp4584
g23
(lp4585
g25
asg26
F1.0
sg27
g25
sbsg28
(ilevel
AnimatedTextureModel
p4586
(dp4587
g23
(lp4588
Vhouse.png
p4589
asg26
F1.0
sg27
Vwall_house.obj
p4590
sbsg32
(ilevel
AnimatedTextureModel
p4591
(dp4592
g23
(lp4593
g25
asg26
F1.0
sg27
g25
sbsg38
I1
sba(ilevel
LevelTile
p4594
(dp4595
g16
I00
sg17
I0
sg18
I00
sg19
I01
sg20
(ilevel
AnimatedTextureModel
p4596
(dp4597
g23
(lp4598
g25
asg26
F1.0
sg27
g25
sbsg28
(ilevel
AnimatedTextureModel
p4599
(dp4600
g23
(lp4601
Vhouse.png
p4602
asg26
F1.0
sg27
Vwall_house.obj
p4603
sbsg32
(ilevel
AnimatedTextureModel
p4604
(dp4605
g23
(lp4606
g25
asg26
F1.0
sg27
g25
sbsg38
I1
sba(ilevel
LevelTile
p4607
(dp4608
g16
I00
sg17
I0
sg18
I01
sg19
I00
sg20
(ilevel
AnimatedTextureModel
p4609
(dp4610
g23
(lp4611
g25
asg26
F1.0
sg27
g25
sbsg28
(ilevel
AnimatedTextureModel
p4612
(dp4613
g23
(lp4614
g25
asg26
F1.0
sg27
g25
sbsg32
(ilevel
AnimatedTextureModel
p4615
(dp4616
g23
(lp4617
Vpavement.png
p4618
asg26
F1.0
sg27
Vfloor_flat.obj
p4619
sbsg38
I1
sba(ilevel
LevelTile
p4620
(dp4621
g16
I00
sg17
I0
sg18
I01
sg19
I00
sg20
(ilevel
AnimatedTextureModel
p4622
(dp4623
g23
(lp4624
g25
asg26
F1.0
sg27
g25
sbsg28
(ilevel
AnimatedTextureModel
p4625
(dp4626
g23
(lp4627
g25
asg26
F1.0
sg27
g25
sbsg32
(ilevel
AnimatedTextureModel
p4628
(dp4629
g23
(lp4630
Vpavement.png
p4631
asg26
F1.0
sg27
Vfloor_flat.obj
p4632
sbsg38
I1
sba(ilevel
LevelTile
p4633
(dp4634
g16
I00
sg17
I0
sg18
I01
sg19
I00
sg20
(ilevel
AnimatedTextureModel
p4635
(dp4636
g23
(lp4637
g25
asg26
F1.0
sg27
g25
sbsg28
(ilevel
AnimatedTextureModel
p4638
(dp4639
g23
(lp4640
g25
asg26
F1.0
sg27
g25
sbsg32
(ilevel
AnimatedTextureModel
p4641
(dp4642
g23
(lp4643
Vpavement.png
p4644
asg26
F1.0
sg27
Vfloor_flat.obj
p4645
sbsg38
I1
sba(ilevel
LevelTile
p4646
(dp4647
g16
I00
sg17
I0
sg18
I01
sg19
I00
sg20
(ilevel
AnimatedTextureModel
p4648
(dp4649
g23
(lp4650
g25
asg26
F1.0
sg27
g25
sbsg28
(ilevel
AnimatedTextureModel
p4651
(dp4652
g23
(lp4653
g25
asg26
F1.0
sg27
g25
sbsg32
(ilevel
AnimatedTextureModel
p4654
(dp4655
g23
(lp4656
Vpavement.png
p4657
asg26
F1.0
sg27
Vfloor_flat.obj
p4658
sbsg38
I1
sba(ilevel
LevelTile
p4659
(dp4660
g16
I00
sg17
I0
sg18
I01
sg19
I00
sg20
(ilevel
AnimatedTextureModel
p4661
(dp4662
g23
(lp4663
g25
asg26
F1.0
sg27
g25
sbsg28
(ilevel
AnimatedTextureModel
p4664
(dp4665
g23
(lp4666
g25
asg26
F1.0
sg27
g25
sbsg32
(ilevel
AnimatedTextureModel
p4667
(dp4668
g23
(lp4669
Vpavement.png
p4670
asg26
F1.0
sg27
Vfloor_flat.obj
p4671
sbsg38
I1
sba(ilevel
LevelTile
p4672
(dp4673
g16
I00
sg17
I0
sg18
I00
sg19
I01
sg20
(ilevel
AnimatedTextureModel
p4674
(dp4675
g23
(lp4676
g25
asg26
F1.0
sg27
g25
sbsg28
(ilevel
AnimatedTextureModel
p4677
(dp4678
g23
(lp4679
Vhouse.png
p4680
asg26
F1.0
sg27
Vwall_house.obj
p4681
sbsg32
(ilevel
AnimatedTextureModel
p4682
(dp4683
g23
(lp4684
g25
asg26
F1.0
sg27
g25
sbsg38
I1
sbaa(lp4685
(ilevel
LevelTile
p4686
(dp4687
g16
I00
sg17
I0
sg18
I00
sg19
I01
sg20
(ilevel
AnimatedTextureModel
p4688
(dp4689
g23
(lp4690
g25
asg26
F1.0
sg27
g25
sbsg28
(ilevel
AnimatedTextureModel
p4691
(dp4692
g23
(lp4693
Vwall_bulwark.png
p4694
asg26
F1.0
sg27
Vwall_bulwark.obj
p4695
sbsg32
(ilevel
AnimatedTextureModel
p4696
(dp4697
g23
(lp4698
g25
asg26
F1.0
sg27
g25
sbsg38
I1
sba(ilevel
LevelTile
p4699
(dp4700
g16
I00
sg17
I0
sg18
I01
sg19
I00
sg20
(ilevel
AnimatedTextureModel
p4701
(dp4702
g23
(lp4703
g25
asg26
F1.0
sg27
g25
sbsg28
(ilevel
AnimatedTextureModel
p4704
(dp4705
g23
(lp4706
g25
asg26
F1.0
sg27
g25
sbsg32
(ilevel
AnimatedTextureModel
p4707
(dp4708
g23
(lp4709
Vgrass.png
p4710
asg26
F1.0
sg27
Vfloor_flat.obj
p4711
sbsg38
I1
sba(ilevel
LevelTile
p4712
(dp4713
g16
I00
sg17
I0
sg18
I01
sg19
I00
sg20
(ilevel
AnimatedTextureModel
p4714
(dp4715
g23
(lp4716
g25
asg26
F1.0
sg27
g25
sbsg28
(ilevel
AnimatedTextureModel
p4717
(dp4718
g23
(lp4719
g25
asg26
F1.0
sg27
g25
sbsg32
(ilevel
AnimatedTextureModel
p4720
(dp4721
g23
(lp4722
Vgrass.png
p4723
asg26
F1.0
sg27
Vfloor_flat.obj
p4724
sbsg38
I1
sba(ilevel
LevelTile
p4725
(dp4726
g16
I00
sg17
I0
sg18
I01
sg19
I00
sg20
(ilevel
AnimatedTextureModel
p4727
(dp4728
g23
(lp4729
g25
asg26
F1.0
sg27
g25
sbsg28
(ilevel
AnimatedTextureModel
p4730
(dp4731
g23
(lp4732
g25
asg26
F1.0
sg27
g25
sbsg32
(ilevel
AnimatedTextureModel
p4733
(dp4734
g23
(lp4735
Vgrass.png
p4736
asg26
F1.0
sg27
Vfloor_flat.obj
p4737
sbsg38
I1
sba(ilevel
LevelTile
p4738
(dp4739
g16
I00
sg17
I0
sg18
I01
sg19
I00
sg20
(ilevel
AnimatedTextureModel
p4740
(dp4741
g23
(lp4742
g25
asg26
F1.0
sg27
g25
sbsg28
(ilevel
AnimatedTextureModel
p4743
(dp4744
g23
(lp4745
g25
asg26
F1.0
sg27
g25
sbsg32
(ilevel
AnimatedTextureModel
p4746
(dp4747
g23
(lp4748
Vgrass.png
p4749
asg26
F1.0
sg27
Vfloor_flat.obj
p4750
sbsg38
I1
sba(ilevel
LevelTile
p4751
(dp4752
g16
I00
sg17
I0
sg18
I01
sg19
I00
sg20
(ilevel
AnimatedTextureModel
p4753
(dp4754
g23
(lp4755
g25
asg26
F1.0
sg27
g25
sbsg28
(ilevel
AnimatedTextureModel
p4756
(dp4757
g23
(lp4758
g25
asg26
F1.0
sg27
g25
sbsg32
(ilevel
AnimatedTextureModel
p4759
(dp4760
g23
(lp4761
Vgrass.png
p4762
asg26
F1.0
sg27
Vfloor_flat.obj
p4763
sbsg38
I1
sba(ilevel
LevelTile
p4764
(dp4765
g16
I00
sg17
I0
sg18
I01
sg19
I00
sg20
(ilevel
AnimatedTextureModel
p4766
(dp4767
g23
(lp4768
g25
asg26
F1.0
sg27
g25
sbsg28
(ilevel
AnimatedTextureModel
p4769
(dp4770
g23
(lp4771
g25
asg26
F1.0
sg27
g25
sbsg32
(ilevel
AnimatedTextureModel
p4772
(dp4773
g23
(lp4774
Vgrass.png
p4775
asg26
F1.0
sg27
Vfloor_flat.obj
p4776
sbsg38
I1
sba(ilevel
LevelTile
p4777
(dp4778
g16
I00
sg17
I0
sg18
I01
sg19
I00
sg20
(ilevel
AnimatedTextureModel
p4779
(dp4780
g23
(lp4781
g25
asg26
F1.0
sg27
g25
sbsg28
(ilevel
AnimatedTextureModel
p4782
(dp4783
g23
(lp4784
g25
asg26
F1.0
sg27
g25
sbsg32
(ilevel
AnimatedTextureModel
p4785
(dp4786
g23
(lp4787
Vgrass.png
p4788
asg26
F1.0
sg27
Vfloor_flat.obj
p4789
sbsg38
I1
sba(ilevel
LevelTile
p4790
(dp4791
g16
I00
sg17
I0
sg18
I01
sg19
I00
sg20
(ilevel
AnimatedTextureModel
p4792
(dp4793
g23
(lp4794
g25
asg26
F1.0
sg27
g25
sbsg28
(ilevel
AnimatedTextureModel
p4795
(dp4796
g23
(lp4797
g25
asg26
F1.0
sg27
g25
sbsg32
(ilevel
AnimatedTextureModel
p4798
(dp4799
g23
(lp4800
Vgrass.png
p4801
asg26
F1.0
sg27
Vfloor_flat.obj
p4802
sbsg38
I1
sba(ilevel
LevelTile
p4803
(dp4804
g16
I00
sg17
I0
sg18
I01
sg19
I00
sg20
(ilevel
AnimatedTextureModel
p4805
(dp4806
g23
(lp4807
g25
asg26
F1.0
sg27
g25
sbsg28
(ilevel
AnimatedTextureModel
p4808
(dp4809
g23
(lp4810
g25
asg26
F1.0
sg27
g25
sbsg32
(ilevel
AnimatedTextureModel
p4811
(dp4812
g23
(lp4813
Vgrass.png
p4814
asg26
F1.0
sg27
Vfloor_flat.obj
p4815
sbsg38
I1
sba(ilevel
LevelTile
p4816
(dp4817
g16
I00
sg17
I0
sg18
I01
sg19
I00
sg20
(ilevel
AnimatedTextureModel
p4818
(dp4819
g23
(lp4820
g25
asg26
F1.0
sg27
g25
sbsg28
(ilevel
AnimatedTextureModel
p4821
(dp4822
g23
(lp4823
g25
asg26
F1.0
sg27
g25
sbsg32
(ilevel
AnimatedTextureModel
p4824
(dp4825
g23
(lp4826
Vgrass.png
p4827
asg26
F1.0
sg27
Vfloor_flat.obj
p4828
sbsg38
I1
sba(ilevel
LevelTile
p4829
(dp4830
g16
I00
sg17
I0
sg18
I01
sg19
I00
sg20
(ilevel
AnimatedTextureModel
p4831
(dp4832
g23
(lp4833
g25
asg26
F1.0
sg27
g25
sbsg28
(ilevel
AnimatedTextureModel
p4834
(dp4835
g23
(lp4836
g25
asg26
F1.0
sg27
g25
sbsg32
(ilevel
AnimatedTextureModel
p4837
(dp4838
g23
(lp4839
Vgrass.png
p4840
asg26
F1.0
sg27
Vfloor_flat.obj
p4841
sbsg38
I1
sba(ilevel
LevelTile
p4842
(dp4843
g16
I00
sg17
I0
sg18
I01
sg19
I00
sg20
(ilevel
AnimatedTextureModel
p4844
(dp4845
g23
(lp4846
g25
asg26
F1.0
sg27
g25
sbsg28
(ilevel
AnimatedTextureModel
p4847
(dp4848
g23
(lp4849
g25
asg26
F1.0
sg27
g25
sbsg32
(ilevel
AnimatedTextureModel
p4850
(dp4851
g23
(lp4852
Vgrass.png
p4853
asg26
F1.0
sg27
Vfloor_flat.obj
p4854
sbsg38
I1
sba(ilevel
LevelTile
p4855
(dp4856
g16
I00
sg17
I0
sg18
I01
sg19
I00
sg20
(ilevel
AnimatedTextureModel
p4857
(dp4858
g23
(lp4859
g25
asg26
F1.0
sg27
g25
sbsg28
(ilevel
AnimatedTextureModel
p4860
(dp4861
g23
(lp4862
g25
asg26
F1.0
sg27
g25
sbsg32
(ilevel
AnimatedTextureModel
p4863
(dp4864
g23
(lp4865
Vgrass.png
p4866
asg26
F1.0
sg27
Vfloor_flat.obj
p4867
sbsg38
I1
sba(ilevel
LevelTile
p4868
(dp4869
g16
I00
sg17
I0
sg18
I00
sg19
I01
sg20
(ilevel
AnimatedTextureModel
p4870
(dp4871
g23
(lp4872
g25
asg26
F1.0
sg27
g25
sbsg28
(ilevel
AnimatedTextureModel
p4873
(dp4874
g23
(lp4875
Vwall_bulwark.png
p4876
asg26
F1.0
sg27
Vwall_bulwark.obj
p4877
sbsg32
(ilevel
AnimatedTextureModel
p4878
(dp4879
g23
(lp4880
g25
asg26
F1.0
sg27
g25
sbsg38
I1
sba(ilevel
LevelTile
p4881
(dp4882
g16
I00
sg17
I0
sg18
I01
sg19
I00
sg20
(ilevel
AnimatedTextureModel
p4883
(dp4884
g23
(lp4885
sg26
F1.0
sg27
g70
sbsg28
(ilevel
AnimatedTextureModel
p4886
(dp4887
g23
(lp4888
sg26
F1.0
sg27
g70
sbsg32
(ilevel
AnimatedTextureModel
p4889
(dp4890
g23
(lp4891
sg26
F1.0
sg27
g70
sbsg38
I1
sba(ilevel
LevelTile
p4892
(dp4893
g16
I00
sg17
I0
sg18
I00
sg19
I01
sg20
(ilevel
AnimatedTextureModel
p4894
(dp4895
g23
(lp4896
g25
asg26
F1.0
sg27
g25
sbsg28
(ilevel
AnimatedTextureModel
p4897
(dp4898
g23
(lp4899
Vwall_bulwark.png
p4900
asg26
F1.0
sg27
Vwall_bulwark.obj
p4901
sbsg32
(ilevel
AnimatedTextureModel
p4902
(dp4903
g23
(lp4904
g25
asg26
F1.0
sg27
g25
sbsg38
I1
sba(ilevel
LevelTile
p4905
(dp4906
g16
I00
sg17
I0
sg18
I00
sg19
I01
sg20
(ilevel
AnimatedTextureModel
p4907
(dp4908
g23
(lp4909
g25
asg26
F1.0
sg27
g25
sbsg28
(ilevel
AnimatedTextureModel
p4910
(dp4911
g23
(lp4912
Vwall_bulwark.png
p4913
asg26
F1.0
sg27
Vwall_bulwark.obj
p4914
sbsg32
(ilevel
AnimatedTextureModel
p4915
(dp4916
g23
(lp4917
g25
asg26
F1.0
sg27
g25
sbsg38
I1
sba(ilevel
LevelTile
p4918
(dp4919
g16
I00
sg17
I0
sg18
I01
sg19
I00
sg20
(ilevel
AnimatedTextureModel
p4920
(dp4921
g23
(lp4922
g25
asg26
F1.0
sg27
g25
sbsg28
(ilevel
AnimatedTextureModel
p4923
(dp4924
g23
(lp4925
g25
asg26
F1.0
sg27
g25
sbsg32
(ilevel
AnimatedTextureModel
p4926
(dp4927
g23
(lp4928
Vgrass.png
p4929
asg26
F1.0
sg27
Vfloor_flat.obj
p4930
sbsg38
I1
sba(ilevel
LevelTile
p4931
(dp4932
g16
I00
sg17
I0
sg18
I01
sg19
I00
sg20
(ilevel
AnimatedTextureModel
p4933
(dp4934
g23
(lp4935
g25
asg26
F1.0
sg27
g25
sbsg28
(ilevel
AnimatedTextureModel
p4936
(dp4937
g23
(lp4938
g25
asg26
F1.0
sg27
g25
sbsg32
(ilevel
AnimatedTextureModel
p4939
(dp4940
g23
(lp4941
Vpavement.png
p4942
asg26
F1.0
sg27
Vfloor_flat.obj
p4943
sbsg38
I1
sba(ilevel
LevelTile
p4944
(dp4945
g16
I00
sg17
I0
sg18
I01
sg19
I00
sg20
(ilevel
AnimatedTextureModel
p4946
(dp4947
g23
(lp4948
g25
asg26
F1.0
sg27
g25
sbsg28
(ilevel
AnimatedTextureModel
p4949
(dp4950
g23
(lp4951
g25
asg26
F1.0
sg27
g25
sbsg32
(ilevel
AnimatedTextureModel
p4952
(dp4953
g23
(lp4954
Vpavement.png
p4955
asg26
F1.0
sg27
Vfloor_flat.obj
p4956
sbsg38
I1
sba(ilevel
LevelTile
p4957
(dp4958
g16
I00
sg17
I0
sg18
I01
sg19
I00
sg20
(ilevel
AnimatedTextureModel
p4959
(dp4960
g23
(lp4961
g25
asg26
F1.0
sg27
g25
sbsg28
(ilevel
AnimatedTextureModel
p4962
(dp4963
g23
(lp4964
g25
asg26
F1.0
sg27
g25
sbsg32
(ilevel
AnimatedTextureModel
p4965
(dp4966
g23
(lp4967
Vpavement.png
p4968
asg26
F1.0
sg27
Vfloor_flat.obj
p4969
sbsg38
I1
sba(ilevel
LevelTile
p4970
(dp4971
g16
I00
sg17
I0
sg18
I01
sg19
I00
sg20
(ilevel
AnimatedTextureModel
p4972
(dp4973
g23
(lp4974
g25
asg26
F1.0
sg27
g25
sbsg28
(ilevel
AnimatedTextureModel
p4975
(dp4976
g23
(lp4977
g25
asg26
F1.0
sg27
g25
sbsg32
(ilevel
AnimatedTextureModel
p4978
(dp4979
g23
(lp4980
Vpavement.png
p4981
asg26
F1.0
sg27
Vfloor_flat.obj
p4982
sbsg38
I1
sba(ilevel
LevelTile
p4983
(dp4984
g16
I00
sg17
I0
sg18
I01
sg19
I00
sg20
(ilevel
AnimatedTextureModel
p4985
(dp4986
g23
(lp4987
g25
asg26
F1.0
sg27
g25
sbsg28
(ilevel
AnimatedTextureModel
p4988
(dp4989
g23
(lp4990
g25
asg26
F1.0
sg27
g25
sbsg32
(ilevel
AnimatedTextureModel
p4991
(dp4992
g23
(lp4993
Vpavement.png
p4994
asg26
F1.0
sg27
Vfloor_flat.obj
p4995
sbsg38
I1
sba(ilevel
LevelTile
p4996
(dp4997
g16
I00
sg17
I0
sg18
I01
sg19
I00
sg20
(ilevel
AnimatedTextureModel
p4998
(dp4999
g23
(lp5000
g25
asg26
F1.0
sg27
g25
sbsg28
(ilevel
AnimatedTextureModel
p5001
(dp5002
g23
(lp5003
g25
asg26
F1.0
sg27
g25
sbsg32
(ilevel
AnimatedTextureModel
p5004
(dp5005
g23
(lp5006
Vpavement.png
p5007
asg26
F1.0
sg27
Vfloor_flat.obj
p5008
sbsg38
I1
sba(ilevel
LevelTile
p5009
(dp5010
g16
I00
sg17
I0
sg18
I01
sg19
I00
sg20
(ilevel
AnimatedTextureModel
p5011
(dp5012
g23
(lp5013
g25
asg26
F1.0
sg27
g25
sbsg28
(ilevel
AnimatedTextureModel
p5014
(dp5015
g23
(lp5016
g25
asg26
F1.0
sg27
g25
sbsg32
(ilevel
AnimatedTextureModel
p5017
(dp5018
g23
(lp5019
Vpavement.png
p5020
asg26
F1.0
sg27
Vfloor_flat.obj
p5021
sbsg38
I1
sba(ilevel
LevelTile
p5022
(dp5023
g16
I00
sg17
I0
sg18
I01
sg19
I00
sg20
(ilevel
AnimatedTextureModel
p5024
(dp5025
g23
(lp5026
g25
asg26
F1.0
sg27
g25
sbsg28
(ilevel
AnimatedTextureModel
p5027
(dp5028
g23
(lp5029
g25
asg26
F1.0
sg27
g25
sbsg32
(ilevel
AnimatedTextureModel
p5030
(dp5031
g23
(lp5032
Vgrass.png
p5033
asg26
F1.0
sg27
Vfloor_flat.obj
p5034
sbsg38
I1
sba(ilevel
LevelTile
p5035
(dp5036
g16
I00
sg17
I0
sg18
I01
sg19
I00
sg20
(ilevel
AnimatedTextureModel
p5037
(dp5038
g23
(lp5039
g25
asg26
F1.0
sg27
g25
sbsg28
(ilevel
AnimatedTextureModel
p5040
(dp5041
g23
(lp5042
g25
asg26
F1.0
sg27
g25
sbsg32
(ilevel
AnimatedTextureModel
p5043
(dp5044
g23
(lp5045
Vgrass.png
p5046
asg26
F1.0
sg27
Vfloor_flat.obj
p5047
sbsg38
I1
sba(ilevel
LevelTile
p5048
(dp5049
g16
I00
sg17
I0
sg18
I01
sg19
I00
sg20
(ilevel
AnimatedTextureModel
p5050
(dp5051
g23
(lp5052
g25
asg26
F1.0
sg27
g25
sbsg28
(ilevel
AnimatedTextureModel
p5053
(dp5054
g23
(lp5055
g25
asg26
F1.0
sg27
g25
sbsg32
(ilevel
AnimatedTextureModel
p5056
(dp5057
g23
(lp5058
Vpavement.png
p5059
asg26
F1.0
sg27
Vfloor_flat.obj
p5060
sbsg38
I1
sba(ilevel
LevelTile
p5061
(dp5062
g16
I00
sg17
I0
sg18
I00
sg19
I01
sg20
(ilevel
AnimatedTextureModel
p5063
(dp5064
g23
(lp5065
g25
asg26
F1.0
sg27
g25
sbsg28
(ilevel
AnimatedTextureModel
p5066
(dp5067
g23
(lp5068
Vhouse.png
p5069
asg26
F1.0
sg27
Vwall_house.obj
p5070
sbsg32
(ilevel
AnimatedTextureModel
p5071
(dp5072
g23
(lp5073
g25
asg26
F1.0
sg27
g25
sbsg38
I1
sbaa(lp5074
(ilevel
LevelTile
p5075
(dp5076
g16
I00
sg17
I0
sg18
I00
sg19
I01
sg20
(ilevel
AnimatedTextureModel
p5077
(dp5078
g23
(lp5079
g25
asg26
F1.0
sg27
g25
sbsg28
(ilevel
AnimatedTextureModel
p5080
(dp5081
g23
(lp5082
Vwall_bulwark.png
p5083
asg26
F1.0
sg27
Vwall_bulwark.obj
p5084
sbsg32
(ilevel
AnimatedTextureModel
p5085
(dp5086
g23
(lp5087
g25
asg26
F1.0
sg27
g25
sbsg38
I1
sba(ilevel
LevelTile
p5088
(dp5089
g16
I00
sg17
I0
sg18
I00
sg19
I01
sg20
(ilevel
AnimatedTextureModel
p5090
(dp5091
g23
(lp5092
g25
asg26
F1.0
sg27
g25
sbsg28
(ilevel
AnimatedTextureModel
p5093
(dp5094
g23
(lp5095
Vwall_bulwark.png
p5096
asg26
F1.0
sg27
Vwall_bulwark.obj
p5097
sbsg32
(ilevel
AnimatedTextureModel
p5098
(dp5099
g23
(lp5100
g25
asg26
F1.0
sg27
g25
sbsg38
I1
sba(ilevel
LevelTile
p5101
(dp5102
g16
I00
sg17
I0
sg18
I00
sg19
I01
sg20
(ilevel
AnimatedTextureModel
p5103
(dp5104
g23
(lp5105
g25
asg26
F1.0
sg27
g25
sbsg28
(ilevel
AnimatedTextureModel
p5106
(dp5107
g23
(lp5108
Vwall_bulwark.png
p5109
asg26
F1.0
sg27
Vwall_bulwark.obj
p5110
sbsg32
(ilevel
AnimatedTextureModel
p5111
(dp5112
g23
(lp5113
g25
asg26
F1.0
sg27
g25
sbsg38
I1
sba(ilevel
LevelTile
p5114
(dp5115
g16
I00
sg17
I0
sg18
I00
sg19
I01
sg20
(ilevel
AnimatedTextureModel
p5116
(dp5117
g23
(lp5118
g25
asg26
F1.0
sg27
g25
sbsg28
(ilevel
AnimatedTextureModel
p5119
(dp5120
g23
(lp5121
Vwall_bulwark.png
p5122
asg26
F1.0
sg27
Vwall_bulwark.obj
p5123
sbsg32
(ilevel
AnimatedTextureModel
p5124
(dp5125
g23
(lp5126
g25
asg26
F1.0
sg27
g25
sbsg38
I1
sba(ilevel
LevelTile
p5127
(dp5128
g16
I00
sg17
I0
sg18
I01
sg19
I00
sg20
(ilevel
AnimatedTextureModel
p5129
(dp5130
g23
(lp5131
g25
asg26
F1.0
sg27
g25
sbsg28
(ilevel
AnimatedTextureModel
p5132
(dp5133
g23
(lp5134
g25
asg26
F1.0
sg27
g25
sbsg32
(ilevel
AnimatedTextureModel
p5135
(dp5136
g23
(lp5137
Vgrass.png
p5138
asg26
F1.0
sg27
Vfloor_flat.obj
p5139
sbsg38
I1
sba(ilevel
LevelTile
p5140
(dp5141
g16
I00
sg17
I0
sg18
I01
sg19
I00
sg20
(ilevel
AnimatedTextureModel
p5142
(dp5143
g23
(lp5144
g25
asg26
F1.0
sg27
g25
sbsg28
(ilevel
AnimatedTextureModel
p5145
(dp5146
g23
(lp5147
g25
asg26
F1.0
sg27
g25
sbsg32
(ilevel
AnimatedTextureModel
p5148
(dp5149
g23
(lp5150
Vgrass.png
p5151
asg26
F1.0
sg27
Vfloor_flat.obj
p5152
sbsg38
I1
sba(ilevel
LevelTile
p5153
(dp5154
g16
I00
sg17
I0
sg18
I01
sg19
I00
sg20
(ilevel
AnimatedTextureModel
p5155
(dp5156
g23
(lp5157
g25
asg26
F1.0
sg27
g25
sbsg28
(ilevel
AnimatedTextureModel
p5158
(dp5159
g23
(lp5160
g25
asg26
F1.0
sg27
g25
sbsg32
(ilevel
AnimatedTextureModel
p5161
(dp5162
g23
(lp5163
Vgrass.png
p5164
asg26
F1.0
sg27
Vfloor_flat.obj
p5165
sbsg38
I1
sba(ilevel
LevelTile
p5166
(dp5167
g16
I00
sg17
I0
sg18
I01
sg19
I00
sg20
(ilevel
AnimatedTextureModel
p5168
(dp5169
g23
(lp5170
g25
asg26
F1.0
sg27
g25
sbsg28
(ilevel
AnimatedTextureModel
p5171
(dp5172
g23
(lp5173
g25
asg26
F1.0
sg27
g25
sbsg32
(ilevel
AnimatedTextureModel
p5174
(dp5175
g23
(lp5176
Vgrass.png
p5177
asg26
F1.0
sg27
Vfloor_flat.obj
p5178
sbsg38
I1
sba(ilevel
LevelTile
p5179
(dp5180
g16
I00
sg17
I0
sg18
I01
sg19
I00
sg20
(ilevel
AnimatedTextureModel
p5181
(dp5182
g23
(lp5183
g25
asg26
F1.0
sg27
g25
sbsg28
(ilevel
AnimatedTextureModel
p5184
(dp5185
g23
(lp5186
g25
asg26
F1.0
sg27
g25
sbsg32
(ilevel
AnimatedTextureModel
p5187
(dp5188
g23
(lp5189
Vgrass.png
p5190
asg26
F1.0
sg27
Vfloor_flat.obj
p5191
sbsg38
I1
sba(ilevel
LevelTile
p5192
(dp5193
g16
I00
sg17
I0
sg18
I01
sg19
I00
sg20
(ilevel
AnimatedTextureModel
p5194
(dp5195
g23
(lp5196
g25
asg26
F1.0
sg27
g25
sbsg28
(ilevel
AnimatedTextureModel
p5197
(dp5198
g23
(lp5199
g25
asg26
F1.0
sg27
g25
sbsg32
(ilevel
AnimatedTextureModel
p5200
(dp5201
g23
(lp5202
Vgrass.png
p5203
asg26
F1.0
sg27
Vfloor_flat.obj
p5204
sbsg38
I1
sba(ilevel
LevelTile
p5205
(dp5206
g16
I00
sg17
I0
sg18
I01
sg19
I00
sg20
(ilevel
AnimatedTextureModel
p5207
(dp5208
g23
(lp5209
g25
asg26
F1.0
sg27
g25
sbsg28
(ilevel
AnimatedTextureModel
p5210
(dp5211
g23
(lp5212
g25
asg26
F1.0
sg27
g25
sbsg32
(ilevel
AnimatedTextureModel
p5213
(dp5214
g23
(lp5215
Vgrass.png
p5216
asg26
F1.0
sg27
Vfloor_flat.obj
p5217
sbsg38
I1
sba(ilevel
LevelTile
p5218
(dp5219
g16
I00
sg17
I0
sg18
I01
sg19
I00
sg20
(ilevel
AnimatedTextureModel
p5220
(dp5221
g23
(lp5222
g25
asg26
F1.0
sg27
g25
sbsg28
(ilevel
AnimatedTextureModel
p5223
(dp5224
g23
(lp5225
g25
asg26
F1.0
sg27
g25
sbsg32
(ilevel
AnimatedTextureModel
p5226
(dp5227
g23
(lp5228
Vgrass.png
p5229
asg26
F1.0
sg27
Vfloor_flat.obj
p5230
sbsg38
I1
sba(ilevel
LevelTile
p5231
(dp5232
g16
I00
sg17
I0
sg18
I01
sg19
I00
sg20
(ilevel
AnimatedTextureModel
p5233
(dp5234
g23
(lp5235
g25
asg26
F1.0
sg27
g25
sbsg28
(ilevel
AnimatedTextureModel
p5236
(dp5237
g23
(lp5238
g25
asg26
F1.0
sg27
g25
sbsg32
(ilevel
AnimatedTextureModel
p5239
(dp5240
g23
(lp5241
Vgrass.png
p5242
asg26
F1.0
sg27
Vfloor_flat.obj
p5243
sbsg38
I1
sba(ilevel
LevelTile
p5244
(dp5245
g16
I00
sg17
I0
sg18
I01
sg19
I00
sg20
(ilevel
AnimatedTextureModel
p5246
(dp5247
g23
(lp5248
g25
asg26
F1.0
sg27
g25
sbsg28
(ilevel
AnimatedTextureModel
p5249
(dp5250
g23
(lp5251
g25
asg26
F1.0
sg27
g25
sbsg32
(ilevel
AnimatedTextureModel
p5252
(dp5253
g23
(lp5254
Vgrass.png
p5255
asg26
F1.0
sg27
Vfloor_flat.obj
p5256
sbsg38
I1
sba(ilevel
LevelTile
p5257
(dp5258
g16
I00
sg17
I0
sg18
I00
sg19
I01
sg20
(ilevel
AnimatedTextureModel
p5259
(dp5260
g23
(lp5261
g25
asg26
F1.0
sg27
g25
sbsg28
(ilevel
AnimatedTextureModel
p5262
(dp5263
g23
(lp5264
Vwall_bulwark.png
p5265
asg26
F1.0
sg27
Vwall_bulwark.obj
p5266
sbsg32
(ilevel
AnimatedTextureModel
p5267
(dp5268
g23
(lp5269
g25
asg26
F1.0
sg27
g25
sbsg38
I1
sba(ilevel
LevelTile
p5270
(dp5271
g16
I00
sg17
I0
sg18
I01
sg19
I00
sg20
(ilevel
AnimatedTextureModel
p5272
(dp5273
g23
(lp5274
sg26
F1.0
sg27
g70
sbsg28
(ilevel
AnimatedTextureModel
p5275
(dp5276
g23
(lp5277
sg26
F1.0
sg27
g70
sbsg32
(ilevel
AnimatedTextureModel
p5278
(dp5279
g23
(lp5280
sg26
F1.0
sg27
g70
sbsg38
I1
sba(ilevel
LevelTile
p5281
(dp5282
g16
I00
sg17
I0
sg18
I00
sg19
I01
sg20
(ilevel
AnimatedTextureModel
p5283
(dp5284
g23
(lp5285
g25
asg26
F1.0
sg27
g25
sbsg28
(ilevel
AnimatedTextureModel
p5286
(dp5287
g23
(lp5288
Vwall_bulwark.png
p5289
asg26
F1.0
sg27
Vwall_bulwark.obj
p5290
sbsg32
(ilevel
AnimatedTextureModel
p5291
(dp5292
g23
(lp5293
g25
asg26
F1.0
sg27
g25
sbsg38
I1
sba(ilevel
LevelTile
p5294
(dp5295
g16
I00
sg17
I0
sg18
I01
sg19
I00
sg20
(ilevel
AnimatedTextureModel
p5296
(dp5297
g23
(lp5298
g25
asg26
F1.0
sg27
g25
sbsg28
(ilevel
AnimatedTextureModel
p5299
(dp5300
g23
(lp5301
g25
asg26
F1.0
sg27
g25
sbsg32
(ilevel
AnimatedTextureModel
p5302
(dp5303
g23
(lp5304
Vgrass.png
p5305
asg26
F1.0
sg27
Vfloor_flat.obj
p5306
sbsg38
I1
sba(ilevel
LevelTile
p5307
(dp5308
g16
I00
sg17
I0
sg18
I01
sg19
I00
sg20
(ilevel
AnimatedTextureModel
p5309
(dp5310
g23
(lp5311
g25
asg26
F1.0
sg27
g25
sbsg28
(ilevel
AnimatedTextureModel
p5312
(dp5313
g23
(lp5314
g25
asg26
F1.0
sg27
g25
sbsg32
(ilevel
AnimatedTextureModel
p5315
(dp5316
g23
(lp5317
Vgrass.png
p5318
asg26
F1.0
sg27
Vfloor_flat.obj
p5319
sbsg38
I1
sba(ilevel
LevelTile
p5320
(dp5321
g16
I00
sg17
I0
sg18
I01
sg19
I00
sg20
(ilevel
AnimatedTextureModel
p5322
(dp5323
g23
(lp5324
g25
asg26
F1.0
sg27
g25
sbsg28
(ilevel
AnimatedTextureModel
p5325
(dp5326
g23
(lp5327
g25
asg26
F1.0
sg27
g25
sbsg32
(ilevel
AnimatedTextureModel
p5328
(dp5329
g23
(lp5330
Vpavement.png
p5331
asg26
F1.0
sg27
Vfloor_flat.obj
p5332
sbsg38
I1
sba(ilevel
LevelTile
p5333
(dp5334
g16
I00
sg17
I0
sg18
I01
sg19
I00
sg20
(ilevel
AnimatedTextureModel
p5335
(dp5336
g23
(lp5337
g25
asg26
F1.0
sg27
g25
sbsg28
(ilevel
AnimatedTextureModel
p5338
(dp5339
g23
(lp5340
g25
asg26
F1.0
sg27
g25
sbsg32
(ilevel
AnimatedTextureModel
p5341
(dp5342
g23
(lp5343
Vpavement.png
p5344
asg26
F1.0
sg27
Vfloor_flat.obj
p5345
sbsg38
I1
sba(ilevel
LevelTile
p5346
(dp5347
g16
I00
sg17
I0
sg18
I00
sg19
I01
sg20
(ilevel
AnimatedTextureModel
p5348
(dp5349
g23
(lp5350
g25
asg26
F1.0
sg27
g25
sbsg28
(ilevel
AnimatedTextureModel
p5351
(dp5352
g23
(lp5353
Vhouse.png
p5354
asg26
F1.0
sg27
Vwall_house.obj
p5355
sbsg32
(ilevel
AnimatedTextureModel
p5356
(dp5357
g23
(lp5358
g25
asg26
F1.0
sg27
g25
sbsg38
I1
sba(ilevel
LevelTile
p5359
(dp5360
g16
I00
sg17
I0
sg18
I00
sg19
I01
sg20
(ilevel
AnimatedTextureModel
p5361
(dp5362
g23
(lp5363
g25
asg26
F1.0
sg27
g25
sbsg28
(ilevel
AnimatedTextureModel
p5364
(dp5365
g23
(lp5366
Vhouse.png
p5367
asg26
F1.0
sg27
Vwall_house.obj
p5368
sbsg32
(ilevel
AnimatedTextureModel
p5369
(dp5370
g23
(lp5371
g25
asg26
F1.0
sg27
g25
sbsg38
I1
sba(ilevel
LevelTile
p5372
(dp5373
g16
I00
sg17
I0
sg18
I00
sg19
I01
sg20
(ilevel
AnimatedTextureModel
p5374
(dp5375
g23
(lp5376
g25
asg26
F1.0
sg27
g25
sbsg28
(ilevel
AnimatedTextureModel
p5377
(dp5378
g23
(lp5379
Vhouse.png
p5380
asg26
F1.0
sg27
Vwall_house.obj
p5381
sbsg32
(ilevel
AnimatedTextureModel
p5382
(dp5383
g23
(lp5384
g25
asg26
F1.0
sg27
g25
sbsg38
I1
sba(ilevel
LevelTile
p5385
(dp5386
g16
I00
sg17
I0
sg18
I01
sg19
I00
sg20
(ilevel
AnimatedTextureModel
p5387
(dp5388
g23
(lp5389
g25
asg26
F1.0
sg27
g25
sbsg28
(ilevel
AnimatedTextureModel
p5390
(dp5391
g23
(lp5392
g25
asg26
F1.0
sg27
g25
sbsg32
(ilevel
AnimatedTextureModel
p5393
(dp5394
g23
(lp5395
Vpavement.png
p5396
asg26
F1.0
sg27
Vfloor_flat.obj
p5397
sbsg38
I1
sba(ilevel
LevelTile
p5398
(dp5399
g16
I00
sg17
I0
sg18
I01
sg19
I00
sg20
(ilevel
AnimatedTextureModel
p5400
(dp5401
g23
(lp5402
g25
asg26
F1.0
sg27
g25
sbsg28
(ilevel
AnimatedTextureModel
p5403
(dp5404
g23
(lp5405
g25
asg26
F1.0
sg27
g25
sbsg32
(ilevel
AnimatedTextureModel
p5406
(dp5407
g23
(lp5408
Vpavement.png
p5409
asg26
F1.0
sg27
Vfloor_flat.obj
p5410
sbsg38
I1
sba(ilevel
LevelTile
p5411
(dp5412
g16
I00
sg17
I0
sg18
I01
sg19
I00
sg20
(ilevel
AnimatedTextureModel
p5413
(dp5414
g23
(lp5415
g25
asg26
F1.0
sg27
g25
sbsg28
(ilevel
AnimatedTextureModel
p5416
(dp5417
g23
(lp5418
g25
asg26
F1.0
sg27
g25
sbsg32
(ilevel
AnimatedTextureModel
p5419
(dp5420
g23
(lp5421
Vgrass.png
p5422
asg26
F1.0
sg27
Vfloor_flat.obj
p5423
sbsg38
I1
sba(ilevel
LevelTile
p5424
(dp5425
g16
I00
sg17
I0
sg18
I01
sg19
I00
sg20
(ilevel
AnimatedTextureModel
p5426
(dp5427
g23
(lp5428
g25
asg26
F1.0
sg27
g25
sbsg28
(ilevel
AnimatedTextureModel
p5429
(dp5430
g23
(lp5431
g25
asg26
F1.0
sg27
g25
sbsg32
(ilevel
AnimatedTextureModel
p5432
(dp5433
g23
(lp5434
Vgrass.png
p5435
asg26
F1.0
sg27
Vfloor_flat.obj
p5436
sbsg38
I1
sba(ilevel
LevelTile
p5437
(dp5438
g16
I00
sg17
I0
sg18
I01
sg19
I00
sg20
(ilevel
AnimatedTextureModel
p5439
(dp5440
g23
(lp5441
g25
asg26
F1.0
sg27
g25
sbsg28
(ilevel
AnimatedTextureModel
p5442
(dp5443
g23
(lp5444
g25
asg26
F1.0
sg27
g25
sbsg32
(ilevel
AnimatedTextureModel
p5445
(dp5446
g23
(lp5447
Vpavement.png
p5448
asg26
F1.0
sg27
Vfloor_flat.obj
p5449
sbsg38
I1
sba(ilevel
LevelTile
p5450
(dp5451
g16
I00
sg17
I0
sg18
I00
sg19
I01
sg20
(ilevel
AnimatedTextureModel
p5452
(dp5453
g23
(lp5454
g25
asg26
F1.0
sg27
g25
sbsg28
(ilevel
AnimatedTextureModel
p5455
(dp5456
g23
(lp5457
Vhouse.png
p5458
asg26
F1.0
sg27
Vwall_house.obj
p5459
sbsg32
(ilevel
AnimatedTextureModel
p5460
(dp5461
g23
(lp5462
g25
asg26
F1.0
sg27
g25
sbsg38
I1
sbaa(lp5463
(ilevel
LevelTile
p5464
(dp5465
g16
I00
sg17
I0
sg18
I01
sg19
I00
sg20
(ilevel
AnimatedTextureModel
p5466
(dp5467
g23
(lp5468
sg26
F1.0
sg27
g70
sbsg28
(ilevel
AnimatedTextureModel
p5469
(dp5470
g23
(lp5471
sg26
F1.0
sg27
g70
sbsg32
(ilevel
AnimatedTextureModel
p5472
(dp5473
g23
(lp5474
sg26
F1.0
sg27
g70
sbsg38
I1
sba(ilevel
LevelTile
p5475
(dp5476
g16
I00
sg17
I0
sg18
I01
sg19
I00
sg20
(ilevel
AnimatedTextureModel
p5477
(dp5478
g23
(lp5479
sg26
F1.0
sg27
g70
sbsg28
(ilevel
AnimatedTextureModel
p5480
(dp5481
g23
(lp5482
sg26
F1.0
sg27
g70
sbsg32
(ilevel
AnimatedTextureModel
p5483
(dp5484
g23
(lp5485
sg26
F1.0
sg27
g70
sbsg38
I1
sba(ilevel
LevelTile
p5486
(dp5487
g16
I00
sg17
I0
sg18
I01
sg19
I00
sg20
(ilevel
AnimatedTextureModel
p5488
(dp5489
g23
(lp5490
sg26
F1.0
sg27
g70
sbsg28
(ilevel
AnimatedTextureModel
p5491
(dp5492
g23
(lp5493
sg26
F1.0
sg27
g70
sbsg32
(ilevel
AnimatedTextureModel
p5494
(dp5495
g23
(lp5496
sg26
F1.0
sg27
g70
sbsg38
I1
sba(ilevel
LevelTile
p5497
(dp5498
g16
I00
sg17
I0
sg18
I00
sg19
I01
sg20
(ilevel
AnimatedTextureModel
p5499
(dp5500
g23
(lp5501
g25
asg26
F1.0
sg27
g25
sbsg28
(ilevel
AnimatedTextureModel
p5502
(dp5503
g23
(lp5504
Vwall_bulwark.png
p5505
asg26
F1.0
sg27
Vwall_bulwark.obj
p5506
sbsg32
(ilevel
AnimatedTextureModel
p5507
(dp5508
g23
(lp5509
g25
asg26
F1.0
sg27
g25
sbsg38
I1
sba(ilevel
LevelTile
p5510
(dp5511
g16
I00
sg17
I0
sg18
I01
sg19
I00
sg20
(ilevel
AnimatedTextureModel
p5512
(dp5513
g23
(lp5514
g25
asg26
F1.0
sg27
g25
sbsg28
(ilevel
AnimatedTextureModel
p5515
(dp5516
g23
(lp5517
g25
asg26
F1.0
sg27
g25
sbsg32
(ilevel
AnimatedTextureModel
p5518
(dp5519
g23
(lp5520
Vpavement.png
p5521
asg26
F1.0
sg27
Vfloor_flat.obj
p5522
sbsg38
I1
sba(ilevel
LevelTile
p5523
(dp5524
g16
I00
sg17
I0
sg18
I00
sg19
I01
sg20
(ilevel
AnimatedTextureModel
p5525
(dp5526
g23
(lp5527
g25
asg26
F1.0
sg27
g25
sbsg28
(ilevel
AnimatedTextureModel
p5528
(dp5529
g23
(lp5530
Vwall_bulwark.png
p5531
asg26
F1.0
sg27
Vwall_bulwark.obj
p5532
sbsg32
(ilevel
AnimatedTextureModel
p5533
(dp5534
g23
(lp5535
g25
asg26
F1.0
sg27
g25
sbsg38
I1
sba(ilevel
LevelTile
p5536
(dp5537
g16
I00
sg17
I0
sg18
I00
sg19
I01
sg20
(ilevel
AnimatedTextureModel
p5538
(dp5539
g23
(lp5540
g25
asg26
F1.0
sg27
g25
sbsg28
(ilevel
AnimatedTextureModel
p5541
(dp5542
g23
(lp5543
Vwall_bulwark.png
p5544
asg26
F1.0
sg27
Vwall_bulwark.obj
p5545
sbsg32
(ilevel
AnimatedTextureModel
p5546
(dp5547
g23
(lp5548
g25
asg26
F1.0
sg27
g25
sbsg38
I1
sba(ilevel
LevelTile
p5549
(dp5550
g16
I00
sg17
I0
sg18
I00
sg19
I01
sg20
(ilevel
AnimatedTextureModel
p5551
(dp5552
g23
(lp5553
g25
asg26
F1.0
sg27
g25
sbsg28
(ilevel
AnimatedTextureModel
p5554
(dp5555
g23
(lp5556
Vwall_bulwark.png
p5557
asg26
F1.0
sg27
Vwall_bulwark.obj
p5558
sbsg32
(ilevel
AnimatedTextureModel
p5559
(dp5560
g23
(lp5561
g25
asg26
F1.0
sg27
g25
sbsg38
I1
sba(ilevel
LevelTile
p5562
(dp5563
g16
I00
sg17
I0
sg18
I00
sg19
I01
sg20
(ilevel
AnimatedTextureModel
p5564
(dp5565
g23
(lp5566
g25
asg26
F1.0
sg27
g25
sbsg28
(ilevel
AnimatedTextureModel
p5567
(dp5568
g23
(lp5569
Vwall_bulwark.png
p5570
asg26
F1.0
sg27
Vwall_bulwark.obj
p5571
sbsg32
(ilevel
AnimatedTextureModel
p5572
(dp5573
g23
(lp5574
g25
asg26
F1.0
sg27
g25
sbsg38
I1
sba(ilevel
LevelTile
p5575
(dp5576
g16
I00
sg17
I0
sg18
I00
sg19
I01
sg20
(ilevel
AnimatedTextureModel
p5577
(dp5578
g23
(lp5579
g25
asg26
F1.0
sg27
g25
sbsg28
(ilevel
AnimatedTextureModel
p5580
(dp5581
g23
(lp5582
Vwall_bulwark.png
p5583
asg26
F1.0
sg27
Vwall_bulwark.obj
p5584
sbsg32
(ilevel
AnimatedTextureModel
p5585
(dp5586
g23
(lp5587
g25
asg26
F1.0
sg27
g25
sbsg38
I1
sba(ilevel
LevelTile
p5588
(dp5589
g16
I00
sg17
I0
sg18
I00
sg19
I01
sg20
(ilevel
AnimatedTextureModel
p5590
(dp5591
g23
(lp5592
g25
asg26
F1.0
sg27
g25
sbsg28
(ilevel
AnimatedTextureModel
p5593
(dp5594
g23
(lp5595
Vwall_bulwark.png
p5596
asg26
F1.0
sg27
Vwall_bulwark.obj
p5597
sbsg32
(ilevel
AnimatedTextureModel
p5598
(dp5599
g23
(lp5600
g25
asg26
F1.0
sg27
g25
sbsg38
I1
sba(ilevel
LevelTile
p5601
(dp5602
g16
I00
sg17
I0
sg18
I00
sg19
I01
sg20
(ilevel
AnimatedTextureModel
p5603
(dp5604
g23
(lp5605
g25
asg26
F1.0
sg27
g25
sbsg28
(ilevel
AnimatedTextureModel
p5606
(dp5607
g23
(lp5608
Vwall_bulwark.png
p5609
asg26
F1.0
sg27
Vwall_bulwark.obj
p5610
sbsg32
(ilevel
AnimatedTextureModel
p5611
(dp5612
g23
(lp5613
g25
asg26
F1.0
sg27
g25
sbsg38
I1
sba(ilevel
LevelTile
p5614
(dp5615
g16
I00
sg17
I0
sg18
I01
sg19
I00
sg20
(ilevel
AnimatedTextureModel
p5616
(dp5617
g23
(lp5618
g25
asg26
F1.0
sg27
g25
sbsg28
(ilevel
AnimatedTextureModel
p5619
(dp5620
g23
(lp5621
g25
asg26
F1.0
sg27
g25
sbsg32
(ilevel
AnimatedTextureModel
p5622
(dp5623
g23
(lp5624
Vgrass.png
p5625
asg26
F1.0
sg27
Vfloor_flat.obj
p5626
sbsg38
I1
sba(ilevel
LevelTile
p5627
(dp5628
g16
I00
sg17
I0
sg18
I01
sg19
I00
sg20
(ilevel
AnimatedTextureModel
p5629
(dp5630
g23
(lp5631
g25
asg26
F1.0
sg27
g25
sbsg28
(ilevel
AnimatedTextureModel
p5632
(dp5633
g23
(lp5634
g25
asg26
F1.0
sg27
g25
sbsg32
(ilevel
AnimatedTextureModel
p5635
(dp5636
g23
(lp5637
Vgrass.png
p5638
asg26
F1.0
sg27
Vfloor_flat.obj
p5639
sbsg38
I1
sba(ilevel
LevelTile
p5640
(dp5641
g16
I00
sg17
I0
sg18
I00
sg19
I01
sg20
(ilevel
AnimatedTextureModel
p5642
(dp5643
g23
(lp5644
g25
asg26
F1.0
sg27
g25
sbsg28
(ilevel
AnimatedTextureModel
p5645
(dp5646
g23
(lp5647
Vwall_bulwark.png
p5648
asg26
F1.0
sg27
Vwall_bulwark.obj
p5649
sbsg32
(ilevel
AnimatedTextureModel
p5650
(dp5651
g23
(lp5652
g25
asg26
F1.0
sg27
g25
sbsg38
I1
sba(ilevel
LevelTile
p5653
(dp5654
g16
I00
sg17
I0
sg18
I01
sg19
I00
sg20
(ilevel
AnimatedTextureModel
p5655
(dp5656
g23
(lp5657
sg26
F1.0
sg27
g70
sbsg28
(ilevel
AnimatedTextureModel
p5658
(dp5659
g23
(lp5660
sg26
F1.0
sg27
g70
sbsg32
(ilevel
AnimatedTextureModel
p5661
(dp5662
g23
(lp5663
sg26
F1.0
sg27
g70
sbsg38
I1
sba(ilevel
LevelTile
p5664
(dp5665
g16
I00
sg17
I0
sg18
I00
sg19
I01
sg20
(ilevel
AnimatedTextureModel
p5666
(dp5667
g23
(lp5668
g25
asg26
F1.0
sg27
g25
sbsg28
(ilevel
AnimatedTextureModel
p5669
(dp5670
g23
(lp5671
Vwall_bulwark.png
p5672
asg26
F1.0
sg27
Vwall_bulwark.obj
p5673
sbsg32
(ilevel
AnimatedTextureModel
p5674
(dp5675
g23
(lp5676
g25
asg26
F1.0
sg27
g25
sbsg38
I1
sba(ilevel
LevelTile
p5677
(dp5678
g16
I00
sg17
I0
sg18
I00
sg19
I01
sg20
(ilevel
AnimatedTextureModel
p5679
(dp5680
g23
(lp5681
g25
asg26
F1.0
sg27
g25
sbsg28
(ilevel
AnimatedTextureModel
p5682
(dp5683
g23
(lp5684
Vwall_bulwark.png
p5685
asg26
F1.0
sg27
Vwall_bulwark.obj
p5686
sbsg32
(ilevel
AnimatedTextureModel
p5687
(dp5688
g23
(lp5689
g25
asg26
F1.0
sg27
g25
sbsg38
I1
sba(ilevel
LevelTile
p5690
(dp5691
g16
I00
sg17
I0
sg18
I01
sg19
I00
sg20
(ilevel
AnimatedTextureModel
p5692
(dp5693
g23
(lp5694
g25
asg26
F1.0
sg27
g25
sbsg28
(ilevel
AnimatedTextureModel
p5695
(dp5696
g23
(lp5697
g25
asg26
F1.0
sg27
g25
sbsg32
(ilevel
AnimatedTextureModel
p5698
(dp5699
g23
(lp5700
Vgrass.png
p5701
asg26
F1.0
sg27
Vfloor_flat.obj
p5702
sbsg38
I1
sba(ilevel
LevelTile
p5703
(dp5704
g16
I00
sg17
I0
sg18
I01
sg19
I00
sg20
(ilevel
AnimatedTextureModel
p5705
(dp5706
g23
(lp5707
g25
asg26
F1.0
sg27
g25
sbsg28
(ilevel
AnimatedTextureModel
p5708
(dp5709
g23
(lp5710
g25
asg26
F1.0
sg27
g25
sbsg32
(ilevel
AnimatedTextureModel
p5711
(dp5712
g23
(lp5713
Vpavement.png
p5714
asg26
F1.0
sg27
Vfloor_flat.obj
p5715
sbsg38
I1
sba(ilevel
LevelTile
p5716
(dp5717
g16
I00
sg17
I0
sg18
I01
sg19
I00
sg20
(ilevel
AnimatedTextureModel
p5718
(dp5719
g23
(lp5720
g25
asg26
F1.0
sg27
g25
sbsg28
(ilevel
AnimatedTextureModel
p5721
(dp5722
g23
(lp5723
g25
asg26
F1.0
sg27
g25
sbsg32
(ilevel
AnimatedTextureModel
p5724
(dp5725
g23
(lp5726
Vpavement.png
p5727
asg26
F1.0
sg27
Vfloor_flat.obj
p5728
sbsg38
I1
sba(ilevel
LevelTile
p5729
(dp5730
g16
I00
sg17
I0
sg18
I00
sg19
I01
sg20
(ilevel
AnimatedTextureModel
p5731
(dp5732
g23
(lp5733
g25
asg26
F1.0
sg27
g25
sbsg28
(ilevel
AnimatedTextureModel
p5734
(dp5735
g23
(lp5736
Vhouse.png
p5737
asg26
F1.0
sg27
Vwall_house.obj
p5738
sbsg32
(ilevel
AnimatedTextureModel
p5739
(dp5740
g23
(lp5741
g25
asg26
F1.0
sg27
g25
sbsg38
I1
sba(ilevel
LevelTile
p5742
(dp5743
g16
I00
sg17
I0
sg18
I00
sg19
I01
sg20
(ilevel
AnimatedTextureModel
p5744
(dp5745
g23
(lp5746
g25
asg26
F1.0
sg27
g25
sbsg28
(ilevel
AnimatedTextureModel
p5747
(dp5748
g23
(lp5749
Vhouse.png
p5750
asg26
F1.0
sg27
Vwall_house.obj
p5751
sbsg32
(ilevel
AnimatedTextureModel
p5752
(dp5753
g23
(lp5754
g25
asg26
F1.0
sg27
g25
sbsg38
I1
sba(ilevel
LevelTile
p5755
(dp5756
g16
I00
sg17
I0
sg18
I00
sg19
I01
sg20
(ilevel
AnimatedTextureModel
p5757
(dp5758
g23
(lp5759
g25
asg26
F1.0
sg27
g25
sbsg28
(ilevel
AnimatedTextureModel
p5760
(dp5761
g23
(lp5762
Vhouse.png
p5763
asg26
F1.0
sg27
Vwall_house.obj
p5764
sbsg32
(ilevel
AnimatedTextureModel
p5765
(dp5766
g23
(lp5767
g25
asg26
F1.0
sg27
g25
sbsg38
I1
sba(ilevel
LevelTile
p5768
(dp5769
g16
I00
sg17
I0
sg18
I01
sg19
I00
sg20
(ilevel
AnimatedTextureModel
p5770
(dp5771
g23
(lp5772
g25
asg26
F1.0
sg27
g25
sbsg28
(ilevel
AnimatedTextureModel
p5773
(dp5774
g23
(lp5775
g25
asg26
F1.0
sg27
g25
sbsg32
(ilevel
AnimatedTextureModel
p5776
(dp5777
g23
(lp5778
Vpavement.png
p5779
asg26
F1.0
sg27
Vfloor_flat.obj
p5780
sbsg38
I1
sba(ilevel
LevelTile
p5781
(dp5782
g16
I00
sg17
I0
sg18
I01
sg19
I00
sg20
(ilevel
AnimatedTextureModel
p5783
(dp5784
g23
(lp5785
g25
asg26
F1.0
sg27
g25
sbsg28
(ilevel
AnimatedTextureModel
p5786
(dp5787
g23
(lp5788
g25
asg26
F1.0
sg27
g25
sbsg32
(ilevel
AnimatedTextureModel
p5789
(dp5790
g23
(lp5791
Vpavement.png
p5792
asg26
F1.0
sg27
Vfloor_flat.obj
p5793
sbsg38
I1
sba(ilevel
LevelTile
p5794
(dp5795
g16
I00
sg17
I0
sg18
I01
sg19
I00
sg20
(ilevel
AnimatedTextureModel
p5796
(dp5797
g23
(lp5798
g25
asg26
F1.0
sg27
g25
sbsg28
(ilevel
AnimatedTextureModel
p5799
(dp5800
g23
(lp5801
g25
asg26
F1.0
sg27
g25
sbsg32
(ilevel
AnimatedTextureModel
p5802
(dp5803
g23
(lp5804
Vgrass.png
p5805
asg26
F1.0
sg27
Vfloor_flat.obj
p5806
sbsg38
I1
sba(ilevel
LevelTile
p5807
(dp5808
g16
I00
sg17
I0
sg18
I01
sg19
I00
sg20
(ilevel
AnimatedTextureModel
p5809
(dp5810
g23
(lp5811
g25
asg26
F1.0
sg27
g25
sbsg28
(ilevel
AnimatedTextureModel
p5812
(dp5813
g23
(lp5814
g25
asg26
F1.0
sg27
g25
sbsg32
(ilevel
AnimatedTextureModel
p5815
(dp5816
g23
(lp5817
Vgrass.png
p5818
asg26
F1.0
sg27
Vfloor_flat.obj
p5819
sbsg38
I1
sba(ilevel
LevelTile
p5820
(dp5821
g16
I00
sg17
I0
sg18
I01
sg19
I00
sg20
(ilevel
AnimatedTextureModel
p5822
(dp5823
g23
(lp5824
g25
asg26
F1.0
sg27
g25
sbsg28
(ilevel
AnimatedTextureModel
p5825
(dp5826
g23
(lp5827
g25
asg26
F1.0
sg27
g25
sbsg32
(ilevel
AnimatedTextureModel
p5828
(dp5829
g23
(lp5830
Vpavement.png
p5831
asg26
F1.0
sg27
Vfloor_flat.obj
p5832
sbsg38
I1
sba(ilevel
LevelTile
p5833
(dp5834
g16
I00
sg17
I0
sg18
I00
sg19
I01
sg20
(ilevel
AnimatedTextureModel
p5835
(dp5836
g23
(lp5837
g25
asg26
F1.0
sg27
g25
sbsg28
(ilevel
AnimatedTextureModel
p5838
(dp5839
g23
(lp5840
Vhouse.png
p5841
asg26
F1.0
sg27
Vwall_house.obj
p5842
sbsg32
(ilevel
AnimatedTextureModel
p5843
(dp5844
g23
(lp5845
g25
asg26
F1.0
sg27
g25
sbsg38
I1
sbaa(lp5846
(ilevel
LevelTile
p5847
(dp5848
g16
I00
sg17
I0
sg18
I01
sg19
I00
sg20
(ilevel
AnimatedTextureModel
p5849
(dp5850
g23
(lp5851
sg26
F1.0
sg27
g70
sbsg28
(ilevel
AnimatedTextureModel
p5852
(dp5853
g23
(lp5854
sg26
F1.0
sg27
g70
sbsg32
(ilevel
AnimatedTextureModel
p5855
(dp5856
g23
(lp5857
sg26
F1.0
sg27
g70
sbsg38
I1
sba(ilevel
LevelTile
p5858
(dp5859
g16
I00
sg17
I0
sg18
I01
sg19
I00
sg20
(ilevel
AnimatedTextureModel
p5860
(dp5861
g23
(lp5862
sg26
F1.0
sg27
g70
sbsg28
(ilevel
AnimatedTextureModel
p5863
(dp5864
g23
(lp5865
sg26
F1.0
sg27
g70
sbsg32
(ilevel
AnimatedTextureModel
p5866
(dp5867
g23
(lp5868
sg26
F1.0
sg27
g70
sbsg38
I1
sba(ilevel
LevelTile
p5869
(dp5870
g16
I00
sg17
I0
sg18
I01
sg19
I00
sg20
(ilevel
AnimatedTextureModel
p5871
(dp5872
g23
(lp5873
sg26
F1.0
sg27
g70
sbsg28
(ilevel
AnimatedTextureModel
p5874
(dp5875
g23
(lp5876
sg26
F1.0
sg27
g70
sbsg32
(ilevel
AnimatedTextureModel
p5877
(dp5878
g23
(lp5879
sg26
F1.0
sg27
g70
sbsg38
I1
sba(ilevel
LevelTile
p5880
(dp5881
g16
I00
sg17
I0
sg18
I00
sg19
I01
sg20
(ilevel
AnimatedTextureModel
p5882
(dp5883
g23
(lp5884
g25
asg26
F1.0
sg27
g25
sbsg28
(ilevel
AnimatedTextureModel
p5885
(dp5886
g23
(lp5887
Vwall_bulwark.png
p5888
asg26
F1.0
sg27
Vwall_bulwark.obj
p5889
sbsg32
(ilevel
AnimatedTextureModel
p5890
(dp5891
g23
(lp5892
g25
asg26
F1.0
sg27
g25
sbsg38
I1
sba(ilevel
LevelTile
p5893
(dp5894
g16
I00
sg17
I0
sg18
I01
sg19
I00
sg20
(ilevel
AnimatedTextureModel
p5895
(dp5896
g23
(lp5897
g25
asg26
F1.0
sg27
g25
sbsg28
(ilevel
AnimatedTextureModel
p5898
(dp5899
g23
(lp5900
g25
asg26
F1.0
sg27
g25
sbsg32
(ilevel
AnimatedTextureModel
p5901
(dp5902
g23
(lp5903
Vpavement.png
p5904
asg26
F1.0
sg27
Vfloor_flat.obj
p5905
sbsg38
I1
sba(ilevel
LevelTile
p5906
(dp5907
g16
I00
sg17
I0
sg18
I00
sg19
I01
sg20
(ilevel
AnimatedTextureModel
p5908
(dp5909
g23
(lp5910
g25
asg26
F1.0
sg27
g25
sbsg28
(ilevel
AnimatedTextureModel
p5911
(dp5912
g23
(lp5913
Vwall_bulwark.png
p5914
asg26
F1.0
sg27
Vwall_bulwark.obj
p5915
sbsg32
(ilevel
AnimatedTextureModel
p5916
(dp5917
g23
(lp5918
g25
asg26
F1.0
sg27
g25
sbsg38
I1
sba(ilevel
LevelTile
p5919
(dp5920
g16
I00
sg17
I0
sg18
I01
sg19
I00
sg20
(ilevel
AnimatedTextureModel
p5921
(dp5922
g23
(lp5923
sg26
F1.0
sg27
g70
sbsg28
(ilevel
AnimatedTextureModel
p5924
(dp5925
g23
(lp5926
sg26
F1.0
sg27
g70
sbsg32
(ilevel
AnimatedTextureModel
p5927
(dp5928
g23
(lp5929
sg26
F1.0
sg27
g70
sbsg38
I1
sba(ilevel
LevelTile
p5930
(dp5931
g16
I00
sg17
I0
sg18
I01
sg19
I00
sg20
(ilevel
AnimatedTextureModel
p5932
(dp5933
g23
(lp5934
sg26
F1.0
sg27
g70
sbsg28
(ilevel
AnimatedTextureModel
p5935
(dp5936
g23
(lp5937
sg26
F1.0
sg27
g70
sbsg32
(ilevel
AnimatedTextureModel
p5938
(dp5939
g23
(lp5940
sg26
F1.0
sg27
g70
sbsg38
I1
sba(ilevel
LevelTile
p5941
(dp5942
g16
I00
sg17
I0
sg18
I00
sg19
I01
sg20
(ilevel
AnimatedTextureModel
p5943
(dp5944
g23
(lp5945
g25
asg26
F1.0
sg27
g25
sbsg28
(ilevel
AnimatedTextureModel
p5946
(dp5947
g23
(lp5948
Vwall_bulwark.png
p5949
asg26
F1.0
sg27
Vwall_bulwark.obj
p5950
sbsg32
(ilevel
AnimatedTextureModel
p5951
(dp5952
g23
(lp5953
g25
asg26
F1.0
sg27
g25
sbsg38
I1
sba(ilevel
LevelTile
p5954
(dp5955
g16
I00
sg17
I0
sg18
I00
sg19
I01
sg20
(ilevel
AnimatedTextureModel
p5956
(dp5957
g23
(lp5958
g25
asg26
F1.0
sg27
g25
sbsg28
(ilevel
AnimatedTextureModel
p5959
(dp5960
g23
(lp5961
Vwall_bulwark.png
p5962
asg26
F1.0
sg27
Vwall_bulwark.obj
p5963
sbsg32
(ilevel
AnimatedTextureModel
p5964
(dp5965
g23
(lp5966
g25
asg26
F1.0
sg27
g25
sbsg38
I1
sba(ilevel
LevelTile
p5967
(dp5968
g16
I00
sg17
I0
sg18
I00
sg19
I01
sg20
(ilevel
AnimatedTextureModel
p5969
(dp5970
g23
(lp5971
g25
asg26
F1.0
sg27
g25
sbsg28
(ilevel
AnimatedTextureModel
p5972
(dp5973
g23
(lp5974
Vwall_bulwark.png
p5975
asg26
F1.0
sg27
Vwall_bulwark.obj
p5976
sbsg32
(ilevel
AnimatedTextureModel
p5977
(dp5978
g23
(lp5979
g25
asg26
F1.0
sg27
g25
sbsg38
I1
sba(ilevel
LevelTile
p5980
(dp5981
g16
I00
sg17
I0
sg18
I00
sg19
I01
sg20
(ilevel
AnimatedTextureModel
p5982
(dp5983
g23
(lp5984
g25
asg26
F1.0
sg27
g25
sbsg28
(ilevel
AnimatedTextureModel
p5985
(dp5986
g23
(lp5987
Vwall_bulwark.png
p5988
asg26
F1.0
sg27
Vwall_bulwark.obj
p5989
sbsg32
(ilevel
AnimatedTextureModel
p5990
(dp5991
g23
(lp5992
g25
asg26
F1.0
sg27
g25
sbsg38
I1
sba(ilevel
LevelTile
p5993
(dp5994
g16
I00
sg17
I0
sg18
I01
sg19
I00
sg20
(ilevel
AnimatedTextureModel
p5995
(dp5996
g23
(lp5997
g25
asg26
F1.0
sg27
g25
sbsg28
(ilevel
AnimatedTextureModel
p5998
(dp5999
g23
(lp6000
g25
asg26
F1.0
sg27
g25
sbsg32
(ilevel
AnimatedTextureModel
p6001
(dp6002
g23
(lp6003
Vgrass.png
p6004
asg26
F1.0
sg27
Vfloor_flat.obj
p6005
sbsg38
I1
sba(ilevel
LevelTile
p6006
(dp6007
g16
I00
sg17
I0
sg18
I01
sg19
I00
sg20
(ilevel
AnimatedTextureModel
p6008
(dp6009
g23
(lp6010
g25
asg26
F1.0
sg27
g25
sbsg28
(ilevel
AnimatedTextureModel
p6011
(dp6012
g23
(lp6013
g25
asg26
F1.0
sg27
g25
sbsg32
(ilevel
AnimatedTextureModel
p6014
(dp6015
g23
(lp6016
Vgrass.png
p6017
asg26
F1.0
sg27
Vfloor_flat.obj
p6018
sbsg38
I1
sba(ilevel
LevelTile
p6019
(dp6020
g16
I00
sg17
I0
sg18
I00
sg19
I01
sg20
(ilevel
AnimatedTextureModel
p6021
(dp6022
g23
(lp6023
g25
asg26
F1.0
sg27
g25
sbsg28
(ilevel
AnimatedTextureModel
p6024
(dp6025
g23
(lp6026
Vwall_bulwark.png
p6027
asg26
F1.0
sg27
Vwall_bulwark.obj
p6028
sbsg32
(ilevel
AnimatedTextureModel
p6029
(dp6030
g23
(lp6031
g25
asg26
F1.0
sg27
g25
sbsg38
I1
sba(ilevel
LevelTile
p6032
(dp6033
g16
I00
sg17
I0
sg18
I01
sg19
I00
sg20
(ilevel
AnimatedTextureModel
p6034
(dp6035
g23
(lp6036
sg26
F1.0
sg27
g70
sbsg28
(ilevel
AnimatedTextureModel
p6037
(dp6038
g23
(lp6039
sg26
F1.0
sg27
g70
sbsg32
(ilevel
AnimatedTextureModel
p6040
(dp6041
g23
(lp6042
sg26
F1.0
sg27
g70
sbsg38
I1
sba(ilevel
LevelTile
p6043
(dp6044
g16
I00
sg17
I0
sg18
I00
sg19
I01
sg20
(ilevel
AnimatedTextureModel
p6045
(dp6046
g23
(lp6047
g25
asg26
F1.0
sg27
g25
sbsg28
(ilevel
AnimatedTextureModel
p6048
(dp6049
g23
(lp6050
Vwall_bulwark.png
p6051
asg26
F1.0
sg27
Vwall_bulwark.obj
p6052
sbsg32
(ilevel
AnimatedTextureModel
p6053
(dp6054
g23
(lp6055
g25
asg26
F1.0
sg27
g25
sbsg38
I1
sba(ilevel
LevelTile
p6056
(dp6057
g16
I00
sg17
I0
sg18
I01
sg19
I00
sg20
(ilevel
AnimatedTextureModel
p6058
(dp6059
g23
(lp6060
g25
asg26
F1.0
sg27
g25
sbsg28
(ilevel
AnimatedTextureModel
p6061
(dp6062
g23
(lp6063
g25
asg26
F1.0
sg27
g25
sbsg32
(ilevel
AnimatedTextureModel
p6064
(dp6065
g23
(lp6066
Vgrass.png
p6067
asg26
F1.0
sg27
Vfloor_flat.obj
p6068
sbsg38
I1
sba(ilevel
LevelTile
p6069
(dp6070
g16
I00
sg17
I0
sg18
I01
sg19
I00
sg20
(ilevel
AnimatedTextureModel
p6071
(dp6072
g23
(lp6073
g25
asg26
F1.0
sg27
g25
sbsg28
(ilevel
AnimatedTextureModel
p6074
(dp6075
g23
(lp6076
g25
asg26
F1.0
sg27
g25
sbsg32
(ilevel
AnimatedTextureModel
p6077
(dp6078
g23
(lp6079
Vgrass.png
p6080
asg26
F1.0
sg27
Vfloor_flat.obj
p6081
sbsg38
I1
sba(ilevel
LevelTile
p6082
(dp6083
g16
I00
sg17
I0
sg18
I01
sg19
I00
sg20
(ilevel
AnimatedTextureModel
p6084
(dp6085
g23
(lp6086
g25
asg26
F1.0
sg27
g25
sbsg28
(ilevel
AnimatedTextureModel
p6087
(dp6088
g23
(lp6089
g25
asg26
F1.0
sg27
g25
sbsg32
(ilevel
AnimatedTextureModel
p6090
(dp6091
g23
(lp6092
Vpavement.png
p6093
asg26
F1.0
sg27
Vfloor_flat.obj
p6094
sbsg38
I1
sba(ilevel
LevelTile
p6095
(dp6096
g16
I00
sg17
I0
sg18
I01
sg19
I00
sg20
(ilevel
AnimatedTextureModel
p6097
(dp6098
g23
(lp6099
g25
asg26
F1.0
sg27
g25
sbsg28
(ilevel
AnimatedTextureModel
p6100
(dp6101
g23
(lp6102
g25
asg26
F1.0
sg27
g25
sbsg32
(ilevel
AnimatedTextureModel
p6103
(dp6104
g23
(lp6105
Vpavement.png
p6106
asg26
F1.0
sg27
Vfloor_flat.obj
p6107
sbsg38
I1
sba(ilevel
LevelTile
p6108
(dp6109
g16
I00
sg17
I0
sg18
I01
sg19
I00
sg20
(ilevel
AnimatedTextureModel
p6110
(dp6111
g23
(lp6112
g25
asg26
F1.0
sg27
g25
sbsg28
(ilevel
AnimatedTextureModel
p6113
(dp6114
g23
(lp6115
g25
asg26
F1.0
sg27
g25
sbsg32
(ilevel
AnimatedTextureModel
p6116
(dp6117
g23
(lp6118
Vpavement.png
p6119
asg26
F1.0
sg27
Vfloor_flat.obj
p6120
sbsg38
I1
sba(ilevel
LevelTile
p6121
(dp6122
g16
I00
sg17
I0
sg18
I01
sg19
I00
sg20
(ilevel
AnimatedTextureModel
p6123
(dp6124
g23
(lp6125
g25
asg26
F1.0
sg27
g25
sbsg28
(ilevel
AnimatedTextureModel
p6126
(dp6127
g23
(lp6128
g25
asg26
F1.0
sg27
g25
sbsg32
(ilevel
AnimatedTextureModel
p6129
(dp6130
g23
(lp6131
Vpavement.png
p6132
asg26
F1.0
sg27
Vfloor_flat.obj
p6133
sbsg38
I1
sba(ilevel
LevelTile
p6134
(dp6135
g16
I00
sg17
I0
sg18
I01
sg19
I00
sg20
(ilevel
AnimatedTextureModel
p6136
(dp6137
g23
(lp6138
g25
asg26
F1.0
sg27
g25
sbsg28
(ilevel
AnimatedTextureModel
p6139
(dp6140
g23
(lp6141
g25
asg26
F1.0
sg27
g25
sbsg32
(ilevel
AnimatedTextureModel
p6142
(dp6143
g23
(lp6144
Vpavement.png
p6145
asg26
F1.0
sg27
Vfloor_flat.obj
p6146
sbsg38
I1
sba(ilevel
LevelTile
p6147
(dp6148
g16
I00
sg17
I0
sg18
I01
sg19
I00
sg20
(ilevel
AnimatedTextureModel
p6149
(dp6150
g23
(lp6151
g25
asg26
F1.0
sg27
g25
sbsg28
(ilevel
AnimatedTextureModel
p6152
(dp6153
g23
(lp6154
g25
asg26
F1.0
sg27
g25
sbsg32
(ilevel
AnimatedTextureModel
p6155
(dp6156
g23
(lp6157
Vpavement.png
p6158
asg26
F1.0
sg27
Vfloor_flat.obj
p6159
sbsg38
I1
sba(ilevel
LevelTile
p6160
(dp6161
g16
I00
sg17
I0
sg18
I01
sg19
I00
sg20
(ilevel
AnimatedTextureModel
p6162
(dp6163
g23
(lp6164
g25
asg26
F1.0
sg27
g25
sbsg28
(ilevel
AnimatedTextureModel
p6165
(dp6166
g23
(lp6167
g25
asg26
F1.0
sg27
g25
sbsg32
(ilevel
AnimatedTextureModel
p6168
(dp6169
g23
(lp6170
Vpavement.png
p6171
asg26
F1.0
sg27
Vfloor_flat.obj
p6172
sbsg38
I1
sba(ilevel
LevelTile
p6173
(dp6174
g16
I00
sg17
I0
sg18
I01
sg19
I00
sg20
(ilevel
AnimatedTextureModel
p6175
(dp6176
g23
(lp6177
g25
asg26
F1.0
sg27
g25
sbsg28
(ilevel
AnimatedTextureModel
p6178
(dp6179
g23
(lp6180
g25
asg26
F1.0
sg27
g25
sbsg32
(ilevel
AnimatedTextureModel
p6181
(dp6182
g23
(lp6183
Vpavement.png
p6184
asg26
F1.0
sg27
Vfloor_flat.obj
p6185
sbsg38
I1
sba(ilevel
LevelTile
p6186
(dp6187
g16
I00
sg17
I0
sg18
I01
sg19
I00
sg20
(ilevel
AnimatedTextureModel
p6188
(dp6189
g23
(lp6190
g25
asg26
F1.0
sg27
g25
sbsg28
(ilevel
AnimatedTextureModel
p6191
(dp6192
g23
(lp6193
g25
asg26
F1.0
sg27
g25
sbsg32
(ilevel
AnimatedTextureModel
p6194
(dp6195
g23
(lp6196
Vpavement.png
p6197
asg26
F1.0
sg27
Vfloor_flat.obj
p6198
sbsg38
I1
sba(ilevel
LevelTile
p6199
(dp6200
g16
I00
sg17
I0
sg18
I01
sg19
I00
sg20
(ilevel
AnimatedTextureModel
p6201
(dp6202
g23
(lp6203
g25
asg26
F1.0
sg27
g25
sbsg28
(ilevel
AnimatedTextureModel
p6204
(dp6205
g23
(lp6206
g25
asg26
F1.0
sg27
g25
sbsg32
(ilevel
AnimatedTextureModel
p6207
(dp6208
g23
(lp6209
Vpavement.png
p6210
asg26
F1.0
sg27
Vfloor_flat.obj
p6211
sbsg38
I1
sba(ilevel
LevelTile
p6212
(dp6213
g16
I00
sg17
I0
sg18
I00
sg19
I01
sg20
(ilevel
AnimatedTextureModel
p6214
(dp6215
g23
(lp6216
g25
asg26
F1.0
sg27
g25
sbsg28
(ilevel
AnimatedTextureModel
p6217
(dp6218
g23
(lp6219
Vhouse.png
p6220
asg26
F1.0
sg27
Vwall_house.obj
p6221
sbsg32
(ilevel
AnimatedTextureModel
p6222
(dp6223
g23
(lp6224
g25
asg26
F1.0
sg27
g25
sbsg38
I1
sbaa(lp6225
(ilevel
LevelTile
p6226
(dp6227
g16
I00
sg17
I0
sg18
I01
sg19
I00
sg20
(ilevel
AnimatedTextureModel
p6228
(dp6229
g23
(lp6230
sg26
F1.0
sg27
g70
sbsg28
(ilevel
AnimatedTextureModel
p6231
(dp6232
g23
(lp6233
sg26
F1.0
sg27
g70
sbsg32
(ilevel
AnimatedTextureModel
p6234
(dp6235
g23
(lp6236
sg26
F1.0
sg27
g70
sbsg38
I1
sba(ilevel
LevelTile
p6237
(dp6238
g16
I00
sg17
I0
sg18
I01
sg19
I00
sg20
(ilevel
AnimatedTextureModel
p6239
(dp6240
g23
(lp6241
sg26
F1.0
sg27
g70
sbsg28
(ilevel
AnimatedTextureModel
p6242
(dp6243
g23
(lp6244
sg26
F1.0
sg27
g70
sbsg32
(ilevel
AnimatedTextureModel
p6245
(dp6246
g23
(lp6247
sg26
F1.0
sg27
g70
sbsg38
I1
sba(ilevel
LevelTile
p6248
(dp6249
g16
I00
sg17
I0
sg18
I01
sg19
I00
sg20
(ilevel
AnimatedTextureModel
p6250
(dp6251
g23
(lp6252
sg26
F1.0
sg27
g70
sbsg28
(ilevel
AnimatedTextureModel
p6253
(dp6254
g23
(lp6255
sg26
F1.0
sg27
g70
sbsg32
(ilevel
AnimatedTextureModel
p6256
(dp6257
g23
(lp6258
sg26
F1.0
sg27
g70
sbsg38
I1
sba(ilevel
LevelTile
p6259
(dp6260
g16
I00
sg17
I0
sg18
I00
sg19
I01
sg20
(ilevel
AnimatedTextureModel
p6261
(dp6262
g23
(lp6263
g25
asg26
F1.0
sg27
g25
sbsg28
(ilevel
AnimatedTextureModel
p6264
(dp6265
g23
(lp6266
Vwall_bulwark.png
p6267
asg26
F1.0
sg27
Vwall_bulwark.obj
p6268
sbsg32
(ilevel
AnimatedTextureModel
p6269
(dp6270
g23
(lp6271
g25
asg26
F1.0
sg27
g25
sbsg38
I1
sba(ilevel
LevelTile
p6272
(dp6273
g16
I00
sg17
I0
sg18
I01
sg19
I00
sg20
(ilevel
AnimatedTextureModel
p6274
(dp6275
g23
(lp6276
g25
asg26
F1.0
sg27
g25
sbsg28
(ilevel
AnimatedTextureModel
p6277
(dp6278
g23
(lp6279
g25
asg26
F1.0
sg27
g25
sbsg32
(ilevel
AnimatedTextureModel
p6280
(dp6281
g23
(lp6282
Vpavement.png
p6283
asg26
F1.0
sg27
Vfloor_flat.obj
p6284
sbsg38
I1
sba(ilevel
LevelTile
p6285
(dp6286
g16
I00
sg17
I0
sg18
I00
sg19
I01
sg20
(ilevel
AnimatedTextureModel
p6287
(dp6288
g23
(lp6289
g25
asg26
F1.0
sg27
g25
sbsg28
(ilevel
AnimatedTextureModel
p6290
(dp6291
g23
(lp6292
Vwall_bulwark.png
p6293
asg26
F1.0
sg27
Vwall_bulwark.obj
p6294
sbsg32
(ilevel
AnimatedTextureModel
p6295
(dp6296
g23
(lp6297
g25
asg26
F1.0
sg27
g25
sbsg38
I1
sba(ilevel
LevelTile
p6298
(dp6299
g16
I00
sg17
I0
sg18
I01
sg19
I00
sg20
(ilevel
AnimatedTextureModel
p6300
(dp6301
g23
(lp6302
sg26
F1.0
sg27
g70
sbsg28
(ilevel
AnimatedTextureModel
p6303
(dp6304
g23
(lp6305
sg26
F1.0
sg27
g70
sbsg32
(ilevel
AnimatedTextureModel
p6306
(dp6307
g23
(lp6308
sg26
F1.0
sg27
g70
sbsg38
I1
sba(ilevel
LevelTile
p6309
(dp6310
g16
I00
sg17
I0
sg18
I01
sg19
I00
sg20
(ilevel
AnimatedTextureModel
p6311
(dp6312
g23
(lp6313
sg26
F1.0
sg27
g70
sbsg28
(ilevel
AnimatedTextureModel
p6314
(dp6315
g23
(lp6316
sg26
F1.0
sg27
g70
sbsg32
(ilevel
AnimatedTextureModel
p6317
(dp6318
g23
(lp6319
sg26
F1.0
sg27
g70
sbsg38
I1
sba(ilevel
LevelTile
p6320
(dp6321
g16
I00
sg17
I0
sg18
I00
sg19
I01
sg20
(ilevel
AnimatedTextureModel
p6322
(dp6323
g23
(lp6324
g25
asg26
F1.0
sg27
g25
sbsg28
(ilevel
AnimatedTextureModel
p6325
(dp6326
g23
(lp6327
Vwall_bulwark.png
p6328
asg26
F1.0
sg27
Vwall_bulwark.obj
p6329
sbsg32
(ilevel
AnimatedTextureModel
p6330
(dp6331
g23
(lp6332
g25
asg26
F1.0
sg27
g25
sbsg38
I1
sba(ilevel
LevelTile
p6333
(dp6334
g16
I00
sg17
I0
sg18
I01
sg19
I00
sg20
(ilevel
AnimatedTextureModel
p6335
(dp6336
g23
(lp6337
g25
asg26
F1.0
sg27
g25
sbsg28
(ilevel
AnimatedTextureModel
p6338
(dp6339
g23
(lp6340
g25
asg26
F1.0
sg27
g25
sbsg32
(ilevel
AnimatedTextureModel
p6341
(dp6342
g23
(lp6343
Vgrass.png
p6344
asg26
F1.0
sg27
Vfloor_flat.obj
p6345
sbsg38
I1
sba(ilevel
LevelTile
p6346
(dp6347
g16
I00
sg17
I0
sg18
I01
sg19
I00
sg20
(ilevel
AnimatedTextureModel
p6348
(dp6349
g23
(lp6350
g25
asg26
F1.0
sg27
g25
sbsg28
(ilevel
AnimatedTextureModel
p6351
(dp6352
g23
(lp6353
g25
asg26
F1.0
sg27
g25
sbsg32
(ilevel
AnimatedTextureModel
p6354
(dp6355
g23
(lp6356
Vgrass.png
p6357
asg26
F1.0
sg27
Vfloor_flat.obj
p6358
sbsg38
I1
sba(ilevel
LevelTile
p6359
(dp6360
g16
I00
sg17
I0
sg18
I01
sg19
I00
sg20
(ilevel
AnimatedTextureModel
p6361
(dp6362
g23
(lp6363
g25
asg26
F1.0
sg27
g25
sbsg28
(ilevel
AnimatedTextureModel
p6364
(dp6365
g23
(lp6366
g25
asg26
F1.0
sg27
g25
sbsg32
(ilevel
AnimatedTextureModel
p6367
(dp6368
g23
(lp6369
Vgrass.png
p6370
asg26
F1.0
sg27
Vfloor_flat.obj
p6371
sbsg38
I1
sba(ilevel
LevelTile
p6372
(dp6373
g16
I00
sg17
I0
sg18
I01
sg19
I00
sg20
(ilevel
AnimatedTextureModel
p6374
(dp6375
g23
(lp6376
g25
asg26
F1.0
sg27
g25
sbsg28
(ilevel
AnimatedTextureModel
p6377
(dp6378
g23
(lp6379
g25
asg26
F1.0
sg27
g25
sbsg32
(ilevel
AnimatedTextureModel
p6380
(dp6381
g23
(lp6382
Vgrass.png
p6383
asg26
F1.0
sg27
Vfloor_flat.obj
p6384
sbsg38
I1
sba(ilevel
LevelTile
p6385
(dp6386
g16
I00
sg17
I0
sg18
I01
sg19
I00
sg20
(ilevel
AnimatedTextureModel
p6387
(dp6388
g23
(lp6389
g25
asg26
F1.0
sg27
g25
sbsg28
(ilevel
AnimatedTextureModel
p6390
(dp6391
g23
(lp6392
g25
asg26
F1.0
sg27
g25
sbsg32
(ilevel
AnimatedTextureModel
p6393
(dp6394
g23
(lp6395
Vgrass.png
p6396
asg26
F1.0
sg27
Vfloor_flat.obj
p6397
sbsg38
I1
sba(ilevel
LevelTile
p6398
(dp6399
g16
I00
sg17
I0
sg18
I00
sg19
I01
sg20
(ilevel
AnimatedTextureModel
p6400
(dp6401
g23
(lp6402
g25
asg26
F1.0
sg27
g25
sbsg28
(ilevel
AnimatedTextureModel
p6403
(dp6404
g23
(lp6405
Vwall_bulwark.png
p6406
asg26
F1.0
sg27
Vwall_bulwark.obj
p6407
sbsg32
(ilevel
AnimatedTextureModel
p6408
(dp6409
g23
(lp6410
g25
asg26
F1.0
sg27
g25
sbsg38
I1
sba(ilevel
LevelTile
p6411
(dp6412
g16
I00
sg17
I0
sg18
I01
sg19
I00
sg20
(ilevel
AnimatedTextureModel
p6413
(dp6414
g23
(lp6415
sg26
F1.0
sg27
g70
sbsg28
(ilevel
AnimatedTextureModel
p6416
(dp6417
g23
(lp6418
sg26
F1.0
sg27
g70
sbsg32
(ilevel
AnimatedTextureModel
p6419
(dp6420
g23
(lp6421
sg26
F1.0
sg27
g70
sbsg38
I1
sba(ilevel
LevelTile
p6422
(dp6423
g16
I00
sg17
I0
sg18
I00
sg19
I01
sg20
(ilevel
AnimatedTextureModel
p6424
(dp6425
g23
(lp6426
g25
asg26
F1.0
sg27
g25
sbsg28
(ilevel
AnimatedTextureModel
p6427
(dp6428
g23
(lp6429
Vwall_bulwark.png
p6430
asg26
F1.0
sg27
Vwall_bulwark.obj
p6431
sbsg32
(ilevel
AnimatedTextureModel
p6432
(dp6433
g23
(lp6434
g25
asg26
F1.0
sg27
g25
sbsg38
I1
sba(ilevel
LevelTile
p6435
(dp6436
g16
I00
sg17
I0
sg18
I01
sg19
I00
sg20
(ilevel
AnimatedTextureModel
p6437
(dp6438
g23
(lp6439
g25
asg26
F1.0
sg27
g25
sbsg28
(ilevel
AnimatedTextureModel
p6440
(dp6441
g23
(lp6442
g25
asg26
F1.0
sg27
g25
sbsg32
(ilevel
AnimatedTextureModel
p6443
(dp6444
g23
(lp6445
Vgrass.png
p6446
asg26
F1.0
sg27
Vfloor_flat.obj
p6447
sbsg38
I1
sba(ilevel
LevelTile
p6448
(dp6449
g16
I00
sg17
I0
sg18
I01
sg19
I00
sg20
(ilevel
AnimatedTextureModel
p6450
(dp6451
g23
(lp6452
g25
asg26
F1.0
sg27
g25
sbsg28
(ilevel
AnimatedTextureModel
p6453
(dp6454
g23
(lp6455
g25
asg26
F1.0
sg27
g25
sbsg32
(ilevel
AnimatedTextureModel
p6456
(dp6457
g23
(lp6458
Vgrass.png
p6459
asg26
F1.0
sg27
Vfloor_flat.obj
p6460
sbsg38
I1
sba(ilevel
LevelTile
p6461
(dp6462
g16
I00
sg17
I0
sg18
I01
sg19
I00
sg20
(ilevel
AnimatedTextureModel
p6463
(dp6464
g23
(lp6465
g25
asg26
F1.0
sg27
g25
sbsg28
(ilevel
AnimatedTextureModel
p6466
(dp6467
g23
(lp6468
g25
asg26
F1.0
sg27
g25
sbsg32
(ilevel
AnimatedTextureModel
p6469
(dp6470
g23
(lp6471
Vpavement.png
p6472
asg26
F1.0
sg27
Vfloor_flat.obj
p6473
sbsg38
I1
sba(ilevel
LevelTile
p6474
(dp6475
g16
I00
sg17
I0
sg18
I01
sg19
I00
sg20
(ilevel
AnimatedTextureModel
p6476
(dp6477
g23
(lp6478
g25
asg26
F1.0
sg27
g25
sbsg28
(ilevel
AnimatedTextureModel
p6479
(dp6480
g23
(lp6481
g25
asg26
F1.0
sg27
g25
sbsg32
(ilevel
AnimatedTextureModel
p6482
(dp6483
g23
(lp6484
Vpavement.png
p6485
asg26
F1.0
sg27
Vfloor_flat.obj
p6486
sbsg38
I1
sba(ilevel
LevelTile
p6487
(dp6488
g16
I00
sg17
I0
sg18
I01
sg19
I00
sg20
(ilevel
AnimatedTextureModel
p6489
(dp6490
g23
(lp6491
g25
asg26
F1.0
sg27
g25
sbsg28
(ilevel
AnimatedTextureModel
p6492
(dp6493
g23
(lp6494
g25
asg26
F1.0
sg27
g25
sbsg32
(ilevel
AnimatedTextureModel
p6495
(dp6496
g23
(lp6497
Vpavement.png
p6498
asg26
F1.0
sg27
Vfloor_flat.obj
p6499
sbsg38
I1
sba(ilevel
LevelTile
p6500
(dp6501
g16
I00
sg17
I0
sg18
I01
sg19
I00
sg20
(ilevel
AnimatedTextureModel
p6502
(dp6503
g23
(lp6504
g25
asg26
F1.0
sg27
g25
sbsg28
(ilevel
AnimatedTextureModel
p6505
(dp6506
g23
(lp6507
g25
asg26
F1.0
sg27
g25
sbsg32
(ilevel
AnimatedTextureModel
p6508
(dp6509
g23
(lp6510
Vpavement.png
p6511
asg26
F1.0
sg27
Vfloor_flat.obj
p6512
sbsg38
I1
sba(ilevel
LevelTile
p6513
(dp6514
g16
I00
sg17
I0
sg18
I01
sg19
I00
sg20
(ilevel
AnimatedTextureModel
p6515
(dp6516
g23
(lp6517
g25
asg26
F1.0
sg27
g25
sbsg28
(ilevel
AnimatedTextureModel
p6518
(dp6519
g23
(lp6520
g25
asg26
F1.0
sg27
g25
sbsg32
(ilevel
AnimatedTextureModel
p6521
(dp6522
g23
(lp6523
Vpavement.png
p6524
asg26
F1.0
sg27
Vfloor_flat.obj
p6525
sbsg38
I1
sba(ilevel
LevelTile
p6526
(dp6527
g16
I00
sg17
I0
sg18
I01
sg19
I00
sg20
(ilevel
AnimatedTextureModel
p6528
(dp6529
g23
(lp6530
g25
asg26
F1.0
sg27
g25
sbsg28
(ilevel
AnimatedTextureModel
p6531
(dp6532
g23
(lp6533
g25
asg26
F1.0
sg27
g25
sbsg32
(ilevel
AnimatedTextureModel
p6534
(dp6535
g23
(lp6536
Vpavement.png
p6537
asg26
F1.0
sg27
Vfloor_flat.obj
p6538
sbsg38
I1
sba(ilevel
LevelTile
p6539
(dp6540
g16
I00
sg17
I0
sg18
I01
sg19
I00
sg20
(ilevel
AnimatedTextureModel
p6541
(dp6542
g23
(lp6543
g25
asg26
F1.0
sg27
g25
sbsg28
(ilevel
AnimatedTextureModel
p6544
(dp6545
g23
(lp6546
g25
asg26
F1.0
sg27
g25
sbsg32
(ilevel
AnimatedTextureModel
p6547
(dp6548
g23
(lp6549
Vpavement.png
p6550
asg26
F1.0
sg27
Vfloor_flat.obj
p6551
sbsg38
I1
sba(ilevel
LevelTile
p6552
(dp6553
g16
I00
sg17
I0
sg18
I01
sg19
I00
sg20
(ilevel
AnimatedTextureModel
p6554
(dp6555
g23
(lp6556
g25
asg26
F1.0
sg27
g25
sbsg28
(ilevel
AnimatedTextureModel
p6557
(dp6558
g23
(lp6559
g25
asg26
F1.0
sg27
g25
sbsg32
(ilevel
AnimatedTextureModel
p6560
(dp6561
g23
(lp6562
Vpavement.png
p6563
asg26
F1.0
sg27
Vfloor_flat.obj
p6564
sbsg38
I1
sba(ilevel
LevelTile
p6565
(dp6566
g16
I00
sg17
I0
sg18
I01
sg19
I00
sg20
(ilevel
AnimatedTextureModel
p6567
(dp6568
g23
(lp6569
g25
asg26
F1.0
sg27
g25
sbsg28
(ilevel
AnimatedTextureModel
p6570
(dp6571
g23
(lp6572
g25
asg26
F1.0
sg27
g25
sbsg32
(ilevel
AnimatedTextureModel
p6573
(dp6574
g23
(lp6575
Vpavement.png
p6576
asg26
F1.0
sg27
Vfloor_flat.obj
p6577
sbsg38
I1
sba(ilevel
LevelTile
p6578
(dp6579
g16
I00
sg17
I0
sg18
I01
sg19
I00
sg20
(ilevel
AnimatedTextureModel
p6580
(dp6581
g23
(lp6582
g25
asg26
F1.0
sg27
g25
sbsg28
(ilevel
AnimatedTextureModel
p6583
(dp6584
g23
(lp6585
g25
asg26
F1.0
sg27
g25
sbsg32
(ilevel
AnimatedTextureModel
p6586
(dp6587
g23
(lp6588
Vpavement.png
p6589
asg26
F1.0
sg27
Vfloor_flat.obj
p6590
sbsg38
I1
sba(ilevel
LevelTile
p6591
(dp6592
g16
I00
sg17
I0
sg18
I00
sg19
I01
sg20
(ilevel
AnimatedTextureModel
p6593
(dp6594
g23
(lp6595
g25
asg26
F1.0
sg27
g25
sbsg28
(ilevel
AnimatedTextureModel
p6596
(dp6597
g23
(lp6598
Vhouse.png
p6599
asg26
F1.0
sg27
Vwall_house.obj
p6600
sbsg32
(ilevel
AnimatedTextureModel
p6601
(dp6602
g23
(lp6603
g25
asg26
F1.0
sg27
g25
sbsg38
I1
sbaa(lp6604
(ilevel
LevelTile
p6605
(dp6606
g16
I00
sg17
I0
sg18
I01
sg19
I00
sg20
(ilevel
AnimatedTextureModel
p6607
(dp6608
g23
(lp6609
sg26
F1.0
sg27
g70
sbsg28
(ilevel
AnimatedTextureModel
p6610
(dp6611
g23
(lp6612
sg26
F1.0
sg27
g70
sbsg32
(ilevel
AnimatedTextureModel
p6613
(dp6614
g23
(lp6615
sg26
F1.0
sg27
g70
sbsg38
I1
sba(ilevel
LevelTile
p6616
(dp6617
g16
I00
sg17
I0
sg18
I01
sg19
I00
sg20
(ilevel
AnimatedTextureModel
p6618
(dp6619
g23
(lp6620
sg26
F1.0
sg27
g70
sbsg28
(ilevel
AnimatedTextureModel
p6621
(dp6622
g23
(lp6623
sg26
F1.0
sg27
g70
sbsg32
(ilevel
AnimatedTextureModel
p6624
(dp6625
g23
(lp6626
sg26
F1.0
sg27
g70
sbsg38
I1
sba(ilevel
LevelTile
p6627
(dp6628
g16
I00
sg17
I0
sg18
I01
sg19
I00
sg20
(ilevel
AnimatedTextureModel
p6629
(dp6630
g23
(lp6631
sg26
F1.0
sg27
g70
sbsg28
(ilevel
AnimatedTextureModel
p6632
(dp6633
g23
(lp6634
sg26
F1.0
sg27
g70
sbsg32
(ilevel
AnimatedTextureModel
p6635
(dp6636
g23
(lp6637
sg26
F1.0
sg27
g70
sbsg38
I1
sba(ilevel
LevelTile
p6638
(dp6639
g16
I00
sg17
I0
sg18
I00
sg19
I01
sg20
(ilevel
AnimatedTextureModel
p6640
(dp6641
g23
(lp6642
g25
asg26
F1.0
sg27
g25
sbsg28
(ilevel
AnimatedTextureModel
p6643
(dp6644
g23
(lp6645
Vwall_bulwark.png
p6646
asg26
F1.0
sg27
Vwall_bulwark.obj
p6647
sbsg32
(ilevel
AnimatedTextureModel
p6648
(dp6649
g23
(lp6650
g25
asg26
F1.0
sg27
g25
sbsg38
I1
sba(ilevel
LevelTile
p6651
(dp6652
g16
I00
sg17
I0
sg18
I01
sg19
I00
sg20
(ilevel
AnimatedTextureModel
p6653
(dp6654
g23
(lp6655
g25
asg26
F1.0
sg27
g25
sbsg28
(ilevel
AnimatedTextureModel
p6656
(dp6657
g23
(lp6658
g25
asg26
F1.0
sg27
g25
sbsg32
(ilevel
AnimatedTextureModel
p6659
(dp6660
g23
(lp6661
Vpavement.png
p6662
asg26
F1.0
sg27
Vfloor_flat.obj
p6663
sbsg38
I1
sba(ilevel
LevelTile
p6664
(dp6665
g16
I00
sg17
I0
sg18
I00
sg19
I01
sg20
(ilevel
AnimatedTextureModel
p6666
(dp6667
g23
(lp6668
g25
asg26
F1.0
sg27
g25
sbsg28
(ilevel
AnimatedTextureModel
p6669
(dp6670
g23
(lp6671
Vwall_bulwark.png
p6672
asg26
F1.0
sg27
Vwall_bulwark.obj
p6673
sbsg32
(ilevel
AnimatedTextureModel
p6674
(dp6675
g23
(lp6676
g25
asg26
F1.0
sg27
g25
sbsg38
I1
sba(ilevel
LevelTile
p6677
(dp6678
g16
I00
sg17
I0
sg18
I01
sg19
I00
sg20
(ilevel
AnimatedTextureModel
p6679
(dp6680
g23
(lp6681
sg26
F1.0
sg27
g70
sbsg28
(ilevel
AnimatedTextureModel
p6682
(dp6683
g23
(lp6684
sg26
F1.0
sg27
g70
sbsg32
(ilevel
AnimatedTextureModel
p6685
(dp6686
g23
(lp6687
sg26
F1.0
sg27
g70
sbsg38
I1
sba(ilevel
LevelTile
p6688
(dp6689
g16
I00
sg17
I0
sg18
I01
sg19
I00
sg20
(ilevel
AnimatedTextureModel
p6690
(dp6691
g23
(lp6692
sg26
F1.0
sg27
g70
sbsg28
(ilevel
AnimatedTextureModel
p6693
(dp6694
g23
(lp6695
sg26
F1.0
sg27
g70
sbsg32
(ilevel
AnimatedTextureModel
p6696
(dp6697
g23
(lp6698
sg26
F1.0
sg27
g70
sbsg38
I1
sba(ilevel
LevelTile
p6699
(dp6700
g16
I00
sg17
I0
sg18
I00
sg19
I01
sg20
(ilevel
AnimatedTextureModel
p6701
(dp6702
g23
(lp6703
g25
asg26
F1.0
sg27
g25
sbsg28
(ilevel
AnimatedTextureModel
p6704
(dp6705
g23
(lp6706
Vwall_bulwark.png
p6707
asg26
F1.0
sg27
Vwall_bulwark.obj
p6708
sbsg32
(ilevel
AnimatedTextureModel
p6709
(dp6710
g23
(lp6711
g25
asg26
F1.0
sg27
g25
sbsg38
I1
sba(ilevel
LevelTile
p6712
(dp6713
g16
I00
sg17
I0
sg18
I01
sg19
I00
sg20
(ilevel
AnimatedTextureModel
p6714
(dp6715
g23
(lp6716
g25
asg26
F1.0
sg27
g25
sbsg28
(ilevel
AnimatedTextureModel
p6717
(dp6718
g23
(lp6719
g25
asg26
F1.0
sg27
g25
sbsg32
(ilevel
AnimatedTextureModel
p6720
(dp6721
g23
(lp6722
Vgrass.png
p6723
asg26
F1.0
sg27
Vfloor_flat.obj
p6724
sbsg38
I1
sba(ilevel
LevelTile
p6725
(dp6726
g16
I00
sg17
I0
sg18
I01
sg19
I00
sg20
(ilevel
AnimatedTextureModel
p6727
(dp6728
g23
(lp6729
g25
asg26
F1.0
sg27
g25
sbsg28
(ilevel
AnimatedTextureModel
p6730
(dp6731
g23
(lp6732
g25
asg26
F1.0
sg27
g25
sbsg32
(ilevel
AnimatedTextureModel
p6733
(dp6734
g23
(lp6735
Vgrass.png
p6736
asg26
F1.0
sg27
Vfloor_flat.obj
p6737
sbsg38
I1
sba(ilevel
LevelTile
p6738
(dp6739
g16
I00
sg17
I0
sg18
I01
sg19
I00
sg20
(ilevel
AnimatedTextureModel
p6740
(dp6741
g23
(lp6742
g25
asg26
F1.0
sg27
g25
sbsg28
(ilevel
AnimatedTextureModel
p6743
(dp6744
g23
(lp6745
g25
asg26
F1.0
sg27
g25
sbsg32
(ilevel
AnimatedTextureModel
p6746
(dp6747
g23
(lp6748
Vgrass.png
p6749
asg26
F1.0
sg27
Vfloor_flat.obj
p6750
sbsg38
I1
sba(ilevel
LevelTile
p6751
(dp6752
g16
I00
sg17
I0
sg18
I01
sg19
I00
sg20
(ilevel
AnimatedTextureModel
p6753
(dp6754
g23
(lp6755
g25
asg26
F1.0
sg27
g25
sbsg28
(ilevel
AnimatedTextureModel
p6756
(dp6757
g23
(lp6758
g25
asg26
F1.0
sg27
g25
sbsg32
(ilevel
AnimatedTextureModel
p6759
(dp6760
g23
(lp6761
Vgrass.png
p6762
asg26
F1.0
sg27
Vfloor_flat.obj
p6763
sbsg38
I1
sba(ilevel
LevelTile
p6764
(dp6765
g16
I00
sg17
I0
sg18
I01
sg19
I00
sg20
(ilevel
AnimatedTextureModel
p6766
(dp6767
g23
(lp6768
g25
asg26
F1.0
sg27
g25
sbsg28
(ilevel
AnimatedTextureModel
p6769
(dp6770
g23
(lp6771
g25
asg26
F1.0
sg27
g25
sbsg32
(ilevel
AnimatedTextureModel
p6772
(dp6773
g23
(lp6774
Vgrass.png
p6775
asg26
F1.0
sg27
Vfloor_flat.obj
p6776
sbsg38
I1
sba(ilevel
LevelTile
p6777
(dp6778
g16
I00
sg17
I0
sg18
I00
sg19
I01
sg20
(ilevel
AnimatedTextureModel
p6779
(dp6780
g23
(lp6781
g25
asg26
F1.0
sg27
g25
sbsg28
(ilevel
AnimatedTextureModel
p6782
(dp6783
g23
(lp6784
Vwall_bulwark.png
p6785
asg26
F1.0
sg27
Vwall_bulwark.obj
p6786
sbsg32
(ilevel
AnimatedTextureModel
p6787
(dp6788
g23
(lp6789
g25
asg26
F1.0
sg27
g25
sbsg38
I1
sba(ilevel
LevelTile
p6790
(dp6791
g16
I00
sg17
I0
sg18
I01
sg19
I00
sg20
(ilevel
AnimatedTextureModel
p6792
(dp6793
g23
(lp6794
sg26
F1.0
sg27
g70
sbsg28
(ilevel
AnimatedTextureModel
p6795
(dp6796
g23
(lp6797
sg26
F1.0
sg27
g70
sbsg32
(ilevel
AnimatedTextureModel
p6798
(dp6799
g23
(lp6800
sg26
F1.0
sg27
g70
sbsg38
I1
sba(ilevel
LevelTile
p6801
(dp6802
g16
I00
sg17
I0
sg18
I00
sg19
I01
sg20
(ilevel
AnimatedTextureModel
p6803
(dp6804
g23
(lp6805
g25
asg26
F1.0
sg27
g25
sbsg28
(ilevel
AnimatedTextureModel
p6806
(dp6807
g23
(lp6808
Vwall_bulwark.png
p6809
asg26
F1.0
sg27
Vwall_bulwark.obj
p6810
sbsg32
(ilevel
AnimatedTextureModel
p6811
(dp6812
g23
(lp6813
g25
asg26
F1.0
sg27
g25
sbsg38
I1
sba(ilevel
LevelTile
p6814
(dp6815
g16
I00
sg17
I0
sg18
I01
sg19
I00
sg20
(ilevel
AnimatedTextureModel
p6816
(dp6817
g23
(lp6818
g25
asg26
F1.0
sg27
g25
sbsg28
(ilevel
AnimatedTextureModel
p6819
(dp6820
g23
(lp6821
g25
asg26
F1.0
sg27
g25
sbsg32
(ilevel
AnimatedTextureModel
p6822
(dp6823
g23
(lp6824
Vgrass.png
p6825
asg26
F1.0
sg27
Vfloor_flat.obj
p6826
sbsg38
I1
sba(ilevel
LevelTile
p6827
(dp6828
g16
I00
sg17
I0
sg18
I01
sg19
I00
sg20
(ilevel
AnimatedTextureModel
p6829
(dp6830
g23
(lp6831
g25
asg26
F1.0
sg27
g25
sbsg28
(ilevel
AnimatedTextureModel
p6832
(dp6833
g23
(lp6834
g25
asg26
F1.0
sg27
g25
sbsg32
(ilevel
AnimatedTextureModel
p6835
(dp6836
g23
(lp6837
Vgrass.png
p6838
asg26
F1.0
sg27
Vfloor_flat.obj
p6839
sbsg38
I1
sba(ilevel
LevelTile
p6840
(dp6841
g16
I00
sg17
I0
sg18
I00
sg19
I01
sg20
(ilevel
AnimatedTextureModel
p6842
(dp6843
g23
(lp6844
g25
asg26
F1.0
sg27
g25
sbsg28
(ilevel
AnimatedTextureModel
p6845
(dp6846
g23
(lp6847
Vwall_bulwark.png
p6848
asg26
F1.0
sg27
Vwall_bulwark.obj
p6849
sbsg32
(ilevel
AnimatedTextureModel
p6850
(dp6851
g23
(lp6852
g25
asg26
F1.0
sg27
g25
sbsg38
I1
sba(ilevel
LevelTile
p6853
(dp6854
g16
I00
sg17
I0
sg18
I00
sg19
I01
sg20
(ilevel
AnimatedTextureModel
p6855
(dp6856
g23
(lp6857
g25
asg26
F1.0
sg27
g25
sbsg28
(ilevel
AnimatedTextureModel
p6858
(dp6859
g23
(lp6860
Vwall_bulwark.png
p6861
asg26
F1.0
sg27
Vwall_bulwark.obj
p6862
sbsg32
(ilevel
AnimatedTextureModel
p6863
(dp6864
g23
(lp6865
g25
asg26
F1.0
sg27
g25
sbsg38
I1
sba(ilevel
LevelTile
p6866
(dp6867
g16
I00
sg17
I0
sg18
I00
sg19
I01
sg20
(ilevel
AnimatedTextureModel
p6868
(dp6869
g23
(lp6870
g25
asg26
F1.0
sg27
g25
sbsg28
(ilevel
AnimatedTextureModel
p6871
(dp6872
g23
(lp6873
Vwall_bulwark.png
p6874
asg26
F1.0
sg27
Vwall_bulwark.obj
p6875
sbsg32
(ilevel
AnimatedTextureModel
p6876
(dp6877
g23
(lp6878
g25
asg26
F1.0
sg27
g25
sbsg38
I1
sba(ilevel
LevelTile
p6879
(dp6880
g16
I00
sg17
I0
sg18
I00
sg19
I01
sg20
(ilevel
AnimatedTextureModel
p6881
(dp6882
g23
(lp6883
g25
asg26
F1.0
sg27
g25
sbsg28
(ilevel
AnimatedTextureModel
p6884
(dp6885
g23
(lp6886
Vwall_bulwark.png
p6887
asg26
F1.0
sg27
Vwall_bulwark.obj
p6888
sbsg32
(ilevel
AnimatedTextureModel
p6889
(dp6890
g23
(lp6891
g25
asg26
F1.0
sg27
g25
sbsg38
I1
sba(ilevel
LevelTile
p6892
(dp6893
g16
I00
sg17
I0
sg18
I00
sg19
I01
sg20
(ilevel
AnimatedTextureModel
p6894
(dp6895
g23
(lp6896
g25
asg26
F1.0
sg27
g25
sbsg28
(ilevel
AnimatedTextureModel
p6897
(dp6898
g23
(lp6899
Vwall_bulwark.png
p6900
asg26
F1.0
sg27
Vwall_bulwark.obj
p6901
sbsg32
(ilevel
AnimatedTextureModel
p6902
(dp6903
g23
(lp6904
g25
asg26
F1.0
sg27
g25
sbsg38
I1
sba(ilevel
LevelTile
p6905
(dp6906
g16
I00
sg17
I0
sg18
I00
sg19
I01
sg20
(ilevel
AnimatedTextureModel
p6907
(dp6908
g23
(lp6909
g25
asg26
F1.0
sg27
g25
sbsg28
(ilevel
AnimatedTextureModel
p6910
(dp6911
g23
(lp6912
Vwall_bulwark.png
p6913
asg26
F1.0
sg27
Vwall_bulwark.obj
p6914
sbsg32
(ilevel
AnimatedTextureModel
p6915
(dp6916
g23
(lp6917
g25
asg26
F1.0
sg27
g25
sbsg38
I1
sba(ilevel
LevelTile
p6918
(dp6919
g16
I00
sg17
I0
sg18
I00
sg19
I01
sg20
(ilevel
AnimatedTextureModel
p6920
(dp6921
g23
(lp6922
g25
asg26
F1.0
sg27
g25
sbsg28
(ilevel
AnimatedTextureModel
p6923
(dp6924
g23
(lp6925
Vwall_bulwark.png
p6926
asg26
F1.0
sg27
Vwall_bulwark.obj
p6927
sbsg32
(ilevel
AnimatedTextureModel
p6928
(dp6929
g23
(lp6930
g25
asg26
F1.0
sg27
g25
sbsg38
I1
sba(ilevel
LevelTile
p6931
(dp6932
g16
I00
sg17
I0
sg18
I00
sg19
I01
sg20
(ilevel
AnimatedTextureModel
p6933
(dp6934
g23
(lp6935
g25
asg26
F1.0
sg27
g25
sbsg28
(ilevel
AnimatedTextureModel
p6936
(dp6937
g23
(lp6938
Vwall_bulwark.png
p6939
asg26
F1.0
sg27
Vwall_bulwark.obj
p6940
sbsg32
(ilevel
AnimatedTextureModel
p6941
(dp6942
g23
(lp6943
g25
asg26
F1.0
sg27
g25
sbsg38
I1
sba(ilevel
LevelTile
p6944
(dp6945
g16
I00
sg17
I0
sg18
I01
sg19
I00
sg20
(ilevel
AnimatedTextureModel
p6946
(dp6947
g23
(lp6948
g25
asg26
F1.0
sg27
g25
sbsg28
(ilevel
AnimatedTextureModel
p6949
(dp6950
g23
(lp6951
g25
asg26
F1.0
sg27
g25
sbsg32
(ilevel
AnimatedTextureModel
p6952
(dp6953
g23
(lp6954
Vpavement.png
p6955
asg26
F1.0
sg27
Vfloor_flat.obj
p6956
sbsg38
I1
sba(ilevel
LevelTile
p6957
(dp6958
g16
I00
sg17
I0
sg18
I01
sg19
I00
sg20
(ilevel
AnimatedTextureModel
p6959
(dp6960
g23
(lp6961
g25
asg26
F1.0
sg27
g25
sbsg28
(ilevel
AnimatedTextureModel
p6962
(dp6963
g23
(lp6964
g25
asg26
F1.0
sg27
g25
sbsg32
(ilevel
AnimatedTextureModel
p6965
(dp6966
g23
(lp6967
Vpavement.png
p6968
asg26
F1.0
sg27
Vfloor_flat.obj
p6969
sbsg38
I1
sba(ilevel
LevelTile
p6970
(dp6971
g16
I00
sg17
I0
sg18
I00
sg19
I01
sg20
(ilevel
AnimatedTextureModel
p6972
(dp6973
g23
(lp6974
g25
asg26
F1.0
sg27
g25
sbsg28
(ilevel
AnimatedTextureModel
p6975
(dp6976
g23
(lp6977
Vwall_bulwark.png
p6978
asg26
F1.0
sg27
Vwall_bulwark.obj
p6979
sbsg32
(ilevel
AnimatedTextureModel
p6980
(dp6981
g23
(lp6982
g25
asg26
F1.0
sg27
g25
sbsg38
I1
sbaa(lp6983
(ilevel
LevelTile
p6984
(dp6985
g16
I00
sg17
I0
sg18
I01
sg19
I00
sg20
(ilevel
AnimatedTextureModel
p6986
(dp6987
g23
(lp6988
sg26
F1.0
sg27
g70
sbsg28
(ilevel
AnimatedTextureModel
p6989
(dp6990
g23
(lp6991
sg26
F1.0
sg27
g70
sbsg32
(ilevel
AnimatedTextureModel
p6992
(dp6993
g23
(lp6994
sg26
F1.0
sg27
g70
sbsg38
I1
sba(ilevel
LevelTile
p6995
(dp6996
g16
I00
sg17
I0
sg18
I01
sg19
I00
sg20
(ilevel
AnimatedTextureModel
p6997
(dp6998
g23
(lp6999
sg26
F1.0
sg27
g70
sbsg28
(ilevel
AnimatedTextureModel
p7000
(dp7001
g23
(lp7002
sg26
F1.0
sg27
g70
sbsg32
(ilevel
AnimatedTextureModel
p7003
(dp7004
g23
(lp7005
sg26
F1.0
sg27
g70
sbsg38
I1
sba(ilevel
LevelTile
p7006
(dp7007
g16
I00
sg17
I0
sg18
I01
sg19
I00
sg20
(ilevel
AnimatedTextureModel
p7008
(dp7009
g23
(lp7010
sg26
F1.0
sg27
g70
sbsg28
(ilevel
AnimatedTextureModel
p7011
(dp7012
g23
(lp7013
sg26
F1.0
sg27
g70
sbsg32
(ilevel
AnimatedTextureModel
p7014
(dp7015
g23
(lp7016
sg26
F1.0
sg27
g70
sbsg38
I1
sba(ilevel
LevelTile
p7017
(dp7018
g16
I00
sg17
I0
sg18
I00
sg19
I01
sg20
(ilevel
AnimatedTextureModel
p7019
(dp7020
g23
(lp7021
g25
asg26
F1.0
sg27
g25
sbsg28
(ilevel
AnimatedTextureModel
p7022
(dp7023
g23
(lp7024
Vwall_bulwark.png
p7025
asg26
F1.0
sg27
Vwall_bulwark.obj
p7026
sbsg32
(ilevel
AnimatedTextureModel
p7027
(dp7028
g23
(lp7029
g25
asg26
F1.0
sg27
g25
sbsg38
I1
sba(ilevel
LevelTile
p7030
(dp7031
g16
I00
sg17
I0
sg18
I01
sg19
I00
sg20
(ilevel
AnimatedTextureModel
p7032
(dp7033
g23
(lp7034
g25
asg26
F1.0
sg27
g25
sbsg28
(ilevel
AnimatedTextureModel
p7035
(dp7036
g23
(lp7037
g25
asg26
F1.0
sg27
g25
sbsg32
(ilevel
AnimatedTextureModel
p7038
(dp7039
g23
(lp7040
Vpavement.png
p7041
asg26
F1.0
sg27
Vfloor_flat.obj
p7042
sbsg38
I1
sba(ilevel
LevelTile
p7043
(dp7044
g16
I00
sg17
I0
sg18
I00
sg19
I01
sg20
(ilevel
AnimatedTextureModel
p7045
(dp7046
g23
(lp7047
g25
asg26
F1.0
sg27
g25
sbsg28
(ilevel
AnimatedTextureModel
p7048
(dp7049
g23
(lp7050
Vwall_bulwark.png
p7051
asg26
F1.0
sg27
Vwall_bulwark.obj
p7052
sbsg32
(ilevel
AnimatedTextureModel
p7053
(dp7054
g23
(lp7055
g25
asg26
F1.0
sg27
g25
sbsg38
I1
sba(ilevel
LevelTile
p7056
(dp7057
g16
I00
sg17
I0
sg18
I00
sg19
I01
sg20
(ilevel
AnimatedTextureModel
p7058
(dp7059
g23
(lp7060
g25
asg26
F1.0
sg27
g25
sbsg28
(ilevel
AnimatedTextureModel
p7061
(dp7062
g23
(lp7063
Vwall_bulwark.png
p7064
asg26
F1.0
sg27
Vwall_bulwark.obj
p7065
sbsg32
(ilevel
AnimatedTextureModel
p7066
(dp7067
g23
(lp7068
g25
asg26
F1.0
sg27
g25
sbsg38
I1
sba(ilevel
LevelTile
p7069
(dp7070
g16
I00
sg17
I0
sg18
I00
sg19
I01
sg20
(ilevel
AnimatedTextureModel
p7071
(dp7072
g23
(lp7073
g25
asg26
F1.0
sg27
g25
sbsg28
(ilevel
AnimatedTextureModel
p7074
(dp7075
g23
(lp7076
Vwall_bulwark.png
p7077
asg26
F1.0
sg27
Vwall_bulwark.obj
p7078
sbsg32
(ilevel
AnimatedTextureModel
p7079
(dp7080
g23
(lp7081
g25
asg26
F1.0
sg27
g25
sbsg38
I1
sba(ilevel
LevelTile
p7082
(dp7083
g16
I00
sg17
I0
sg18
I00
sg19
I01
sg20
(ilevel
AnimatedTextureModel
p7084
(dp7085
g23
(lp7086
g25
asg26
F1.0
sg27
g25
sbsg28
(ilevel
AnimatedTextureModel
p7087
(dp7088
g23
(lp7089
Vwall_bulwark.png
p7090
asg26
F1.0
sg27
Vwall_bulwark.obj
p7091
sbsg32
(ilevel
AnimatedTextureModel
p7092
(dp7093
g23
(lp7094
g25
asg26
F1.0
sg27
g25
sbsg38
I1
sba(ilevel
LevelTile
p7095
(dp7096
g16
I00
sg17
I0
sg18
I01
sg19
I00
sg20
(ilevel
AnimatedTextureModel
p7097
(dp7098
g23
(lp7099
g25
asg26
F1.0
sg27
g25
sbsg28
(ilevel
AnimatedTextureModel
p7100
(dp7101
g23
(lp7102
g25
asg26
F1.0
sg27
g25
sbsg32
(ilevel
AnimatedTextureModel
p7103
(dp7104
g23
(lp7105
Vgrass.png
p7106
asg26
F1.0
sg27
Vfloor_flat.obj
p7107
sbsg38
I1
sba(ilevel
LevelTile
p7108
(dp7109
g16
I00
sg17
I0
sg18
I01
sg19
I00
sg20
(ilevel
AnimatedTextureModel
p7110
(dp7111
g23
(lp7112
g25
asg26
F1.0
sg27
g25
sbsg28
(ilevel
AnimatedTextureModel
p7113
(dp7114
g23
(lp7115
g25
asg26
F1.0
sg27
g25
sbsg32
(ilevel
AnimatedTextureModel
p7116
(dp7117
g23
(lp7118
Vgrass.png
p7119
asg26
F1.0
sg27
Vfloor_flat.obj
p7120
sbsg38
I1
sba(ilevel
LevelTile
p7121
(dp7122
g16
I00
sg17
I0
sg18
I00
sg19
I01
sg20
(ilevel
AnimatedTextureModel
p7123
(dp7124
g23
(lp7125
g25
asg26
F1.0
sg27
g25
sbsg28
(ilevel
AnimatedTextureModel
p7126
(dp7127
g23
(lp7128
Vwall_bulwark.png
p7129
asg26
F1.0
sg27
Vwall_bulwark.obj
p7130
sbsg32
(ilevel
AnimatedTextureModel
p7131
(dp7132
g23
(lp7133
g25
asg26
F1.0
sg27
g25
sbsg38
I1
sba(ilevel
LevelTile
p7134
(dp7135
g16
I00
sg17
I0
sg18
I00
sg19
I01
sg20
(ilevel
AnimatedTextureModel
p7136
(dp7137
g23
(lp7138
g25
asg26
F1.0
sg27
g25
sbsg28
(ilevel
AnimatedTextureModel
p7139
(dp7140
g23
(lp7141
Vwall_bulwark.png
p7142
asg26
F1.0
sg27
Vwall_bulwark.obj
p7143
sbsg32
(ilevel
AnimatedTextureModel
p7144
(dp7145
g23
(lp7146
g25
asg26
F1.0
sg27
g25
sbsg38
I1
sba(ilevel
LevelTile
p7147
(dp7148
g16
I00
sg17
I0
sg18
I00
sg19
I01
sg20
(ilevel
AnimatedTextureModel
p7149
(dp7150
g23
(lp7151
g25
asg26
F1.0
sg27
g25
sbsg28
(ilevel
AnimatedTextureModel
p7152
(dp7153
g23
(lp7154
Vwall_bulwark.png
p7155
asg26
F1.0
sg27
Vwall_bulwark.obj
p7156
sbsg32
(ilevel
AnimatedTextureModel
p7157
(dp7158
g23
(lp7159
g25
asg26
F1.0
sg27
g25
sbsg38
I1
sba(ilevel
LevelTile
p7160
(dp7161
g16
I00
sg17
I0
sg18
I00
sg19
I01
sg20
(ilevel
AnimatedTextureModel
p7162
(dp7163
g23
(lp7164
g25
asg26
F1.0
sg27
g25
sbsg28
(ilevel
AnimatedTextureModel
p7165
(dp7166
g23
(lp7167
Vwall_bulwark.png
p7168
asg26
F1.0
sg27
Vwall_bulwark.obj
p7169
sbsg32
(ilevel
AnimatedTextureModel
p7170
(dp7171
g23
(lp7172
g25
asg26
F1.0
sg27
g25
sbsg38
I1
sba(ilevel
LevelTile
p7173
(dp7174
g16
I00
sg17
I0
sg18
I01
sg19
I00
sg20
(ilevel
AnimatedTextureModel
p7175
(dp7176
g23
(lp7177
sg26
F1.0
sg27
g70
sbsg28
(ilevel
AnimatedTextureModel
p7178
(dp7179
g23
(lp7180
sg26
F1.0
sg27
g70
sbsg32
(ilevel
AnimatedTextureModel
p7181
(dp7182
g23
(lp7183
sg26
F1.0
sg27
g70
sbsg38
I1
sba(ilevel
LevelTile
p7184
(dp7185
g16
I00
sg17
I0
sg18
I00
sg19
I01
sg20
(ilevel
AnimatedTextureModel
p7186
(dp7187
g23
(lp7188
g25
asg26
F1.0
sg27
g25
sbsg28
(ilevel
AnimatedTextureModel
p7189
(dp7190
g23
(lp7191
Vwall_bulwark.png
p7192
asg26
F1.0
sg27
Vwall_bulwark.obj
p7193
sbsg32
(ilevel
AnimatedTextureModel
p7194
(dp7195
g23
(lp7196
g25
asg26
F1.0
sg27
g25
sbsg38
I1
sba(ilevel
LevelTile
p7197
(dp7198
g16
I00
sg17
I0
sg18
I01
sg19
I00
sg20
(ilevel
AnimatedTextureModel
p7199
(dp7200
g23
(lp7201
g25
asg26
F1.0
sg27
g25
sbsg28
(ilevel
AnimatedTextureModel
p7202
(dp7203
g23
(lp7204
g25
asg26
F1.0
sg27
g25
sbsg32
(ilevel
AnimatedTextureModel
p7205
(dp7206
g23
(lp7207
Vgrass.png
p7208
asg26
F1.0
sg27
Vfloor_flat.obj
p7209
sbsg38
I1
sba(ilevel
LevelTile
p7210
(dp7211
g16
I00
sg17
I0
sg18
I01
sg19
I00
sg20
(ilevel
AnimatedTextureModel
p7212
(dp7213
g23
(lp7214
g25
asg26
F1.0
sg27
g25
sbsg28
(ilevel
AnimatedTextureModel
p7215
(dp7216
g23
(lp7217
g25
asg26
F1.0
sg27
g25
sbsg32
(ilevel
AnimatedTextureModel
p7218
(dp7219
g23
(lp7220
Vgrass.png
p7221
asg26
F1.0
sg27
Vfloor_flat.obj
p7222
sbsg38
I1
sba(ilevel
LevelTile
p7223
(dp7224
g16
I00
sg17
I0
sg18
I00
sg19
I01
sg20
(ilevel
AnimatedTextureModel
p7225
(dp7226
g23
(lp7227
g25
asg26
F1.0
sg27
g25
sbsg28
(ilevel
AnimatedTextureModel
p7228
(dp7229
g23
(lp7230
Vwall_bulwark.png
p7231
asg26
F1.0
sg27
Vwall_bulwark.obj
p7232
sbsg32
(ilevel
AnimatedTextureModel
p7233
(dp7234
g23
(lp7235
g25
asg26
F1.0
sg27
g25
sbsg38
I1
sba(ilevel
LevelTile
p7236
(dp7237
g16
I00
sg17
I0
sg18
I01
sg19
I00
sg20
(ilevel
AnimatedTextureModel
p7238
(dp7239
g23
(lp7240
g25
asg26
F1.0
sg27
g25
sbsg28
(ilevel
AnimatedTextureModel
p7241
(dp7242
g23
(lp7243
g25
asg26
F1.0
sg27
g25
sbsg32
(ilevel
AnimatedTextureModel
p7244
(dp7245
g23
(lp7246
Vpavement.png
p7247
asg26
F1.0
sg27
Vfloor_flat.obj
p7248
sbsg38
I1
sba(ilevel
LevelTile
p7249
(dp7250
g16
I00
sg17
I0
sg18
I01
sg19
I00
sg20
(ilevel
AnimatedTextureModel
p7251
(dp7252
g23
(lp7253
g25
asg26
F1.0
sg27
g25
sbsg28
(ilevel
AnimatedTextureModel
p7254
(dp7255
g23
(lp7256
g25
asg26
F1.0
sg27
g25
sbsg32
(ilevel
AnimatedTextureModel
p7257
(dp7258
g23
(lp7259
Vpavement.png
p7260
asg26
F1.0
sg27
Vfloor_flat.obj
p7261
sbsg38
I1
sba(ilevel
LevelTile
p7262
(dp7263
g16
I00
sg17
I0
sg18
I01
sg19
I00
sg20
(ilevel
AnimatedTextureModel
p7264
(dp7265
g23
(lp7266
g25
asg26
F1.0
sg27
g25
sbsg28
(ilevel
AnimatedTextureModel
p7267
(dp7268
g23
(lp7269
g25
asg26
F1.0
sg27
g25
sbsg32
(ilevel
AnimatedTextureModel
p7270
(dp7271
g23
(lp7272
Vpavement.png
p7273
asg26
F1.0
sg27
Vfloor_flat.obj
p7274
sbsg38
I1
sba(ilevel
LevelTile
p7275
(dp7276
g16
I00
sg17
I0
sg18
I01
sg19
I00
sg20
(ilevel
AnimatedTextureModel
p7277
(dp7278
g23
(lp7279
g25
asg26
F1.0
sg27
g25
sbsg28
(ilevel
AnimatedTextureModel
p7280
(dp7281
g23
(lp7282
g25
asg26
F1.0
sg27
g25
sbsg32
(ilevel
AnimatedTextureModel
p7283
(dp7284
g23
(lp7285
Vpavement.png
p7286
asg26
F1.0
sg27
Vfloor_flat.obj
p7287
sbsg38
I1
sba(ilevel
LevelTile
p7288
(dp7289
g16
I00
sg17
I0
sg18
I01
sg19
I00
sg20
(ilevel
AnimatedTextureModel
p7290
(dp7291
g23
(lp7292
g25
asg26
F1.0
sg27
g25
sbsg28
(ilevel
AnimatedTextureModel
p7293
(dp7294
g23
(lp7295
g25
asg26
F1.0
sg27
g25
sbsg32
(ilevel
AnimatedTextureModel
p7296
(dp7297
g23
(lp7298
Vpavement.png
p7299
asg26
F1.0
sg27
Vfloor_flat.obj
p7300
sbsg38
I1
sba(ilevel
LevelTile
p7301
(dp7302
g16
I00
sg17
I0
sg18
I01
sg19
I00
sg20
(ilevel
AnimatedTextureModel
p7303
(dp7304
g23
(lp7305
g25
asg26
F1.0
sg27
g25
sbsg28
(ilevel
AnimatedTextureModel
p7306
(dp7307
g23
(lp7308
g25
asg26
F1.0
sg27
g25
sbsg32
(ilevel
AnimatedTextureModel
p7309
(dp7310
g23
(lp7311
Vpavement.png
p7312
asg26
F1.0
sg27
Vfloor_flat.obj
p7313
sbsg38
I1
sba(ilevel
LevelTile
p7314
(dp7315
g16
I00
sg17
I0
sg18
I01
sg19
I00
sg20
(ilevel
AnimatedTextureModel
p7316
(dp7317
g23
(lp7318
g25
asg26
F1.0
sg27
g25
sbsg28
(ilevel
AnimatedTextureModel
p7319
(dp7320
g23
(lp7321
g25
asg26
F1.0
sg27
g25
sbsg32
(ilevel
AnimatedTextureModel
p7322
(dp7323
g23
(lp7324
Vpavement.png
p7325
asg26
F1.0
sg27
Vfloor_flat.obj
p7326
sbsg38
I1
sba(ilevel
LevelTile
p7327
(dp7328
g16
I00
sg17
I0
sg18
I01
sg19
I00
sg20
(ilevel
AnimatedTextureModel
p7329
(dp7330
g23
(lp7331
g25
asg26
F1.0
sg27
g25
sbsg28
(ilevel
AnimatedTextureModel
p7332
(dp7333
g23
(lp7334
g25
asg26
F1.0
sg27
g25
sbsg32
(ilevel
AnimatedTextureModel
p7335
(dp7336
g23
(lp7337
Vpavement.png
p7338
asg26
F1.0
sg27
Vfloor_flat.obj
p7339
sbsg38
I1
sba(ilevel
LevelTile
p7340
(dp7341
g16
I00
sg17
I0
sg18
I01
sg19
I00
sg20
(ilevel
AnimatedTextureModel
p7342
(dp7343
g23
(lp7344
g25
asg26
F1.0
sg27
g25
sbsg28
(ilevel
AnimatedTextureModel
p7345
(dp7346
g23
(lp7347
g25
asg26
F1.0
sg27
g25
sbsg32
(ilevel
AnimatedTextureModel
p7348
(dp7349
g23
(lp7350
Vpavement.png
p7351
asg26
F1.0
sg27
Vfloor_flat.obj
p7352
sbsg38
I1
sba(ilevel
LevelTile
p7353
(dp7354
g16
I00
sg17
I0
sg18
I00
sg19
I01
sg20
(ilevel
AnimatedTextureModel
p7355
(dp7356
g23
(lp7357
g25
asg26
F1.0
sg27
g25
sbsg28
(ilevel
AnimatedTextureModel
p7358
(dp7359
g23
(lp7360
Vwall_bulwark.png
p7361
asg26
F1.0
sg27
Vwall_bulwark.obj
p7362
sbsg32
(ilevel
AnimatedTextureModel
p7363
(dp7364
g23
(lp7365
g25
asg26
F1.0
sg27
g25
sbsg38
I1
sbaa(lp7366
(ilevel
LevelTile
p7367
(dp7368
g16
I00
sg17
I0
sg18
I01
sg19
I00
sg20
(ilevel
AnimatedTextureModel
p7369
(dp7370
g23
(lp7371
sg26
F1.0
sg27
g70
sbsg28
(ilevel
AnimatedTextureModel
p7372
(dp7373
g23
(lp7374
sg26
F1.0
sg27
g70
sbsg32
(ilevel
AnimatedTextureModel
p7375
(dp7376
g23
(lp7377
sg26
F1.0
sg27
g70
sbsg38
I1
sba(ilevel
LevelTile
p7378
(dp7379
g16
I00
sg17
I0
sg18
I01
sg19
I00
sg20
(ilevel
AnimatedTextureModel
p7380
(dp7381
g23
(lp7382
sg26
F1.0
sg27
g70
sbsg28
(ilevel
AnimatedTextureModel
p7383
(dp7384
g23
(lp7385
sg26
F1.0
sg27
g70
sbsg32
(ilevel
AnimatedTextureModel
p7386
(dp7387
g23
(lp7388
sg26
F1.0
sg27
g70
sbsg38
I1
sba(ilevel
LevelTile
p7389
(dp7390
g16
I00
sg17
I0
sg18
I01
sg19
I00
sg20
(ilevel
AnimatedTextureModel
p7391
(dp7392
g23
(lp7393
sg26
F1.0
sg27
g70
sbsg28
(ilevel
AnimatedTextureModel
p7394
(dp7395
g23
(lp7396
sg26
F1.0
sg27
g70
sbsg32
(ilevel
AnimatedTextureModel
p7397
(dp7398
g23
(lp7399
sg26
F1.0
sg27
g70
sbsg38
I1
sba(ilevel
LevelTile
p7400
(dp7401
g16
I00
sg17
I0
sg18
I00
sg19
I01
sg20
(ilevel
AnimatedTextureModel
p7402
(dp7403
g23
(lp7404
g25
asg26
F1.0
sg27
g25
sbsg28
(ilevel
AnimatedTextureModel
p7405
(dp7406
g23
(lp7407
Vwall_bulwark.png
p7408
asg26
F1.0
sg27
Vwall_bulwark.obj
p7409
sbsg32
(ilevel
AnimatedTextureModel
p7410
(dp7411
g23
(lp7412
g25
asg26
F1.0
sg27
g25
sbsg38
I1
sba(ilevel
LevelTile
p7413
(dp7414
g16
I00
sg17
I0
sg18
I01
sg19
I00
sg20
(ilevel
AnimatedTextureModel
p7415
(dp7416
g23
(lp7417
g25
asg26
F1.0
sg27
g25
sbsg28
(ilevel
AnimatedTextureModel
p7418
(dp7419
g23
(lp7420
g25
asg26
F1.0
sg27
g25
sbsg32
(ilevel
AnimatedTextureModel
p7421
(dp7422
g23
(lp7423
Vpavement.png
p7424
asg26
F1.0
sg27
Vfloor_flat.obj
p7425
sbsg38
I1
sba(ilevel
LevelTile
p7426
(dp7427
g16
I00
sg17
I0
sg18
I01
sg19
I00
sg20
(ilevel
AnimatedTextureModel
p7428
(dp7429
g23
(lp7430
g25
asg26
F1.0
sg27
g25
sbsg28
(ilevel
AnimatedTextureModel
p7431
(dp7432
g23
(lp7433
g25
asg26
F1.0
sg27
g25
sbsg32
(ilevel
AnimatedTextureModel
p7434
(dp7435
g23
(lp7436
Vpavement.png
p7437
asg26
F1.0
sg27
Vfloor_flat.obj
p7438
sbsg38
I1
sba(ilevel
LevelTile
p7439
(dp7440
g16
I00
sg17
I0
sg18
I01
sg19
I00
sg20
(ilevel
AnimatedTextureModel
p7441
(dp7442
g23
(lp7443
g25
asg26
F1.0
sg27
g25
sbsg28
(ilevel
AnimatedTextureModel
p7444
(dp7445
g23
(lp7446
g25
asg26
F1.0
sg27
g25
sbsg32
(ilevel
AnimatedTextureModel
p7447
(dp7448
g23
(lp7449
Vpavement.png
p7450
asg26
F1.0
sg27
Vfloor_flat.obj
p7451
sbsg38
I1
sba(ilevel
LevelTile
p7452
(dp7453
g16
I00
sg17
I0
sg18
I01
sg19
I00
sg20
(ilevel
AnimatedTextureModel
p7454
(dp7455
g23
(lp7456
g25
asg26
F1.0
sg27
g25
sbsg28
(ilevel
AnimatedTextureModel
p7457
(dp7458
g23
(lp7459
g25
asg26
F1.0
sg27
g25
sbsg32
(ilevel
AnimatedTextureModel
p7460
(dp7461
g23
(lp7462
Vpavement.png
p7463
asg26
F1.0
sg27
Vfloor_flat.obj
p7464
sbsg38
I1
sba(ilevel
LevelTile
p7465
(dp7466
g16
I00
sg17
I0
sg18
I01
sg19
I00
sg20
(ilevel
AnimatedTextureModel
p7467
(dp7468
g23
(lp7469
g25
asg26
F1.0
sg27
g25
sbsg28
(ilevel
AnimatedTextureModel
p7470
(dp7471
g23
(lp7472
g25
asg26
F1.0
sg27
g25
sbsg32
(ilevel
AnimatedTextureModel
p7473
(dp7474
g23
(lp7475
Vpavement.png
p7476
asg26
F1.0
sg27
Vfloor_flat.obj
p7477
sbsg38
I1
sba(ilevel
LevelTile
p7478
(dp7479
g16
I00
sg17
I0
sg18
I01
sg19
I00
sg20
(ilevel
AnimatedTextureModel
p7480
(dp7481
g23
(lp7482
g25
asg26
F1.0
sg27
g25
sbsg28
(ilevel
AnimatedTextureModel
p7483
(dp7484
g23
(lp7485
g25
asg26
F1.0
sg27
g25
sbsg32
(ilevel
AnimatedTextureModel
p7486
(dp7487
g23
(lp7488
Vpavement.png
p7489
asg26
F1.0
sg27
Vfloor_flat.obj
p7490
sbsg38
I1
sba(ilevel
LevelTile
p7491
(dp7492
g16
I00
sg17
I0
sg18
I01
sg19
I00
sg20
(ilevel
AnimatedTextureModel
p7493
(dp7494
g23
(lp7495
g25
asg26
F1.0
sg27
g25
sbsg28
(ilevel
AnimatedTextureModel
p7496
(dp7497
g23
(lp7498
g25
asg26
F1.0
sg27
g25
sbsg32
(ilevel
AnimatedTextureModel
p7499
(dp7500
g23
(lp7501
Vpavement.png
p7502
asg26
F1.0
sg27
Vfloor_flat.obj
p7503
sbsg38
I1
sba(ilevel
LevelTile
p7504
(dp7505
g16
I00
sg17
I0
sg18
I00
sg19
I01
sg20
(ilevel
AnimatedTextureModel
p7506
(dp7507
g23
(lp7508
g25
asg26
F1.0
sg27
g25
sbsg28
(ilevel
AnimatedTextureModel
p7509
(dp7510
g23
(lp7511
Vwall_bulwark.png
p7512
asg26
F1.0
sg27
Vwall_bulwark.obj
p7513
sbsg32
(ilevel
AnimatedTextureModel
p7514
(dp7515
g23
(lp7516
g25
asg26
F1.0
sg27
g25
sbsg38
I1
sba(ilevel
LevelTile
p7517
(dp7518
g16
I00
sg17
I0
sg18
I01
sg19
I00
sg20
(ilevel
AnimatedTextureModel
p7519
(dp7520
g23
(lp7521
sg26
F1.0
sg27
g70
sbsg28
(ilevel
AnimatedTextureModel
p7522
(dp7523
g23
(lp7524
sg26
F1.0
sg27
g70
sbsg32
(ilevel
AnimatedTextureModel
p7525
(dp7526
g23
(lp7527
sg26
F1.0
sg27
g70
sbsg38
I1
sba(ilevel
LevelTile
p7528
(dp7529
g16
I00
sg17
I0
sg18
I01
sg19
I00
sg20
(ilevel
AnimatedTextureModel
p7530
(dp7531
g23
(lp7532
sg26
F1.0
sg27
g70
sbsg28
(ilevel
AnimatedTextureModel
p7533
(dp7534
g23
(lp7535
sg26
F1.0
sg27
g70
sbsg32
(ilevel
AnimatedTextureModel
p7536
(dp7537
g23
(lp7538
sg26
F1.0
sg27
g70
sbsg38
I1
sba(ilevel
LevelTile
p7539
(dp7540
g16
I00
sg17
I0
sg18
I01
sg19
I00
sg20
(ilevel
AnimatedTextureModel
p7541
(dp7542
g23
(lp7543
sg26
F1.0
sg27
g70
sbsg28
(ilevel
AnimatedTextureModel
p7544
(dp7545
g23
(lp7546
sg26
F1.0
sg27
g70
sbsg32
(ilevel
AnimatedTextureModel
p7547
(dp7548
g23
(lp7549
sg26
F1.0
sg27
g70
sbsg38
I1
sba(ilevel
LevelTile
p7550
(dp7551
g16
I00
sg17
I0
sg18
I01
sg19
I00
sg20
(ilevel
AnimatedTextureModel
p7552
(dp7553
g23
(lp7554
sg26
F1.0
sg27
g70
sbsg28
(ilevel
AnimatedTextureModel
p7555
(dp7556
g23
(lp7557
sg26
F1.0
sg27
g70
sbsg32
(ilevel
AnimatedTextureModel
p7558
(dp7559
g23
(lp7560
sg26
F1.0
sg27
g70
sbsg38
I1
sba(ilevel
LevelTile
p7561
(dp7562
g16
I00
sg17
I0
sg18
I00
sg19
I01
sg20
(ilevel
AnimatedTextureModel
p7563
(dp7564
g23
(lp7565
g25
asg26
F1.0
sg27
g25
sbsg28
(ilevel
AnimatedTextureModel
p7566
(dp7567
g23
(lp7568
Vwall_bulwark.png
p7569
asg26
F1.0
sg27
Vwall_bulwark.obj
p7570
sbsg32
(ilevel
AnimatedTextureModel
p7571
(dp7572
g23
(lp7573
g25
asg26
F1.0
sg27
g25
sbsg38
I1
sba(ilevel
LevelTile
p7574
(dp7575
g16
I00
sg17
I0
sg18
I01
sg19
I00
sg20
(ilevel
AnimatedTextureModel
p7576
(dp7577
g23
(lp7578
g25
asg26
F1.0
sg27
g25
sbsg28
(ilevel
AnimatedTextureModel
p7579
(dp7580
g23
(lp7581
g25
asg26
F1.0
sg27
g25
sbsg32
(ilevel
AnimatedTextureModel
p7582
(dp7583
g23
(lp7584
Vgrass.png
p7585
asg26
F1.0
sg27
Vfloor_flat.obj
p7586
sbsg38
I1
sba(ilevel
LevelTile
p7587
(dp7588
g16
I00
sg17
I0
sg18
I01
sg19
I00
sg20
(ilevel
AnimatedTextureModel
p7589
(dp7590
g23
(lp7591
g25
asg26
F1.0
sg27
g25
sbsg28
(ilevel
AnimatedTextureModel
p7592
(dp7593
g23
(lp7594
g25
asg26
F1.0
sg27
g25
sbsg32
(ilevel
AnimatedTextureModel
p7595
(dp7596
g23
(lp7597
Vgrass.png
p7598
asg26
F1.0
sg27
Vfloor_flat.obj
p7599
sbsg38
I1
sba(ilevel
LevelTile
p7600
(dp7601
g16
I00
sg17
I0
sg18
I00
sg19
I01
sg20
(ilevel
AnimatedTextureModel
p7602
(dp7603
g23
(lp7604
g25
asg26
F1.0
sg27
g25
sbsg28
(ilevel
AnimatedTextureModel
p7605
(dp7606
g23
(lp7607
Vwall_bulwark.png
p7608
asg26
F1.0
sg27
Vwall_bulwark.obj
p7609
sbsg32
(ilevel
AnimatedTextureModel
p7610
(dp7611
g23
(lp7612
g25
asg26
F1.0
sg27
g25
sbsg38
I1
sba(ilevel
LevelTile
p7613
(dp7614
g16
I00
sg17
I0
sg18
I01
sg19
I00
sg20
(ilevel
AnimatedTextureModel
p7615
(dp7616
g23
(lp7617
g25
asg26
F1.0
sg27
g25
sbsg28
(ilevel
AnimatedTextureModel
p7618
(dp7619
g23
(lp7620
g25
asg26
F1.0
sg27
g25
sbsg32
(ilevel
AnimatedTextureModel
p7621
(dp7622
g23
(lp7623
Vpavement.png
p7624
asg26
F1.0
sg27
Vfloor_flat.obj
p7625
sbsg38
I1
sba(ilevel
LevelTile
p7626
(dp7627
g16
I00
sg17
I0
sg18
I01
sg19
I00
sg20
(ilevel
AnimatedTextureModel
p7628
(dp7629
g23
(lp7630
g25
asg26
F1.0
sg27
g25
sbsg28
(ilevel
AnimatedTextureModel
p7631
(dp7632
g23
(lp7633
g25
asg26
F1.0
sg27
g25
sbsg32
(ilevel
AnimatedTextureModel
p7634
(dp7635
g23
(lp7636
Vpavement.png
p7637
asg26
F1.0
sg27
Vfloor_flat.obj
p7638
sbsg38
I1
sba(ilevel
LevelTile
p7639
(dp7640
g16
I00
sg17
I0
sg18
I01
sg19
I00
sg20
(ilevel
AnimatedTextureModel
p7641
(dp7642
g23
(lp7643
g25
asg26
F1.0
sg27
g25
sbsg28
(ilevel
AnimatedTextureModel
p7644
(dp7645
g23
(lp7646
g25
asg26
F1.0
sg27
g25
sbsg32
(ilevel
AnimatedTextureModel
p7647
(dp7648
g23
(lp7649
Vpavement.png
p7650
asg26
F1.0
sg27
Vfloor_flat.obj
p7651
sbsg38
I1
sba(ilevel
LevelTile
p7652
(dp7653
g16
I00
sg17
I0
sg18
I01
sg19
I00
sg20
(ilevel
AnimatedTextureModel
p7654
(dp7655
g23
(lp7656
g25
asg26
F1.0
sg27
g25
sbsg28
(ilevel
AnimatedTextureModel
p7657
(dp7658
g23
(lp7659
g25
asg26
F1.0
sg27
g25
sbsg32
(ilevel
AnimatedTextureModel
p7660
(dp7661
g23
(lp7662
Vpavement.png
p7663
asg26
F1.0
sg27
Vfloor_flat.obj
p7664
sbsg38
I1
sba(ilevel
LevelTile
p7665
(dp7666
g16
I00
sg17
I0
sg18
I01
sg19
I00
sg20
(ilevel
AnimatedTextureModel
p7667
(dp7668
g23
(lp7669
g25
asg26
F1.0
sg27
g25
sbsg28
(ilevel
AnimatedTextureModel
p7670
(dp7671
g23
(lp7672
g25
asg26
F1.0
sg27
g25
sbsg32
(ilevel
AnimatedTextureModel
p7673
(dp7674
g23
(lp7675
Vpavement.png
p7676
asg26
F1.0
sg27
Vfloor_flat.obj
p7677
sbsg38
I1
sba(ilevel
LevelTile
p7678
(dp7679
g16
I00
sg17
I0
sg18
I01
sg19
I00
sg20
(ilevel
AnimatedTextureModel
p7680
(dp7681
g23
(lp7682
g25
asg26
F1.0
sg27
g25
sbsg28
(ilevel
AnimatedTextureModel
p7683
(dp7684
g23
(lp7685
g25
asg26
F1.0
sg27
g25
sbsg32
(ilevel
AnimatedTextureModel
p7686
(dp7687
g23
(lp7688
Vpavement.png
p7689
asg26
F1.0
sg27
Vfloor_flat.obj
p7690
sbsg38
I1
sba(ilevel
LevelTile
p7691
(dp7692
g16
I00
sg17
I0
sg18
I01
sg19
I00
sg20
(ilevel
AnimatedTextureModel
p7693
(dp7694
g23
(lp7695
g25
asg26
F1.0
sg27
g25
sbsg28
(ilevel
AnimatedTextureModel
p7696
(dp7697
g23
(lp7698
g25
asg26
F1.0
sg27
g25
sbsg32
(ilevel
AnimatedTextureModel
p7699
(dp7700
g23
(lp7701
Vpavement.png
p7702
asg26
F1.0
sg27
Vfloor_flat.obj
p7703
sbsg38
I1
sba(ilevel
LevelTile
p7704
(dp7705
g16
I00
sg17
I0
sg18
I01
sg19
I00
sg20
(ilevel
AnimatedTextureModel
p7706
(dp7707
g23
(lp7708
g25
asg26
F1.0
sg27
g25
sbsg28
(ilevel
AnimatedTextureModel
p7709
(dp7710
g23
(lp7711
g25
asg26
F1.0
sg27
g25
sbsg32
(ilevel
AnimatedTextureModel
p7712
(dp7713
g23
(lp7714
Vpavement.png
p7715
asg26
F1.0
sg27
Vfloor_flat.obj
p7716
sbsg38
I1
sba(ilevel
LevelTile
p7717
(dp7718
g16
I00
sg17
I0
sg18
I01
sg19
I00
sg20
(ilevel
AnimatedTextureModel
p7719
(dp7720
g23
(lp7721
g25
asg26
F1.0
sg27
g25
sbsg28
(ilevel
AnimatedTextureModel
p7722
(dp7723
g23
(lp7724
g25
asg26
F1.0
sg27
g25
sbsg32
(ilevel
AnimatedTextureModel
p7725
(dp7726
g23
(lp7727
Vpavement.png
p7728
asg26
F1.0
sg27
Vfloor_flat.obj
p7729
sbsg38
I1
sba(ilevel
LevelTile
p7730
(dp7731
g16
I00
sg17
I0
sg18
I00
sg19
I01
sg20
(ilevel
AnimatedTextureModel
p7732
(dp7733
g23
(lp7734
g25
asg26
F1.0
sg27
g25
sbsg28
(ilevel
AnimatedTextureModel
p7735
(dp7736
g23
(lp7737
Vwall_bulwark.png
p7738
asg26
F1.0
sg27
Vwall_bulwark.obj
p7739
sbsg32
(ilevel
AnimatedTextureModel
p7740
(dp7741
g23
(lp7742
g25
asg26
F1.0
sg27
g25
sbsg38
I1
sbaa(lp7743
(ilevel
LevelTile
p7744
(dp7745
g16
I00
sg17
I0
sg18
I01
sg19
I00
sg20
(ilevel
AnimatedTextureModel
p7746
(dp7747
g23
(lp7748
sg26
F1.0
sg27
g70
sbsg28
(ilevel
AnimatedTextureModel
p7749
(dp7750
g23
(lp7751
sg26
F1.0
sg27
g70
sbsg32
(ilevel
AnimatedTextureModel
p7752
(dp7753
g23
(lp7754
sg26
F1.0
sg27
g70
sbsg38
I1
sba(ilevel
LevelTile
p7755
(dp7756
g16
I00
sg17
I0
sg18
I01
sg19
I00
sg20
(ilevel
AnimatedTextureModel
p7757
(dp7758
g23
(lp7759
sg26
F1.0
sg27
g70
sbsg28
(ilevel
AnimatedTextureModel
p7760
(dp7761
g23
(lp7762
sg26
F1.0
sg27
g70
sbsg32
(ilevel
AnimatedTextureModel
p7763
(dp7764
g23
(lp7765
sg26
F1.0
sg27
g70
sbsg38
I1
sba(ilevel
LevelTile
p7766
(dp7767
g16
I00
sg17
I0
sg18
I01
sg19
I00
sg20
(ilevel
AnimatedTextureModel
p7768
(dp7769
g23
(lp7770
sg26
F1.0
sg27
g70
sbsg28
(ilevel
AnimatedTextureModel
p7771
(dp7772
g23
(lp7773
sg26
F1.0
sg27
g70
sbsg32
(ilevel
AnimatedTextureModel
p7774
(dp7775
g23
(lp7776
sg26
F1.0
sg27
g70
sbsg38
I1
sba(ilevel
LevelTile
p7777
(dp7778
g16
I00
sg17
I0
sg18
I00
sg19
I01
sg20
(ilevel
AnimatedTextureModel
p7779
(dp7780
g23
(lp7781
g25
asg26
F1.0
sg27
g25
sbsg28
(ilevel
AnimatedTextureModel
p7782
(dp7783
g23
(lp7784
Vwall_bulwark.png
p7785
asg26
F1.0
sg27
Vwall_bulwark.obj
p7786
sbsg32
(ilevel
AnimatedTextureModel
p7787
(dp7788
g23
(lp7789
g25
asg26
F1.0
sg27
g25
sbsg38
I1
sba(ilevel
LevelTile
p7790
(dp7791
g16
I00
sg17
I0
sg18
I00
sg19
I01
sg20
(ilevel
AnimatedTextureModel
p7792
(dp7793
g23
(lp7794
g25
asg26
F1.0
sg27
g25
sbsg28
(ilevel
AnimatedTextureModel
p7795
(dp7796
g23
(lp7797
Vwall_bulwark.png
p7798
asg26
F1.0
sg27
Vwall_bulwark.obj
p7799
sbsg32
(ilevel
AnimatedTextureModel
p7800
(dp7801
g23
(lp7802
g25
asg26
F1.0
sg27
g25
sbsg38
I1
sba(ilevel
LevelTile
p7803
(dp7804
g16
I00
sg17
I0
sg18
I00
sg19
I01
sg20
(ilevel
AnimatedTextureModel
p7805
(dp7806
g23
(lp7807
g25
asg26
F1.0
sg27
g25
sbsg28
(ilevel
AnimatedTextureModel
p7808
(dp7809
g23
(lp7810
Vwall_bulwark.png
p7811
asg26
F1.0
sg27
Vwall_bulwark.obj
p7812
sbsg32
(ilevel
AnimatedTextureModel
p7813
(dp7814
g23
(lp7815
g25
asg26
F1.0
sg27
g25
sbsg38
I1
sba(ilevel
LevelTile
p7816
(dp7817
g16
I00
sg17
I0
sg18
I00
sg19
I01
sg20
(ilevel
AnimatedTextureModel
p7818
(dp7819
g23
(lp7820
g25
asg26
F1.0
sg27
g25
sbsg28
(ilevel
AnimatedTextureModel
p7821
(dp7822
g23
(lp7823
Vwall_bulwark.png
p7824
asg26
F1.0
sg27
Vwall_bulwark.obj
p7825
sbsg32
(ilevel
AnimatedTextureModel
p7826
(dp7827
g23
(lp7828
g25
asg26
F1.0
sg27
g25
sbsg38
I1
sba(ilevel
LevelTile
p7829
(dp7830
g16
I00
sg17
I0
sg18
I01
sg19
I00
sg20
(ilevel
AnimatedTextureModel
p7831
(dp7832
g23
(lp7833
g25
asg26
F1.0
sg27
g25
sbsg28
(ilevel
AnimatedTextureModel
p7834
(dp7835
g23
(lp7836
g25
asg26
F1.0
sg27
g25
sbsg32
(ilevel
AnimatedTextureModel
p7837
(dp7838
g23
(lp7839
Vpavement.png
p7840
asg26
F1.0
sg27
Vfloor_flat.obj
p7841
sbsg38
I1
sba(ilevel
LevelTile
p7842
(dp7843
g16
I00
sg17
I0
sg18
I00
sg19
I01
sg20
(ilevel
AnimatedTextureModel
p7844
(dp7845
g23
(lp7846
g25
asg26
F1.0
sg27
g25
sbsg28
(ilevel
AnimatedTextureModel
p7847
(dp7848
g23
(lp7849
Vwall_bulwark.png
p7850
asg26
F1.0
sg27
Vwall_bulwark.obj
p7851
sbsg32
(ilevel
AnimatedTextureModel
p7852
(dp7853
g23
(lp7854
g25
asg26
F1.0
sg27
g25
sbsg38
I1
sba(ilevel
LevelTile
p7855
(dp7856
g16
I00
sg17
I0
sg18
I01
sg19
I00
sg20
(ilevel
AnimatedTextureModel
p7857
(dp7858
g23
(lp7859
g25
asg26
F1.0
sg27
g25
sbsg28
(ilevel
AnimatedTextureModel
p7860
(dp7861
g23
(lp7862
g25
asg26
F1.0
sg27
g25
sbsg32
(ilevel
AnimatedTextureModel
p7863
(dp7864
g23
(lp7865
Vpavement.png
p7866
asg26
F1.0
sg27
Vfloor_flat.obj
p7867
sbsg38
I1
sba(ilevel
LevelTile
p7868
(dp7869
g16
I00
sg17
I0
sg18
I01
sg19
I00
sg20
(ilevel
AnimatedTextureModel
p7870
(dp7871
g23
(lp7872
g25
asg26
F1.0
sg27
g25
sbsg28
(ilevel
AnimatedTextureModel
p7873
(dp7874
g23
(lp7875
g25
asg26
F1.0
sg27
g25
sbsg32
(ilevel
AnimatedTextureModel
p7876
(dp7877
g23
(lp7878
Vpavement.png
p7879
asg26
F1.0
sg27
Vfloor_flat.obj
p7880
sbsg38
I1
sba(ilevel
LevelTile
p7881
(dp7882
g16
I00
sg17
I0
sg18
I00
sg19
I01
sg20
(ilevel
AnimatedTextureModel
p7883
(dp7884
g23
(lp7885
g25
asg26
F1.0
sg27
g25
sbsg28
(ilevel
AnimatedTextureModel
p7886
(dp7887
g23
(lp7888
Vwall_bulwark.png
p7889
asg26
F1.0
sg27
Vwall_bulwark.obj
p7890
sbsg32
(ilevel
AnimatedTextureModel
p7891
(dp7892
g23
(lp7893
g25
asg26
F1.0
sg27
g25
sbsg38
I1
sba(ilevel
LevelTile
p7894
(dp7895
g16
I00
sg17
I0
sg18
I00
sg19
I01
sg20
(ilevel
AnimatedTextureModel
p7896
(dp7897
g23
(lp7898
g25
asg26
F1.0
sg27
g25
sbsg28
(ilevel
AnimatedTextureModel
p7899
(dp7900
g23
(lp7901
Vwall_bulwark.png
p7902
asg26
F1.0
sg27
Vwall_bulwark.obj
p7903
sbsg32
(ilevel
AnimatedTextureModel
p7904
(dp7905
g23
(lp7906
g25
asg26
F1.0
sg27
g25
sbsg38
I1
sba(ilevel
LevelTile
p7907
(dp7908
g16
I00
sg17
I0
sg18
I00
sg19
I01
sg20
(ilevel
AnimatedTextureModel
p7909
(dp7910
g23
(lp7911
g25
asg26
F1.0
sg27
g25
sbsg28
(ilevel
AnimatedTextureModel
p7912
(dp7913
g23
(lp7914
Vwall_bulwark.png
p7915
asg26
F1.0
sg27
Vwall_bulwark.obj
p7916
sbsg32
(ilevel
AnimatedTextureModel
p7917
(dp7918
g23
(lp7919
g25
asg26
F1.0
sg27
g25
sbsg38
I1
sba(ilevel
LevelTile
p7920
(dp7921
g16
I00
sg17
I0
sg18
I00
sg19
I01
sg20
(ilevel
AnimatedTextureModel
p7922
(dp7923
g23
(lp7924
g25
asg26
F1.0
sg27
g25
sbsg28
(ilevel
AnimatedTextureModel
p7925
(dp7926
g23
(lp7927
Vwall_bulwark.png
p7928
asg26
F1.0
sg27
Vwall_bulwark.obj
p7929
sbsg32
(ilevel
AnimatedTextureModel
p7930
(dp7931
g23
(lp7932
g25
asg26
F1.0
sg27
g25
sbsg38
I1
sba(ilevel
LevelTile
p7933
(dp7934
g16
I00
sg17
I0
sg18
I00
sg19
I01
sg20
(ilevel
AnimatedTextureModel
p7935
(dp7936
g23
(lp7937
g25
asg26
F1.0
sg27
g25
sbsg28
(ilevel
AnimatedTextureModel
p7938
(dp7939
g23
(lp7940
Vwall_bulwark.png
p7941
asg26
F1.0
sg27
Vwall_bulwark.obj
p7942
sbsg32
(ilevel
AnimatedTextureModel
p7943
(dp7944
g23
(lp7945
g25
asg26
F1.0
sg27
g25
sbsg38
I1
sba(ilevel
LevelTile
p7946
(dp7947
g16
I00
sg17
I0
sg18
I00
sg19
I01
sg20
(ilevel
AnimatedTextureModel
p7948
(dp7949
g23
(lp7950
g25
asg26
F1.0
sg27
g25
sbsg28
(ilevel
AnimatedTextureModel
p7951
(dp7952
g23
(lp7953
Vwall_bulwark.png
p7954
asg26
F1.0
sg27
Vwall_bulwark.obj
p7955
sbsg32
(ilevel
AnimatedTextureModel
p7956
(dp7957
g23
(lp7958
g25
asg26
F1.0
sg27
g25
sbsg38
I1
sba(ilevel
LevelTile
p7959
(dp7960
g16
I00
sg17
I0
sg18
I01
sg19
I00
sg20
(ilevel
AnimatedTextureModel
p7961
(dp7962
g23
(lp7963
g25
asg26
F1.0
sg27
g25
sbsg28
(ilevel
AnimatedTextureModel
p7964
(dp7965
g23
(lp7966
g25
asg26
F1.0
sg27
g25
sbsg32
(ilevel
AnimatedTextureModel
p7967
(dp7968
g23
(lp7969
Vgrass.png
p7970
asg26
F1.0
sg27
Vfloor_flat.obj
p7971
sbsg38
I1
sba(ilevel
LevelTile
p7972
(dp7973
g16
I00
sg17
I0
sg18
I01
sg19
I00
sg20
(ilevel
AnimatedTextureModel
p7974
(dp7975
g23
(lp7976
g25
asg26
F1.0
sg27
g25
sbsg28
(ilevel
AnimatedTextureModel
p7977
(dp7978
g23
(lp7979
g25
asg26
F1.0
sg27
g25
sbsg32
(ilevel
AnimatedTextureModel
p7980
(dp7981
g23
(lp7982
Vgrass.png
p7983
asg26
F1.0
sg27
Vfloor_flat.obj
p7984
sbsg38
I1
sba(ilevel
LevelTile
p7985
(dp7986
g16
I00
sg17
I0
sg18
I00
sg19
I01
sg20
(ilevel
AnimatedTextureModel
p7987
(dp7988
g23
(lp7989
g25
asg26
F1.0
sg27
g25
sbsg28
(ilevel
AnimatedTextureModel
p7990
(dp7991
g23
(lp7992
Vwall_bulwark.png
p7993
asg26
F1.0
sg27
Vwall_bulwark.obj
p7994
sbsg32
(ilevel
AnimatedTextureModel
p7995
(dp7996
g23
(lp7997
g25
asg26
F1.0
sg27
g25
sbsg38
I1
sba(ilevel
LevelTile
p7998
(dp7999
g16
I00
sg17
I0
sg18
I01
sg19
I00
sg20
(ilevel
AnimatedTextureModel
p8000
(dp8001
g23
(lp8002
g25
asg26
F1.0
sg27
g25
sbsg28
(ilevel
AnimatedTextureModel
p8003
(dp8004
g23
(lp8005
g25
asg26
F1.0
sg27
g25
sbsg32
(ilevel
AnimatedTextureModel
p8006
(dp8007
g23
(lp8008
Vpavement.png
p8009
asg26
F1.0
sg27
Vfloor_flat.obj
p8010
sbsg38
I1
sba(ilevel
LevelTile
p8011
(dp8012
g16
I00
sg17
I0
sg18
I01
sg19
I00
sg20
(ilevel
AnimatedTextureModel
p8013
(dp8014
g23
(lp8015
g25
asg26
F1.0
sg27
g25
sbsg28
(ilevel
AnimatedTextureModel
p8016
(dp8017
g23
(lp8018
g25
asg26
F1.0
sg27
g25
sbsg32
(ilevel
AnimatedTextureModel
p8019
(dp8020
g23
(lp8021
Vpavement.png
p8022
asg26
F1.0
sg27
Vfloor_flat.obj
p8023
sbsg38
I1
sba(ilevel
LevelTile
p8024
(dp8025
g16
I00
sg17
I0
sg18
I01
sg19
I00
sg20
(ilevel
AnimatedTextureModel
p8026
(dp8027
g23
(lp8028
g25
asg26
F1.0
sg27
g25
sbsg28
(ilevel
AnimatedTextureModel
p8029
(dp8030
g23
(lp8031
g25
asg26
F1.0
sg27
g25
sbsg32
(ilevel
AnimatedTextureModel
p8032
(dp8033
g23
(lp8034
Vpavement.png
p8035
asg26
F1.0
sg27
Vfloor_flat.obj
p8036
sbsg38
I1
sba(ilevel
LevelTile
p8037
(dp8038
g16
I00
sg17
I0
sg18
I01
sg19
I00
sg20
(ilevel
AnimatedTextureModel
p8039
(dp8040
g23
(lp8041
g25
asg26
F1.0
sg27
g25
sbsg28
(ilevel
AnimatedTextureModel
p8042
(dp8043
g23
(lp8044
g25
asg26
F1.0
sg27
g25
sbsg32
(ilevel
AnimatedTextureModel
p8045
(dp8046
g23
(lp8047
Vpavement.png
p8048
asg26
F1.0
sg27
Vfloor_flat.obj
p8049
sbsg38
I1
sba(ilevel
LevelTile
p8050
(dp8051
g16
I00
sg17
I0
sg18
I01
sg19
I00
sg20
(ilevel
AnimatedTextureModel
p8052
(dp8053
g23
(lp8054
g25
asg26
F1.0
sg27
g25
sbsg28
(ilevel
AnimatedTextureModel
p8055
(dp8056
g23
(lp8057
g25
asg26
F1.0
sg27
g25
sbsg32
(ilevel
AnimatedTextureModel
p8058
(dp8059
g23
(lp8060
Vpavement.png
p8061
asg26
F1.0
sg27
Vfloor_flat.obj
p8062
sbsg38
I1
sba(ilevel
LevelTile
p8063
(dp8064
g16
I00
sg17
I0
sg18
I01
sg19
I00
sg20
(ilevel
AnimatedTextureModel
p8065
(dp8066
g23
(lp8067
g25
asg26
F1.0
sg27
g25
sbsg28
(ilevel
AnimatedTextureModel
p8068
(dp8069
g23
(lp8070
g25
asg26
F1.0
sg27
g25
sbsg32
(ilevel
AnimatedTextureModel
p8071
(dp8072
g23
(lp8073
Vpavement.png
p8074
asg26
F1.0
sg27
Vfloor_flat.obj
p8075
sbsg38
I1
sba(ilevel
LevelTile
p8076
(dp8077
g16
I00
sg17
I0
sg18
I01
sg19
I00
sg20
(ilevel
AnimatedTextureModel
p8078
(dp8079
g23
(lp8080
g25
asg26
F1.0
sg27
g25
sbsg28
(ilevel
AnimatedTextureModel
p8081
(dp8082
g23
(lp8083
g25
asg26
F1.0
sg27
g25
sbsg32
(ilevel
AnimatedTextureModel
p8084
(dp8085
g23
(lp8086
Vpavement.png
p8087
asg26
F1.0
sg27
Vfloor_flat.obj
p8088
sbsg38
I1
sba(ilevel
LevelTile
p8089
(dp8090
g16
I00
sg17
I0
sg18
I01
sg19
I00
sg20
(ilevel
AnimatedTextureModel
p8091
(dp8092
g23
(lp8093
g25
asg26
F1.0
sg27
g25
sbsg28
(ilevel
AnimatedTextureModel
p8094
(dp8095
g23
(lp8096
g25
asg26
F1.0
sg27
g25
sbsg32
(ilevel
AnimatedTextureModel
p8097
(dp8098
g23
(lp8099
Vpavement.png
p8100
asg26
F1.0
sg27
Vfloor_flat.obj
p8101
sbsg38
I1
sba(ilevel
LevelTile
p8102
(dp8103
g16
I00
sg17
I0
sg18
I01
sg19
I00
sg20
(ilevel
AnimatedTextureModel
p8104
(dp8105
g23
(lp8106
g25
asg26
F1.0
sg27
g25
sbsg28
(ilevel
AnimatedTextureModel
p8107
(dp8108
g23
(lp8109
g25
asg26
F1.0
sg27
g25
sbsg32
(ilevel
AnimatedTextureModel
p8110
(dp8111
g23
(lp8112
Vpavement.png
p8113
asg26
F1.0
sg27
Vfloor_flat.obj
p8114
sbsg38
I1
sba(ilevel
LevelTile
p8115
(dp8116
g16
I00
sg17
I0
sg18
I00
sg19
I01
sg20
(ilevel
AnimatedTextureModel
p8117
(dp8118
g23
(lp8119
g25
asg26
F1.0
sg27
g25
sbsg28
(ilevel
AnimatedTextureModel
p8120
(dp8121
g23
(lp8122
Vwall_bulwark.png
p8123
asg26
F1.0
sg27
Vwall_bulwark.obj
p8124
sbsg32
(ilevel
AnimatedTextureModel
p8125
(dp8126
g23
(lp8127
g25
asg26
F1.0
sg27
g25
sbsg38
I1
sbaa(lp8128
(ilevel
LevelTile
p8129
(dp8130
g16
I00
sg17
I0
sg18
I01
sg19
I00
sg20
(ilevel
AnimatedTextureModel
p8131
(dp8132
g23
(lp8133
sg26
F1.0
sg27
g70
sbsg28
(ilevel
AnimatedTextureModel
p8134
(dp8135
g23
(lp8136
sg26
F1.0
sg27
g70
sbsg32
(ilevel
AnimatedTextureModel
p8137
(dp8138
g23
(lp8139
sg26
F1.0
sg27
g70
sbsg38
I1
sba(ilevel
LevelTile
p8140
(dp8141
g16
I00
sg17
I0
sg18
I01
sg19
I00
sg20
(ilevel
AnimatedTextureModel
p8142
(dp8143
g23
(lp8144
sg26
F1.0
sg27
g70
sbsg28
(ilevel
AnimatedTextureModel
p8145
(dp8146
g23
(lp8147
sg26
F1.0
sg27
g70
sbsg32
(ilevel
AnimatedTextureModel
p8148
(dp8149
g23
(lp8150
sg26
F1.0
sg27
g70
sbsg38
I1
sba(ilevel
LevelTile
p8151
(dp8152
g16
I00
sg17
I0
sg18
I01
sg19
I00
sg20
(ilevel
AnimatedTextureModel
p8153
(dp8154
g23
(lp8155
sg26
F1.0
sg27
g70
sbsg28
(ilevel
AnimatedTextureModel
p8156
(dp8157
g23
(lp8158
sg26
F1.0
sg27
g70
sbsg32
(ilevel
AnimatedTextureModel
p8159
(dp8160
g23
(lp8161
sg26
F1.0
sg27
g70
sbsg38
I1
sba(ilevel
LevelTile
p8162
(dp8163
g16
I00
sg17
I0
sg18
I01
sg19
I00
sg20
(ilevel
AnimatedTextureModel
p8164
(dp8165
g23
(lp8166
sg26
F1.0
sg27
g70
sbsg28
(ilevel
AnimatedTextureModel
p8167
(dp8168
g23
(lp8169
sg26
F1.0
sg27
g70
sbsg32
(ilevel
AnimatedTextureModel
p8170
(dp8171
g23
(lp8172
sg26
F1.0
sg27
g70
sbsg38
I1
sba(ilevel
LevelTile
p8173
(dp8174
g16
I00
sg17
I0
sg18
I01
sg19
I00
sg20
(ilevel
AnimatedTextureModel
p8175
(dp8176
g23
(lp8177
sg26
F1.0
sg27
g70
sbsg28
(ilevel
AnimatedTextureModel
p8178
(dp8179
g23
(lp8180
sg26
F1.0
sg27
g70
sbsg32
(ilevel
AnimatedTextureModel
p8181
(dp8182
g23
(lp8183
sg26
F1.0
sg27
g70
sbsg38
I1
sba(ilevel
LevelTile
p8184
(dp8185
g16
I00
sg17
I0
sg18
I00
sg19
I01
sg20
(ilevel
AnimatedTextureModel
p8186
(dp8187
g23
(lp8188
g25
asg26
F1.0
sg27
g25
sbsg28
(ilevel
AnimatedTextureModel
p8189
(dp8190
g23
(lp8191
Vwall_bulwark.png
p8192
asg26
F1.0
sg27
Vwall_bulwark.obj
p8193
sbsg32
(ilevel
AnimatedTextureModel
p8194
(dp8195
g23
(lp8196
g25
asg26
F1.0
sg27
g25
sbsg38
I1
sba(ilevel
LevelTile
p8197
(dp8198
g16
I00
sg17
I0
sg18
I01
sg19
I00
sg20
(ilevel
AnimatedTextureModel
p8199
(dp8200
g23
(lp8201
g25
asg26
F1.0
sg27
g25
sbsg28
(ilevel
AnimatedTextureModel
p8202
(dp8203
g23
(lp8204
g25
asg26
F1.0
sg27
g25
sbsg32
(ilevel
AnimatedTextureModel
p8205
(dp8206
g23
(lp8207
Vpavement.png
p8208
asg26
F1.0
sg27
Vfloor_flat.obj
p8209
sbsg38
I1
sba(ilevel
LevelTile
p8210
(dp8211
g16
I00
sg17
I0
sg18
I01
sg19
I00
sg20
(ilevel
AnimatedTextureModel
p8212
(dp8213
g23
(lp8214
g25
asg26
F1.0
sg27
g25
sbsg28
(ilevel
AnimatedTextureModel
p8215
(dp8216
g23
(lp8217
g25
asg26
F1.0
sg27
g25
sbsg32
(ilevel
AnimatedTextureModel
p8218
(dp8219
g23
(lp8220
Vpavement.png
p8221
asg26
F1.0
sg27
Vfloor_flat.obj
p8222
sbsg38
I1
sba(ilevel
LevelTile
p8223
(dp8224
g16
I00
sg17
I0
sg18
I00
sg19
I01
sg20
(ilevel
AnimatedTextureModel
p8225
(dp8226
g23
(lp8227
g25
asg26
F1.0
sg27
g25
sbsg28
(ilevel
AnimatedTextureModel
p8228
(dp8229
g23
(lp8230
Vwall_bulwark.png
p8231
asg26
F1.0
sg27
Vwall_bulwark.obj
p8232
sbsg32
(ilevel
AnimatedTextureModel
p8233
(dp8234
g23
(lp8235
g25
asg26
F1.0
sg27
g25
sbsg38
I1
sba(ilevel
LevelTile
p8236
(dp8237
g16
I00
sg17
I0
sg18
I01
sg19
I00
sg20
(ilevel
AnimatedTextureModel
p8238
(dp8239
g23
(lp8240
g25
asg26
F1.0
sg27
g25
sbsg28
(ilevel
AnimatedTextureModel
p8241
(dp8242
g23
(lp8243
g25
asg26
F1.0
sg27
g25
sbsg32
(ilevel
AnimatedTextureModel
p8244
(dp8245
g23
(lp8246
Vpavement.png
p8247
asg26
F1.0
sg27
Vfloor_flat.obj
p8248
sbsg38
I1
sba(ilevel
LevelTile
p8249
(dp8250
g16
I00
sg17
I0
sg18
I01
sg19
I00
sg20
(ilevel
AnimatedTextureModel
p8251
(dp8252
g23
(lp8253
g25
asg26
F1.0
sg27
g25
sbsg28
(ilevel
AnimatedTextureModel
p8254
(dp8255
g23
(lp8256
g25
asg26
F1.0
sg27
g25
sbsg32
(ilevel
AnimatedTextureModel
p8257
(dp8258
g23
(lp8259
Vpavement.png
p8260
asg26
F1.0
sg27
Vfloor_flat.obj
p8261
sbsg38
I1
sba(ilevel
LevelTile
p8262
(dp8263
g16
I00
sg17
I0
sg18
I01
sg19
I00
sg20
(ilevel
AnimatedTextureModel
p8264
(dp8265
g23
(lp8266
g25
asg26
F1.0
sg27
g25
sbsg28
(ilevel
AnimatedTextureModel
p8267
(dp8268
g23
(lp8269
g25
asg26
F1.0
sg27
g25
sbsg32
(ilevel
AnimatedTextureModel
p8270
(dp8271
g23
(lp8272
Vpavement.png
p8273
asg26
F1.0
sg27
Vfloor_flat.obj
p8274
sbsg38
I1
sba(ilevel
LevelTile
p8275
(dp8276
g16
I00
sg17
I0
sg18
I01
sg19
I00
sg20
(ilevel
AnimatedTextureModel
p8277
(dp8278
g23
(lp8279
g25
asg26
F1.0
sg27
g25
sbsg28
(ilevel
AnimatedTextureModel
p8280
(dp8281
g23
(lp8282
g25
asg26
F1.0
sg27
g25
sbsg32
(ilevel
AnimatedTextureModel
p8283
(dp8284
g23
(lp8285
Vpavement.png
p8286
asg26
F1.0
sg27
Vfloor_flat.obj
p8287
sbsg38
I1
sba(ilevel
LevelTile
p8288
(dp8289
g16
I00
sg17
I0
sg18
I01
sg19
I00
sg20
(ilevel
AnimatedTextureModel
p8290
(dp8291
g23
(lp8292
g25
asg26
F1.0
sg27
g25
sbsg28
(ilevel
AnimatedTextureModel
p8293
(dp8294
g23
(lp8295
g25
asg26
F1.0
sg27
g25
sbsg32
(ilevel
AnimatedTextureModel
p8296
(dp8297
g23
(lp8298
Vpavement.png
p8299
asg26
F1.0
sg27
Vfloor_flat.obj
p8300
sbsg38
I1
sba(ilevel
LevelTile
p8301
(dp8302
g16
I00
sg17
I0
sg18
I01
sg19
I00
sg20
(ilevel
AnimatedTextureModel
p8303
(dp8304
g23
(lp8305
g25
asg26
F1.0
sg27
g25
sbsg28
(ilevel
AnimatedTextureModel
p8306
(dp8307
g23
(lp8308
g25
asg26
F1.0
sg27
g25
sbsg32
(ilevel
AnimatedTextureModel
p8309
(dp8310
g23
(lp8311
Vpavement.png
p8312
asg26
F1.0
sg27
Vfloor_flat.obj
p8313
sbsg38
I1
sba(ilevel
LevelTile
p8314
(dp8315
g16
I00
sg17
I0
sg18
I01
sg19
I00
sg20
(ilevel
AnimatedTextureModel
p8316
(dp8317
g23
(lp8318
g25
asg26
F1.0
sg27
g25
sbsg28
(ilevel
AnimatedTextureModel
p8319
(dp8320
g23
(lp8321
g25
asg26
F1.0
sg27
g25
sbsg32
(ilevel
AnimatedTextureModel
p8322
(dp8323
g23
(lp8324
Vpavement.png
p8325
asg26
F1.0
sg27
Vfloor_flat.obj
p8326
sbsg38
I1
sba(ilevel
LevelTile
p8327
(dp8328
g16
I00
sg17
I0
sg18
I01
sg19
I00
sg20
(ilevel
AnimatedTextureModel
p8329
(dp8330
g23
(lp8331
g25
asg26
F1.0
sg27
g25
sbsg28
(ilevel
AnimatedTextureModel
p8332
(dp8333
g23
(lp8334
g25
asg26
F1.0
sg27
g25
sbsg32
(ilevel
AnimatedTextureModel
p8335
(dp8336
g23
(lp8337
Vpavement.png
p8338
asg26
F1.0
sg27
Vfloor_flat.obj
p8339
sbsg38
I1
sba(ilevel
LevelTile
p8340
(dp8341
g16
I00
sg17
I0
sg18
I01
sg19
I00
sg20
(ilevel
AnimatedTextureModel
p8342
(dp8343
g23
(lp8344
g25
asg26
F1.0
sg27
g25
sbsg28
(ilevel
AnimatedTextureModel
p8345
(dp8346
g23
(lp8347
g25
asg26
F1.0
sg27
g25
sbsg32
(ilevel
AnimatedTextureModel
p8348
(dp8349
g23
(lp8350
Vgrass.png
p8351
asg26
F1.0
sg27
Vfloor_flat.obj
p8352
sbsg38
I1
sba(ilevel
LevelTile
p8353
(dp8354
g16
I00
sg17
I0
sg18
I01
sg19
I00
sg20
(ilevel
AnimatedTextureModel
p8355
(dp8356
g23
(lp8357
g25
asg26
F1.0
sg27
g25
sbsg28
(ilevel
AnimatedTextureModel
p8358
(dp8359
g23
(lp8360
g25
asg26
F1.0
sg27
g25
sbsg32
(ilevel
AnimatedTextureModel
p8361
(dp8362
g23
(lp8363
Vgrass.png
p8364
asg26
F1.0
sg27
Vfloor_flat.obj
p8365
sbsg38
I1
sba(ilevel
LevelTile
p8366
(dp8367
g16
I00
sg17
I0
sg18
I01
sg19
I00
sg20
(ilevel
AnimatedTextureModel
p8368
(dp8369
g23
(lp8370
g25
asg26
F1.0
sg27
g25
sbsg28
(ilevel
AnimatedTextureModel
p8371
(dp8372
g23
(lp8373
g25
asg26
F1.0
sg27
g25
sbsg32
(ilevel
AnimatedTextureModel
p8374
(dp8375
g23
(lp8376
Vgrass.png
p8377
asg26
F1.0
sg27
Vfloor_flat.obj
p8378
sbsg38
I1
sba(ilevel
LevelTile
p8379
(dp8380
g16
I00
sg17
I0
sg18
I01
sg19
I00
sg20
(ilevel
AnimatedTextureModel
p8381
(dp8382
g23
(lp8383
g25
asg26
F1.0
sg27
g25
sbsg28
(ilevel
AnimatedTextureModel
p8384
(dp8385
g23
(lp8386
g25
asg26
F1.0
sg27
g25
sbsg32
(ilevel
AnimatedTextureModel
p8387
(dp8388
g23
(lp8389
Vgrass.png
p8390
asg26
F1.0
sg27
Vfloor_flat.obj
p8391
sbsg38
I1
sba(ilevel
LevelTile
p8392
(dp8393
g16
I00
sg17
I0
sg18
I01
sg19
I00
sg20
(ilevel
AnimatedTextureModel
p8394
(dp8395
g23
(lp8396
g25
asg26
F1.0
sg27
g25
sbsg28
(ilevel
AnimatedTextureModel
p8397
(dp8398
g23
(lp8399
g25
asg26
F1.0
sg27
g25
sbsg32
(ilevel
AnimatedTextureModel
p8400
(dp8401
g23
(lp8402
Vgrass.png
p8403
asg26
F1.0
sg27
Vfloor_flat.obj
p8404
sbsg38
I1
sba(ilevel
LevelTile
p8405
(dp8406
g16
I00
sg17
I0
sg18
I01
sg19
I00
sg20
(ilevel
AnimatedTextureModel
p8407
(dp8408
g23
(lp8409
g25
asg26
F1.0
sg27
g25
sbsg28
(ilevel
AnimatedTextureModel
p8410
(dp8411
g23
(lp8412
g25
asg26
F1.0
sg27
g25
sbsg32
(ilevel
AnimatedTextureModel
p8413
(dp8414
g23
(lp8415
Vpavement.png
p8416
asg26
F1.0
sg27
Vfloor_flat.obj
p8417
sbsg38
I1
sba(ilevel
LevelTile
p8418
(dp8419
g16
I00
sg17
I0
sg18
I01
sg19
I00
sg20
(ilevel
AnimatedTextureModel
p8420
(dp8421
g23
(lp8422
g25
asg26
F1.0
sg27
g25
sbsg28
(ilevel
AnimatedTextureModel
p8423
(dp8424
g23
(lp8425
g25
asg26
F1.0
sg27
g25
sbsg32
(ilevel
AnimatedTextureModel
p8426
(dp8427
g23
(lp8428
Vpavement.png
p8429
asg26
F1.0
sg27
Vfloor_flat.obj
p8430
sbsg38
I1
sba(ilevel
LevelTile
p8431
(dp8432
g16
I00
sg17
I0
sg18
I00
sg19
I01
sg20
(ilevel
AnimatedTextureModel
p8433
(dp8434
g23
(lp8435
g25
asg26
F1.0
sg27
g25
sbsg28
(ilevel
AnimatedTextureModel
p8436
(dp8437
g23
(lp8438
Vhouse.png
p8439
asg26
F1.0
sg27
Vwall_house.obj
p8440
sbsg32
(ilevel
AnimatedTextureModel
p8441
(dp8442
g23
(lp8443
g25
asg26
F1.0
sg27
g25
sbsg38
I1
sba(ilevel
LevelTile
p8444
(dp8445
g16
I00
sg17
I0
sg18
I00
sg19
I01
sg20
(ilevel
AnimatedTextureModel
p8446
(dp8447
g23
(lp8448
g25
asg26
F1.0
sg27
g25
sbsg28
(ilevel
AnimatedTextureModel
p8449
(dp8450
g23
(lp8451
Vhouse.png
p8452
asg26
F1.0
sg27
Vwall_house.obj
p8453
sbsg32
(ilevel
AnimatedTextureModel
p8454
(dp8455
g23
(lp8456
g25
asg26
F1.0
sg27
g25
sbsg38
I1
sba(ilevel
LevelTile
p8457
(dp8458
g16
I00
sg17
I0
sg18
I00
sg19
I01
sg20
(ilevel
AnimatedTextureModel
p8459
(dp8460
g23
(lp8461
g25
asg26
F1.0
sg27
g25
sbsg28
(ilevel
AnimatedTextureModel
p8462
(dp8463
g23
(lp8464
Vhouse.png
p8465
asg26
F1.0
sg27
Vwall_house.obj
p8466
sbsg32
(ilevel
AnimatedTextureModel
p8467
(dp8468
g23
(lp8469
g25
asg26
F1.0
sg27
g25
sbsg38
I1
sba(ilevel
LevelTile
p8470
(dp8471
g16
I00
sg17
I0
sg18
I00
sg19
I01
sg20
(ilevel
AnimatedTextureModel
p8472
(dp8473
g23
(lp8474
g25
asg26
F1.0
sg27
g25
sbsg28
(ilevel
AnimatedTextureModel
p8475
(dp8476
g23
(lp8477
Vhouse.png
p8478
asg26
F1.0
sg27
Vwall_house.obj
p8479
sbsg32
(ilevel
AnimatedTextureModel
p8480
(dp8481
g23
(lp8482
g25
asg26
F1.0
sg27
g25
sbsg38
I1
sba(ilevel
LevelTile
p8483
(dp8484
g16
I00
sg17
I0
sg18
I01
sg19
I00
sg20
(ilevel
AnimatedTextureModel
p8485
(dp8486
g23
(lp8487
g25
asg26
F1.0
sg27
g25
sbsg28
(ilevel
AnimatedTextureModel
p8488
(dp8489
g23
(lp8490
g25
asg26
F1.0
sg27
g25
sbsg32
(ilevel
AnimatedTextureModel
p8491
(dp8492
g23
(lp8493
Vpavement.png
p8494
asg26
F1.0
sg27
Vfloor_flat.obj
p8495
sbsg38
I1
sba(ilevel
LevelTile
p8496
(dp8497
g16
I00
sg17
I0
sg18
I00
sg19
I01
sg20
(ilevel
AnimatedTextureModel
p8498
(dp8499
g23
(lp8500
g25
asg26
F1.0
sg27
g25
sbsg28
(ilevel
AnimatedTextureModel
p8501
(dp8502
g23
(lp8503
Vwall_bulwark.png
p8504
asg26
F1.0
sg27
Vwall_bulwark.obj
p8505
sbsg32
(ilevel
AnimatedTextureModel
p8506
(dp8507
g23
(lp8508
g25
asg26
F1.0
sg27
g25
sbsg38
I1
sbaa(lp8509
(ilevel
LevelTile
p8510
(dp8511
g16
I00
sg17
I0
sg18
I01
sg19
I00
sg20
(ilevel
AnimatedTextureModel
p8512
(dp8513
g23
(lp8514
sg26
F1.0
sg27
g70
sbsg28
(ilevel
AnimatedTextureModel
p8515
(dp8516
g23
(lp8517
sg26
F1.0
sg27
g70
sbsg32
(ilevel
AnimatedTextureModel
p8518
(dp8519
g23
(lp8520
sg26
F1.0
sg27
g70
sbsg38
I1
sba(ilevel
LevelTile
p8521
(dp8522
g16
I00
sg17
I0
sg18
I01
sg19
I00
sg20
(ilevel
AnimatedTextureModel
p8523
(dp8524
g23
(lp8525
sg26
F1.0
sg27
g70
sbsg28
(ilevel
AnimatedTextureModel
p8526
(dp8527
g23
(lp8528
sg26
F1.0
sg27
g70
sbsg32
(ilevel
AnimatedTextureModel
p8529
(dp8530
g23
(lp8531
sg26
F1.0
sg27
g70
sbsg38
I1
sba(ilevel
LevelTile
p8532
(dp8533
g16
I00
sg17
I0
sg18
I01
sg19
I00
sg20
(ilevel
AnimatedTextureModel
p8534
(dp8535
g23
(lp8536
sg26
F1.0
sg27
g70
sbsg28
(ilevel
AnimatedTextureModel
p8537
(dp8538
g23
(lp8539
sg26
F1.0
sg27
g70
sbsg32
(ilevel
AnimatedTextureModel
p8540
(dp8541
g23
(lp8542
sg26
F1.0
sg27
g70
sbsg38
I1
sba(ilevel
LevelTile
p8543
(dp8544
g16
I00
sg17
I0
sg18
I01
sg19
I00
sg20
(ilevel
AnimatedTextureModel
p8545
(dp8546
g23
(lp8547
sg26
F1.0
sg27
g70
sbsg28
(ilevel
AnimatedTextureModel
p8548
(dp8549
g23
(lp8550
sg26
F1.0
sg27
g70
sbsg32
(ilevel
AnimatedTextureModel
p8551
(dp8552
g23
(lp8553
sg26
F1.0
sg27
g70
sbsg38
I1
sba(ilevel
LevelTile
p8554
(dp8555
g16
I00
sg17
I0
sg18
I01
sg19
I00
sg20
(ilevel
AnimatedTextureModel
p8556
(dp8557
g23
(lp8558
sg26
F1.0
sg27
g70
sbsg28
(ilevel
AnimatedTextureModel
p8559
(dp8560
g23
(lp8561
sg26
F1.0
sg27
g70
sbsg32
(ilevel
AnimatedTextureModel
p8562
(dp8563
g23
(lp8564
sg26
F1.0
sg27
g70
sbsg38
I1
sba(ilevel
LevelTile
p8565
(dp8566
g16
I00
sg17
I0
sg18
I00
sg19
I01
sg20
(ilevel
AnimatedTextureModel
p8567
(dp8568
g23
(lp8569
g25
asg26
F1.0
sg27
g25
sbsg28
(ilevel
AnimatedTextureModel
p8570
(dp8571
g23
(lp8572
Vwall_bulwark.png
p8573
asg26
F1.0
sg27
Vwall_bulwark.obj
p8574
sbsg32
(ilevel
AnimatedTextureModel
p8575
(dp8576
g23
(lp8577
g25
asg26
F1.0
sg27
g25
sbsg38
I1
sba(ilevel
LevelTile
p8578
(dp8579
g16
I00
sg17
I0
sg18
I00
sg19
I01
sg20
(ilevel
AnimatedTextureModel
p8580
(dp8581
g23
(lp8582
g25
asg26
F1.0
sg27
g25
sbsg28
(ilevel
AnimatedTextureModel
p8583
(dp8584
g23
(lp8585
Vwall_bulwark.png
p8586
asg26
F1.0
sg27
Vwall_bulwark.obj
p8587
sbsg32
(ilevel
AnimatedTextureModel
p8588
(dp8589
g23
(lp8590
g25
asg26
F1.0
sg27
g25
sbsg38
I1
sba(ilevel
LevelTile
p8591
(dp8592
g16
I00
sg17
I0
sg18
I00
sg19
I01
sg20
(ilevel
AnimatedTextureModel
p8593
(dp8594
g23
(lp8595
g25
asg26
F1.0
sg27
g25
sbsg28
(ilevel
AnimatedTextureModel
p8596
(dp8597
g23
(lp8598
Vwall_bulwark.png
p8599
asg26
F1.0
sg27
Vwall_bulwark.obj
p8600
sbsg32
(ilevel
AnimatedTextureModel
p8601
(dp8602
g23
(lp8603
g25
asg26
F1.0
sg27
g25
sbsg38
I1
sba(ilevel
LevelTile
p8604
(dp8605
g16
I00
sg17
I0
sg18
I00
sg19
I01
sg20
(ilevel
AnimatedTextureModel
p8606
(dp8607
g23
(lp8608
g25
asg26
F1.0
sg27
g25
sbsg28
(ilevel
AnimatedTextureModel
p8609
(dp8610
g23
(lp8611
Vwall_bulwark.png
p8612
asg26
F1.0
sg27
Vwall_bulwark.obj
p8613
sbsg32
(ilevel
AnimatedTextureModel
p8614
(dp8615
g23
(lp8616
g25
asg26
F1.0
sg27
g25
sbsg38
I1
sba(ilevel
LevelTile
p8617
(dp8618
g16
I00
sg17
I0
sg18
I01
sg19
I00
sg20
(ilevel
AnimatedTextureModel
p8619
(dp8620
g23
(lp8621
g25
asg26
F1.0
sg27
g25
sbsg28
(ilevel
AnimatedTextureModel
p8622
(dp8623
g23
(lp8624
g25
asg26
F1.0
sg27
g25
sbsg32
(ilevel
AnimatedTextureModel
p8625
(dp8626
g23
(lp8627
Vpavement.png
p8628
asg26
F1.0
sg27
Vfloor_flat.obj
p8629
sbsg38
I1
sba(ilevel
LevelTile
p8630
(dp8631
g16
I00
sg17
I0
sg18
I01
sg19
I00
sg20
(ilevel
AnimatedTextureModel
p8632
(dp8633
g23
(lp8634
g25
asg26
F1.0
sg27
g25
sbsg28
(ilevel
AnimatedTextureModel
p8635
(dp8636
g23
(lp8637
g25
asg26
F1.0
sg27
g25
sbsg32
(ilevel
AnimatedTextureModel
p8638
(dp8639
g23
(lp8640
Vpavement.png
p8641
asg26
F1.0
sg27
Vfloor_flat.obj
p8642
sbsg38
I1
sba(ilevel
LevelTile
p8643
(dp8644
g16
I00
sg17
I0
sg18
I01
sg19
I00
sg20
(ilevel
AnimatedTextureModel
p8645
(dp8646
g23
(lp8647
g25
asg26
F1.0
sg27
g25
sbsg28
(ilevel
AnimatedTextureModel
p8648
(dp8649
g23
(lp8650
g25
asg26
F1.0
sg27
g25
sbsg32
(ilevel
AnimatedTextureModel
p8651
(dp8652
g23
(lp8653
Vpavement.png
p8654
asg26
F1.0
sg27
Vfloor_flat.obj
p8655
sbsg38
I1
sba(ilevel
LevelTile
p8656
(dp8657
g16
I00
sg17
I0
sg18
I01
sg19
I00
sg20
(ilevel
AnimatedTextureModel
p8658
(dp8659
g23
(lp8660
g25
asg26
F1.0
sg27
g25
sbsg28
(ilevel
AnimatedTextureModel
p8661
(dp8662
g23
(lp8663
g25
asg26
F1.0
sg27
g25
sbsg32
(ilevel
AnimatedTextureModel
p8664
(dp8665
g23
(lp8666
Vpavement.png
p8667
asg26
F1.0
sg27
Vfloor_flat.obj
p8668
sbsg38
I1
sba(ilevel
LevelTile
p8669
(dp8670
g16
I00
sg17
I0
sg18
I01
sg19
I00
sg20
(ilevel
AnimatedTextureModel
p8671
(dp8672
g23
(lp8673
g25
asg26
F1.0
sg27
g25
sbsg28
(ilevel
AnimatedTextureModel
p8674
(dp8675
g23
(lp8676
g25
asg26
F1.0
sg27
g25
sbsg32
(ilevel
AnimatedTextureModel
p8677
(dp8678
g23
(lp8679
Vpavement.png
p8680
asg26
F1.0
sg27
Vfloor_flat.obj
p8681
sbsg38
I1
sba(ilevel
LevelTile
p8682
(dp8683
g16
I00
sg17
I0
sg18
I01
sg19
I00
sg20
(ilevel
AnimatedTextureModel
p8684
(dp8685
g23
(lp8686
g25
asg26
F1.0
sg27
g25
sbsg28
(ilevel
AnimatedTextureModel
p8687
(dp8688
g23
(lp8689
g25
asg26
F1.0
sg27
g25
sbsg32
(ilevel
AnimatedTextureModel
p8690
(dp8691
g23
(lp8692
Vpavement.png
p8693
asg26
F1.0
sg27
Vfloor_flat.obj
p8694
sbsg38
I1
sba(ilevel
LevelTile
p8695
(dp8696
g16
I00
sg17
I0
sg18
I01
sg19
I00
sg20
(ilevel
AnimatedTextureModel
p8697
(dp8698
g23
(lp8699
g25
asg26
F1.0
sg27
g25
sbsg28
(ilevel
AnimatedTextureModel
p8700
(dp8701
g23
(lp8702
g25
asg26
F1.0
sg27
g25
sbsg32
(ilevel
AnimatedTextureModel
p8703
(dp8704
g23
(lp8705
Vpavement.png
p8706
asg26
F1.0
sg27
Vfloor_flat.obj
p8707
sbsg38
I1
sba(ilevel
LevelTile
p8708
(dp8709
g16
I00
sg17
I0
sg18
I01
sg19
I00
sg20
(ilevel
AnimatedTextureModel
p8710
(dp8711
g23
(lp8712
g25
asg26
F1.0
sg27
g25
sbsg28
(ilevel
AnimatedTextureModel
p8713
(dp8714
g23
(lp8715
g25
asg26
F1.0
sg27
g25
sbsg32
(ilevel
AnimatedTextureModel
p8716
(dp8717
g23
(lp8718
Vpavement.png
p8719
asg26
F1.0
sg27
Vfloor_flat.obj
p8720
sbsg38
I1
sba(ilevel
LevelTile
p8721
(dp8722
g16
I00
sg17
I0
sg18
I01
sg19
I00
sg20
(ilevel
AnimatedTextureModel
p8723
(dp8724
g23
(lp8725
g25
asg26
F1.0
sg27
g25
sbsg28
(ilevel
AnimatedTextureModel
p8726
(dp8727
g23
(lp8728
g25
asg26
F1.0
sg27
g25
sbsg32
(ilevel
AnimatedTextureModel
p8729
(dp8730
g23
(lp8731
Vgrass.png
p8732
asg26
F1.0
sg27
Vfloor_flat.obj
p8733
sbsg38
I1
sba(ilevel
LevelTile
p8734
(dp8735
g16
I00
sg17
I0
sg18
I01
sg19
I00
sg20
(ilevel
AnimatedTextureModel
p8736
(dp8737
g23
(lp8738
g25
asg26
F1.0
sg27
g25
sbsg28
(ilevel
AnimatedTextureModel
p8739
(dp8740
g23
(lp8741
g25
asg26
F1.0
sg27
g25
sbsg32
(ilevel
AnimatedTextureModel
p8742
(dp8743
g23
(lp8744
Vgrass.png
p8745
asg26
F1.0
sg27
Vfloor_flat.obj
p8746
sbsg38
I1
sba(ilevel
LevelTile
p8747
(dp8748
g16
I00
sg17
I0
sg18
I01
sg19
I00
sg20
(ilevel
AnimatedTextureModel
p8749
(dp8750
g23
(lp8751
g25
asg26
F1.0
sg27
g25
sbsg28
(ilevel
AnimatedTextureModel
p8752
(dp8753
g23
(lp8754
g25
asg26
F1.0
sg27
g25
sbsg32
(ilevel
AnimatedTextureModel
p8755
(dp8756
g23
(lp8757
Vgrass.png
p8758
asg26
F1.0
sg27
Vfloor_flat.obj
p8759
sbsg38
I1
sba(ilevel
LevelTile
p8760
(dp8761
g16
I00
sg17
I0
sg18
I01
sg19
I00
sg20
(ilevel
AnimatedTextureModel
p8762
(dp8763
g23
(lp8764
g25
asg26
F1.0
sg27
g25
sbsg28
(ilevel
AnimatedTextureModel
p8765
(dp8766
g23
(lp8767
g25
asg26
F1.0
sg27
g25
sbsg32
(ilevel
AnimatedTextureModel
p8768
(dp8769
g23
(lp8770
Vgrass.png
p8771
asg26
F1.0
sg27
Vfloor_flat.obj
p8772
sbsg38
I1
sba(ilevel
LevelTile
p8773
(dp8774
g16
I00
sg17
I0
sg18
I01
sg19
I00
sg20
(ilevel
AnimatedTextureModel
p8775
(dp8776
g23
(lp8777
g25
asg26
F1.0
sg27
g25
sbsg28
(ilevel
AnimatedTextureModel
p8778
(dp8779
g23
(lp8780
g25
asg26
F1.0
sg27
g25
sbsg32
(ilevel
AnimatedTextureModel
p8781
(dp8782
g23
(lp8783
Vgrass.png
p8784
asg26
F1.0
sg27
Vfloor_flat.obj
p8785
sbsg38
I1
sba(ilevel
LevelTile
p8786
(dp8787
g16
I00
sg17
I0
sg18
I01
sg19
I00
sg20
(ilevel
AnimatedTextureModel
p8788
(dp8789
g23
(lp8790
g25
asg26
F1.0
sg27
g25
sbsg28
(ilevel
AnimatedTextureModel
p8791
(dp8792
g23
(lp8793
g25
asg26
F1.0
sg27
g25
sbsg32
(ilevel
AnimatedTextureModel
p8794
(dp8795
g23
(lp8796
Vpavement.png
p8797
asg26
F1.0
sg27
Vfloor_flat.obj
p8798
sbsg38
I1
sba(ilevel
LevelTile
p8799
(dp8800
g16
I00
sg17
I0
sg18
I01
sg19
I00
sg20
(ilevel
AnimatedTextureModel
p8801
(dp8802
g23
(lp8803
g25
asg26
F1.0
sg27
g25
sbsg28
(ilevel
AnimatedTextureModel
p8804
(dp8805
g23
(lp8806
g25
asg26
F1.0
sg27
g25
sbsg32
(ilevel
AnimatedTextureModel
p8807
(dp8808
g23
(lp8809
Vpavement.png
p8810
asg26
F1.0
sg27
Vfloor_flat.obj
p8811
sbsg38
I1
sba(ilevel
LevelTile
p8812
(dp8813
g16
I00
sg17
I0
sg18
I00
sg19
I01
sg20
(ilevel
AnimatedTextureModel
p8814
(dp8815
g23
(lp8816
g25
asg26
F1.0
sg27
g25
sbsg28
(ilevel
AnimatedTextureModel
p8817
(dp8818
g23
(lp8819
Vhouse.png
p8820
asg26
F1.0
sg27
Vwall_house.obj
p8821
sbsg32
(ilevel
AnimatedTextureModel
p8822
(dp8823
g23
(lp8824
g25
asg26
F1.0
sg27
g25
sbsg38
I1
sba(ilevel
LevelTile
p8825
(dp8826
g16
I00
sg17
I0
sg18
I00
sg19
I01
sg20
(ilevel
AnimatedTextureModel
p8827
(dp8828
g23
(lp8829
g25
asg26
F1.0
sg27
g25
sbsg28
(ilevel
AnimatedTextureModel
p8830
(dp8831
g23
(lp8832
Vhouse.png
p8833
asg26
F1.0
sg27
Vwall_house.obj
p8834
sbsg32
(ilevel
AnimatedTextureModel
p8835
(dp8836
g23
(lp8837
g25
asg26
F1.0
sg27
g25
sbsg38
I1
sba(ilevel
LevelTile
p8838
(dp8839
g16
I00
sg17
I0
sg18
I00
sg19
I01
sg20
(ilevel
AnimatedTextureModel
p8840
(dp8841
g23
(lp8842
g25
asg26
F1.0
sg27
g25
sbsg28
(ilevel
AnimatedTextureModel
p8843
(dp8844
g23
(lp8845
Vhouse.png
p8846
asg26
F1.0
sg27
Vwall_house.obj
p8847
sbsg32
(ilevel
AnimatedTextureModel
p8848
(dp8849
g23
(lp8850
g25
asg26
F1.0
sg27
g25
sbsg38
I1
sba(ilevel
LevelTile
p8851
(dp8852
g16
I00
sg17
I0
sg18
I00
sg19
I01
sg20
(ilevel
AnimatedTextureModel
p8853
(dp8854
g23
(lp8855
g25
asg26
F1.0
sg27
g25
sbsg28
(ilevel
AnimatedTextureModel
p8856
(dp8857
g23
(lp8858
Vhouse.png
p8859
asg26
F1.0
sg27
Vwall_house.obj
p8860
sbsg32
(ilevel
AnimatedTextureModel
p8861
(dp8862
g23
(lp8863
g25
asg26
F1.0
sg27
g25
sbsg38
I1
sba(ilevel
LevelTile
p8864
(dp8865
g16
I00
sg17
I0
sg18
I01
sg19
I00
sg20
(ilevel
AnimatedTextureModel
p8866
(dp8867
g23
(lp8868
g25
asg26
F1.0
sg27
g25
sbsg28
(ilevel
AnimatedTextureModel
p8869
(dp8870
g23
(lp8871
g25
asg26
F1.0
sg27
g25
sbsg32
(ilevel
AnimatedTextureModel
p8872
(dp8873
g23
(lp8874
Vpavement.png
p8875
asg26
F1.0
sg27
Vfloor_flat.obj
p8876
sbsg38
I1
sba(ilevel
LevelTile
p8877
(dp8878
g16
I00
sg17
I0
sg18
I00
sg19
I01
sg20
(ilevel
AnimatedTextureModel
p8879
(dp8880
g23
(lp8881
g25
asg26
F1.0
sg27
g25
sbsg28
(ilevel
AnimatedTextureModel
p8882
(dp8883
g23
(lp8884
Vwall_bulwark.png
p8885
asg26
F1.0
sg27
Vwall_bulwark.obj
p8886
sbsg32
(ilevel
AnimatedTextureModel
p8887
(dp8888
g23
(lp8889
g25
asg26
F1.0
sg27
g25
sbsg38
I1
sbaa(lp8890
(ilevel
LevelTile
p8891
(dp8892
g16
I00
sg17
I0
sg18
I01
sg19
I00
sg20
(ilevel
AnimatedTextureModel
p8893
(dp8894
g23
(lp8895
sg26
F1.0
sg27
g70
sbsg28
(ilevel
AnimatedTextureModel
p8896
(dp8897
g23
(lp8898
sg26
F1.0
sg27
g70
sbsg32
(ilevel
AnimatedTextureModel
p8899
(dp8900
g23
(lp8901
sg26
F1.0
sg27
g70
sbsg38
I1
sba(ilevel
LevelTile
p8902
(dp8903
g16
I00
sg17
I0
sg18
I01
sg19
I00
sg20
(ilevel
AnimatedTextureModel
p8904
(dp8905
g23
(lp8906
sg26
F1.0
sg27
g70
sbsg28
(ilevel
AnimatedTextureModel
p8907
(dp8908
g23
(lp8909
sg26
F1.0
sg27
g70
sbsg32
(ilevel
AnimatedTextureModel
p8910
(dp8911
g23
(lp8912
sg26
F1.0
sg27
g70
sbsg38
I1
sba(ilevel
LevelTile
p8913
(dp8914
g16
I00
sg17
I0
sg18
I01
sg19
I00
sg20
(ilevel
AnimatedTextureModel
p8915
(dp8916
g23
(lp8917
sg26
F1.0
sg27
g70
sbsg28
(ilevel
AnimatedTextureModel
p8918
(dp8919
g23
(lp8920
sg26
F1.0
sg27
g70
sbsg32
(ilevel
AnimatedTextureModel
p8921
(dp8922
g23
(lp8923
sg26
F1.0
sg27
g70
sbsg38
I1
sba(ilevel
LevelTile
p8924
(dp8925
g16
I00
sg17
I0
sg18
I01
sg19
I00
sg20
(ilevel
AnimatedTextureModel
p8926
(dp8927
g23
(lp8928
sg26
F1.0
sg27
g70
sbsg28
(ilevel
AnimatedTextureModel
p8929
(dp8930
g23
(lp8931
sg26
F1.0
sg27
g70
sbsg32
(ilevel
AnimatedTextureModel
p8932
(dp8933
g23
(lp8934
sg26
F1.0
sg27
g70
sbsg38
I1
sba(ilevel
LevelTile
p8935
(dp8936
g16
I00
sg17
I0
sg18
I01
sg19
I00
sg20
(ilevel
AnimatedTextureModel
p8937
(dp8938
g23
(lp8939
sg26
F1.0
sg27
g70
sbsg28
(ilevel
AnimatedTextureModel
p8940
(dp8941
g23
(lp8942
sg26
F1.0
sg27
g70
sbsg32
(ilevel
AnimatedTextureModel
p8943
(dp8944
g23
(lp8945
sg26
F1.0
sg27
g70
sbsg38
I1
sba(ilevel
LevelTile
p8946
(dp8947
g16
I00
sg17
I0
sg18
I01
sg19
I00
sg20
(ilevel
AnimatedTextureModel
p8948
(dp8949
g23
(lp8950
sg26
F1.0
sg27
g70
sbsg28
(ilevel
AnimatedTextureModel
p8951
(dp8952
g23
(lp8953
sg26
F1.0
sg27
g70
sbsg32
(ilevel
AnimatedTextureModel
p8954
(dp8955
g23
(lp8956
sg26
F1.0
sg27
g70
sbsg38
I1
sba(ilevel
LevelTile
p8957
(dp8958
g16
I00
sg17
I0
sg18
I01
sg19
I00
sg20
(ilevel
AnimatedTextureModel
p8959
(dp8960
g23
(lp8961
sg26
F1.0
sg27
g70
sbsg28
(ilevel
AnimatedTextureModel
p8962
(dp8963
g23
(lp8964
sg26
F1.0
sg27
g70
sbsg32
(ilevel
AnimatedTextureModel
p8965
(dp8966
g23
(lp8967
sg26
F1.0
sg27
g70
sbsg38
I1
sba(ilevel
LevelTile
p8968
(dp8969
g16
I00
sg17
I0
sg18
I01
sg19
I00
sg20
(ilevel
AnimatedTextureModel
p8970
(dp8971
g23
(lp8972
sg26
F1.0
sg27
g70
sbsg28
(ilevel
AnimatedTextureModel
p8973
(dp8974
g23
(lp8975
sg26
F1.0
sg27
g70
sbsg32
(ilevel
AnimatedTextureModel
p8976
(dp8977
g23
(lp8978
sg26
F1.0
sg27
g70
sbsg38
I1
sba(ilevel
LevelTile
p8979
(dp8980
g16
I00
sg17
I0
sg18
I00
sg19
I01
sg20
(ilevel
AnimatedTextureModel
p8981
(dp8982
g23
(lp8983
g25
asg26
F1.0
sg27
g25
sbsg28
(ilevel
AnimatedTextureModel
p8984
(dp8985
g23
(lp8986
Vwall_bulwark.png
p8987
asg26
F1.0
sg27
Vwall_bulwark.obj
p8988
sbsg32
(ilevel
AnimatedTextureModel
p8989
(dp8990
g23
(lp8991
g25
asg26
F1.0
sg27
g25
sbsg38
I1
sba(ilevel
LevelTile
p8992
(dp8993
g16
I00
sg17
I0
sg18
I00
sg19
I01
sg20
(ilevel
AnimatedTextureModel
p8994
(dp8995
g23
(lp8996
g25
asg26
F1.0
sg27
g25
sbsg28
(ilevel
AnimatedTextureModel
p8997
(dp8998
g23
(lp8999
Vhouse.png
p9000
asg26
F1.0
sg27
Vwall_house.obj
p9001
sbsg32
(ilevel
AnimatedTextureModel
p9002
(dp9003
g23
(lp9004
g25
asg26
F1.0
sg27
g25
sbsg38
I1
sba(ilevel
LevelTile
p9005
(dp9006
g16
I00
sg17
I0
sg18
I00
sg19
I01
sg20
(ilevel
AnimatedTextureModel
p9007
(dp9008
g23
(lp9009
g25
asg26
F1.0
sg27
g25
sbsg28
(ilevel
AnimatedTextureModel
p9010
(dp9011
g23
(lp9012
Vhouse.png
p9013
asg26
F1.0
sg27
Vwall_house.obj
p9014
sbsg32
(ilevel
AnimatedTextureModel
p9015
(dp9016
g23
(lp9017
g25
asg26
F1.0
sg27
g25
sbsg38
I1
sba(ilevel
LevelTile
p9018
(dp9019
g16
I00
sg17
I0
sg18
I00
sg19
I01
sg20
(ilevel
AnimatedTextureModel
p9020
(dp9021
g23
(lp9022
g25
asg26
F1.0
sg27
g25
sbsg28
(ilevel
AnimatedTextureModel
p9023
(dp9024
g23
(lp9025
Vhouse.png
p9026
asg26
F1.0
sg27
Vwall_house.obj
p9027
sbsg32
(ilevel
AnimatedTextureModel
p9028
(dp9029
g23
(lp9030
g25
asg26
F1.0
sg27
g25
sbsg38
I1
sba(ilevel
LevelTile
p9031
(dp9032
g16
I00
sg17
I0
sg18
I00
sg19
I01
sg20
(ilevel
AnimatedTextureModel
p9033
(dp9034
g23
(lp9035
g25
asg26
F1.0
sg27
g25
sbsg28
(ilevel
AnimatedTextureModel
p9036
(dp9037
g23
(lp9038
Vhouse.png
p9039
asg26
F1.0
sg27
Vwall_house.obj
p9040
sbsg32
(ilevel
AnimatedTextureModel
p9041
(dp9042
g23
(lp9043
g25
asg26
F1.0
sg27
g25
sbsg38
I1
sba(ilevel
LevelTile
p9044
(dp9045
g16
I00
sg17
I0
sg18
I00
sg19
I01
sg20
(ilevel
AnimatedTextureModel
p9046
(dp9047
g23
(lp9048
g25
asg26
F1.0
sg27
g25
sbsg28
(ilevel
AnimatedTextureModel
p9049
(dp9050
g23
(lp9051
Vhouse.png
p9052
asg26
F1.0
sg27
Vwall_house.obj
p9053
sbsg32
(ilevel
AnimatedTextureModel
p9054
(dp9055
g23
(lp9056
g25
asg26
F1.0
sg27
g25
sbsg38
I1
sba(ilevel
LevelTile
p9057
(dp9058
g16
I00
sg17
I0
sg18
I00
sg19
I01
sg20
(ilevel
AnimatedTextureModel
p9059
(dp9060
g23
(lp9061
g25
asg26
F1.0
sg27
g25
sbsg28
(ilevel
AnimatedTextureModel
p9062
(dp9063
g23
(lp9064
Vhouse.png
p9065
asg26
F1.0
sg27
Vwall_house.obj
p9066
sbsg32
(ilevel
AnimatedTextureModel
p9067
(dp9068
g23
(lp9069
g25
asg26
F1.0
sg27
g25
sbsg38
I1
sba(ilevel
LevelTile
p9070
(dp9071
g16
I00
sg17
I0
sg18
I00
sg19
I01
sg20
(ilevel
AnimatedTextureModel
p9072
(dp9073
g23
(lp9074
g25
asg26
F1.0
sg27
g25
sbsg28
(ilevel
AnimatedTextureModel
p9075
(dp9076
g23
(lp9077
Vhouse.png
p9078
asg26
F1.0
sg27
Vwall_house.obj
p9079
sbsg32
(ilevel
AnimatedTextureModel
p9080
(dp9081
g23
(lp9082
g25
asg26
F1.0
sg27
g25
sbsg38
I1
sba(ilevel
LevelTile
p9083
(dp9084
g16
I00
sg17
I0
sg18
I00
sg19
I01
sg20
(ilevel
AnimatedTextureModel
p9085
(dp9086
g23
(lp9087
g25
asg26
F1.0
sg27
g25
sbsg28
(ilevel
AnimatedTextureModel
p9088
(dp9089
g23
(lp9090
Vhouse.png
p9091
asg26
F1.0
sg27
Vwall_house.obj
p9092
sbsg32
(ilevel
AnimatedTextureModel
p9093
(dp9094
g23
(lp9095
g25
asg26
F1.0
sg27
g25
sbsg38
I1
sba(ilevel
LevelTile
p9096
(dp9097
g16
I00
sg17
I0
sg18
I00
sg19
I01
sg20
(ilevel
AnimatedTextureModel
p9098
(dp9099
g23
(lp9100
g25
asg26
F1.0
sg27
g25
sbsg28
(ilevel
AnimatedTextureModel
p9101
(dp9102
g23
(lp9103
Vhouse.png
p9104
asg26
F1.0
sg27
Vwall_house.obj
p9105
sbsg32
(ilevel
AnimatedTextureModel
p9106
(dp9107
g23
(lp9108
g25
asg26
F1.0
sg27
g25
sbsg38
I1
sba(ilevel
LevelTile
p9109
(dp9110
g16
I00
sg17
I0
sg18
I00
sg19
I01
sg20
(ilevel
AnimatedTextureModel
p9111
(dp9112
g23
(lp9113
g25
asg26
F1.0
sg27
g25
sbsg28
(ilevel
AnimatedTextureModel
p9114
(dp9115
g23
(lp9116
Vhouse.png
p9117
asg26
F1.0
sg27
Vwall_house.obj
p9118
sbsg32
(ilevel
AnimatedTextureModel
p9119
(dp9120
g23
(lp9121
g25
asg26
F1.0
sg27
g25
sbsg38
I1
sba(ilevel
LevelTile
p9122
(dp9123
g16
I00
sg17
I0
sg18
I00
sg19
I01
sg20
(ilevel
AnimatedTextureModel
p9124
(dp9125
g23
(lp9126
g25
asg26
F1.0
sg27
g25
sbsg28
(ilevel
AnimatedTextureModel
p9127
(dp9128
g23
(lp9129
Vwall_bulwark.png
p9130
asg26
F1.0
sg27
Vwall_bulwark.obj
p9131
sbsg32
(ilevel
AnimatedTextureModel
p9132
(dp9133
g23
(lp9134
g25
asg26
F1.0
sg27
g25
sbsg38
I1
sba(ilevel
LevelTile
p9135
(dp9136
g16
I00
sg17
I0
sg18
I01
sg19
I00
sg20
(ilevel
AnimatedTextureModel
p9137
(dp9138
g23
(lp9139
g25
asg26
F1.0
sg27
g25
sbsg28
(ilevel
AnimatedTextureModel
p9140
(dp9141
g23
(lp9142
g25
asg26
F1.0
sg27
g25
sbsg32
(ilevel
AnimatedTextureModel
p9143
(dp9144
g23
(lp9145
Vgrass.png
p9146
asg26
F1.0
sg27
Vfloor_flat.obj
p9147
sbsg38
I1
sba(ilevel
LevelTile
p9148
(dp9149
g16
I00
sg17
I0
sg18
I01
sg19
I00
sg20
(ilevel
AnimatedTextureModel
p9150
(dp9151
g23
(lp9152
g25
asg26
F1.0
sg27
g25
sbsg28
(ilevel
AnimatedTextureModel
p9153
(dp9154
g23
(lp9155
g25
asg26
F1.0
sg27
g25
sbsg32
(ilevel
AnimatedTextureModel
p9156
(dp9157
g23
(lp9158
Vgrass.png
p9159
asg26
F1.0
sg27
Vfloor_flat.obj
p9160
sbsg38
I1
sba(ilevel
LevelTile
p9161
(dp9162
g16
I00
sg17
I0
sg18
I01
sg19
I00
sg20
(ilevel
AnimatedTextureModel
p9163
(dp9164
g23
(lp9165
g25
asg26
F1.0
sg27
g25
sbsg28
(ilevel
AnimatedTextureModel
p9166
(dp9167
g23
(lp9168
g25
asg26
F1.0
sg27
g25
sbsg32
(ilevel
AnimatedTextureModel
p9169
(dp9170
g23
(lp9171
Vpavement.png
p9172
asg26
F1.0
sg27
Vfloor_flat.obj
p9173
sbsg38
I1
sba(ilevel
LevelTile
p9174
(dp9175
g16
I00
sg17
I0
sg18
I01
sg19
I00
sg20
(ilevel
AnimatedTextureModel
p9176
(dp9177
g23
(lp9178
g25
asg26
F1.0
sg27
g25
sbsg28
(ilevel
AnimatedTextureModel
p9179
(dp9180
g23
(lp9181
g25
asg26
F1.0
sg27
g25
sbsg32
(ilevel
AnimatedTextureModel
p9182
(dp9183
g23
(lp9184
Vpavement.png
p9185
asg26
F1.0
sg27
Vfloor_flat.obj
p9186
sbsg38
I1
sba(ilevel
LevelTile
p9187
(dp9188
g16
I00
sg17
I0
sg18
I00
sg19
I01
sg20
(ilevel
AnimatedTextureModel
p9189
(dp9190
g23
(lp9191
g25
asg26
F1.0
sg27
g25
sbsg28
(ilevel
AnimatedTextureModel
p9192
(dp9193
g23
(lp9194
Vhouse.png
p9195
asg26
F1.0
sg27
Vwall_house.obj
p9196
sbsg32
(ilevel
AnimatedTextureModel
p9197
(dp9198
g23
(lp9199
g25
asg26
F1.0
sg27
g25
sbsg38
I1
sba(ilevel
LevelTile
p9200
(dp9201
g16
I00
sg17
I0
sg18
I00
sg19
I01
sg20
(ilevel
AnimatedTextureModel
p9202
(dp9203
g23
(lp9204
g25
asg26
F1.0
sg27
g25
sbsg28
(ilevel
AnimatedTextureModel
p9205
(dp9206
g23
(lp9207
Vhouse.png
p9208
asg26
F1.0
sg27
Vwall_house.obj
p9209
sbsg32
(ilevel
AnimatedTextureModel
p9210
(dp9211
g23
(lp9212
g25
asg26
F1.0
sg27
g25
sbsg38
I1
sba(ilevel
LevelTile
p9213
(dp9214
g16
I00
sg17
I0
sg18
I01
sg19
I00
sg20
(ilevel
AnimatedTextureModel
p9215
(dp9216
g23
(lp9217
g25
asg26
F1.0
sg27
g25
sbsg28
(ilevel
AnimatedTextureModel
p9218
(dp9219
g23
(lp9220
g25
asg26
F1.0
sg27
g25
sbsg32
(ilevel
AnimatedTextureModel
p9221
(dp9222
g23
(lp9223
Vpavement.png
p9224
asg26
F1.0
sg27
Vfloor_flat.obj
p9225
sbsg38
I1
sba(ilevel
LevelTile
p9226
(dp9227
g16
I00
sg17
I0
sg18
I01
sg19
I00
sg20
(ilevel
AnimatedTextureModel
p9228
(dp9229
g23
(lp9230
g25
asg26
F1.0
sg27
g25
sbsg28
(ilevel
AnimatedTextureModel
p9231
(dp9232
g23
(lp9233
g25
asg26
F1.0
sg27
g25
sbsg32
(ilevel
AnimatedTextureModel
p9234
(dp9235
g23
(lp9236
Vpavement.png
p9237
asg26
F1.0
sg27
Vfloor_flat.obj
p9238
sbsg38
I1
sba(ilevel
LevelTile
p9239
(dp9240
g16
I00
sg17
I0
sg18
I01
sg19
I00
sg20
(ilevel
AnimatedTextureModel
p9241
(dp9242
g23
(lp9243
g25
asg26
F1.0
sg27
g25
sbsg28
(ilevel
AnimatedTextureModel
p9244
(dp9245
g23
(lp9246
g25
asg26
F1.0
sg27
g25
sbsg32
(ilevel
AnimatedTextureModel
p9247
(dp9248
g23
(lp9249
Vpavement.png
p9250
asg26
F1.0
sg27
Vfloor_flat.obj
p9251
sbsg38
I1
sba(ilevel
LevelTile
p9252
(dp9253
g16
I00
sg17
I0
sg18
I00
sg19
I01
sg20
(ilevel
AnimatedTextureModel
p9254
(dp9255
g23
(lp9256
g25
asg26
F1.0
sg27
g25
sbsg28
(ilevel
AnimatedTextureModel
p9257
(dp9258
g23
(lp9259
Vwall_bulwark.png
p9260
asg26
F1.0
sg27
Vwall_bulwark.obj
p9261
sbsg32
(ilevel
AnimatedTextureModel
p9262
(dp9263
g23
(lp9264
g25
asg26
F1.0
sg27
g25
sbsg38
I1
sbaa(lp9265
(ilevel
LevelTile
p9266
(dp9267
g16
I00
sg17
I0
sg18
I01
sg19
I00
sg20
(ilevel
AnimatedTextureModel
p9268
(dp9269
g23
(lp9270
sg26
F1.0
sg27
g70
sbsg28
(ilevel
AnimatedTextureModel
p9271
(dp9272
g23
(lp9273
sg26
F1.0
sg27
g70
sbsg32
(ilevel
AnimatedTextureModel
p9274
(dp9275
g23
(lp9276
sg26
F1.0
sg27
g70
sbsg38
I1
sba(ilevel
LevelTile
p9277
(dp9278
g16
I00
sg17
I0
sg18
I01
sg19
I00
sg20
(ilevel
AnimatedTextureModel
p9279
(dp9280
g23
(lp9281
sg26
F1.0
sg27
g70
sbsg28
(ilevel
AnimatedTextureModel
p9282
(dp9283
g23
(lp9284
sg26
F1.0
sg27
g70
sbsg32
(ilevel
AnimatedTextureModel
p9285
(dp9286
g23
(lp9287
sg26
F1.0
sg27
g70
sbsg38
I1
sba(ilevel
LevelTile
p9288
(dp9289
g16
I00
sg17
I0
sg18
I01
sg19
I00
sg20
(ilevel
AnimatedTextureModel
p9290
(dp9291
g23
(lp9292
sg26
F1.0
sg27
g70
sbsg28
(ilevel
AnimatedTextureModel
p9293
(dp9294
g23
(lp9295
sg26
F1.0
sg27
g70
sbsg32
(ilevel
AnimatedTextureModel
p9296
(dp9297
g23
(lp9298
sg26
F1.0
sg27
g70
sbsg38
I1
sba(ilevel
LevelTile
p9299
(dp9300
g16
I00
sg17
I0
sg18
I01
sg19
I00
sg20
(ilevel
AnimatedTextureModel
p9301
(dp9302
g23
(lp9303
sg26
F1.0
sg27
g70
sbsg28
(ilevel
AnimatedTextureModel
p9304
(dp9305
g23
(lp9306
sg26
F1.0
sg27
g70
sbsg32
(ilevel
AnimatedTextureModel
p9307
(dp9308
g23
(lp9309
sg26
F1.0
sg27
g70
sbsg38
I1
sba(ilevel
LevelTile
p9310
(dp9311
g16
I00
sg17
I0
sg18
I01
sg19
I00
sg20
(ilevel
AnimatedTextureModel
p9312
(dp9313
g23
(lp9314
sg26
F1.0
sg27
g70
sbsg28
(ilevel
AnimatedTextureModel
p9315
(dp9316
g23
(lp9317
sg26
F1.0
sg27
g70
sbsg32
(ilevel
AnimatedTextureModel
p9318
(dp9319
g23
(lp9320
sg26
F1.0
sg27
g70
sbsg38
I1
sba(ilevel
LevelTile
p9321
(dp9322
g16
I00
sg17
I0
sg18
I01
sg19
I00
sg20
(ilevel
AnimatedTextureModel
p9323
(dp9324
g23
(lp9325
sg26
F1.0
sg27
g70
sbsg28
(ilevel
AnimatedTextureModel
p9326
(dp9327
g23
(lp9328
sg26
F1.0
sg27
g70
sbsg32
(ilevel
AnimatedTextureModel
p9329
(dp9330
g23
(lp9331
sg26
F1.0
sg27
g70
sbsg38
I1
sba(ilevel
LevelTile
p9332
(dp9333
g16
I00
sg17
I0
sg18
I01
sg19
I00
sg20
(ilevel
AnimatedTextureModel
p9334
(dp9335
g23
(lp9336
sg26
F1.0
sg27
g70
sbsg28
(ilevel
AnimatedTextureModel
p9337
(dp9338
g23
(lp9339
sg26
F1.0
sg27
g70
sbsg32
(ilevel
AnimatedTextureModel
p9340
(dp9341
g23
(lp9342
sg26
F1.0
sg27
g70
sbsg38
I1
sba(ilevel
LevelTile
p9343
(dp9344
g16
I00
sg17
I0
sg18
I01
sg19
I00
sg20
(ilevel
AnimatedTextureModel
p9345
(dp9346
g23
(lp9347
sg26
F1.0
sg27
g70
sbsg28
(ilevel
AnimatedTextureModel
p9348
(dp9349
g23
(lp9350
sg26
F1.0
sg27
g70
sbsg32
(ilevel
AnimatedTextureModel
p9351
(dp9352
g23
(lp9353
sg26
F1.0
sg27
g70
sbsg38
I1
sba(ilevel
LevelTile
p9354
(dp9355
g16
I00
sg17
I0
sg18
I01
sg19
I00
sg20
(ilevel
AnimatedTextureModel
p9356
(dp9357
g23
(lp9358
sg26
F1.0
sg27
g70
sbsg28
(ilevel
AnimatedTextureModel
p9359
(dp9360
g23
(lp9361
sg26
F1.0
sg27
g70
sbsg32
(ilevel
AnimatedTextureModel
p9362
(dp9363
g23
(lp9364
sg26
F1.0
sg27
g70
sbsg38
I1
sba(ilevel
LevelTile
p9365
(dp9366
g16
I00
sg17
I0
sg18
I01
sg19
I00
sg20
(ilevel
AnimatedTextureModel
p9367
(dp9368
g23
(lp9369
sg26
F1.0
sg27
g70
sbsg28
(ilevel
AnimatedTextureModel
p9370
(dp9371
g23
(lp9372
sg26
F1.0
sg27
g70
sbsg32
(ilevel
AnimatedTextureModel
p9373
(dp9374
g23
(lp9375
sg26
F1.0
sg27
g70
sbsg38
I1
sba(ilevel
LevelTile
p9376
(dp9377
g16
I00
sg17
I0
sg18
I01
sg19
I00
sg20
(ilevel
AnimatedTextureModel
p9378
(dp9379
g23
(lp9380
sg26
F1.0
sg27
g70
sbsg28
(ilevel
AnimatedTextureModel
p9381
(dp9382
g23
(lp9383
sg26
F1.0
sg27
g70
sbsg32
(ilevel
AnimatedTextureModel
p9384
(dp9385
g23
(lp9386
sg26
F1.0
sg27
g70
sbsg38
I1
sba(ilevel
LevelTile
p9387
(dp9388
g16
I00
sg17
I0
sg18
I01
sg19
I00
sg20
(ilevel
AnimatedTextureModel
p9389
(dp9390
g23
(lp9391
sg26
F1.0
sg27
g70
sbsg28
(ilevel
AnimatedTextureModel
p9392
(dp9393
g23
(lp9394
sg26
F1.0
sg27
g70
sbsg32
(ilevel
AnimatedTextureModel
p9395
(dp9396
g23
(lp9397
sg26
F1.0
sg27
g70
sbsg38
I1
sba(ilevel
LevelTile
p9398
(dp9399
g16
I00
sg17
I0
sg18
I01
sg19
I00
sg20
(ilevel
AnimatedTextureModel
p9400
(dp9401
g23
(lp9402
sg26
F1.0
sg27
g70
sbsg28
(ilevel
AnimatedTextureModel
p9403
(dp9404
g23
(lp9405
sg26
F1.0
sg27
g70
sbsg32
(ilevel
AnimatedTextureModel
p9406
(dp9407
g23
(lp9408
sg26
F1.0
sg27
g70
sbsg38
I1
sba(ilevel
LevelTile
p9409
(dp9410
g16
I00
sg17
I0
sg18
I01
sg19
I00
sg20
(ilevel
AnimatedTextureModel
p9411
(dp9412
g23
(lp9413
sg26
F1.0
sg27
g70
sbsg28
(ilevel
AnimatedTextureModel
p9414
(dp9415
g23
(lp9416
sg26
F1.0
sg27
g70
sbsg32
(ilevel
AnimatedTextureModel
p9417
(dp9418
g23
(lp9419
sg26
F1.0
sg27
g70
sbsg38
I1
sba(ilevel
LevelTile
p9420
(dp9421
g16
I00
sg17
I0
sg18
I01
sg19
I00
sg20
(ilevel
AnimatedTextureModel
p9422
(dp9423
g23
(lp9424
sg26
F1.0
sg27
g70
sbsg28
(ilevel
AnimatedTextureModel
p9425
(dp9426
g23
(lp9427
sg26
F1.0
sg27
g70
sbsg32
(ilevel
AnimatedTextureModel
p9428
(dp9429
g23
(lp9430
sg26
F1.0
sg27
g70
sbsg38
I1
sba(ilevel
LevelTile
p9431
(dp9432
g16
I00
sg17
I0
sg18
I01
sg19
I00
sg20
(ilevel
AnimatedTextureModel
p9433
(dp9434
g23
(lp9435
sg26
F1.0
sg27
g70
sbsg28
(ilevel
AnimatedTextureModel
p9436
(dp9437
g23
(lp9438
sg26
F1.0
sg27
g70
sbsg32
(ilevel
AnimatedTextureModel
p9439
(dp9440
g23
(lp9441
sg26
F1.0
sg27
g70
sbsg38
I1
sba(ilevel
LevelTile
p9442
(dp9443
g16
I00
sg17
I0
sg18
I01
sg19
I00
sg20
(ilevel
AnimatedTextureModel
p9444
(dp9445
g23
(lp9446
sg26
F1.0
sg27
g70
sbsg28
(ilevel
AnimatedTextureModel
p9447
(dp9448
g23
(lp9449
sg26
F1.0
sg27
g70
sbsg32
(ilevel
AnimatedTextureModel
p9450
(dp9451
g23
(lp9452
sg26
F1.0
sg27
g70
sbsg38
I1
sba(ilevel
LevelTile
p9453
(dp9454
g16
I00
sg17
I0
sg18
I01
sg19
I00
sg20
(ilevel
AnimatedTextureModel
p9455
(dp9456
g23
(lp9457
sg26
F1.0
sg27
g70
sbsg28
(ilevel
AnimatedTextureModel
p9458
(dp9459
g23
(lp9460
sg26
F1.0
sg27
g70
sbsg32
(ilevel
AnimatedTextureModel
p9461
(dp9462
g23
(lp9463
sg26
F1.0
sg27
g70
sbsg38
I1
sba(ilevel
LevelTile
p9464
(dp9465
g16
I00
sg17
I0
sg18
I01
sg19
I00
sg20
(ilevel
AnimatedTextureModel
p9466
(dp9467
g23
(lp9468
sg26
F1.0
sg27
g70
sbsg28
(ilevel
AnimatedTextureModel
p9469
(dp9470
g23
(lp9471
sg26
F1.0
sg27
g70
sbsg32
(ilevel
AnimatedTextureModel
p9472
(dp9473
g23
(lp9474
sg26
F1.0
sg27
g70
sbsg38
I1
sba(ilevel
LevelTile
p9475
(dp9476
g16
I00
sg17
I0
sg18
I00
sg19
I01
sg20
(ilevel
AnimatedTextureModel
p9477
(dp9478
g23
(lp9479
g25
asg26
F1.0
sg27
g25
sbsg28
(ilevel
AnimatedTextureModel
p9480
(dp9481
g23
(lp9482
Vwall_bulwark.png
p9483
asg26
F1.0
sg27
Vwall_bulwark.obj
p9484
sbsg32
(ilevel
AnimatedTextureModel
p9485
(dp9486
g23
(lp9487
g25
asg26
F1.0
sg27
g25
sbsg38
I1
sba(ilevel
LevelTile
p9488
(dp9489
g16
I00
sg17
I0
sg18
I01
sg19
I00
sg20
(ilevel
AnimatedTextureModel
p9490
(dp9491
g23
(lp9492
g25
asg26
F1.0
sg27
g25
sbsg28
(ilevel
AnimatedTextureModel
p9493
(dp9494
g23
(lp9495
g25
asg26
F1.0
sg27
g25
sbsg32
(ilevel
AnimatedTextureModel
p9496
(dp9497
g23
(lp9498
Vgrass.png
p9499
asg26
F1.0
sg27
Vfloor_flat.obj
p9500
sbsg38
I1
sba(ilevel
LevelTile
p9501
(dp9502
g16
I00
sg17
I0
sg18
I01
sg19
I00
sg20
(ilevel
AnimatedTextureModel
p9503
(dp9504
g23
(lp9505
g25
asg26
F1.0
sg27
g25
sbsg28
(ilevel
AnimatedTextureModel
p9506
(dp9507
g23
(lp9508
g25
asg26
F1.0
sg27
g25
sbsg32
(ilevel
AnimatedTextureModel
p9509
(dp9510
g23
(lp9511
Vgrass.png
p9512
asg26
F1.0
sg27
Vfloor_flat.obj
p9513
sbsg38
I1
sba(ilevel
LevelTile
p9514
(dp9515
g16
I00
sg17
I0
sg18
I01
sg19
I00
sg20
(ilevel
AnimatedTextureModel
p9516
(dp9517
g23
(lp9518
g25
asg26
F1.0
sg27
g25
sbsg28
(ilevel
AnimatedTextureModel
p9519
(dp9520
g23
(lp9521
g25
asg26
F1.0
sg27
g25
sbsg32
(ilevel
AnimatedTextureModel
p9522
(dp9523
g23
(lp9524
Vpavement.png
p9525
asg26
F1.0
sg27
Vfloor_flat.obj
p9526
sbsg38
I1
sba(ilevel
LevelTile
p9527
(dp9528
g16
I00
sg17
I0
sg18
I01
sg19
I00
sg20
(ilevel
AnimatedTextureModel
p9529
(dp9530
g23
(lp9531
g25
asg26
F1.0
sg27
g25
sbsg28
(ilevel
AnimatedTextureModel
p9532
(dp9533
g23
(lp9534
g25
asg26
F1.0
sg27
g25
sbsg32
(ilevel
AnimatedTextureModel
p9535
(dp9536
g23
(lp9537
Vpavement.png
p9538
asg26
F1.0
sg27
Vfloor_flat.obj
p9539
sbsg38
I1
sba(ilevel
LevelTile
p9540
(dp9541
g16
I00
sg17
I0
sg18
I00
sg19
I01
sg20
(ilevel
AnimatedTextureModel
p9542
(dp9543
g23
(lp9544
g25
asg26
F1.0
sg27
g25
sbsg28
(ilevel
AnimatedTextureModel
p9545
(dp9546
g23
(lp9547
Vhouse.png
p9548
asg26
F1.0
sg27
Vwall_house.obj
p9549
sbsg32
(ilevel
AnimatedTextureModel
p9550
(dp9551
g23
(lp9552
g25
asg26
F1.0
sg27
g25
sbsg38
I1
sba(ilevel
LevelTile
p9553
(dp9554
g16
I00
sg17
I0
sg18
I00
sg19
I01
sg20
(ilevel
AnimatedTextureModel
p9555
(dp9556
g23
(lp9557
g25
asg26
F1.0
sg27
g25
sbsg28
(ilevel
AnimatedTextureModel
p9558
(dp9559
g23
(lp9560
Vhouse.png
p9561
asg26
F1.0
sg27
Vwall_house.obj
p9562
sbsg32
(ilevel
AnimatedTextureModel
p9563
(dp9564
g23
(lp9565
g25
asg26
F1.0
sg27
g25
sbsg38
I1
sba(ilevel
LevelTile
p9566
(dp9567
g16
I00
sg17
I0
sg18
I01
sg19
I00
sg20
(ilevel
AnimatedTextureModel
p9568
(dp9569
g23
(lp9570
g25
asg26
F1.0
sg27
g25
sbsg28
(ilevel
AnimatedTextureModel
p9571
(dp9572
g23
(lp9573
g25
asg26
F1.0
sg27
g25
sbsg32
(ilevel
AnimatedTextureModel
p9574
(dp9575
g23
(lp9576
Vpavement.png
p9577
asg26
F1.0
sg27
Vfloor_flat.obj
p9578
sbsg38
I1
sba(ilevel
LevelTile
p9579
(dp9580
g16
I00
sg17
I0
sg18
I01
sg19
I00
sg20
(ilevel
AnimatedTextureModel
p9581
(dp9582
g23
(lp9583
g25
asg26
F1.0
sg27
g25
sbsg28
(ilevel
AnimatedTextureModel
p9584
(dp9585
g23
(lp9586
g25
asg26
F1.0
sg27
g25
sbsg32
(ilevel
AnimatedTextureModel
p9587
(dp9588
g23
(lp9589
Vpavement.png
p9590
asg26
F1.0
sg27
Vfloor_flat.obj
p9591
sbsg38
I1
sba(ilevel
LevelTile
p9592
(dp9593
g16
I00
sg17
I0
sg18
I01
sg19
I00
sg20
(ilevel
AnimatedTextureModel
p9594
(dp9595
g23
(lp9596
g25
asg26
F1.0
sg27
g25
sbsg28
(ilevel
AnimatedTextureModel
p9597
(dp9598
g23
(lp9599
g25
asg26
F1.0
sg27
g25
sbsg32
(ilevel
AnimatedTextureModel
p9600
(dp9601
g23
(lp9602
Vpavement.png
p9603
asg26
F1.0
sg27
Vfloor_flat.obj
p9604
sbsg38
I1
sba(ilevel
LevelTile
p9605
(dp9606
g16
I00
sg17
I0
sg18
I00
sg19
I01
sg20
(ilevel
AnimatedTextureModel
p9607
(dp9608
g23
(lp9609
g25
asg26
F1.0
sg27
g25
sbsg28
(ilevel
AnimatedTextureModel
p9610
(dp9611
g23
(lp9612
Vwall_bulwark.png
p9613
asg26
F1.0
sg27
Vwall_bulwark.obj
p9614
sbsg32
(ilevel
AnimatedTextureModel
p9615
(dp9616
g23
(lp9617
g25
asg26
F1.0
sg27
g25
sbsg38
I1
sbaa(lp9618
(ilevel
LevelTile
p9619
(dp9620
g16
I00
sg17
I0
sg18
I01
sg19
I00
sg20
(ilevel
AnimatedTextureModel
p9621
(dp9622
g23
(lp9623
sg26
F1.0
sg27
g70
sbsg28
(ilevel
AnimatedTextureModel
p9624
(dp9625
g23
(lp9626
sg26
F1.0
sg27
g70
sbsg32
(ilevel
AnimatedTextureModel
p9627
(dp9628
g23
(lp9629
sg26
F1.0
sg27
g70
sbsg38
I1
sba(ilevel
LevelTile
p9630
(dp9631
g16
I00
sg17
I0
sg18
I01
sg19
I00
sg20
(ilevel
AnimatedTextureModel
p9632
(dp9633
g23
(lp9634
sg26
F1.0
sg27
g70
sbsg28
(ilevel
AnimatedTextureModel
p9635
(dp9636
g23
(lp9637
sg26
F1.0
sg27
g70
sbsg32
(ilevel
AnimatedTextureModel
p9638
(dp9639
g23
(lp9640
sg26
F1.0
sg27
g70
sbsg38
I1
sba(ilevel
LevelTile
p9641
(dp9642
g16
I00
sg17
I0
sg18
I01
sg19
I00
sg20
(ilevel
AnimatedTextureModel
p9643
(dp9644
g23
(lp9645
sg26
F1.0
sg27
g70
sbsg28
(ilevel
AnimatedTextureModel
p9646
(dp9647
g23
(lp9648
sg26
F1.0
sg27
g70
sbsg32
(ilevel
AnimatedTextureModel
p9649
(dp9650
g23
(lp9651
sg26
F1.0
sg27
g70
sbsg38
I1
sba(ilevel
LevelTile
p9652
(dp9653
g16
I00
sg17
I0
sg18
I01
sg19
I00
sg20
(ilevel
AnimatedTextureModel
p9654
(dp9655
g23
(lp9656
sg26
F1.0
sg27
g70
sbsg28
(ilevel
AnimatedTextureModel
p9657
(dp9658
g23
(lp9659
sg26
F1.0
sg27
g70
sbsg32
(ilevel
AnimatedTextureModel
p9660
(dp9661
g23
(lp9662
sg26
F1.0
sg27
g70
sbsg38
I1
sba(ilevel
LevelTile
p9663
(dp9664
g16
I00
sg17
I0
sg18
I01
sg19
I00
sg20
(ilevel
AnimatedTextureModel
p9665
(dp9666
g23
(lp9667
sg26
F1.0
sg27
g70
sbsg28
(ilevel
AnimatedTextureModel
p9668
(dp9669
g23
(lp9670
sg26
F1.0
sg27
g70
sbsg32
(ilevel
AnimatedTextureModel
p9671
(dp9672
g23
(lp9673
sg26
F1.0
sg27
g70
sbsg38
I1
sba(ilevel
LevelTile
p9674
(dp9675
g16
I00
sg17
I0
sg18
I01
sg19
I00
sg20
(ilevel
AnimatedTextureModel
p9676
(dp9677
g23
(lp9678
sg26
F1.0
sg27
g70
sbsg28
(ilevel
AnimatedTextureModel
p9679
(dp9680
g23
(lp9681
sg26
F1.0
sg27
g70
sbsg32
(ilevel
AnimatedTextureModel
p9682
(dp9683
g23
(lp9684
sg26
F1.0
sg27
g70
sbsg38
I1
sba(ilevel
LevelTile
p9685
(dp9686
g16
I00
sg17
I0
sg18
I01
sg19
I00
sg20
(ilevel
AnimatedTextureModel
p9687
(dp9688
g23
(lp9689
sg26
F1.0
sg27
g70
sbsg28
(ilevel
AnimatedTextureModel
p9690
(dp9691
g23
(lp9692
sg26
F1.0
sg27
g70
sbsg32
(ilevel
AnimatedTextureModel
p9693
(dp9694
g23
(lp9695
sg26
F1.0
sg27
g70
sbsg38
I1
sba(ilevel
LevelTile
p9696
(dp9697
g16
I00
sg17
I0
sg18
I01
sg19
I00
sg20
(ilevel
AnimatedTextureModel
p9698
(dp9699
g23
(lp9700
sg26
F1.0
sg27
g70
sbsg28
(ilevel
AnimatedTextureModel
p9701
(dp9702
g23
(lp9703
sg26
F1.0
sg27
g70
sbsg32
(ilevel
AnimatedTextureModel
p9704
(dp9705
g23
(lp9706
sg26
F1.0
sg27
g70
sbsg38
I1
sba(ilevel
LevelTile
p9707
(dp9708
g16
I00
sg17
I0
sg18
I01
sg19
I00
sg20
(ilevel
AnimatedTextureModel
p9709
(dp9710
g23
(lp9711
sg26
F1.0
sg27
g70
sbsg28
(ilevel
AnimatedTextureModel
p9712
(dp9713
g23
(lp9714
sg26
F1.0
sg27
g70
sbsg32
(ilevel
AnimatedTextureModel
p9715
(dp9716
g23
(lp9717
sg26
F1.0
sg27
g70
sbsg38
I1
sba(ilevel
LevelTile
p9718
(dp9719
g16
I00
sg17
I0
sg18
I01
sg19
I00
sg20
(ilevel
AnimatedTextureModel
p9720
(dp9721
g23
(lp9722
sg26
F1.0
sg27
g70
sbsg28
(ilevel
AnimatedTextureModel
p9723
(dp9724
g23
(lp9725
sg26
F1.0
sg27
g70
sbsg32
(ilevel
AnimatedTextureModel
p9726
(dp9727
g23
(lp9728
sg26
F1.0
sg27
g70
sbsg38
I1
sba(ilevel
LevelTile
p9729
(dp9730
g16
I00
sg17
I0
sg18
I01
sg19
I00
sg20
(ilevel
AnimatedTextureModel
p9731
(dp9732
g23
(lp9733
sg26
F1.0
sg27
g70
sbsg28
(ilevel
AnimatedTextureModel
p9734
(dp9735
g23
(lp9736
sg26
F1.0
sg27
g70
sbsg32
(ilevel
AnimatedTextureModel
p9737
(dp9738
g23
(lp9739
sg26
F1.0
sg27
g70
sbsg38
I1
sba(ilevel
LevelTile
p9740
(dp9741
g16
I00
sg17
I0
sg18
I01
sg19
I00
sg20
(ilevel
AnimatedTextureModel
p9742
(dp9743
g23
(lp9744
sg26
F1.0
sg27
g70
sbsg28
(ilevel
AnimatedTextureModel
p9745
(dp9746
g23
(lp9747
sg26
F1.0
sg27
g70
sbsg32
(ilevel
AnimatedTextureModel
p9748
(dp9749
g23
(lp9750
sg26
F1.0
sg27
g70
sbsg38
I1
sba(ilevel
LevelTile
p9751
(dp9752
g16
I00
sg17
I0
sg18
I01
sg19
I00
sg20
(ilevel
AnimatedTextureModel
p9753
(dp9754
g23
(lp9755
sg26
F1.0
sg27
g70
sbsg28
(ilevel
AnimatedTextureModel
p9756
(dp9757
g23
(lp9758
sg26
F1.0
sg27
g70
sbsg32
(ilevel
AnimatedTextureModel
p9759
(dp9760
g23
(lp9761
sg26
F1.0
sg27
g70
sbsg38
I1
sba(ilevel
LevelTile
p9762
(dp9763
g16
I00
sg17
I0
sg18
I01
sg19
I00
sg20
(ilevel
AnimatedTextureModel
p9764
(dp9765
g23
(lp9766
sg26
F1.0
sg27
g70
sbsg28
(ilevel
AnimatedTextureModel
p9767
(dp9768
g23
(lp9769
sg26
F1.0
sg27
g70
sbsg32
(ilevel
AnimatedTextureModel
p9770
(dp9771
g23
(lp9772
sg26
F1.0
sg27
g70
sbsg38
I1
sba(ilevel
LevelTile
p9773
(dp9774
g16
I00
sg17
I0
sg18
I01
sg19
I00
sg20
(ilevel
AnimatedTextureModel
p9775
(dp9776
g23
(lp9777
sg26
F1.0
sg27
g70
sbsg28
(ilevel
AnimatedTextureModel
p9778
(dp9779
g23
(lp9780
sg26
F1.0
sg27
g70
sbsg32
(ilevel
AnimatedTextureModel
p9781
(dp9782
g23
(lp9783
sg26
F1.0
sg27
g70
sbsg38
I1
sba(ilevel
LevelTile
p9784
(dp9785
g16
I00
sg17
I0
sg18
I01
sg19
I00
sg20
(ilevel
AnimatedTextureModel
p9786
(dp9787
g23
(lp9788
sg26
F1.0
sg27
g70
sbsg28
(ilevel
AnimatedTextureModel
p9789
(dp9790
g23
(lp9791
sg26
F1.0
sg27
g70
sbsg32
(ilevel
AnimatedTextureModel
p9792
(dp9793
g23
(lp9794
sg26
F1.0
sg27
g70
sbsg38
I1
sba(ilevel
LevelTile
p9795
(dp9796
g16
I00
sg17
I0
sg18
I01
sg19
I00
sg20
(ilevel
AnimatedTextureModel
p9797
(dp9798
g23
(lp9799
sg26
F1.0
sg27
g70
sbsg28
(ilevel
AnimatedTextureModel
p9800
(dp9801
g23
(lp9802
sg26
F1.0
sg27
g70
sbsg32
(ilevel
AnimatedTextureModel
p9803
(dp9804
g23
(lp9805
sg26
F1.0
sg27
g70
sbsg38
I1
sba(ilevel
LevelTile
p9806
(dp9807
g16
I00
sg17
I0
sg18
I01
sg19
I00
sg20
(ilevel
AnimatedTextureModel
p9808
(dp9809
g23
(lp9810
sg26
F1.0
sg27
g70
sbsg28
(ilevel
AnimatedTextureModel
p9811
(dp9812
g23
(lp9813
sg26
F1.0
sg27
g70
sbsg32
(ilevel
AnimatedTextureModel
p9814
(dp9815
g23
(lp9816
sg26
F1.0
sg27
g70
sbsg38
I1
sba(ilevel
LevelTile
p9817
(dp9818
g16
I00
sg17
I0
sg18
I01
sg19
I00
sg20
(ilevel
AnimatedTextureModel
p9819
(dp9820
g23
(lp9821
sg26
F1.0
sg27
g70
sbsg28
(ilevel
AnimatedTextureModel
p9822
(dp9823
g23
(lp9824
sg26
F1.0
sg27
g70
sbsg32
(ilevel
AnimatedTextureModel
p9825
(dp9826
g23
(lp9827
sg26
F1.0
sg27
g70
sbsg38
I1
sba(ilevel
LevelTile
p9828
(dp9829
g16
I00
sg17
I0
sg18
I00
sg19
I01
sg20
(ilevel
AnimatedTextureModel
p9830
(dp9831
g23
(lp9832
g25
asg26
F1.0
sg27
g25
sbsg28
(ilevel
AnimatedTextureModel
p9833
(dp9834
g23
(lp9835
Vwall_bulwark.png
p9836
asg26
F1.0
sg27
Vwall_bulwark.obj
p9837
sbsg32
(ilevel
AnimatedTextureModel
p9838
(dp9839
g23
(lp9840
g25
asg26
F1.0
sg27
g25
sbsg38
I1
sba(ilevel
LevelTile
p9841
(dp9842
g16
I00
sg17
I0
sg18
I01
sg19
I00
sg20
(ilevel
AnimatedTextureModel
p9843
(dp9844
g23
(lp9845
g25
asg26
F1.0
sg27
g25
sbsg28
(ilevel
AnimatedTextureModel
p9846
(dp9847
g23
(lp9848
g25
asg26
F1.0
sg27
g25
sbsg32
(ilevel
AnimatedTextureModel
p9849
(dp9850
g23
(lp9851
Vgrass.png
p9852
asg26
F1.0
sg27
Vfloor_flat.obj
p9853
sbsg38
I1
sba(ilevel
LevelTile
p9854
(dp9855
g16
I00
sg17
I0
sg18
I01
sg19
I00
sg20
(ilevel
AnimatedTextureModel
p9856
(dp9857
g23
(lp9858
g25
asg26
F1.0
sg27
g25
sbsg28
(ilevel
AnimatedTextureModel
p9859
(dp9860
g23
(lp9861
g25
asg26
F1.0
sg27
g25
sbsg32
(ilevel
AnimatedTextureModel
p9862
(dp9863
g23
(lp9864
Vgrass.png
p9865
asg26
F1.0
sg27
Vfloor_flat.obj
p9866
sbsg38
I1
sba(ilevel
LevelTile
p9867
(dp9868
g16
I00
sg17
I0
sg18
I01
sg19
I00
sg20
(ilevel
AnimatedTextureModel
p9869
(dp9870
g23
(lp9871
g25
asg26
F1.0
sg27
g25
sbsg28
(ilevel
AnimatedTextureModel
p9872
(dp9873
g23
(lp9874
g25
asg26
F1.0
sg27
g25
sbsg32
(ilevel
AnimatedTextureModel
p9875
(dp9876
g23
(lp9877
Vpavement.png
p9878
asg26
F1.0
sg27
Vfloor_flat.obj
p9879
sbsg38
I1
sba(ilevel
LevelTile
p9880
(dp9881
g16
I00
sg17
I0
sg18
I01
sg19
I00
sg20
(ilevel
AnimatedTextureModel
p9882
(dp9883
g23
(lp9884
g25
asg26
F1.0
sg27
g25
sbsg28
(ilevel
AnimatedTextureModel
p9885
(dp9886
g23
(lp9887
g25
asg26
F1.0
sg27
g25
sbsg32
(ilevel
AnimatedTextureModel
p9888
(dp9889
g23
(lp9890
Vpavement.png
p9891
asg26
F1.0
sg27
Vfloor_flat.obj
p9892
sbsg38
I1
sba(ilevel
LevelTile
p9893
(dp9894
g16
I00
sg17
I0
sg18
I00
sg19
I01
sg20
(ilevel
AnimatedTextureModel
p9895
(dp9896
g23
(lp9897
g25
asg26
F1.0
sg27
g25
sbsg28
(ilevel
AnimatedTextureModel
p9898
(dp9899
g23
(lp9900
Vhouse.png
p9901
asg26
F1.0
sg27
Vwall_house.obj
p9902
sbsg32
(ilevel
AnimatedTextureModel
p9903
(dp9904
g23
(lp9905
g25
asg26
F1.0
sg27
g25
sbsg38
I1
sba(ilevel
LevelTile
p9906
(dp9907
g16
I00
sg17
I0
sg18
I00
sg19
I01
sg20
(ilevel
AnimatedTextureModel
p9908
(dp9909
g23
(lp9910
g25
asg26
F1.0
sg27
g25
sbsg28
(ilevel
AnimatedTextureModel
p9911
(dp9912
g23
(lp9913
Vhouse.png
p9914
asg26
F1.0
sg27
Vwall_house.obj
p9915
sbsg32
(ilevel
AnimatedTextureModel
p9916
(dp9917
g23
(lp9918
g25
asg26
F1.0
sg27
g25
sbsg38
I1
sba(ilevel
LevelTile
p9919
(dp9920
g16
I00
sg17
I0
sg18
I01
sg19
I00
sg20
(ilevel
AnimatedTextureModel
p9921
(dp9922
g23
(lp9923
g25
asg26
F1.0
sg27
g25
sbsg28
(ilevel
AnimatedTextureModel
p9924
(dp9925
g23
(lp9926
g25
asg26
F1.0
sg27
g25
sbsg32
(ilevel
AnimatedTextureModel
p9927
(dp9928
g23
(lp9929
Vpavement.png
p9930
asg26
F1.0
sg27
Vfloor_flat.obj
p9931
sbsg38
I1
sba(ilevel
LevelTile
p9932
(dp9933
g16
I00
sg17
I0
sg18
I01
sg19
I00
sg20
(ilevel
AnimatedTextureModel
p9934
(dp9935
g23
(lp9936
g25
asg26
F1.0
sg27
g25
sbsg28
(ilevel
AnimatedTextureModel
p9937
(dp9938
g23
(lp9939
g25
asg26
F1.0
sg27
g25
sbsg32
(ilevel
AnimatedTextureModel
p9940
(dp9941
g23
(lp9942
Vpavement.png
p9943
asg26
F1.0
sg27
Vfloor_flat.obj
p9944
sbsg38
I1
sba(ilevel
LevelTile
p9945
(dp9946
g16
I00
sg17
I0
sg18
I01
sg19
I00
sg20
(ilevel
AnimatedTextureModel
p9947
(dp9948
g23
(lp9949
g25
asg26
F1.0
sg27
g25
sbsg28
(ilevel
AnimatedTextureModel
p9950
(dp9951
g23
(lp9952
g25
asg26
F1.0
sg27
g25
sbsg32
(ilevel
AnimatedTextureModel
p9953
(dp9954
g23
(lp9955
Vpavement.png
p9956
asg26
F1.0
sg27
Vfloor_flat.obj
p9957
sbsg38
I1
sba(ilevel
LevelTile
p9958
(dp9959
g16
I00
sg17
I0
sg18
I00
sg19
I01
sg20
(ilevel
AnimatedTextureModel
p9960
(dp9961
g23
(lp9962
g25
asg26
F1.0
sg27
g25
sbsg28
(ilevel
AnimatedTextureModel
p9963
(dp9964
g23
(lp9965
Vwall_bulwark.png
p9966
asg26
F1.0
sg27
Vwall_bulwark.obj
p9967
sbsg32
(ilevel
AnimatedTextureModel
p9968
(dp9969
g23
(lp9970
g25
asg26
F1.0
sg27
g25
sbsg38
I1
sbaa(lp9971
(ilevel
LevelTile
p9972
(dp9973
g16
I00
sg17
I0
sg18
I01
sg19
I00
sg20
(ilevel
AnimatedTextureModel
p9974
(dp9975
g23
(lp9976
sg26
F1.0
sg27
g70
sbsg28
(ilevel
AnimatedTextureModel
p9977
(dp9978
g23
(lp9979
sg26
F1.0
sg27
g70
sbsg32
(ilevel
AnimatedTextureModel
p9980
(dp9981
g23
(lp9982
sg26
F1.0
sg27
g70
sbsg38
I1
sba(ilevel
LevelTile
p9983
(dp9984
g16
I00
sg17
I0
sg18
I01
sg19
I00
sg20
(ilevel
AnimatedTextureModel
p9985
(dp9986
g23
(lp9987
sg26
F1.0
sg27
g70
sbsg28
(ilevel
AnimatedTextureModel
p9988
(dp9989
g23
(lp9990
sg26
F1.0
sg27
g70
sbsg32
(ilevel
AnimatedTextureModel
p9991
(dp9992
g23
(lp9993
sg26
F1.0
sg27
g70
sbsg38
I1
sba(ilevel
LevelTile
p9994
(dp9995
g16
I00
sg17
I0
sg18
I01
sg19
I00
sg20
(ilevel
AnimatedTextureModel
p9996
(dp9997
g23
(lp9998
sg26
F1.0
sg27
g70
sbsg28
(ilevel
AnimatedTextureModel
p9999
(dp10000
g23
(lp10001
sg26
F1.0
sg27
g70
sbsg32
(ilevel
AnimatedTextureModel
p10002
(dp10003
g23
(lp10004
sg26
F1.0
sg27
g70
sbsg38
I1
sba(ilevel
LevelTile
p10005
(dp10006
g16
I00
sg17
I0
sg18
I01
sg19
I00
sg20
(ilevel
AnimatedTextureModel
p10007
(dp10008
g23
(lp10009
sg26
F1.0
sg27
g70
sbsg28
(ilevel
AnimatedTextureModel
p10010
(dp10011
g23
(lp10012
sg26
F1.0
sg27
g70
sbsg32
(ilevel
AnimatedTextureModel
p10013
(dp10014
g23
(lp10015
sg26
F1.0
sg27
g70
sbsg38
I1
sba(ilevel
LevelTile
p10016
(dp10017
g16
I00
sg17
I0
sg18
I01
sg19
I00
sg20
(ilevel
AnimatedTextureModel
p10018
(dp10019
g23
(lp10020
sg26
F1.0
sg27
g70
sbsg28
(ilevel
AnimatedTextureModel
p10021
(dp10022
g23
(lp10023
sg26
F1.0
sg27
g70
sbsg32
(ilevel
AnimatedTextureModel
p10024
(dp10025
g23
(lp10026
sg26
F1.0
sg27
g70
sbsg38
I1
sba(ilevel
LevelTile
p10027
(dp10028
g16
I00
sg17
I0
sg18
I01
sg19
I00
sg20
(ilevel
AnimatedTextureModel
p10029
(dp10030
g23
(lp10031
sg26
F1.0
sg27
g70
sbsg28
(ilevel
AnimatedTextureModel
p10032
(dp10033
g23
(lp10034
sg26
F1.0
sg27
g70
sbsg32
(ilevel
AnimatedTextureModel
p10035
(dp10036
g23
(lp10037
sg26
F1.0
sg27
g70
sbsg38
I1
sba(ilevel
LevelTile
p10038
(dp10039
g16
I00
sg17
I0
sg18
I01
sg19
I00
sg20
(ilevel
AnimatedTextureModel
p10040
(dp10041
g23
(lp10042
sg26
F1.0
sg27
g70
sbsg28
(ilevel
AnimatedTextureModel
p10043
(dp10044
g23
(lp10045
sg26
F1.0
sg27
g70
sbsg32
(ilevel
AnimatedTextureModel
p10046
(dp10047
g23
(lp10048
sg26
F1.0
sg27
g70
sbsg38
I1
sba(ilevel
LevelTile
p10049
(dp10050
g16
I00
sg17
I0
sg18
I01
sg19
I00
sg20
(ilevel
AnimatedTextureModel
p10051
(dp10052
g23
(lp10053
sg26
F1.0
sg27
g70
sbsg28
(ilevel
AnimatedTextureModel
p10054
(dp10055
g23
(lp10056
sg26
F1.0
sg27
g70
sbsg32
(ilevel
AnimatedTextureModel
p10057
(dp10058
g23
(lp10059
sg26
F1.0
sg27
g70
sbsg38
I1
sba(ilevel
LevelTile
p10060
(dp10061
g16
I00
sg17
I0
sg18
I01
sg19
I00
sg20
(ilevel
AnimatedTextureModel
p10062
(dp10063
g23
(lp10064
sg26
F1.0
sg27
g70
sbsg28
(ilevel
AnimatedTextureModel
p10065
(dp10066
g23
(lp10067
sg26
F1.0
sg27
g70
sbsg32
(ilevel
AnimatedTextureModel
p10068
(dp10069
g23
(lp10070
sg26
F1.0
sg27
g70
sbsg38
I1
sba(ilevel
LevelTile
p10071
(dp10072
g16
I00
sg17
I0
sg18
I01
sg19
I00
sg20
(ilevel
AnimatedTextureModel
p10073
(dp10074
g23
(lp10075
sg26
F1.0
sg27
g70
sbsg28
(ilevel
AnimatedTextureModel
p10076
(dp10077
g23
(lp10078
sg26
F1.0
sg27
g70
sbsg32
(ilevel
AnimatedTextureModel
p10079
(dp10080
g23
(lp10081
sg26
F1.0
sg27
g70
sbsg38
I1
sba(ilevel
LevelTile
p10082
(dp10083
g16
I00
sg17
I0
sg18
I01
sg19
I00
sg20
(ilevel
AnimatedTextureModel
p10084
(dp10085
g23
(lp10086
sg26
F1.0
sg27
g70
sbsg28
(ilevel
AnimatedTextureModel
p10087
(dp10088
g23
(lp10089
sg26
F1.0
sg27
g70
sbsg32
(ilevel
AnimatedTextureModel
p10090
(dp10091
g23
(lp10092
sg26
F1.0
sg27
g70
sbsg38
I1
sba(ilevel
LevelTile
p10093
(dp10094
g16
I00
sg17
I0
sg18
I01
sg19
I00
sg20
(ilevel
AnimatedTextureModel
p10095
(dp10096
g23
(lp10097
sg26
F1.0
sg27
g70
sbsg28
(ilevel
AnimatedTextureModel
p10098
(dp10099
g23
(lp10100
sg26
F1.0
sg27
g70
sbsg32
(ilevel
AnimatedTextureModel
p10101
(dp10102
g23
(lp10103
sg26
F1.0
sg27
g70
sbsg38
I1
sba(ilevel
LevelTile
p10104
(dp10105
g16
I00
sg17
I0
sg18
I01
sg19
I00
sg20
(ilevel
AnimatedTextureModel
p10106
(dp10107
g23
(lp10108
sg26
F1.0
sg27
g70
sbsg28
(ilevel
AnimatedTextureModel
p10109
(dp10110
g23
(lp10111
sg26
F1.0
sg27
g70
sbsg32
(ilevel
AnimatedTextureModel
p10112
(dp10113
g23
(lp10114
sg26
F1.0
sg27
g70
sbsg38
I1
sba(ilevel
LevelTile
p10115
(dp10116
g16
I00
sg17
I0
sg18
I01
sg19
I00
sg20
(ilevel
AnimatedTextureModel
p10117
(dp10118
g23
(lp10119
sg26
F1.0
sg27
g70
sbsg28
(ilevel
AnimatedTextureModel
p10120
(dp10121
g23
(lp10122
sg26
F1.0
sg27
g70
sbsg32
(ilevel
AnimatedTextureModel
p10123
(dp10124
g23
(lp10125
sg26
F1.0
sg27
g70
sbsg38
I1
sba(ilevel
LevelTile
p10126
(dp10127
g16
I00
sg17
I0
sg18
I01
sg19
I00
sg20
(ilevel
AnimatedTextureModel
p10128
(dp10129
g23
(lp10130
sg26
F1.0
sg27
g70
sbsg28
(ilevel
AnimatedTextureModel
p10131
(dp10132
g23
(lp10133
sg26
F1.0
sg27
g70
sbsg32
(ilevel
AnimatedTextureModel
p10134
(dp10135
g23
(lp10136
sg26
F1.0
sg27
g70
sbsg38
I1
sba(ilevel
LevelTile
p10137
(dp10138
g16
I00
sg17
I0
sg18
I01
sg19
I00
sg20
(ilevel
AnimatedTextureModel
p10139
(dp10140
g23
(lp10141
sg26
F1.0
sg27
g70
sbsg28
(ilevel
AnimatedTextureModel
p10142
(dp10143
g23
(lp10144
sg26
F1.0
sg27
g70
sbsg32
(ilevel
AnimatedTextureModel
p10145
(dp10146
g23
(lp10147
sg26
F1.0
sg27
g70
sbsg38
I1
sba(ilevel
LevelTile
p10148
(dp10149
g16
I00
sg17
I0
sg18
I01
sg19
I00
sg20
(ilevel
AnimatedTextureModel
p10150
(dp10151
g23
(lp10152
sg26
F1.0
sg27
g70
sbsg28
(ilevel
AnimatedTextureModel
p10153
(dp10154
g23
(lp10155
sg26
F1.0
sg27
g70
sbsg32
(ilevel
AnimatedTextureModel
p10156
(dp10157
g23
(lp10158
sg26
F1.0
sg27
g70
sbsg38
I1
sba(ilevel
LevelTile
p10159
(dp10160
g16
I00
sg17
I0
sg18
I01
sg19
I00
sg20
(ilevel
AnimatedTextureModel
p10161
(dp10162
g23
(lp10163
sg26
F1.0
sg27
g70
sbsg28
(ilevel
AnimatedTextureModel
p10164
(dp10165
g23
(lp10166
sg26
F1.0
sg27
g70
sbsg32
(ilevel
AnimatedTextureModel
p10167
(dp10168
g23
(lp10169
sg26
F1.0
sg27
g70
sbsg38
I1
sba(ilevel
LevelTile
p10170
(dp10171
g16
I00
sg17
I0
sg18
I01
sg19
I00
sg20
(ilevel
AnimatedTextureModel
p10172
(dp10173
g23
(lp10174
sg26
F1.0
sg27
g70
sbsg28
(ilevel
AnimatedTextureModel
p10175
(dp10176
g23
(lp10177
sg26
F1.0
sg27
g70
sbsg32
(ilevel
AnimatedTextureModel
p10178
(dp10179
g23
(lp10180
sg26
F1.0
sg27
g70
sbsg38
I1
sba(ilevel
LevelTile
p10181
(dp10182
g16
I00
sg17
I0
sg18
I00
sg19
I01
sg20
(ilevel
AnimatedTextureModel
p10183
(dp10184
g23
(lp10185
g25
asg26
F1.0
sg27
g25
sbsg28
(ilevel
AnimatedTextureModel
p10186
(dp10187
g23
(lp10188
Vwall_bulwark.png
p10189
asg26
F1.0
sg27
Vwall_bulwark.obj
p10190
sbsg32
(ilevel
AnimatedTextureModel
p10191
(dp10192
g23
(lp10193
g25
asg26
F1.0
sg27
g25
sbsg38
I1
sba(ilevel
LevelTile
p10194
(dp10195
g16
I00
sg17
I0
sg18
I01
sg19
I00
sg20
(ilevel
AnimatedTextureModel
p10196
(dp10197
g23
(lp10198
g25
asg26
F1.0
sg27
g25
sbsg28
(ilevel
AnimatedTextureModel
p10199
(dp10200
g23
(lp10201
g25
asg26
F1.0
sg27
g25
sbsg32
(ilevel
AnimatedTextureModel
p10202
(dp10203
g23
(lp10204
Vgrass.png
p10205
asg26
F1.0
sg27
Vfloor_flat.obj
p10206
sbsg38
I1
sba(ilevel
LevelTile
p10207
(dp10208
g16
I00
sg17
I0
sg18
I01
sg19
I00
sg20
(ilevel
AnimatedTextureModel
p10209
(dp10210
g23
(lp10211
g25
asg26
F1.0
sg27
g25
sbsg28
(ilevel
AnimatedTextureModel
p10212
(dp10213
g23
(lp10214
g25
asg26
F1.0
sg27
g25
sbsg32
(ilevel
AnimatedTextureModel
p10215
(dp10216
g23
(lp10217
Vgrass.png
p10218
asg26
F1.0
sg27
Vfloor_flat.obj
p10219
sbsg38
I1
sba(ilevel
LevelTile
p10220
(dp10221
g16
I00
sg17
I0
sg18
I01
sg19
I00
sg20
(ilevel
AnimatedTextureModel
p10222
(dp10223
g23
(lp10224
g25
asg26
F1.0
sg27
g25
sbsg28
(ilevel
AnimatedTextureModel
p10225
(dp10226
g23
(lp10227
g25
asg26
F1.0
sg27
g25
sbsg32
(ilevel
AnimatedTextureModel
p10228
(dp10229
g23
(lp10230
Vpavement.png
p10231
asg26
F1.0
sg27
Vfloor_flat.obj
p10232
sbsg38
I1
sba(ilevel
LevelTile
p10233
(dp10234
g16
I00
sg17
I0
sg18
I01
sg19
I00
sg20
(ilevel
AnimatedTextureModel
p10235
(dp10236
g23
(lp10237
g25
asg26
F1.0
sg27
g25
sbsg28
(ilevel
AnimatedTextureModel
p10238
(dp10239
g23
(lp10240
g25
asg26
F1.0
sg27
g25
sbsg32
(ilevel
AnimatedTextureModel
p10241
(dp10242
g23
(lp10243
Vpavement.png
p10244
asg26
F1.0
sg27
Vfloor_flat.obj
p10245
sbsg38
I1
sba(ilevel
LevelTile
p10246
(dp10247
g16
I00
sg17
I0
sg18
I01
sg19
I00
sg20
(ilevel
AnimatedTextureModel
p10248
(dp10249
g23
(lp10250
g25
asg26
F1.0
sg27
g25
sbsg28
(ilevel
AnimatedTextureModel
p10251
(dp10252
g23
(lp10253
g25
asg26
F1.0
sg27
g25
sbsg32
(ilevel
AnimatedTextureModel
p10254
(dp10255
g23
(lp10256
Vpavement.png
p10257
asg26
F1.0
sg27
Vfloor_flat.obj
p10258
sbsg38
I1
sba(ilevel
LevelTile
p10259
(dp10260
g16
I00
sg17
I0
sg18
I01
sg19
I00
sg20
(ilevel
AnimatedTextureModel
p10261
(dp10262
g23
(lp10263
g25
asg26
F1.0
sg27
g25
sbsg28
(ilevel
AnimatedTextureModel
p10264
(dp10265
g23
(lp10266
g25
asg26
F1.0
sg27
g25
sbsg32
(ilevel
AnimatedTextureModel
p10267
(dp10268
g23
(lp10269
Vpavement.png
p10270
asg26
F1.0
sg27
Vfloor_flat.obj
p10271
sbsg38
I1
sba(ilevel
LevelTile
p10272
(dp10273
g16
I00
sg17
I0
sg18
I01
sg19
I00
sg20
(ilevel
AnimatedTextureModel
p10274
(dp10275
g23
(lp10276
g25
asg26
F1.0
sg27
g25
sbsg28
(ilevel
AnimatedTextureModel
p10277
(dp10278
g23
(lp10279
g25
asg26
F1.0
sg27
g25
sbsg32
(ilevel
AnimatedTextureModel
p10280
(dp10281
g23
(lp10282
Vpavement.png
p10283
asg26
F1.0
sg27
Vfloor_flat.obj
p10284
sbsg38
I1
sba(ilevel
LevelTile
p10285
(dp10286
g16
I00
sg17
I0
sg18
I01
sg19
I00
sg20
(ilevel
AnimatedTextureModel
p10287
(dp10288
g23
(lp10289
g25
asg26
F1.0
sg27
g25
sbsg28
(ilevel
AnimatedTextureModel
p10290
(dp10291
g23
(lp10292
g25
asg26
F1.0
sg27
g25
sbsg32
(ilevel
AnimatedTextureModel
p10293
(dp10294
g23
(lp10295
Vpavement.png
p10296
asg26
F1.0
sg27
Vfloor_flat.obj
p10297
sbsg38
I1
sba(ilevel
LevelTile
p10298
(dp10299
g16
I00
sg17
I0
sg18
I01
sg19
I00
sg20
(ilevel
AnimatedTextureModel
p10300
(dp10301
g23
(lp10302
g25
asg26
F1.0
sg27
g25
sbsg28
(ilevel
AnimatedTextureModel
p10303
(dp10304
g23
(lp10305
g25
asg26
F1.0
sg27
g25
sbsg32
(ilevel
AnimatedTextureModel
p10306
(dp10307
g23
(lp10308
Vpavement.png
p10309
asg26
F1.0
sg27
Vfloor_flat.obj
p10310
sbsg38
I1
sba(ilevel
LevelTile
p10311
(dp10312
g16
I00
sg17
I0
sg18
I00
sg19
I01
sg20
(ilevel
AnimatedTextureModel
p10313
(dp10314
g23
(lp10315
g25
asg26
F1.0
sg27
g25
sbsg28
(ilevel
AnimatedTextureModel
p10316
(dp10317
g23
(lp10318
Vwall_bulwark.png
p10319
asg26
F1.0
sg27
Vwall_bulwark.obj
p10320
sbsg32
(ilevel
AnimatedTextureModel
p10321
(dp10322
g23
(lp10323
g25
asg26
F1.0
sg27
g25
sbsg38
I1
sbaa(lp10324
(ilevel
LevelTile
p10325
(dp10326
g16
I00
sg17
I0
sg18
I01
sg19
I00
sg20
(ilevel
AnimatedTextureModel
p10327
(dp10328
g23
(lp10329
sg26
F1.0
sg27
g70
sbsg28
(ilevel
AnimatedTextureModel
p10330
(dp10331
g23
(lp10332
sg26
F1.0
sg27
g70
sbsg32
(ilevel
AnimatedTextureModel
p10333
(dp10334
g23
(lp10335
sg26
F1.0
sg27
g70
sbsg38
I1
sba(ilevel
LevelTile
p10336
(dp10337
g16
I00
sg17
I0
sg18
I01
sg19
I00
sg20
(ilevel
AnimatedTextureModel
p10338
(dp10339
g23
(lp10340
sg26
F1.0
sg27
g70
sbsg28
(ilevel
AnimatedTextureModel
p10341
(dp10342
g23
(lp10343
sg26
F1.0
sg27
g70
sbsg32
(ilevel
AnimatedTextureModel
p10344
(dp10345
g23
(lp10346
sg26
F1.0
sg27
g70
sbsg38
I1
sba(ilevel
LevelTile
p10347
(dp10348
g16
I00
sg17
I0
sg18
I01
sg19
I00
sg20
(ilevel
AnimatedTextureModel
p10349
(dp10350
g23
(lp10351
sg26
F1.0
sg27
g70
sbsg28
(ilevel
AnimatedTextureModel
p10352
(dp10353
g23
(lp10354
sg26
F1.0
sg27
g70
sbsg32
(ilevel
AnimatedTextureModel
p10355
(dp10356
g23
(lp10357
sg26
F1.0
sg27
g70
sbsg38
I1
sba(ilevel
LevelTile
p10358
(dp10359
g16
I00
sg17
I0
sg18
I01
sg19
I00
sg20
(ilevel
AnimatedTextureModel
p10360
(dp10361
g23
(lp10362
sg26
F1.0
sg27
g70
sbsg28
(ilevel
AnimatedTextureModel
p10363
(dp10364
g23
(lp10365
sg26
F1.0
sg27
g70
sbsg32
(ilevel
AnimatedTextureModel
p10366
(dp10367
g23
(lp10368
sg26
F1.0
sg27
g70
sbsg38
I1
sba(ilevel
LevelTile
p10369
(dp10370
g16
I00
sg17
I0
sg18
I01
sg19
I00
sg20
(ilevel
AnimatedTextureModel
p10371
(dp10372
g23
(lp10373
sg26
F1.0
sg27
g70
sbsg28
(ilevel
AnimatedTextureModel
p10374
(dp10375
g23
(lp10376
sg26
F1.0
sg27
g70
sbsg32
(ilevel
AnimatedTextureModel
p10377
(dp10378
g23
(lp10379
sg26
F1.0
sg27
g70
sbsg38
I1
sba(ilevel
LevelTile
p10380
(dp10381
g16
I00
sg17
I0
sg18
I01
sg19
I00
sg20
(ilevel
AnimatedTextureModel
p10382
(dp10383
g23
(lp10384
sg26
F1.0
sg27
g70
sbsg28
(ilevel
AnimatedTextureModel
p10385
(dp10386
g23
(lp10387
sg26
F1.0
sg27
g70
sbsg32
(ilevel
AnimatedTextureModel
p10388
(dp10389
g23
(lp10390
sg26
F1.0
sg27
g70
sbsg38
I1
sba(ilevel
LevelTile
p10391
(dp10392
g16
I00
sg17
I0
sg18
I01
sg19
I00
sg20
(ilevel
AnimatedTextureModel
p10393
(dp10394
g23
(lp10395
sg26
F1.0
sg27
g70
sbsg28
(ilevel
AnimatedTextureModel
p10396
(dp10397
g23
(lp10398
sg26
F1.0
sg27
g70
sbsg32
(ilevel
AnimatedTextureModel
p10399
(dp10400
g23
(lp10401
sg26
F1.0
sg27
g70
sbsg38
I1
sba(ilevel
LevelTile
p10402
(dp10403
g16
I00
sg17
I0
sg18
I01
sg19
I00
sg20
(ilevel
AnimatedTextureModel
p10404
(dp10405
g23
(lp10406
sg26
F1.0
sg27
g70
sbsg28
(ilevel
AnimatedTextureModel
p10407
(dp10408
g23
(lp10409
sg26
F1.0
sg27
g70
sbsg32
(ilevel
AnimatedTextureModel
p10410
(dp10411
g23
(lp10412
sg26
F1.0
sg27
g70
sbsg38
I1
sba(ilevel
LevelTile
p10413
(dp10414
g16
I00
sg17
I0
sg18
I01
sg19
I00
sg20
(ilevel
AnimatedTextureModel
p10415
(dp10416
g23
(lp10417
sg26
F1.0
sg27
g70
sbsg28
(ilevel
AnimatedTextureModel
p10418
(dp10419
g23
(lp10420
sg26
F1.0
sg27
g70
sbsg32
(ilevel
AnimatedTextureModel
p10421
(dp10422
g23
(lp10423
sg26
F1.0
sg27
g70
sbsg38
I1
sba(ilevel
LevelTile
p10424
(dp10425
g16
I00
sg17
I0
sg18
I01
sg19
I00
sg20
(ilevel
AnimatedTextureModel
p10426
(dp10427
g23
(lp10428
sg26
F1.0
sg27
g70
sbsg28
(ilevel
AnimatedTextureModel
p10429
(dp10430
g23
(lp10431
sg26
F1.0
sg27
g70
sbsg32
(ilevel
AnimatedTextureModel
p10432
(dp10433
g23
(lp10434
sg26
F1.0
sg27
g70
sbsg38
I1
sba(ilevel
LevelTile
p10435
(dp10436
g16
I00
sg17
I0
sg18
I01
sg19
I00
sg20
(ilevel
AnimatedTextureModel
p10437
(dp10438
g23
(lp10439
sg26
F1.0
sg27
g70
sbsg28
(ilevel
AnimatedTextureModel
p10440
(dp10441
g23
(lp10442
sg26
F1.0
sg27
g70
sbsg32
(ilevel
AnimatedTextureModel
p10443
(dp10444
g23
(lp10445
sg26
F1.0
sg27
g70
sbsg38
I1
sba(ilevel
LevelTile
p10446
(dp10447
g16
I00
sg17
I0
sg18
I01
sg19
I00
sg20
(ilevel
AnimatedTextureModel
p10448
(dp10449
g23
(lp10450
sg26
F1.0
sg27
g70
sbsg28
(ilevel
AnimatedTextureModel
p10451
(dp10452
g23
(lp10453
sg26
F1.0
sg27
g70
sbsg32
(ilevel
AnimatedTextureModel
p10454
(dp10455
g23
(lp10456
sg26
F1.0
sg27
g70
sbsg38
I1
sba(ilevel
LevelTile
p10457
(dp10458
g16
I00
sg17
I0
sg18
I01
sg19
I00
sg20
(ilevel
AnimatedTextureModel
p10459
(dp10460
g23
(lp10461
sg26
F1.0
sg27
g70
sbsg28
(ilevel
AnimatedTextureModel
p10462
(dp10463
g23
(lp10464
sg26
F1.0
sg27
g70
sbsg32
(ilevel
AnimatedTextureModel
p10465
(dp10466
g23
(lp10467
sg26
F1.0
sg27
g70
sbsg38
I1
sba(ilevel
LevelTile
p10468
(dp10469
g16
I00
sg17
I0
sg18
I01
sg19
I00
sg20
(ilevel
AnimatedTextureModel
p10470
(dp10471
g23
(lp10472
sg26
F1.0
sg27
g70
sbsg28
(ilevel
AnimatedTextureModel
p10473
(dp10474
g23
(lp10475
sg26
F1.0
sg27
g70
sbsg32
(ilevel
AnimatedTextureModel
p10476
(dp10477
g23
(lp10478
sg26
F1.0
sg27
g70
sbsg38
I1
sba(ilevel
LevelTile
p10479
(dp10480
g16
I00
sg17
I0
sg18
I01
sg19
I00
sg20
(ilevel
AnimatedTextureModel
p10481
(dp10482
g23
(lp10483
sg26
F1.0
sg27
g70
sbsg28
(ilevel
AnimatedTextureModel
p10484
(dp10485
g23
(lp10486
sg26
F1.0
sg27
g70
sbsg32
(ilevel
AnimatedTextureModel
p10487
(dp10488
g23
(lp10489
sg26
F1.0
sg27
g70
sbsg38
I1
sba(ilevel
LevelTile
p10490
(dp10491
g16
I00
sg17
I0
sg18
I01
sg19
I00
sg20
(ilevel
AnimatedTextureModel
p10492
(dp10493
g23
(lp10494
sg26
F1.0
sg27
g70
sbsg28
(ilevel
AnimatedTextureModel
p10495
(dp10496
g23
(lp10497
sg26
F1.0
sg27
g70
sbsg32
(ilevel
AnimatedTextureModel
p10498
(dp10499
g23
(lp10500
sg26
F1.0
sg27
g70
sbsg38
I1
sba(ilevel
LevelTile
p10501
(dp10502
g16
I00
sg17
I0
sg18
I01
sg19
I00
sg20
(ilevel
AnimatedTextureModel
p10503
(dp10504
g23
(lp10505
sg26
F1.0
sg27
g70
sbsg28
(ilevel
AnimatedTextureModel
p10506
(dp10507
g23
(lp10508
sg26
F1.0
sg27
g70
sbsg32
(ilevel
AnimatedTextureModel
p10509
(dp10510
g23
(lp10511
sg26
F1.0
sg27
g70
sbsg38
I1
sba(ilevel
LevelTile
p10512
(dp10513
g16
I00
sg17
I0
sg18
I01
sg19
I00
sg20
(ilevel
AnimatedTextureModel
p10514
(dp10515
g23
(lp10516
sg26
F1.0
sg27
g70
sbsg28
(ilevel
AnimatedTextureModel
p10517
(dp10518
g23
(lp10519
sg26
F1.0
sg27
g70
sbsg32
(ilevel
AnimatedTextureModel
p10520
(dp10521
g23
(lp10522
sg26
F1.0
sg27
g70
sbsg38
I1
sba(ilevel
LevelTile
p10523
(dp10524
g16
I00
sg17
I0
sg18
I01
sg19
I00
sg20
(ilevel
AnimatedTextureModel
p10525
(dp10526
g23
(lp10527
sg26
F1.0
sg27
g70
sbsg28
(ilevel
AnimatedTextureModel
p10528
(dp10529
g23
(lp10530
sg26
F1.0
sg27
g70
sbsg32
(ilevel
AnimatedTextureModel
p10531
(dp10532
g23
(lp10533
sg26
F1.0
sg27
g70
sbsg38
I1
sba(ilevel
LevelTile
p10534
(dp10535
g16
I00
sg17
I0
sg18
I00
sg19
I01
sg20
(ilevel
AnimatedTextureModel
p10536
(dp10537
g23
(lp10538
g25
asg26
F1.0
sg27
g25
sbsg28
(ilevel
AnimatedTextureModel
p10539
(dp10540
g23
(lp10541
Vwall_bulwark.png
p10542
asg26
F1.0
sg27
Vwall_bulwark.obj
p10543
sbsg32
(ilevel
AnimatedTextureModel
p10544
(dp10545
g23
(lp10546
g25
asg26
F1.0
sg27
g25
sbsg38
I1
sba(ilevel
LevelTile
p10547
(dp10548
g16
I00
sg17
I0
sg18
I00
sg19
I01
sg20
(ilevel
AnimatedTextureModel
p10549
(dp10550
g23
(lp10551
g25
asg26
F1.0
sg27
g25
sbsg28
(ilevel
AnimatedTextureModel
p10552
(dp10553
g23
(lp10554
Vwall_bulwark.png
p10555
asg26
F1.0
sg27
Vwall_bulwark.obj
p10556
sbsg32
(ilevel
AnimatedTextureModel
p10557
(dp10558
g23
(lp10559
g25
asg26
F1.0
sg27
g25
sbsg38
I1
sba(ilevel
LevelTile
p10560
(dp10561
g16
I00
sg17
I0
sg18
I00
sg19
I01
sg20
(ilevel
AnimatedTextureModel
p10562
(dp10563
g23
(lp10564
g25
asg26
F1.0
sg27
g25
sbsg28
(ilevel
AnimatedTextureModel
p10565
(dp10566
g23
(lp10567
Vwall_bulwark.png
p10568
asg26
F1.0
sg27
Vwall_bulwark.obj
p10569
sbsg32
(ilevel
AnimatedTextureModel
p10570
(dp10571
g23
(lp10572
g25
asg26
F1.0
sg27
g25
sbsg38
I1
sba(ilevel
LevelTile
p10573
(dp10574
g16
I00
sg17
I0
sg18
I01
sg19
I00
sg20
(ilevel
AnimatedTextureModel
p10575
(dp10576
g23
(lp10577
g25
asg26
F1.0
sg27
g25
sbsg28
(ilevel
AnimatedTextureModel
p10578
(dp10579
g23
(lp10580
g25
asg26
F1.0
sg27
g25
sbsg32
(ilevel
AnimatedTextureModel
p10581
(dp10582
g23
(lp10583
Vpavement.png
p10584
asg26
F1.0
sg27
Vfloor_flat.obj
p10585
sbsg38
I1
sba(ilevel
LevelTile
p10586
(dp10587
g16
I00
sg17
I0
sg18
I01
sg19
I00
sg20
(ilevel
AnimatedTextureModel
p10588
(dp10589
g23
(lp10590
g25
asg26
F1.0
sg27
g25
sbsg28
(ilevel
AnimatedTextureModel
p10591
(dp10592
g23
(lp10593
g25
asg26
F1.0
sg27
g25
sbsg32
(ilevel
AnimatedTextureModel
p10594
(dp10595
g23
(lp10596
Vpavement.png
p10597
asg26
F1.0
sg27
Vfloor_flat.obj
p10598
sbsg38
I1
sba(ilevel
LevelTile
p10599
(dp10600
g16
I00
sg17
I0
sg18
I00
sg19
I01
sg20
(ilevel
AnimatedTextureModel
p10601
(dp10602
g23
(lp10603
g25
asg26
F1.0
sg27
g25
sbsg28
(ilevel
AnimatedTextureModel
p10604
(dp10605
g23
(lp10606
Vwall_bulwark.png
p10607
asg26
F1.0
sg27
Vwall_bulwark.obj
p10608
sbsg32
(ilevel
AnimatedTextureModel
p10609
(dp10610
g23
(lp10611
g25
asg26
F1.0
sg27
g25
sbsg38
I1
sba(ilevel
LevelTile
p10612
(dp10613
g16
I00
sg17
I0
sg18
I00
sg19
I01
sg20
(ilevel
AnimatedTextureModel
p10614
(dp10615
g23
(lp10616
g25
asg26
F1.0
sg27
g25
sbsg28
(ilevel
AnimatedTextureModel
p10617
(dp10618
g23
(lp10619
Vwall_bulwark.png
p10620
asg26
F1.0
sg27
Vwall_bulwark.obj
p10621
sbsg32
(ilevel
AnimatedTextureModel
p10622
(dp10623
g23
(lp10624
g25
asg26
F1.0
sg27
g25
sbsg38
I1
sba(ilevel
LevelTile
p10625
(dp10626
g16
I00
sg17
I0
sg18
I00
sg19
I01
sg20
(ilevel
AnimatedTextureModel
p10627
(dp10628
g23
(lp10629
g25
asg26
F1.0
sg27
g25
sbsg28
(ilevel
AnimatedTextureModel
p10630
(dp10631
g23
(lp10632
Vwall_bulwark.png
p10633
asg26
F1.0
sg27
Vwall_bulwark.obj
p10634
sbsg32
(ilevel
AnimatedTextureModel
p10635
(dp10636
g23
(lp10637
g25
asg26
F1.0
sg27
g25
sbsg38
I1
sba(ilevel
LevelTile
p10638
(dp10639
g16
I00
sg17
I0
sg18
I00
sg19
I01
sg20
(ilevel
AnimatedTextureModel
p10640
(dp10641
g23
(lp10642
g25
asg26
F1.0
sg27
g25
sbsg28
(ilevel
AnimatedTextureModel
p10643
(dp10644
g23
(lp10645
Vwall_bulwark.png
p10646
asg26
F1.0
sg27
Vwall_bulwark.obj
p10647
sbsg32
(ilevel
AnimatedTextureModel
p10648
(dp10649
g23
(lp10650
g25
asg26
F1.0
sg27
g25
sbsg38
I1
sba(ilevel
LevelTile
p10651
(dp10652
g16
I00
sg17
I0
sg18
I00
sg19
I01
sg20
(ilevel
AnimatedTextureModel
p10653
(dp10654
g23
(lp10655
g25
asg26
F1.0
sg27
g25
sbsg28
(ilevel
AnimatedTextureModel
p10656
(dp10657
g23
(lp10658
Vwall_bulwark.png
p10659
asg26
F1.0
sg27
Vwall_bulwark.obj
p10660
sbsg32
(ilevel
AnimatedTextureModel
p10661
(dp10662
g23
(lp10663
g25
asg26
F1.0
sg27
g25
sbsg38
I1
sba(ilevel
LevelTile
p10664
(dp10665
g16
I00
sg17
I0
sg18
I00
sg19
I01
sg20
(ilevel
AnimatedTextureModel
p10666
(dp10667
g23
(lp10668
g25
asg26
F1.0
sg27
g25
sbsg28
(ilevel
AnimatedTextureModel
p10669
(dp10670
g23
(lp10671
Vwall_bulwark.png
p10672
asg26
F1.0
sg27
Vwall_bulwark.obj
p10673
sbsg32
(ilevel
AnimatedTextureModel
p10674
(dp10675
g23
(lp10676
g25
asg26
F1.0
sg27
g25
sbsg38
I1
sbaa(lp10677
(ilevel
LevelTile
p10678
(dp10679
g16
I00
sg17
I0
sg18
I01
sg19
I00
sg20
(ilevel
AnimatedTextureModel
p10680
(dp10681
g23
(lp10682
g25
asg26
F1.0
sg27
g25
sbsg28
(ilevel
AnimatedTextureModel
p10683
(dp10684
g23
(lp10685
g25
asg26
F1.0
sg27
g25
sbsg32
(ilevel
AnimatedTextureModel
p10686
(dp10687
g23
(lp10688
g25
asg26
F1.0
sg27
g25
sbsg38
I1
sba(ilevel
LevelTile
p10689
(dp10690
g16
I00
sg17
I0
sg18
I01
sg19
I00
sg20
(ilevel
AnimatedTextureModel
p10691
(dp10692
g23
(lp10693
sg26
F1.0
sg27
g70
sbsg28
(ilevel
AnimatedTextureModel
p10694
(dp10695
g23
(lp10696
sg26
F1.0
sg27
g70
sbsg32
(ilevel
AnimatedTextureModel
p10697
(dp10698
g23
(lp10699
sg26
F1.0
sg27
g70
sbsg38
I1
sba(ilevel
LevelTile
p10700
(dp10701
g16
I00
sg17
I0
sg18
I01
sg19
I00
sg20
(ilevel
AnimatedTextureModel
p10702
(dp10703
g23
(lp10704
sg26
F1.0
sg27
g70
sbsg28
(ilevel
AnimatedTextureModel
p10705
(dp10706
g23
(lp10707
sg26
F1.0
sg27
g70
sbsg32
(ilevel
AnimatedTextureModel
p10708
(dp10709
g23
(lp10710
sg26
F1.0
sg27
g70
sbsg38
I1
sba(ilevel
LevelTile
p10711
(dp10712
g16
I00
sg17
I0
sg18
I01
sg19
I00
sg20
(ilevel
AnimatedTextureModel
p10713
(dp10714
g23
(lp10715
sg26
F1.0
sg27
g70
sbsg28
(ilevel
AnimatedTextureModel
p10716
(dp10717
g23
(lp10718
sg26
F1.0
sg27
g70
sbsg32
(ilevel
AnimatedTextureModel
p10719
(dp10720
g23
(lp10721
sg26
F1.0
sg27
g70
sbsg38
I1
sba(ilevel
LevelTile
p10722
(dp10723
g16
I00
sg17
I0
sg18
I01
sg19
I00
sg20
(ilevel
AnimatedTextureModel
p10724
(dp10725
g23
(lp10726
sg26
F1.0
sg27
g70
sbsg28
(ilevel
AnimatedTextureModel
p10727
(dp10728
g23
(lp10729
sg26
F1.0
sg27
g70
sbsg32
(ilevel
AnimatedTextureModel
p10730
(dp10731
g23
(lp10732
sg26
F1.0
sg27
g70
sbsg38
I1
sba(ilevel
LevelTile
p10733
(dp10734
g16
I00
sg17
I0
sg18
I01
sg19
I00
sg20
(ilevel
AnimatedTextureModel
p10735
(dp10736
g23
(lp10737
sg26
F1.0
sg27
g70
sbsg28
(ilevel
AnimatedTextureModel
p10738
(dp10739
g23
(lp10740
sg26
F1.0
sg27
g70
sbsg32
(ilevel
AnimatedTextureModel
p10741
(dp10742
g23
(lp10743
sg26
F1.0
sg27
g70
sbsg38
I1
sba(ilevel
LevelTile
p10744
(dp10745
g16
I00
sg17
I0
sg18
I01
sg19
I00
sg20
(ilevel
AnimatedTextureModel
p10746
(dp10747
g23
(lp10748
sg26
F1.0
sg27
g70
sbsg28
(ilevel
AnimatedTextureModel
p10749
(dp10750
g23
(lp10751
sg26
F1.0
sg27
g70
sbsg32
(ilevel
AnimatedTextureModel
p10752
(dp10753
g23
(lp10754
sg26
F1.0
sg27
g70
sbsg38
I1
sba(ilevel
LevelTile
p10755
(dp10756
g16
I00
sg17
I0
sg18
I01
sg19
I00
sg20
(ilevel
AnimatedTextureModel
p10757
(dp10758
g23
(lp10759
sg26
F1.0
sg27
g70
sbsg28
(ilevel
AnimatedTextureModel
p10760
(dp10761
g23
(lp10762
sg26
F1.0
sg27
g70
sbsg32
(ilevel
AnimatedTextureModel
p10763
(dp10764
g23
(lp10765
sg26
F1.0
sg27
g70
sbsg38
I1
sba(ilevel
LevelTile
p10766
(dp10767
g16
I00
sg17
I0
sg18
I01
sg19
I00
sg20
(ilevel
AnimatedTextureModel
p10768
(dp10769
g23
(lp10770
sg26
F1.0
sg27
g70
sbsg28
(ilevel
AnimatedTextureModel
p10771
(dp10772
g23
(lp10773
sg26
F1.0
sg27
g70
sbsg32
(ilevel
AnimatedTextureModel
p10774
(dp10775
g23
(lp10776
sg26
F1.0
sg27
g70
sbsg38
I1
sba(ilevel
LevelTile
p10777
(dp10778
g16
I00
sg17
I0
sg18
I01
sg19
I00
sg20
(ilevel
AnimatedTextureModel
p10779
(dp10780
g23
(lp10781
sg26
F1.0
sg27
g70
sbsg28
(ilevel
AnimatedTextureModel
p10782
(dp10783
g23
(lp10784
sg26
F1.0
sg27
g70
sbsg32
(ilevel
AnimatedTextureModel
p10785
(dp10786
g23
(lp10787
sg26
F1.0
sg27
g70
sbsg38
I1
sba(ilevel
LevelTile
p10788
(dp10789
g16
I00
sg17
I0
sg18
I01
sg19
I00
sg20
(ilevel
AnimatedTextureModel
p10790
(dp10791
g23
(lp10792
sg26
F1.0
sg27
g70
sbsg28
(ilevel
AnimatedTextureModel
p10793
(dp10794
g23
(lp10795
sg26
F1.0
sg27
g70
sbsg32
(ilevel
AnimatedTextureModel
p10796
(dp10797
g23
(lp10798
sg26
F1.0
sg27
g70
sbsg38
I1
sba(ilevel
LevelTile
p10799
(dp10800
g16
I00
sg17
I0
sg18
I01
sg19
I00
sg20
(ilevel
AnimatedTextureModel
p10801
(dp10802
g23
(lp10803
sg26
F1.0
sg27
g70
sbsg28
(ilevel
AnimatedTextureModel
p10804
(dp10805
g23
(lp10806
sg26
F1.0
sg27
g70
sbsg32
(ilevel
AnimatedTextureModel
p10807
(dp10808
g23
(lp10809
sg26
F1.0
sg27
g70
sbsg38
I1
sba(ilevel
LevelTile
p10810
(dp10811
g16
I00
sg17
I0
sg18
I01
sg19
I00
sg20
(ilevel
AnimatedTextureModel
p10812
(dp10813
g23
(lp10814
sg26
F1.0
sg27
g70
sbsg28
(ilevel
AnimatedTextureModel
p10815
(dp10816
g23
(lp10817
sg26
F1.0
sg27
g70
sbsg32
(ilevel
AnimatedTextureModel
p10818
(dp10819
g23
(lp10820
sg26
F1.0
sg27
g70
sbsg38
I1
sba(ilevel
LevelTile
p10821
(dp10822
g16
I00
sg17
I0
sg18
I01
sg19
I00
sg20
(ilevel
AnimatedTextureModel
p10823
(dp10824
g23
(lp10825
sg26
F1.0
sg27
g70
sbsg28
(ilevel
AnimatedTextureModel
p10826
(dp10827
g23
(lp10828
sg26
F1.0
sg27
g70
sbsg32
(ilevel
AnimatedTextureModel
p10829
(dp10830
g23
(lp10831
sg26
F1.0
sg27
g70
sbsg38
I1
sba(ilevel
LevelTile
p10832
(dp10833
g16
I00
sg17
I0
sg18
I01
sg19
I00
sg20
(ilevel
AnimatedTextureModel
p10834
(dp10835
g23
(lp10836
sg26
F1.0
sg27
g70
sbsg28
(ilevel
AnimatedTextureModel
p10837
(dp10838
g23
(lp10839
sg26
F1.0
sg27
g70
sbsg32
(ilevel
AnimatedTextureModel
p10840
(dp10841
g23
(lp10842
sg26
F1.0
sg27
g70
sbsg38
I1
sba(ilevel
LevelTile
p10843
(dp10844
g16
I00
sg17
I0
sg18
I01
sg19
I00
sg20
(ilevel
AnimatedTextureModel
p10845
(dp10846
g23
(lp10847
sg26
F1.0
sg27
g70
sbsg28
(ilevel
AnimatedTextureModel
p10848
(dp10849
g23
(lp10850
sg26
F1.0
sg27
g70
sbsg32
(ilevel
AnimatedTextureModel
p10851
(dp10852
g23
(lp10853
sg26
F1.0
sg27
g70
sbsg38
I1
sba(ilevel
LevelTile
p10854
(dp10855
g16
I00
sg17
I0
sg18
I01
sg19
I00
sg20
(ilevel
AnimatedTextureModel
p10856
(dp10857
g23
(lp10858
sg26
F1.0
sg27
g70
sbsg28
(ilevel
AnimatedTextureModel
p10859
(dp10860
g23
(lp10861
sg26
F1.0
sg27
g70
sbsg32
(ilevel
AnimatedTextureModel
p10862
(dp10863
g23
(lp10864
sg26
F1.0
sg27
g70
sbsg38
I1
sba(ilevel
LevelTile
p10865
(dp10866
g16
I00
sg17
I0
sg18
I01
sg19
I00
sg20
(ilevel
AnimatedTextureModel
p10867
(dp10868
g23
(lp10869
sg26
F1.0
sg27
g70
sbsg28
(ilevel
AnimatedTextureModel
p10870
(dp10871
g23
(lp10872
sg26
F1.0
sg27
g70
sbsg32
(ilevel
AnimatedTextureModel
p10873
(dp10874
g23
(lp10875
sg26
F1.0
sg27
g70
sbsg38
I1
sba(ilevel
LevelTile
p10876
(dp10877
g16
I00
sg17
I0
sg18
I01
sg19
I00
sg20
(ilevel
AnimatedTextureModel
p10878
(dp10879
g23
(lp10880
sg26
F1.0
sg27
g70
sbsg28
(ilevel
AnimatedTextureModel
p10881
(dp10882
g23
(lp10883
sg26
F1.0
sg27
g70
sbsg32
(ilevel
AnimatedTextureModel
p10884
(dp10885
g23
(lp10886
sg26
F1.0
sg27
g70
sbsg38
I1
sba(ilevel
LevelTile
p10887
(dp10888
g16
I00
sg17
I0
sg18
I01
sg19
I00
sg20
(ilevel
AnimatedTextureModel
p10889
(dp10890
g23
(lp10891
sg26
F1.0
sg27
g70
sbsg28
(ilevel
AnimatedTextureModel
p10892
(dp10893
g23
(lp10894
sg26
F1.0
sg27
g70
sbsg32
(ilevel
AnimatedTextureModel
p10895
(dp10896
g23
(lp10897
sg26
F1.0
sg27
g70
sbsg38
I1
sba(ilevel
LevelTile
p10898
(dp10899
g16
I00
sg17
I0
sg18
I01
sg19
I00
sg20
(ilevel
AnimatedTextureModel
p10900
(dp10901
g23
(lp10902
sg26
F1.0
sg27
g70
sbsg28
(ilevel
AnimatedTextureModel
p10903
(dp10904
g23
(lp10905
sg26
F1.0
sg27
g70
sbsg32
(ilevel
AnimatedTextureModel
p10906
(dp10907
g23
(lp10908
sg26
F1.0
sg27
g70
sbsg38
I1
sba(ilevel
LevelTile
p10909
(dp10910
g16
I00
sg17
I0
sg18
I00
sg19
I01
sg20
(ilevel
AnimatedTextureModel
p10911
(dp10912
g23
(lp10913
g25
asg26
F1.0
sg27
g25
sbsg28
(ilevel
AnimatedTextureModel
p10914
(dp10915
g23
(lp10916
Vwall_bulwark.png
p10917
asg26
F1.0
sg27
Vwall_bulwark.obj
p10918
sbsg32
(ilevel
AnimatedTextureModel
p10919
(dp10920
g23
(lp10921
g25
asg26
F1.0
sg27
g25
sbsg38
I1
sba(ilevel
LevelTile
p10922
(dp10923
g16
I00
sg17
I0
sg18
I00
sg19
I01
sg20
(ilevel
AnimatedTextureModel
p10924
(dp10925
g23
(lp10926
g25
asg26
F1.0
sg27
g25
sbsg28
(ilevel
AnimatedTextureModel
p10927
(dp10928
g23
(lp10929
Vwall_bulwark.png
p10930
asg26
F1.0
sg27
Vwall_bulwark.obj
p10931
sbsg32
(ilevel
AnimatedTextureModel
p10932
(dp10933
g23
(lp10934
g25
asg26
F1.0
sg27
g25
sbsg38
I1
sba(ilevel
LevelTile
p10935
(dp10936
g16
I00
sg17
I0
sg18
I00
sg19
I01
sg20
(ilevel
AnimatedTextureModel
p10937
(dp10938
g23
(lp10939
g25
asg26
F1.0
sg27
g25
sbsg28
(ilevel
AnimatedTextureModel
p10940
(dp10941
g23
(lp10942
Vwall_bulwark.png
p10943
asg26
F1.0
sg27
Vwall_bulwark.obj
p10944
sbsg32
(ilevel
AnimatedTextureModel
p10945
(dp10946
g23
(lp10947
g25
asg26
F1.0
sg27
g25
sbsg38
I1
sba(ilevel
LevelTile
p10948
(dp10949
g16
I00
sg17
I0
sg18
I00
sg19
I01
sg20
(ilevel
AnimatedTextureModel
p10950
(dp10951
g23
(lp10952
g25
asg26
F1.0
sg27
g25
sbsg28
(ilevel
AnimatedTextureModel
p10953
(dp10954
g23
(lp10955
Vwall_bulwark.png
p10956
asg26
F1.0
sg27
Vwall_bulwark.obj
p10957
sbsg32
(ilevel
AnimatedTextureModel
p10958
(dp10959
g23
(lp10960
g25
asg26
F1.0
sg27
g25
sbsg38
I1
sba(ilevel
LevelTile
p10961
(dp10962
g16
I00
sg17
I0
sg18
I01
sg19
I00
sg20
(ilevel
AnimatedTextureModel
p10963
(dp10964
g23
(lp10965
sg26
F1.0
sg27
g70
sbsg28
(ilevel
AnimatedTextureModel
p10966
(dp10967
g23
(lp10968
sg26
F1.0
sg27
g70
sbsg32
(ilevel
AnimatedTextureModel
p10969
(dp10970
g23
(lp10971
sg26
F1.0
sg27
g70
sbsg38
I1
sba(ilevel
LevelTile
p10972
(dp10973
g16
I00
sg17
I0
sg18
I01
sg19
I00
sg20
(ilevel
AnimatedTextureModel
p10974
(dp10975
g23
(lp10976
sg26
F1.0
sg27
g70
sbsg28
(ilevel
AnimatedTextureModel
p10977
(dp10978
g23
(lp10979
sg26
F1.0
sg27
g70
sbsg32
(ilevel
AnimatedTextureModel
p10980
(dp10981
g23
(lp10982
sg26
F1.0
sg27
g70
sbsg38
I1
sba(ilevel
LevelTile
p10983
(dp10984
g16
I00
sg17
I0
sg18
I01
sg19
I00
sg20
(ilevel
AnimatedTextureModel
p10985
(dp10986
g23
(lp10987
sg26
F1.0
sg27
g70
sbsg28
(ilevel
AnimatedTextureModel
p10988
(dp10989
g23
(lp10990
sg26
F1.0
sg27
g70
sbsg32
(ilevel
AnimatedTextureModel
p10991
(dp10992
g23
(lp10993
sg26
F1.0
sg27
g70
sbsg38
I1
sba(ilevel
LevelTile
p10994
(dp10995
g16
I00
sg17
I0
sg18
I01
sg19
I00
sg20
(ilevel
AnimatedTextureModel
p10996
(dp10997
g23
(lp10998
sg26
F1.0
sg27
g70
sbsg28
(ilevel
AnimatedTextureModel
p10999
(dp11000
g23
(lp11001
sg26
F1.0
sg27
g70
sbsg32
(ilevel
AnimatedTextureModel
p11002
(dp11003
g23
(lp11004
sg26
F1.0
sg27
g70
sbsg38
I1
sba(ilevel
LevelTile
p11005
(dp11006
g16
I00
sg17
I0
sg18
I01
sg19
I00
sg20
(ilevel
AnimatedTextureModel
p11007
(dp11008
g23
(lp11009
g25
asg26
F1.0
sg27
g25
sbsg28
(ilevel
AnimatedTextureModel
p11010
(dp11011
g23
(lp11012
g25
asg26
F1.0
sg27
g25
sbsg32
(ilevel
AnimatedTextureModel
p11013
(dp11014
g23
(lp11015
g25
asg26
F1.0
sg27
g25
sbsg38
I1
sbaasS'name'
p11016
g25
sS'fog_color'
p11017
(F0.21
F0.2
F0.2
tp11018
sS'fog_distance'
p11019
F5.0
sS'height'
p11020
I30
sS'width'
p11021
I30
sS'props'
p11022
(lp11023
(ilevel
LevelProp
p11024
(dp11025
S'position'
p11026
(F11.0
F18.0
tp11027
sS'model'
p11028
(ilevel
AnimatedTextureModel
p11029
(dp11030
g23
(lp11031
Vwall_bulwark.png
p11032
asg26
F1.0
sg27
Vcolumn_bulwark.obj
p11033
sbsS'orientation'
p11034
F0.0
sba(ilevel
LevelProp
p11035
(dp11036
g11026
(F12.0
F18.0
tp11037
sg11028
(ilevel
AnimatedTextureModel
p11038
(dp11039
g23
(lp11040
g11032
asg26
F1.0
sg27
g11033
sbsg11034
F0.0
sba(ilevel
LevelProp
p11041
(dp11042
g11026
(F13.0
F18.0
tp11043
sg11028
(ilevel
AnimatedTextureModel
p11044
(dp11045
g23
(lp11046
g11032
asg26
F1.0
sg27
g11033
sbsg11034
F0.0
sba(ilevel
LevelProp
p11047
(dp11048
g11026
(F14.0
F18.0
tp11049
sg11028
(ilevel
AnimatedTextureModel
p11050
(dp11051
g23
(lp11052
g11032
asg26
F1.0
sg27
g11033
sbsg11034
F0.0
sba(ilevel
LevelProp
p11053
(dp11054
g11026
(F15.0
F18.0
tp11055
sg11028
(ilevel
AnimatedTextureModel
p11056
(dp11057
g23
(lp11058
g11032
asg26
F1.0
sg27
g11033
sbsg11034
F0.0
sba(ilevel
LevelProp
p11059
(dp11060
g11026
(F16.0
F18.0
tp11061
sg11028
(ilevel
AnimatedTextureModel
p11062
(dp11063
g23
(lp11064
g11032
asg26
F1.0
sg27
g11033
sbsg11034
F0.0
sba(ilevel
LevelProp
p11065
(dp11066
g11026
(F13.0
F21.0
tp11067
sg11028
(ilevel
AnimatedTextureModel
p11068
(dp11069
g23
(lp11070
Vhouse.png
p11071
asg26
F1.0
sg27
Vcorner_house.obj
p11072
sbsg11034
F0.0
sba(ilevel
LevelProp
p11073
(dp11074
g11026
(F11.0
F21.0
tp11075
sg11028
(ilevel
AnimatedTextureModel
p11076
(dp11077
g23
(lp11078
Vhouse.png
p11079
asg26
F1.0
sg27
Vcorner_house.obj
p11080
sbsg11034
F90.0
sba(ilevel
LevelProp
p11081
(dp11082
g11026
(F9.0
F24.0
tp11083
sg11028
(ilevel
AnimatedTextureModel
p11084
(dp11085
g23
(lp11086
Vhouse.png
p11087
asg26
F1.0
sg27
Vcorner_house.obj
p11088
sbsg11034
F180.0
sba(ilevel
LevelProp
p11089
(dp11090
g11026
(F13.0
F24.0
tp11091
sg11028
(ilevel
AnimatedTextureModel
p11092
(dp11093
g23
(lp11094
Vhouse.png
p11095
asg26
F1.0
sg27
Vcorner_house.obj
p11096
sbsg11034
F270.0
sba(ilevel
LevelProp
p11097
(dp11098
g11026
(F16.0
F21.0
tp11099
sg11028
(ilevel
AnimatedTextureModel
p11100
(dp11101
g23
(lp11102
g11071
asg26
F1.0
sg27
g11072
sbsg11034
F0.0
sba(ilevel
LevelProp
p11103
(dp11104
g11026
(F14.0
F21.0
tp11105
sg11028
(ilevel
AnimatedTextureModel
p11106
(dp11107
g23
(lp11108
g11079
asg26
F1.0
sg27
g11080
sbsg11034
F90.0
sba(ilevel
LevelProp
p11109
(dp11110
g11026
(F16.0
F24.0
tp11111
sg11028
(ilevel
AnimatedTextureModel
p11112
(dp11113
g23
(lp11114
g11095
asg26
F1.0
sg27
g11096
sbsg11034
F270.0
sba(ilevel
LevelProp
p11115
(dp11116
g11026
(F14.0
F24.0
tp11117
sg11028
(ilevel
AnimatedTextureModel
p11118
(dp11119
g23
(lp11120
g11087
asg26
F1.0
sg27
g11088
sbsg11034
F180.0
sba(ilevel
LevelProp
p11121
(dp11122
g11026
(F9.0
F22.0
tp11123
sg11028
(ilevel
AnimatedTextureModel
p11124
(dp11125
g23
(lp11126
g11079
asg26
F1.0
sg27
g11080
sbsg11034
F90.0
sba(ilevel
LevelProp
p11127
(dp11128
g11026
(F8.0
F2.0
tp11129
sg11028
(ilevel
AnimatedTextureModel
p11130
(dp11131
g23
(lp11132
g11032
asg26
F1.0
sg27
g11033
sbsg11034
F0.0
sba(ilevel
LevelProp
p11133
(dp11134
g11026
(F10.0
F17.0
tp11135
sg11028
(ilevel
AnimatedTextureModel
p11136
(dp11137
g23
(lp11138
g11032
asg26
F1.0
sg27
g11033
sbsg11034
F0.0
sba(ilevel
LevelProp
p11139
(dp11140
g11026
(F15.0
F12.0
tp11141
sg11028
(ilevel
AnimatedTextureModel
p11142
(dp11143
g23
(lp11144
g11032
asg26
F1.0
sg27
g11033
sbsg11034
F0.0
sba(ilevel
LevelProp
p11145
(dp11146
g11026
(F17.0
F12.0
tp11147
sg11028
(ilevel
AnimatedTextureModel
p11148
(dp11149
g23
(lp11150
g11032
asg26
F1.0
sg27
g11033
sbsg11034
F0.0
sba(ilevel
LevelProp
p11151
(dp11152
g11026
(F15.0
F5.0
tp11153
sg11028
(ilevel
AnimatedTextureModel
p11154
(dp11155
g23
(lp11156
g11032
asg26
F1.0
sg27
g11033
sbsg11034
F0.0
sba(ilevel
LevelProp
p11157
(dp11158
g11026
(F20.0
F5.0
tp11159
sg11028
(ilevel
AnimatedTextureModel
p11160
(dp11161
g23
(lp11162
g11032
asg26
F1.0
sg27
g11033
sbsg11034
F0.0
sba(ilevel
LevelProp
p11163
(dp11164
g11026
(F20.0
F9.0
tp11165
sg11028
(ilevel
AnimatedTextureModel
p11166
(dp11167
g23
(lp11168
g11032
asg26
F1.0
sg27
g11033
sbsg11034
F0.0
sba(ilevel
LevelProp
p11169
(dp11170
g11026
(F22.0
F7.0
tp11171
sg11028
(ilevel
AnimatedTextureModel
p11172
(dp11173
g23
(lp11174
g11032
asg26
F1.0
sg27
g11033
sbsg11034
F0.0
sba(ilevel
LevelProp
p11175
(dp11176
g11026
(F21.0
F7.0
tp11177
sg11028
(ilevel
AnimatedTextureModel
p11178
(dp11179
g23
(lp11180
g11032
asg26
F1.0
sg27
g11033
sbsg11034
F0.0
sba(ilevel
LevelProp
p11181
(dp11182
g11026
(F21.0
F9.0
tp11183
sg11028
(ilevel
AnimatedTextureModel
p11184
(dp11185
g23
(lp11186
g11032
asg26
F1.0
sg27
g11033
sbsg11034
F0.0
sba(ilevel
LevelProp
p11187
(dp11188
g11026
(F21.0
F8.0
tp11189
sg11028
(ilevel
AnimatedTextureModel
p11190
(dp11191
g23
(lp11192
g11032
asg26
F1.0
sg27
g11033
sbsg11034
F0.0
sba(ilevel
LevelProp
p11193
(dp11194
g11026
(F19.0
F11.0
tp11195
sg11028
(ilevel
AnimatedTextureModel
p11196
(dp11197
g23
(lp11198
g11032
asg26
F1.0
sg27
g11033
sbsg11034
F0.0
sba(ilevel
LevelProp
p11199
(dp11200
g11026
(F22.0
F11.0
tp11201
sg11028
(ilevel
AnimatedTextureModel
p11202
(dp11203
g23
(lp11204
g11032
asg26
F1.0
sg27
g11033
sbsg11034
F0.0
sba(ilevel
LevelProp
p11205
(dp11206
g11026
(F22.0
F17.0
tp11207
sg11028
(ilevel
AnimatedTextureModel
p11208
(dp11209
g23
(lp11210
g11032
asg26
F1.0
sg27
g11033
sbsg11034
F0.0
sba(ilevel
LevelProp
p11211
(dp11212
g11026
(F2.0
F1.0
tp11213
sg11028
(ilevel
AnimatedTextureModel
p11214
(dp11215
g23
(lp11216
g11032
asg26
F1.0
sg27
g11033
sbsg11034
F0.0
sba(ilevel
LevelProp
p11217
(dp11218
g11026
(F18.0
F19.0
tp11219
sg11028
(ilevel
AnimatedTextureModel
p11220
(dp11221
g23
(lp11222
g11032
asg26
F1.0
sg27
g11033
sbsg11034
F0.0
sba(ilevel
LevelProp
p11223
(dp11224
g11026
(F10.0
F2.0
tp11225
sg11028
(ilevel
AnimatedTextureModel
p11226
(dp11227
g23
(lp11228
g11032
asg26
F1.0
sg27
g11033
sbsg11034
F0.0
sba(ilevel
LevelProp
p11229
(dp11230
g11026
(F13.0
F2.0
tp11231
sg11028
(ilevel
AnimatedTextureModel
p11232
(dp11233
g23
(lp11234
g11032
asg26
F1.0
sg27
g11033
sbsg11034
F0.0
sba(ilevel
LevelProp
p11235
(dp11236
g11026
(F10.0
F15.0
tp11237
sg11028
(ilevel
AnimatedTextureModel
p11238
(dp11239
g23
(lp11240
Vplant.png
p11241
asg26
F1.0
sg27
Vplant.obj
p11242
sbsg11034
F0.0
sba(ilevel
LevelProp
p11243
(dp11244
g11026
(F8.0
F14.0
tp11245
sg11028
(ilevel
AnimatedTextureModel
p11246
(dp11247
g23
(lp11248
Vplant.png
p11249
asg26
F1.0
sg27
Vplant.obj
p11250
sbsg11034
F30.0
sba(ilevel
LevelProp
p11251
(dp11252
g11026
(F10.0
F9.0
tp11253
sg11028
(ilevel
AnimatedTextureModel
p11254
(dp11255
g23
(lp11256
Vplant.png
p11257
asg26
F1.0
sg27
Vplant.obj
p11258
sbsg11034
F160.0
sba(ilevel
LevelProp
p11259
(dp11260
g11026
(F13.5
F11.0
tp11261
sg11028
(ilevel
AnimatedTextureModel
p11262
(dp11263
g23
(lp11264
g11257
asg26
F1.0
sg27
g11258
sbsg11034
F160.0
sba(ilevel
LevelProp
p11265
(dp11266
g11026
(F14.5
F9.0
tp11267
sg11028
(ilevel
AnimatedTextureModel
p11268
(dp11269
g23
(lp11270
Vplant.png
p11271
asg26
F1.0
sg27
Vplant.obj
p11272
sbsg11034
F30.0
sba(ilevel
LevelProp
p11273
(dp11274
g11026
(F14.0
F23.0
tp11275
sg11028
(ilevel
AnimatedTextureModel
p11276
(dp11277
g23
(lp11278
g11271
asg26
F1.0
sg27
g11272
sbsg11034
F30.0
sba(ilevel
LevelProp
p11279
(dp11280
g11026
(F18.0
F27.0
tp11281
sg11028
(ilevel
AnimatedTextureModel
p11282
(dp11283
g23
(lp11284
g11032
asg26
F1.0
sg27
g11033
sbsg11034
F0.0
sba(ilevel
LevelProp
p11285
(dp11286
g11026
(F19.0
F27.0
tp11287
sg11028
(ilevel
AnimatedTextureModel
p11288
(dp11289
g23
(lp11290
g11032
asg26
F1.0
sg27
g11033
sbsg11034
F0.0
sba(ilevel
LevelProp
p11291
(dp11292
g11026
(F22.0
F22.0
tp11293
sg11028
(ilevel
AnimatedTextureModel
p11294
(dp11295
g23
(lp11296
g11271
asg26
F1.0
sg27
g11272
sbsg11034
F30.0
sba(ilevel
LevelProp
p11297
(dp11298
g11026
(F22.0
F21.0
tp11299
sg11028
(ilevel
AnimatedTextureModel
p11300
(dp11301
g23
(lp11302
Vplant.png
p11303
asg26
F1.0
sg27
Vplant.obj
p11304
sbsg11034
F180.0
sba(ilevel
LevelProp
p11305
(dp11306
g11026
(F27.0
F24.0
tp11307
sg11028
(ilevel
AnimatedTextureModel
p11308
(dp11309
g23
(lp11310
g11071
asg26
F1.0
sg27
g11072
sbsg11034
F0.0
sba(ilevel
LevelProp
p11311
(dp11312
g11026
(F22.0
F24.0
tp11313
sg11028
(ilevel
AnimatedTextureModel
p11314
(dp11315
g23
(lp11316
g11079
asg26
F1.0
sg27
g11080
sbsg11034
F90.0
sba(ilevel
LevelProp
p11317
(dp11318
g11026
(F22.0
F28.0
tp11319
sg11028
(ilevel
AnimatedTextureModel
p11320
(dp11321
g23
(lp11322
g11087
asg26
F1.0
sg27
g11088
sbsg11034
F180.0
sba(ilevel
LevelProp
p11323
(dp11324
g11026
(F24.0
F28.0
tp11325
sg11028
(ilevel
AnimatedTextureModel
p11326
(dp11327
g23
(lp11328
g11095
asg26
F1.0
sg27
g11096
sbsg11034
F270.0
sba(ilevel
LevelProp
p11329
(dp11330
g11026
(F27.0
F26.0
tp11331
sg11028
(ilevel
AnimatedTextureModel
p11332
(dp11333
g23
(lp11334
g11095
asg26
F1.0
sg27
g11096
sbsg11034
F270.0
sba(ilevel
LevelProp
p11335
(dp11336
g11026
(F22.0
F19.0
tp11337
sg11028
(ilevel
AnimatedTextureModel
p11338
(dp11339
g23
(lp11340
g11032
asg26
F1.0
sg27
g11033
sbsg11034
F0.0
sba(ilevel
LevelProp
p11341
(dp11342
g11026
(F22.0
F20.0
tp11343
sg11028
(ilevel
AnimatedTextureModel
p11344
(dp11345
g23
(lp11346
g11032
asg26
F1.0
sg27
g11033
sbsg11034
F0.0
sba(ilevel
LevelProp
p11347
(dp11348
g11026
(F24.0
F20.0
tp11349
sg11028
(ilevel
AnimatedTextureModel
p11350
(dp11351
g23
(lp11352
g11032
asg26
F1.0
sg27
g11033
sbsg11034
F0.0
sba(ilevel
LevelProp
p11353
(dp11354
g11026
(F28.0
F22.0
tp11355
sg11028
(ilevel
AnimatedTextureModel
p11356
(dp11357
g23
(lp11358
g11032
asg26
F1.0
sg27
g11033
sbsg11034
F0.0
sba(ilevel
LevelProp
p11359
(dp11360
g11026
(F28.0
F24.0
tp11361
sg11028
(ilevel
AnimatedTextureModel
p11362
(dp11363
g23
(lp11364
g11032
asg26
F1.0
sg27
g11033
sbsg11034
F0.0
sba(ilevel
LevelProp
p11365
(dp11366
g11026
(F24.0
F19.0
tp11367
sg11028
(ilevel
AnimatedTextureModel
p11368
(dp11369
g23
(lp11370
g11032
asg26
F1.0
sg27
g11033
sbsg11034
F0.0
sba(ilevel
LevelProp
p11371
(dp11372
g11026
(F18.0
F29.0
tp11373
sg11028
(ilevel
AnimatedTextureModel
p11374
(dp11375
g23
(lp11376
g11032
asg26
F1.0
sg27
g11033
sbsg11034
F0.0
sba(ilevel
LevelProp
p11377
(dp11378
g11026
(F11.0
F29.0
tp11379
sg11028
(ilevel
AnimatedTextureModel
p11380
(dp11381
g23
(lp11382
g11032
asg26
F1.0
sg27
g11033
sbsg11034
F0.0
sba(ilevel
LevelProp
p11383
(dp11384
g11026
(F24.0
F9.0
tp11385
sg11028
(ilevel
AnimatedTextureModel
p11386
(dp11387
g23
(lp11388
g11032
asg26
F1.0
sg27
g11033
sbsg11034
F0.0
sba(ilevel
LevelProp
p11389
(dp11390
g11026
(F14.0
F4.0
tp11391
sg11028
(ilevel
AnimatedTextureModel
p11392
(dp11393
g23
(lp11394
g11032
asg26
F1.0
sg27
g11033
sbsg11034
F0.0
sbasS'ambient_light_amount'
p11395
F0.75
sb.